[2026-09-02T14:27:34.776Z INFO  gresse::http_server] running CRDT HTTP server
[2026-09-02T14:27:34.776Z INFO  gresse::http_server] listening for HTTP on 0.0.0.0:18082
[2026-09-02T14:27:34.803Z INFO  gresse::replica] replica 178835836195161503 initiating runtime at bind_http=0.0.0.0:18082 bind_internal=0.0.0.0:19082 advertised_internal=63.33.67.241:19082
[2026-09-02T14:27:34.963Z INFO  gresse::object_storage] object storage connection established: backend=s3, bucket=gresse-geo-035351467464-20260902122609-1c973c, region=eu-north-1, endpoint=AWS default endpoint resolution, first_operation=get, object_path=acm-sec-geo-churn-20260902T141220Z-2ff0c4b6/persistent.json
[2026-09-02T14:27:35.409Z INFO  gresse::replica] replica 178835836195161503 discovered 77 membership descriptors during init
[2026-09-02T14:27:35.409Z INFO  gresse::replica] replica 178835836195161503 startup completed
[2026-09-02T14:27:35.409Z INFO  gresse::network] replica 178835836195161503 registered bidirectional network channel for replica 178835836089860601
[2026-09-02T14:27:35.409Z INFO  gresse::network] replica 178835836195161503 registered bidirectional network channel for replica 178835836297161901
[2026-09-02T14:27:35.409Z INFO  gresse::network] replica 178835836195161503 registered bidirectional network channel for replica 178835836374678601
[2026-09-02T14:27:35.409Z INFO  gresse::network] replica 178835836195161503 registered bidirectional network channel for replica 178835836128990903
[2026-09-02T14:27:35.418Z INFO  gresse::replica] replica 178835836195161503 established peer replication connection with replica 178835836089860601
[2026-09-02T14:27:35.418Z INFO  gresse::network] replica 178835836195161503 discovered network member NetworkMember { pid: 178835836089857603, address: 13.48.31.196:19080, final_counter: None }
[2026-09-02T14:27:35.418Z INFO  gresse::network] replica 178835836195161503 discovered network member NetworkMember { pid: 178835836089858603, address: 13.48.31.196:19081, final_counter: None }
[2026-09-02T14:27:35.418Z INFO  gresse::replica] replica 178835836195161503 established peer replication connection with replica 178835836297161901
[2026-09-02T14:27:35.418Z INFO  gresse::network] replica 178835836195161503 discovered network member NetworkMember { pid: 178835836089859602, address: 13.48.31.196:19082, final_counter: None }
[2026-09-02T14:27:35.418Z INFO  gresse::replica] replica 178835836195161503 established peer replication connection with replica 178835836374678601
[2026-09-02T14:27:35.418Z INFO  gresse::network] replica 178835836195161503 discovered network member NetworkMember { pid: 178835836089861601, address: 13.48.31.196:19084, final_counter: None }
[2026-09-02T14:27:35.418Z INFO  gresse::replica] replica 178835836195161503 established peer replication connection with replica 178835836128990903
[2026-09-02T14:27:35.418Z INFO  gresse::network] replica 178835836195161503 discovered network member NetworkMember { pid: 178835836128988903, address: 3.71.184.22:19080, final_counter: None }
[2026-09-02T14:27:35.418Z INFO  gresse::network] replica 178835836195161503 discovered network member NetworkMember { pid: 178835836128989903, address: 3.71.184.22:19081, final_counter: None }
[2026-09-02T14:27:35.418Z INFO  gresse::network] replica 178835836195161503 discovered network member NetworkMember { pid: 178835836128991902, address: 3.71.184.22:19083, final_counter: None }
[2026-09-02T14:27:35.418Z INFO  gresse::network] replica 178835836195161503 discovered network member NetworkMember { pid: 178835836128992901, address: 3.71.184.22:19084, final_counter: None }
[2026-09-02T14:27:35.418Z INFO  gresse::network] replica 178835836195161503 discovered network member NetworkMember { pid: 178835836195159501, address: 63.33.67.241:19080, final_counter: None }
[2026-09-02T14:27:35.418Z INFO  gresse::network] replica 178835836195161503 discovered network member NetworkMember { pid: 178835836195160503, address: 63.33.67.241:19081, final_counter: None }
[2026-09-02T14:27:35.418Z INFO  gresse::network] replica 178835836195161503 discovered network member NetworkMember { pid: 178835836195163502, address: 63.33.67.241:19084, final_counter: None }
[2026-09-02T14:27:35.418Z INFO  gresse::network] replica 178835836195161503 discovered network member NetworkMember { pid: 178835836297159901, address: 18.169.194.24:19080, final_counter: None }
[2026-09-02T14:27:35.418Z INFO  gresse::network] replica 178835836195161503 discovered network member NetworkMember { pid: 178835836297160901, address: 18.169.194.24:19081, final_counter: None }
[2026-09-02T14:27:35.418Z INFO  gresse::network] replica 178835836195161503 discovered network member NetworkMember { pid: 178835836297162902, address: 18.169.194.24:19083, final_counter: None }
[2026-09-02T14:27:35.418Z INFO  gresse::network] replica 178835836195161503 discovered network member NetworkMember { pid: 178835836297163902, address: 18.169.194.24:19084, final_counter: None }
[2026-09-02T14:27:35.418Z INFO  gresse::network] replica 178835836195161503 discovered network member NetworkMember { pid: 178835836374677602, address: 13.38.27.31:19080, final_counter: None }
[2026-09-02T14:27:35.418Z INFO  gresse::network] replica 178835836195161503 discovered network member NetworkMember { pid: 178835836374679601, address: 13.38.27.31:19082, final_counter: None }
[2026-09-02T14:27:35.418Z INFO  gresse::network] replica 178835836195161503 discovered network member NetworkMember { pid: 178835836374680601, address: 13.38.27.31:19083, final_counter: None }
[2026-09-02T14:27:35.418Z INFO  gresse::network] replica 178835836195161503 discovered network member NetworkMember { pid: 178835836374681602, address: 13.38.27.31:19084, final_counter: None }
[2026-09-02T14:27:35.419Z WARN  gresse::network] replica 178835836195161503 peer connection attempt failed: could not connect to 63.33.67.241:19084: Connection refused (os error 111)
[2026-09-02T14:27:35.419Z INFO  gresse::network] replica 178835836195161503 registered bidirectional network channel for replica 178835836195160503
[2026-09-02T14:27:35.419Z INFO  gresse::replica] replica 178835836195161503 established peer replication connection with replica 178835836195160503
[2026-09-02T14:27:35.419Z INFO  gresse::network] replica 178835836195161503 registered bidirectional network channel for replica 178835836195159501
[2026-09-02T14:27:35.419Z INFO  gresse::replica] replica 178835836195161503 established peer replication connection with replica 178835836195159501
[2026-09-02T14:27:35.438Z INFO  gresse::network] replica 178835836195161503 registered bidirectional network channel for replica 178835836297159901
[2026-09-02T14:27:35.438Z INFO  gresse::replica] replica 178835836195161503 established peer replication connection with replica 178835836297159901
[2026-09-02T14:27:35.438Z INFO  gresse::network] replica 178835836195161503 registered bidirectional network channel for replica 178835836297162902
[2026-09-02T14:27:35.438Z INFO  gresse::replica] replica 178835836195161503 established peer replication connection with replica 178835836297162902
[2026-09-02T14:27:35.438Z INFO  gresse::network] replica 178835836195161503 registered bidirectional network channel for replica 178835836297160901
[2026-09-02T14:27:35.438Z INFO  gresse::replica] replica 178835836195161503 established peer replication connection with replica 178835836297160901
[2026-09-02T14:27:35.438Z INFO  gresse::network] replica 178835836195161503 registered bidirectional network channel for replica 178835836297163902
[2026-09-02T14:27:35.438Z INFO  gresse::replica] replica 178835836195161503 established peer replication connection with replica 178835836297163902
[2026-09-02T14:27:35.453Z INFO  gresse::network] replica 178835836195161503 registered bidirectional network channel for replica 178835836374677602
[2026-09-02T14:27:35.453Z INFO  gresse::replica] replica 178835836195161503 established peer replication connection with replica 178835836374677602
[2026-09-02T14:27:35.453Z INFO  gresse::network] replica 178835836195161503 registered bidirectional network channel for replica 178835836374680601
[2026-09-02T14:27:35.453Z INFO  gresse::replica] replica 178835836195161503 established peer replication connection with replica 178835836374680601
[2026-09-02T14:27:35.453Z INFO  gresse::network] replica 178835836195161503 registered bidirectional network channel for replica 178835836374681602
[2026-09-02T14:27:35.453Z INFO  gresse::network] replica 178835836195161503 registered bidirectional network channel for replica 178835836374679601
[2026-09-02T14:27:35.453Z INFO  gresse::replica] replica 178835836195161503 established peer replication connection with replica 178835836374681602
[2026-09-02T14:27:35.453Z INFO  gresse::replica] replica 178835836195161503 established peer replication connection with replica 178835836374679601
[2026-09-02T14:27:35.458Z INFO  gresse::network] replica 178835836195161503 registered bidirectional network channel for replica 178835836128992901
[2026-09-02T14:27:35.458Z INFO  gresse::replica] replica 178835836195161503 established peer replication connection with replica 178835836128992901
[2026-09-02T14:27:35.458Z INFO  gresse::network] replica 178835836195161503 registered bidirectional network channel for replica 178835836128991902
[2026-09-02T14:27:35.458Z INFO  gresse::replica] replica 178835836195161503 established peer replication connection with replica 178835836128991902
[2026-09-02T14:27:35.458Z INFO  gresse::network] replica 178835836195161503 registered bidirectional network channel for replica 178835836128988903
[2026-09-02T14:27:35.458Z INFO  gresse::replica] replica 178835836195161503 established peer replication connection with replica 178835836128988903
[2026-09-02T14:27:35.458Z INFO  gresse::network] replica 178835836195161503 registered bidirectional network channel for replica 178835836128989903
[2026-09-02T14:27:35.458Z INFO  gresse::replica] replica 178835836195161503 established peer replication connection with replica 178835836128989903
[2026-09-02T14:27:35.503Z INFO  gresse::network] replica 178835836195161503 registered bidirectional network channel for replica 178835836089858603
[2026-09-02T14:27:35.503Z INFO  gresse::network] replica 178835836195161503 registered bidirectional network channel for replica 178835836089861601
[2026-09-02T14:27:35.503Z INFO  gresse::network] replica 178835836195161503 registered bidirectional network channel for replica 178835836089857603
[2026-09-02T14:27:35.503Z INFO  gresse::network] replica 178835836195161503 registered bidirectional network channel for replica 178835836089859602
[2026-09-02T14:27:35.676Z INFO  gresse::replica] replica 178835836195161503 established peer replication connection with replica 178835836089858603
[2026-09-02T14:27:35.676Z INFO  gresse::replica] replica 178835836195161503 established peer replication connection with replica 178835836089861601
[2026-09-02T14:27:35.676Z INFO  gresse::replica] replica 178835836195161503 established peer replication connection with replica 178835836089857603
[2026-09-02T14:27:35.676Z INFO  gresse::replica] replica 178835836195161503 established peer replication connection with replica 178835836089859602
[2026-09-02T14:27:36.147Z INFO  gresse::network] replica 178835836195161503 registered bidirectional network channel for replica 178835836195162503
[2026-09-02T14:27:36.147Z INFO  gresse::replica] replica 178835836195161503 established peer replication connection with replica 178835836195162503
[2026-09-02T14:27:36.722Z INFO  gresse::network] replica 178835836195161503 registered bidirectional network channel for replica 178835836195163502
[2026-09-02T14:27:36.722Z INFO  gresse::replica] replica 178835836195161503 established peer replication connection with replica 178835836195163502
[2026-09-02T14:27:39.868Z INFO  gresse::replica] replica 178835836195161503 observed shutdown descriptor for replica 178835836195160501 with final counter Some(1584)
[2026-09-02T14:27:40.002Z INFO  gresse::replica] replica 178835836195161503 observed shutdown descriptor for replica 178835836195161502 with final counter Some(870)
[2026-09-02T14:27:40.137Z INFO  gresse::replica] replica 178835836195161503 observed shutdown descriptor for replica 178835836195162502 with final counter Some(868)
[2026-09-02T14:28:34.868Z INFO  gresse::replica] replica 178835836195161503 observed shutdown descriptor for replica 178835836297161901 with final counter Some(1775)
[2026-09-02T14:28:35.014Z INFO  gresse::replica] replica 178835836195161503 observed shutdown descriptor for replica 178835836297162902 with final counter Some(918)
[2026-09-02T14:28:39.948Z INFO  gresse::replica] replica 178835836195161503 observed shutdown descriptor for replica 178835836297163902 with final counter Some(920)
[2026-09-02T14:28:40.419Z WARN  gresse::network] peer connection write failed: Broken pipe (os error 32)
[2026-09-02T14:28:43.419Z WARN  gresse::replica] replica 178835836195161503 deferred pull request to peer 178835836374678601: channel closed
[2026-09-02T14:28:52.420Z WARN  gresse::network] peer connection write failed: Broken pipe (os error 32)
[2026-09-02T14:29:01.419Z WARN  gresse::network] peer connection write failed: Broken pipe (os error 32)
[2026-09-02T14:29:15.420Z WARN  gresse::replica] replica 178835836195161503 deferred pull request to peer 178835836374679601: channel closed
[2026-09-02T14:29:34.723Z INFO  gresse::network] replica 178835836195161503 registered bidirectional network channel for replica 178835836297161903
[2026-09-02T14:29:34.723Z INFO  gresse::replica] replica 178835836195161503 established peer replication connection with replica 178835836297161903
[2026-09-02T14:29:35.444Z INFO  gresse::network] replica 178835836195161503 registered bidirectional network channel for replica 178835836297162903
[2026-09-02T14:29:35.444Z INFO  gresse::replica] replica 178835836195161503 established peer replication connection with replica 178835836297162903
[2026-09-02T14:29:36.101Z INFO  gresse::network] replica 178835836195161503 registered bidirectional network channel for replica 178835836297163903
[2026-09-02T14:29:36.101Z INFO  gresse::replica] replica 178835836195161503 established peer replication connection with replica 178835836297163903
[2026-09-02T14:30:29.420Z WARN  gresse::replica] replica 178835836195161503 deferred pull request to peer 178835836374677602: channel closed
[2026-09-02T14:30:35.007Z INFO  gresse::replica] replica 178835836195161503 observed shutdown descriptor for replica 178835836089857603 with final counter Some(843)
[2026-09-02T14:30:35.419Z INFO  gresse::replica] replica 178835836195161503 observed shutdown descriptor for replica 178835836374680601 with final counter Some(2066)
[2026-09-02T14:30:39.871Z INFO  gresse::replica] replica 178835836195161503 observed shutdown descriptor for replica 178835836374681602 with final counter Some(1023)
[2026-09-02T14:30:57.420Z WARN  gresse::network] peer connection write failed: Broken pipe (os error 32)
[2026-09-02T14:31:03.419Z WARN  gresse::replica] replica 178835836195161503 deferred pull request to peer 178835836089859602: channel closed
[2026-09-02T14:31:29.420Z WARN  gresse::network] peer connection write failed: Broken pipe (os error 32)
[2026-09-02T14:31:34.561Z INFO  gresse::network] replica 178835836195161503 registered bidirectional network channel for replica 178835836089857604
[2026-09-02T14:31:34.561Z INFO  gresse::replica] replica 178835836195161503 established peer replication connection with replica 178835836089857604
[2026-09-02T14:31:34.781Z INFO  gresse::network] replica 178835836195161503 registered bidirectional network channel for replica 178835836374680603
[2026-09-02T14:31:34.781Z INFO  gresse::replica] replica 178835836195161503 established peer replication connection with replica 178835836374680603
[2026-09-02T14:31:35.513Z INFO  gresse::network] replica 178835836195161503 registered bidirectional network channel for replica 178835836374681603
[2026-09-02T14:31:35.514Z INFO  gresse::replica] replica 178835836195161503 established peer replication connection with replica 178835836374681603
[2026-09-02T14:31:58.420Z WARN  gresse::network] peer connection write failed: Broken pipe (os error 32)
[2026-09-02T14:32:03.419Z WARN  gresse::replica] replica 178835836195161503 deferred pull request to peer 178835836089860601: channel closed
[2026-09-02T14:32:13.419Z WARN  gresse::replica] replica 178835836195161503 deferred pull request to peer 178835836089858603: channel closed
[2026-09-02T14:32:34.871Z INFO  gresse::replica] replica 178835836195161503 observed shutdown descriptor for replica 178835836089861601 with final counter Some(2454)
[2026-09-02T14:32:35.076Z INFO  gresse::replica] replica 178835836195161503 observed shutdown descriptor for replica 178835836128988903 with final counter Some(847)
[2026-09-02T14:32:35.277Z INFO  gresse::replica] replica 178835836195161503 observed shutdown descriptor for replica 178835836128989903 with final counter Some(840)
[2026-09-02T14:32:36.420Z WARN  gresse::network] peer connection write failed: Broken pipe (os error 32)
[2026-09-02T14:32:45.419Z WARN  gresse::network] peer connection write failed: Broken pipe (os error 32)
[2026-09-02T14:32:46.419Z WARN  gresse::replica] replica 178835836195161503 deferred pull request to peer 178835836128991902: channel closed
[2026-09-02T14:32:48.419Z WARN  gresse::replica] replica 178835836195161503 deferred pull request to peer 178835836128992901: channel closed
[2026-09-02T14:33:17.420Z WARN  gresse::network] peer connection write failed: Broken pipe (os error 32)
[2026-09-02T14:33:34.475Z INFO  gresse::network] replica 178835836195161503 registered bidirectional network channel for replica 178835836089861604
[2026-09-02T14:33:34.475Z INFO  gresse::replica] replica 178835836195161503 established peer replication connection with replica 178835836089861604
[2026-09-02T14:33:34.738Z INFO  gresse::network] replica 178835836195161503 registered bidirectional network channel for replica 178835836128988904
[2026-09-02T14:33:34.738Z INFO  gresse::replica] replica 178835836195161503 established peer replication connection with replica 178835836128988904
[2026-09-02T14:33:35.601Z INFO  gresse::network] replica 178835836195161503 registered bidirectional network channel for replica 178835836128989904
[2026-09-02T14:33:35.601Z INFO  gresse::replica] replica 178835836195161503 established peer replication connection with replica 178835836128989904
[2026-09-02T14:33:36.419Z WARN  gresse::replica] replica 178835836195161503 deferred pull request to peer 178835836128990903: channel closed
[2026-09-02T14:34:34.915Z INFO  gresse::replica] replica 178835836195161503 observed shutdown descriptor for replica 178835836195159501 with final counter Some(2870)
[2026-09-02T14:34:35.422Z INFO  gresse::replica] shutdown signal received for replica 178835836195161503
[2026-09-02T14:34:35.422Z INFO  gresse::replica] replica 178835836195161503 shutting down with 14 connected writers
[2026-09-02T14:34:36.001Z INFO  gresse::http_server] http server received shutdown signal
[2026-09-02T14:34:36.001Z INFO  gresse::http_server] http server shutdown complete
[2026-09-02T14:34:36.001Z INFO  gresse::network] network manager for replica 178835836195161503 shutdown complete
