[2026-08-17T12:02:14.701Z INFO  gresse::http_server] running CRDT HTTP server
[2026-08-17T12:02:14.701Z INFO  gresse::http_server] listening for HTTP on 0.0.0.0:18080
[2026-08-17T12:02:14.747Z INFO  gresse::replica] replica 178696810657723231 initiating runtime at bind_http=0.0.0.0:18080 bind_internal=0.0.0.0:19080 advertised_internal=16.192.148.144:19080
[2026-08-17T12:02:14.790Z INFO  gresse::object_storage] object storage connection established: backend=s3, bucket=gresse-geo-035351467464-20260817080652-e8d881, region=eu-north-1, endpoint=AWS default endpoint resolution, first_operation=get, object_path=acm-sec-geo-churn-smoke-20260817T120146Z-06e66d94/persistent.json
[2026-08-17T12:02:14.850Z INFO  gresse::replica] replica 178696810657723231 discovered 1 membership descriptors during init
[2026-08-17T12:02:14.852Z INFO  gresse::replica] replica 178696810657723231 startup completed
[2026-08-17T12:02:15.508Z INFO  gresse::network] replica 178696810657723231 completed network handshake with replica 178696810657723232
[2026-08-17T12:02:15.508Z INFO  gresse::network] replica 178696810657723231 registered bidirectional network channel for replica 178696810657723232
[2026-08-17T12:02:15.508Z INFO  gresse::replica] replica 178696810657723231 established peer replication connection with replica 178696810657723232
[2026-08-17T12:02:16.193Z INFO  gresse::network] replica 178696810657723231 completed network handshake with replica 178696810657723233
[2026-08-17T12:02:16.193Z INFO  gresse::network] replica 178696810657723231 registered bidirectional network channel for replica 178696810657723233
[2026-08-17T12:02:16.193Z INFO  gresse::replica] replica 178696810657723231 established peer replication connection with replica 178696810657723233
[2026-08-17T12:02:16.816Z INFO  gresse::network] replica 178696810657723231 completed network handshake with replica 178696810657723234
[2026-08-17T12:02:16.816Z INFO  gresse::network] replica 178696810657723231 registered bidirectional network channel for replica 178696810657723234
[2026-08-17T12:02:16.816Z INFO  gresse::replica] replica 178696810657723231 established peer replication connection with replica 178696810657723234
[2026-08-17T12:02:17.507Z INFO  gresse::network] replica 178696810657723231 completed network handshake with replica 178696810657723235
[2026-08-17T12:02:17.507Z INFO  gresse::network] replica 178696810657723231 registered bidirectional network channel for replica 178696810657723235
[2026-08-17T12:02:17.507Z INFO  gresse::replica] replica 178696810657723231 established peer replication connection with replica 178696810657723235
[2026-08-17T12:02:18.407Z INFO  gresse::network] replica 178696810657723231 completed network handshake with replica 178696810657723236
[2026-08-17T12:02:18.408Z INFO  gresse::network] replica 178696810657723231 registered bidirectional network channel for replica 178696810657723236
[2026-08-17T12:02:18.408Z INFO  gresse::replica] replica 178696810657723231 established peer replication connection with replica 178696810657723236
[2026-08-17T12:02:19.452Z INFO  gresse::network] replica 178696810657723231 completed network handshake with replica 178696810657723237
[2026-08-17T12:02:19.452Z INFO  gresse::network] replica 178696810657723231 registered bidirectional network channel for replica 178696810657723237
[2026-08-17T12:02:19.452Z INFO  gresse::replica] replica 178696810657723231 established peer replication connection with replica 178696810657723237
[2026-08-17T12:02:20.484Z INFO  gresse::network] replica 178696810657723231 completed network handshake with replica 178696810657723238
[2026-08-17T12:02:20.484Z INFO  gresse::network] replica 178696810657723231 registered bidirectional network channel for replica 178696810657723238
[2026-08-17T12:02:20.484Z INFO  gresse::replica] replica 178696810657723231 established peer replication connection with replica 178696810657723238
[2026-08-17T12:02:21.573Z INFO  gresse::network] replica 178696810657723231 completed network handshake with replica 178696810657723239
[2026-08-17T12:02:21.573Z INFO  gresse::network] replica 178696810657723231 registered bidirectional network channel for replica 178696810657723239
[2026-08-17T12:02:21.573Z INFO  gresse::replica] replica 178696810657723231 established peer replication connection with replica 178696810657723239
[2026-08-17T12:02:22.583Z INFO  gresse::network] replica 178696810657723231 completed network handshake with replica 178696810657723240
[2026-08-17T12:02:22.583Z INFO  gresse::network] replica 178696810657723231 registered bidirectional network channel for replica 178696810657723240
[2026-08-17T12:02:22.583Z INFO  gresse::replica] replica 178696810657723231 established peer replication connection with replica 178696810657723240
[2026-08-17T12:02:24.765Z INFO  gresse::network] replica 178696810657723231 discovered network member NetworkMember { pid: 178696810657723241, address: 3.231.214.148:19080, final_counter: None }
[2026-08-17T12:05:03.957Z ERROR gresse::http_server] http server connection error for 193.12.118.239:46854
