[2026-09-01T10:03:42.072Z INFO  gresse::http_server] running CRDT HTTP server
[2026-09-01T10:03:42.072Z INFO  gresse::http_server] listening for HTTP on 0.0.0.0:18082
[2026-09-01T10:03:42.111Z INFO  gresse::replica] replica 178825480714265206 initiating runtime at bind_http=0.0.0.0:18082 bind_internal=0.0.0.0:19082 advertised_internal=16.170.108.158:19082
[2026-09-01T10:03:42.161Z INFO  gresse::object_storage] object storage connection established: backend=s3, bucket=gresse-geo-035351467464-20260901084800-ec90d0, region=eu-north-1, endpoint=AWS default endpoint resolution, first_operation=put-create, object_path=acm-sec-geo-churn-20260901T092623Z-21106dd4/membership/178825480714265206,16.170.108.158:19082,0
[2026-09-01T10:03:42.452Z INFO  gresse::replica] replica 178825480714265206 discovered 139 membership descriptors during init
[2026-09-01T10:03:42.452Z INFO  gresse::replica] replica 178825480714265206 startup completed
[2026-09-01T10:03:42.452Z INFO  gresse::network] replica 178825480714265206 discovered network member NetworkMember { pid: 178825480714263206, address: 16.170.108.158:19080, final_counter: None }
[2026-09-01T10:03:42.452Z INFO  gresse::network] replica 178825480714265206 discovered network member NetworkMember { pid: 178825480714264206, address: 16.170.108.158:19081, final_counter: None }
[2026-09-01T10:03:42.452Z INFO  gresse::network] replica 178825480714265206 discovered network member NetworkMember { pid: 178825480759179605, address: 3.68.220.182:19080, final_counter: None }
[2026-09-01T10:03:42.452Z INFO  gresse::network] replica 178825480714265206 discovered network member NetworkMember { pid: 178825480759180605, address: 3.68.220.182:19081, final_counter: None }
[2026-09-01T10:03:42.452Z INFO  gresse::network] replica 178825480714265206 discovered network member NetworkMember { pid: 178825480759181605, address: 3.68.220.182:19082, final_counter: None }
[2026-09-01T10:03:42.452Z INFO  gresse::network] replica 178825480714265206 discovered network member NetworkMember { pid: 178825480759182605, address: 3.68.220.182:19083, final_counter: None }
[2026-09-01T10:03:42.452Z INFO  gresse::network] replica 178825480714265206 discovered network member NetworkMember { pid: 178825480759183605, address: 3.68.220.182:19084, final_counter: None }
[2026-09-01T10:03:42.452Z INFO  gresse::network] replica 178825480714265206 discovered network member NetworkMember { pid: 178825480843462705, address: 34.245.195.69:19080, final_counter: None }
[2026-09-01T10:03:42.452Z INFO  gresse::network] replica 178825480714265206 discovered network member NetworkMember { pid: 178825480843463705, address: 34.245.195.69:19081, final_counter: None }
[2026-09-01T10:03:42.452Z INFO  gresse::network] replica 178825480714265206 discovered network member NetworkMember { pid: 178825480843464705, address: 34.245.195.69:19082, final_counter: None }
[2026-09-01T10:03:42.452Z INFO  gresse::network] replica 178825480714265206 discovered network member NetworkMember { pid: 178825480843465705, address: 34.245.195.69:19083, final_counter: None }
[2026-09-01T10:03:42.452Z INFO  gresse::network] replica 178825480714265206 discovered network member NetworkMember { pid: 178825480843466705, address: 34.245.195.69:19084, final_counter: None }
[2026-09-01T10:03:42.452Z INFO  gresse::network] replica 178825480714265206 discovered network member NetworkMember { pid: 178825480957157905, address: 18.130.228.25:19080, final_counter: None }
[2026-09-01T10:03:42.452Z INFO  gresse::network] replica 178825480714265206 discovered network member NetworkMember { pid: 178825480957158905, address: 18.130.228.25:19081, final_counter: None }
[2026-09-01T10:03:42.452Z INFO  gresse::network] replica 178825480714265206 discovered network member NetworkMember { pid: 178825480957159905, address: 18.130.228.25:19082, final_counter: None }
[2026-09-01T10:03:42.452Z INFO  gresse::network] replica 178825480714265206 discovered network member NetworkMember { pid: 178825480957160905, address: 18.130.228.25:19083, final_counter: None }
[2026-09-01T10:03:42.452Z INFO  gresse::network] replica 178825480714265206 discovered network member NetworkMember { pid: 178825480957161905, address: 18.130.228.25:19084, final_counter: None }
[2026-09-01T10:03:42.453Z INFO  gresse::network] replica 178825480714265206 discovered network member NetworkMember { pid: 178825481046239405, address: 13.38.41.188:19080, final_counter: None }
[2026-09-01T10:03:42.453Z INFO  gresse::network] replica 178825480714265206 discovered network member NetworkMember { pid: 178825481046240405, address: 13.38.41.188:19081, final_counter: None }
[2026-09-01T10:03:42.453Z INFO  gresse::network] replica 178825480714265206 discovered network member NetworkMember { pid: 178825481046241405, address: 13.38.41.188:19082, final_counter: None }
[2026-09-01T10:03:42.453Z INFO  gresse::network] replica 178825480714265206 discovered network member NetworkMember { pid: 178825481046242405, address: 13.38.41.188:19083, final_counter: None }
[2026-09-01T10:03:42.453Z INFO  gresse::network] replica 178825480714265206 discovered network member NetworkMember { pid: 178825481046243405, address: 13.38.41.188:19084, final_counter: None }
[2026-09-01T10:03:42.453Z INFO  gresse::network] replica 178825480714265206 registered bidirectional network channel for replica 178825480714263206
[2026-09-01T10:03:42.453Z INFO  gresse::replica] replica 178825480714265206 established peer replication connection with replica 178825480714263206
[2026-09-01T10:03:42.453Z INFO  gresse::network] replica 178825480714265206 registered bidirectional network channel for replica 178825480714264206
[2026-09-01T10:03:42.453Z INFO  gresse::replica] replica 178825480714265206 established peer replication connection with replica 178825480714264206
[2026-09-01T10:03:42.476Z WARN  gresse::network] replica 178825480714265206 peer connection attempt failed: could not connect to 3.68.220.182:19082: Connection refused (os error 111)
[2026-09-01T10:03:42.476Z WARN  gresse::network] replica 178825480714265206 peer connection attempt failed: could not connect to 3.68.220.182:19081: Connection refused (os error 111)
[2026-09-01T10:03:42.476Z WARN  gresse::network] replica 178825480714265206 peer connection attempt failed: could not connect to 3.68.220.182:19080: Connection refused (os error 111)
[2026-09-01T10:03:42.500Z INFO  gresse::network] replica 178825480714265206 registered bidirectional network channel for replica 178825480759182605
[2026-09-01T10:03:42.500Z INFO  gresse::replica] replica 178825480714265206 established peer replication connection with replica 178825480759182605
[2026-09-01T10:03:42.500Z INFO  gresse::network] replica 178825480714265206 registered bidirectional network channel for replica 178825480759183605
[2026-09-01T10:03:42.500Z INFO  gresse::replica] replica 178825480714265206 established peer replication connection with replica 178825480759183605
[2026-09-01T10:03:42.507Z INFO  gresse::network] replica 178825480714265206 registered bidirectional network channel for replica 178825480957159905
[2026-09-01T10:03:42.507Z INFO  gresse::replica] replica 178825480714265206 established peer replication connection with replica 178825480957159905
[2026-09-01T10:03:42.507Z INFO  gresse::network] replica 178825480714265206 registered bidirectional network channel for replica 178825480957160905
[2026-09-01T10:03:42.507Z INFO  gresse::replica] replica 178825480714265206 established peer replication connection with replica 178825480957160905
[2026-09-01T10:03:42.508Z INFO  gresse::network] replica 178825480714265206 registered bidirectional network channel for replica 178825480957161905
[2026-09-01T10:03:42.508Z INFO  gresse::replica] replica 178825480714265206 established peer replication connection with replica 178825480957161905
[2026-09-01T10:03:42.510Z INFO  gresse::network] replica 178825480714265206 registered bidirectional network channel for replica 178825480957158905
[2026-09-01T10:03:42.510Z INFO  gresse::replica] replica 178825480714265206 established peer replication connection with replica 178825480957158905
[2026-09-01T10:03:42.512Z INFO  gresse::network] replica 178825480714265206 registered bidirectional network channel for replica 178825480957157905
[2026-09-01T10:03:42.512Z INFO  gresse::replica] replica 178825480714265206 established peer replication connection with replica 178825480957157905
[2026-09-01T10:03:42.515Z INFO  gresse::network] replica 178825480714265206 registered bidirectional network channel for replica 178825481046243405
[2026-09-01T10:03:42.515Z INFO  gresse::replica] replica 178825480714265206 established peer replication connection with replica 178825481046243405
[2026-09-01T10:03:42.515Z INFO  gresse::network] replica 178825480714265206 registered bidirectional network channel for replica 178825481046240405
[2026-09-01T10:03:42.515Z INFO  gresse::replica] replica 178825480714265206 established peer replication connection with replica 178825481046240405
[2026-09-01T10:03:42.515Z INFO  gresse::network] replica 178825480714265206 registered bidirectional network channel for replica 178825481046239405
[2026-09-01T10:03:42.515Z INFO  gresse::replica] replica 178825480714265206 established peer replication connection with replica 178825481046239405
[2026-09-01T10:03:42.515Z INFO  gresse::network] replica 178825480714265206 registered bidirectional network channel for replica 178825481046242405
[2026-09-01T10:03:42.515Z INFO  gresse::replica] replica 178825480714265206 established peer replication connection with replica 178825481046242405
[2026-09-01T10:03:42.515Z INFO  gresse::network] replica 178825480714265206 registered bidirectional network channel for replica 178825481046241405
[2026-09-01T10:03:42.515Z INFO  gresse::replica] replica 178825480714265206 established peer replication connection with replica 178825481046241405
[2026-09-01T10:03:42.537Z INFO  gresse::network] replica 178825480714265206 registered bidirectional network channel for replica 178825480843465705
[2026-09-01T10:03:42.537Z INFO  gresse::replica] replica 178825480714265206 established peer replication connection with replica 178825480843465705
[2026-09-01T10:03:42.537Z INFO  gresse::network] replica 178825480714265206 registered bidirectional network channel for replica 178825480843462705
[2026-09-01T10:03:42.537Z INFO  gresse::replica] replica 178825480714265206 established peer replication connection with replica 178825480843462705
[2026-09-01T10:03:42.537Z INFO  gresse::network] replica 178825480714265206 registered bidirectional network channel for replica 178825480843463705
[2026-09-01T10:03:42.537Z INFO  gresse::replica] replica 178825480714265206 established peer replication connection with replica 178825480843463705
[2026-09-01T10:03:42.537Z INFO  gresse::network] replica 178825480714265206 registered bidirectional network channel for replica 178825480843464705
[2026-09-01T10:03:42.537Z INFO  gresse::replica] replica 178825480714265206 established peer replication connection with replica 178825480843464705
[2026-09-01T10:03:42.538Z INFO  gresse::network] replica 178825480714265206 registered bidirectional network channel for replica 178825480843466705
[2026-09-01T10:03:42.538Z INFO  gresse::replica] replica 178825480714265206 established peer replication connection with replica 178825480843466705
[2026-09-01T10:03:42.813Z INFO  gresse::network] replica 178825480714265206 registered bidirectional network channel for replica 178825480714266206
[2026-09-01T10:03:42.813Z INFO  gresse::replica] replica 178825480714265206 established peer replication connection with replica 178825480714266206
[2026-09-01T10:03:42.906Z INFO  gresse::network] replica 178825480714265206 registered bidirectional network channel for replica 178825480759179606
[2026-09-01T10:03:42.906Z INFO  gresse::replica] replica 178825480714265206 established peer replication connection with replica 178825480759179606
[2026-09-01T10:03:43.222Z INFO  gresse::network] replica 178825480714265206 registered bidirectional network channel for replica 178825480714267206
[2026-09-01T10:03:43.222Z INFO  gresse::replica] replica 178825480714265206 established peer replication connection with replica 178825480714267206
[2026-09-01T10:03:43.822Z INFO  gresse::network] replica 178825480714265206 registered bidirectional network channel for replica 178825480759180606
[2026-09-01T10:03:44.205Z INFO  gresse::replica] replica 178825480714265206 established peer replication connection with replica 178825480759180606
[2026-09-01T10:03:45.058Z INFO  gresse::network] replica 178825480714265206 registered bidirectional network channel for replica 178825480759181606
[2026-09-01T10:03:45.058Z INFO  gresse::replica] replica 178825480714265206 established peer replication connection with replica 178825480759181606
[2026-09-01T10:03:47.137Z INFO  gresse::replica] replica 178825480714265206 observed shutdown descriptor for replica 178825480714265205 with final counter Some(1237)
[2026-09-01T10:03:47.423Z INFO  gresse::replica] replica 178825480714265206 observed shutdown descriptor for replica 178825480714266205 with final counter Some(921)
[2026-09-01T10:03:47.754Z INFO  gresse::replica] replica 178825480714265206 observed shutdown descriptor for replica 178825480714267205 with final counter Some(921)
[2026-09-01T10:03:48.105Z INFO  gresse::replica] replica 178825480714265206 observed shutdown descriptor for replica 178825481046240404 with final counter Some(1284)
[2026-09-01T10:03:48.474Z INFO  gresse::replica] replica 178825480714265206 observed shutdown descriptor for replica 178825481046241404 with final counter Some(871)
[2026-09-01T10:03:48.904Z INFO  gresse::replica] replica 178825480714265206 observed shutdown descriptor for replica 178825481046242404 with final counter Some(871)
[2026-09-01T10:04:47.138Z INFO  gresse::replica] replica 178825480714265206 observed shutdown descriptor for replica 178825480759182605 with final counter Some(1290)
[2026-09-01T10:04:47.441Z INFO  gresse::replica] replica 178825480714265206 observed shutdown descriptor for replica 178825480759183605 with final counter Some(1022)
[2026-09-01T10:04:47.789Z INFO  gresse::replica] replica 178825480714265206 observed shutdown descriptor for replica 178825480843462705 with final counter Some(849)
[2026-09-01T10:04:55.453Z WARN  gresse::network] peer connection write failed: Broken pipe (os error 32)
[2026-09-01T10:05:20.453Z WARN  gresse::network] peer connection write failed: Broken pipe (os error 32)
[2026-09-01T10:05:21.452Z WARN  gresse::replica] replica 178825480714265206 deferred pull request to peer 178825480843463705: channel closed
[2026-09-01T10:05:33.453Z WARN  gresse::replica] replica 178825480714265206 deferred pull request to peer 178825480843464705: channel closed
[2026-09-01T10:05:42.732Z INFO  gresse::network] replica 178825480714265206 registered bidirectional network channel for replica 178825480759182606
[2026-09-01T10:05:42.732Z INFO  gresse::replica] replica 178825480714265206 established peer replication connection with replica 178825480759182606
[2026-09-01T10:05:42.877Z INFO  gresse::network] replica 178825480714265206 registered bidirectional network channel for replica 178825480843462706
[2026-09-01T10:05:42.877Z INFO  gresse::replica] replica 178825480714265206 established peer replication connection with replica 178825480843462706
[2026-09-01T10:05:43.503Z INFO  gresse::network] replica 178825480714265206 registered bidirectional network channel for replica 178825480759183606
[2026-09-01T10:05:43.503Z INFO  gresse::replica] replica 178825480714265206 established peer replication connection with replica 178825480759183606
[2026-09-01T10:05:44.374Z INFO  gresse::network] replica 178825480714265206 registered bidirectional network channel for replica 178825480843463706
[2026-09-01T10:05:44.374Z INFO  gresse::replica] replica 178825480714265206 established peer replication connection with replica 178825480843463706
[2026-09-01T10:05:45.435Z INFO  gresse::network] replica 178825480714265206 registered bidirectional network channel for replica 178825480843464706
[2026-09-01T10:05:45.435Z INFO  gresse::replica] replica 178825480714265206 established peer replication connection with replica 178825480843464706
[2026-09-01T10:05:46.591Z INFO  gresse::network] replica 178825480714265206 registered bidirectional network channel for replica 178825480843465706
[2026-09-01T10:05:46.591Z INFO  gresse::replica] replica 178825480714265206 established peer replication connection with replica 178825480843465706
[2026-09-01T10:06:02.453Z WARN  gresse::network] peer connection write failed: Broken pipe (os error 32)
[2026-09-01T10:06:24.453Z WARN  gresse::replica] replica 178825480714265206 deferred pull request to peer 178825480843465705: channel closed
[2026-09-01T10:06:47.147Z INFO  gresse::replica] replica 178825480714265206 observed shutdown descriptor for replica 178825480843466705 with final counter Some(1553)
[2026-09-01T10:06:47.489Z INFO  gresse::replica] replica 178825480714265206 observed shutdown descriptor for replica 178825480957157905 with final counter Some(847)
[2026-09-01T10:06:47.981Z INFO  gresse::replica] replica 178825480714265206 observed shutdown descriptor for replica 178825480957158905 with final counter Some(842)
[2026-09-01T10:07:07.453Z WARN  gresse::network] peer connection write failed: Broken pipe (os error 32)
[2026-09-01T10:07:17.453Z WARN  gresse::replica] replica 178825480714265206 deferred pull request to peer 178825480957159905: channel closed
[2026-09-01T10:07:18.453Z WARN  gresse::network] peer connection write failed: Broken pipe (os error 32)
[2026-09-01T10:07:26.453Z WARN  gresse::replica] replica 178825480714265206 deferred pull request to peer 178825480957160905: channel closed
[2026-09-01T10:07:34.453Z WARN  gresse::network] peer connection write failed: Broken pipe (os error 32)
[2026-09-01T10:07:36.453Z WARN  gresse::replica] replica 178825480714265206 deferred pull request to peer 178825480957161905: channel closed
[2026-09-01T10:07:42.704Z INFO  gresse::network] replica 178825480714265206 registered bidirectional network channel for replica 178825480957157906
[2026-09-01T10:07:42.704Z INFO  gresse::replica] replica 178825480714265206 established peer replication connection with replica 178825480957157906
[2026-09-01T10:07:42.944Z INFO  gresse::network] replica 178825480714265206 registered bidirectional network channel for replica 178825480843466706
[2026-09-01T10:07:42.944Z INFO  gresse::replica] replica 178825480714265206 established peer replication connection with replica 178825480843466706
[2026-09-01T10:07:43.498Z INFO  gresse::network] replica 178825480714265206 registered bidirectional network channel for replica 178825480957158906
[2026-09-01T10:07:43.498Z INFO  gresse::replica] replica 178825480714265206 established peer replication connection with replica 178825480957158906
[2026-09-01T10:07:45.785Z INFO  gresse::network] replica 178825480714265206 registered bidirectional network channel for replica 178825480957159906
[2026-09-01T10:07:45.785Z INFO  gresse::replica] replica 178825480714265206 established peer replication connection with replica 178825480957159906
[2026-09-01T10:07:46.928Z INFO  gresse::network] replica 178825480714265206 registered bidirectional network channel for replica 178825480957160906
[2026-09-01T10:07:46.928Z INFO  gresse::replica] replica 178825480714265206 established peer replication connection with replica 178825480957160906
[2026-09-01T10:07:48.028Z INFO  gresse::network] replica 178825480714265206 registered bidirectional network channel for replica 178825480957161906
[2026-09-01T10:07:48.028Z INFO  gresse::replica] replica 178825480714265206 established peer replication connection with replica 178825480957161906
[2026-09-01T10:08:47.142Z INFO  gresse::replica] replica 178825480714265206 observed shutdown descriptor for replica 178825481046239405 with final counter Some(1550)
[2026-09-01T10:08:47.489Z INFO  gresse::replica] replica 178825480714265206 observed shutdown descriptor for replica 178825481046240405 with final counter Some(843)
[2026-09-01T10:08:47.944Z INFO  gresse::replica] replica 178825480714265206 observed shutdown descriptor for replica 178825481046241405 with final counter Some(840)
[2026-09-01T10:09:20.453Z WARN  gresse::network] peer connection write failed: Broken pipe (os error 32)
[2026-09-01T10:09:22.453Z WARN  gresse::network] peer connection write failed: Broken pipe (os error 32)
[2026-09-01T10:09:28.453Z WARN  gresse::replica] replica 178825480714265206 deferred pull request to peer 178825481046243405: channel closed
[2026-09-01T10:09:29.453Z WARN  gresse::replica] replica 178825480714265206 deferred pull request to peer 178825481046242405: channel closed
[2026-09-01T10:09:42.453Z WARN  gresse::network] peer connection write failed: Broken pipe (os error 32)
[2026-09-01T10:09:42.845Z INFO  gresse::replica] replica 178825480714265206 established peer replication connection with replica 178825481046239406
[2026-09-01T10:09:42.845Z INFO  gresse::network] replica 178825480714265206 registered bidirectional network channel for replica 178825481046239406
[2026-09-01T10:09:43.345Z INFO  gresse::network] replica 178825480714265206 registered bidirectional network channel for replica 178825480714263207
[2026-09-01T10:09:43.345Z INFO  gresse::replica] replica 178825480714265206 established peer replication connection with replica 178825480714263207
[2026-09-01T10:09:43.453Z WARN  gresse::replica] replica 178825480714265206 deferred pull request to peer 178825480714263206: channel closed
[2026-09-01T10:09:43.732Z INFO  gresse::network] replica 178825480714265206 registered bidirectional network channel for replica 178825481046240406
[2026-09-01T10:09:43.732Z INFO  gresse::replica] replica 178825480714265206 established peer replication connection with replica 178825481046240406
[2026-09-01T10:09:44.842Z INFO  gresse::network] replica 178825480714265206 registered bidirectional network channel for replica 178825481046241406
[2026-09-01T10:09:44.842Z INFO  gresse::replica] replica 178825480714265206 established peer replication connection with replica 178825481046241406
[2026-09-01T10:09:47.679Z INFO  gresse::network] replica 178825480714265206 registered bidirectional network channel for replica 178825481046242406
[2026-09-01T10:09:47.679Z INFO  gresse::replica] replica 178825480714265206 established peer replication connection with replica 178825481046242406
[2026-09-01T10:09:50.407Z INFO  gresse::replica] replica 178825480714265206 established peer replication connection with replica 178825481046243406
[2026-09-01T10:09:50.407Z INFO  gresse::network] replica 178825480714265206 registered bidirectional network channel for replica 178825481046243406
[2026-09-01T10:10:42.593Z INFO  gresse::replica] shutdown signal received for replica 178825480714265206
[2026-09-01T10:10:42.593Z INFO  gresse::replica] replica 178825480714265206 shutting down with 24 connected writers
[2026-09-01T10:10:42.978Z INFO  gresse::http_server] http server received shutdown signal
[2026-09-01T10:10:42.978Z INFO  gresse::http_server] http server shutdown complete
[2026-09-01T10:10:42.980Z INFO  gresse::network] network manager for replica 178825480714265206 shutdown complete
