[2026-09-01T09:08:41.312Z INFO  gresse::http_server] running CRDT HTTP server
[2026-09-01T09:08:41.312Z INFO  gresse::http_server] listening for HTTP on 0.0.0.0:18082
[2026-09-01T09:08:41.339Z INFO  gresse::replica] replica 178825366619922101 initiating runtime at bind_http=0.0.0.0:18082 bind_internal=0.0.0.0:19082 advertised_internal=16.170.108.158:19082
[2026-09-01T09:08:41.375Z INFO  gresse::object_storage] object storage connection established: backend=s3, bucket=gresse-geo-035351467464-20260901084800-ec90d0, region=eu-north-1, endpoint=AWS default endpoint resolution, first_operation=get, object_path=acm-sec-geo-churn-smoke-20260901T090724Z-9d5f90d9/persistent.json
[2026-09-01T09:08:41.403Z INFO  gresse::replica] replica 178825366619922101 discovered 8 membership descriptors during init
[2026-09-01T09:08:41.403Z INFO  gresse::replica] replica 178825366619922101 startup completed
[2026-09-01T09:08:41.403Z INFO  gresse::network] replica 178825366619922101 discovered network member NetworkMember { pid: 178825366619920101, address: 16.170.108.158:19080, final_counter: None }
[2026-09-01T09:08:41.403Z INFO  gresse::network] replica 178825366619922101 discovered network member NetworkMember { pid: 178825366619921101, address: 16.170.108.158:19081, final_counter: None }
[2026-09-01T09:08:41.403Z INFO  gresse::network] replica 178825366619922101 discovered network member NetworkMember { pid: 178825366664486801, address: 3.68.220.182:19080, final_counter: None }
[2026-09-01T09:08:41.403Z INFO  gresse::network] replica 178825366619922101 discovered network member NetworkMember { pid: 178825366738131701, address: 34.245.195.69:19080, final_counter: None }
[2026-09-01T09:08:41.403Z INFO  gresse::network] replica 178825366619922101 discovered network member NetworkMember { pid: 178825366848206801, address: 18.130.228.25:19080, final_counter: None }
[2026-09-01T09:08:41.403Z INFO  gresse::network] replica 178825366619922101 discovered network member NetworkMember { pid: 178825366848207801, address: 18.130.228.25:19081, final_counter: None }
[2026-09-01T09:08:41.403Z INFO  gresse::network] replica 178825366619922101 discovered network member NetworkMember { pid: 178825366935156501, address: 13.38.41.188:19080, final_counter: None }
[2026-09-01T09:08:41.404Z INFO  gresse::network] replica 178825366619922101 registered bidirectional network channel for replica 178825366619921101
[2026-09-01T09:08:41.404Z INFO  gresse::replica] replica 178825366619922101 established peer replication connection with replica 178825366619921101
[2026-09-01T09:08:41.404Z INFO  gresse::network] replica 178825366619922101 registered bidirectional network channel for replica 178825366619920101
[2026-09-01T09:08:41.404Z INFO  gresse::replica] replica 178825366619922101 established peer replication connection with replica 178825366619920101
[2026-09-01T09:08:41.452Z INFO  gresse::network] replica 178825366619922101 registered bidirectional network channel for replica 178825366664486801
[2026-09-01T09:08:41.452Z INFO  gresse::replica] replica 178825366619922101 established peer replication connection with replica 178825366664486801
[2026-09-01T09:08:41.458Z INFO  gresse::network] replica 178825366619922101 registered bidirectional network channel for replica 178825366848207801
[2026-09-01T09:08:41.458Z INFO  gresse::replica] replica 178825366619922101 established peer replication connection with replica 178825366848207801
[2026-09-01T09:08:41.460Z INFO  gresse::network] replica 178825366619922101 registered bidirectional network channel for replica 178825366848206801
[2026-09-01T09:08:41.460Z INFO  gresse::replica] replica 178825366619922101 established peer replication connection with replica 178825366848206801
[2026-09-01T09:08:41.466Z INFO  gresse::network] replica 178825366619922101 registered bidirectional network channel for replica 178825366935156501
[2026-09-01T09:08:41.466Z INFO  gresse::replica] replica 178825366619922101 established peer replication connection with replica 178825366935156501
[2026-09-01T09:08:41.488Z INFO  gresse::network] replica 178825366619922101 registered bidirectional network channel for replica 178825366738131701
[2026-09-01T09:08:41.488Z INFO  gresse::replica] replica 178825366619922101 established peer replication connection with replica 178825366738131701
[2026-09-01T09:08:41.505Z INFO  gresse::network] replica 178825366619922101 registered bidirectional network channel for replica 178825366619923101
[2026-09-01T09:08:41.505Z INFO  gresse::replica] replica 178825366619922101 established peer replication connection with replica 178825366619923101
[2026-09-01T09:08:41.528Z INFO  gresse::network] replica 178825366619922101 registered bidirectional network channel for replica 178825366664487801
[2026-09-01T09:08:41.528Z INFO  gresse::replica] replica 178825366619922101 established peer replication connection with replica 178825366664487801
[2026-09-01T09:08:41.558Z INFO  gresse::network] replica 178825366619922101 registered bidirectional network channel for replica 178825366935157501
[2026-09-01T09:08:41.558Z INFO  gresse::replica] replica 178825366619922101 established peer replication connection with replica 178825366935157501
[2026-09-01T09:08:41.619Z INFO  gresse::network] replica 178825366619922101 registered bidirectional network channel for replica 178825366619924101
[2026-09-01T09:08:41.619Z INFO  gresse::replica] replica 178825366619922101 established peer replication connection with replica 178825366619924101
[2026-09-01T09:08:41.625Z INFO  gresse::network] replica 178825366619922101 registered bidirectional network channel for replica 178825366738132701
[2026-09-01T09:08:41.625Z INFO  gresse::replica] replica 178825366619922101 established peer replication connection with replica 178825366738132701
[2026-09-01T09:08:41.647Z INFO  gresse::replica] replica 178825366619922101 established peer replication connection with replica 178825366848208801
[2026-09-01T09:08:41.647Z INFO  gresse::network] replica 178825366619922101 registered bidirectional network channel for replica 178825366848208801
[2026-09-01T09:08:41.742Z INFO  gresse::network] replica 178825366619922101 registered bidirectional network channel for replica 178825366664488801
[2026-09-01T09:08:41.742Z INFO  gresse::replica] replica 178825366619922101 established peer replication connection with replica 178825366664488801
[2026-09-01T09:08:41.845Z INFO  gresse::network] replica 178825366619922101 registered bidirectional network channel for replica 178825366848209801
[2026-09-01T09:08:41.846Z INFO  gresse::replica] replica 178825366619922101 established peer replication connection with replica 178825366848209801
[2026-09-01T09:08:41.873Z INFO  gresse::network] replica 178825366619922101 registered bidirectional network channel for replica 178825366935158501
[2026-09-01T09:08:41.873Z INFO  gresse::replica] replica 178825366619922101 established peer replication connection with replica 178825366935158501
[2026-09-01T09:08:41.930Z INFO  gresse::replica] replica 178825366619922101 established peer replication connection with replica 178825366738133701
[2026-09-01T09:08:41.930Z INFO  gresse::network] replica 178825366619922101 registered bidirectional network channel for replica 178825366738133701
[2026-09-01T09:08:41.936Z INFO  gresse::network] replica 178825366619922101 registered bidirectional network channel for replica 178825366664489801
[2026-09-01T09:08:41.936Z INFO  gresse::replica] replica 178825366619922101 established peer replication connection with replica 178825366664489801
[2026-09-01T09:08:42.040Z INFO  gresse::network] replica 178825366619922101 registered bidirectional network channel for replica 178825366848210801
[2026-09-01T09:08:42.040Z INFO  gresse::replica] replica 178825366619922101 established peer replication connection with replica 178825366848210801
[2026-09-01T09:08:42.154Z INFO  gresse::network] replica 178825366619922101 registered bidirectional network channel for replica 178825366664490801
[2026-09-01T09:08:42.154Z INFO  gresse::replica] replica 178825366619922101 established peer replication connection with replica 178825366664490801
[2026-09-01T09:08:42.174Z INFO  gresse::network] replica 178825366619922101 registered bidirectional network channel for replica 178825366935159501
[2026-09-01T09:08:42.174Z INFO  gresse::replica] replica 178825366619922101 established peer replication connection with replica 178825366935159501
[2026-09-01T09:08:42.229Z INFO  gresse::replica] replica 178825366619922101 established peer replication connection with replica 178825366738134701
[2026-09-01T09:08:42.229Z INFO  gresse::network] replica 178825366619922101 registered bidirectional network channel for replica 178825366738134701
[2026-09-01T09:08:42.470Z INFO  gresse::network] replica 178825366619922101 registered bidirectional network channel for replica 178825366935160501
[2026-09-01T09:08:42.470Z INFO  gresse::replica] replica 178825366619922101 established peer replication connection with replica 178825366935160501
[2026-09-01T09:08:42.544Z INFO  gresse::network] replica 178825366619922101 registered bidirectional network channel for replica 178825366738135701
[2026-09-01T09:08:42.544Z INFO  gresse::replica] replica 178825366619922101 established peer replication connection with replica 178825366738135701
[2026-09-01T09:09:32.403Z WARN  gresse::network] peer connection write failed: Broken pipe (os error 32)
[2026-09-01T09:09:54.404Z WARN  gresse::replica] replica 178825366619922101 deferred pull request to peer 178825366619920101: channel closed
[2026-09-01T09:10:05.404Z WARN  gresse::network] peer connection write failed: Broken pipe (os error 32)
[2026-09-01T09:10:11.120Z INFO  gresse::network] replica 178825366619922101 registered bidirectional network channel for replica 178825366619920102
[2026-09-01T09:10:11.120Z INFO  gresse::replica] replica 178825366619922101 established peer replication connection with replica 178825366619920102
[2026-09-01T09:10:11.356Z INFO  gresse::network] replica 178825366619922101 discovered network member NetworkMember { pid: 178825366738133702, address: 34.245.195.69:19082, final_counter: None }
[2026-09-01T09:10:11.441Z INFO  gresse::network] replica 178825366619922101 registered bidirectional network channel for replica 178825366738133702
[2026-09-01T09:10:11.441Z INFO  gresse::replica] replica 178825366619922101 established peer replication connection with replica 178825366738133702
[2026-09-01T09:10:29.404Z WARN  gresse::replica] replica 178825366619922101 deferred pull request to peer 178825366738133701: channel closed
[2026-09-01T09:10:56.353Z INFO  gresse::replica] replica 178825366619922101 observed shutdown descriptor for replica 178825366664487801 with final counter Some(20)
[2026-09-01T09:10:56.379Z INFO  gresse::replica] replica 178825366619922101 observed shutdown descriptor for replica 178825366848209801 with final counter Some(20)
[2026-09-01T09:11:41.260Z INFO  gresse::network] replica 178825366619922101 registered bidirectional network channel for replica 178825366848209802
[2026-09-01T09:11:41.260Z INFO  gresse::replica] replica 178825366619922101 established peer replication connection with replica 178825366848209802
[2026-09-01T09:11:41.329Z INFO  gresse::network] replica 178825366619922101 registered bidirectional network channel for replica 178825366664487802
[2026-09-01T09:11:41.329Z INFO  gresse::replica] replica 178825366619922101 established peer replication connection with replica 178825366664487802
[2026-09-01T09:14:41.221Z INFO  gresse::replica] shutdown signal received for replica 178825366619922101
[2026-09-01T09:14:41.221Z INFO  gresse::replica] replica 178825366619922101 shutting down with 24 connected writers
[2026-09-01T09:14:41.263Z INFO  gresse::http_server] http server received shutdown signal
[2026-09-01T09:14:41.263Z INFO  gresse::http_server] http server shutdown complete
[2026-09-01T09:14:41.263Z INFO  gresse::network] network manager for replica 178825366619922101 shutdown complete
