[2026-08-28T13:32:49.900Z INFO  gresse::http_server] running CRDT HTTP server
[2026-08-28T13:32:49.900Z INFO  gresse::http_server] listening for HTTP on 0.0.0.0:18083
[2026-08-28T13:32:49.944Z INFO  gresse::replica] replica 178792343597984002 initiating runtime at bind_http=0.0.0.0:18083 bind_internal=0.0.0.0:19083 advertised_internal=13.37.225.238:19083
[2026-08-28T13:32:50.064Z INFO  gresse::object_storage] object storage connection established: backend=s3, bucket=gresse-geo-035351467464-20260828124038-be821e, region=eu-north-1, endpoint=AWS default endpoint resolution, first_operation=put-create, object_path=acm-sec-geo-churn-20260828T132329Z-550e9e91/membership/178792343597984002,13.37.225.238:19083,5
[2026-08-28T13:32:50.272Z INFO  gresse::replica] replica 178792343597984002 restored local state from durability journal before startup
[2026-08-28T13:32:50.272Z INFO  gresse::replica] replica 178792343597984002 discovered 140 membership descriptors during init
[2026-08-28T13:32:50.272Z INFO  gresse::replica] replica 178792343597984002 startup completed
[2026-08-28T13:32:50.272Z INFO  gresse::network] replica 178792343597984002 discovered network member NetworkMember { pid: 178792343266886002, address: 16.192.159.169:19080, final_counter: None }
[2026-08-28T13:32:50.272Z INFO  gresse::network] replica 178792343597984002 discovered network member NetworkMember { pid: 178792343266887002, address: 16.192.159.169:19081, final_counter: None }
[2026-08-28T13:32:50.272Z INFO  gresse::network] replica 178792343597984002 discovered network member NetworkMember { pid: 178792343266888002, address: 16.192.159.169:19082, final_counter: None }
[2026-08-28T13:32:50.272Z INFO  gresse::network] replica 178792343597984002 discovered network member NetworkMember { pid: 178792343266889002, address: 16.192.159.169:19083, final_counter: None }
[2026-08-28T13:32:50.272Z INFO  gresse::network] replica 178792343597984002 discovered network member NetworkMember { pid: 178792343266890002, address: 16.192.159.169:19084, final_counter: None }
[2026-08-28T13:32:50.272Z INFO  gresse::network] replica 178792343597984002 discovered network member NetworkMember { pid: 178792343327013802, address: 3.121.180.49:19080, final_counter: None }
[2026-08-28T13:32:50.272Z INFO  gresse::network] replica 178792343597984002 discovered network member NetworkMember { pid: 178792343327014802, address: 3.121.180.49:19081, final_counter: None }
[2026-08-28T13:32:50.272Z INFO  gresse::network] replica 178792343597984002 discovered network member NetworkMember { pid: 178792343327015802, address: 3.121.180.49:19082, final_counter: None }
[2026-08-28T13:32:50.272Z INFO  gresse::network] replica 178792343597984002 discovered network member NetworkMember { pid: 178792343327016802, address: 3.121.180.49:19083, final_counter: None }
[2026-08-28T13:32:50.272Z INFO  gresse::network] replica 178792343597984002 discovered network member NetworkMember { pid: 178792343327017802, address: 3.121.180.49:19084, final_counter: None }
[2026-08-28T13:32:50.272Z INFO  gresse::network] replica 178792343597984002 discovered network member NetworkMember { pid: 178792343404851502, address: 52.17.146.22:19080, final_counter: None }
[2026-08-28T13:32:50.272Z INFO  gresse::network] replica 178792343597984002 discovered network member NetworkMember { pid: 178792343404852502, address: 52.17.146.22:19081, final_counter: None }
[2026-08-28T13:32:50.272Z INFO  gresse::network] replica 178792343597984002 discovered network member NetworkMember { pid: 178792343404853502, address: 52.17.146.22:19082, final_counter: None }
[2026-08-28T13:32:50.272Z INFO  gresse::network] replica 178792343597984002 discovered network member NetworkMember { pid: 178792343404854502, address: 52.17.146.22:19083, final_counter: None }
[2026-08-28T13:32:50.272Z INFO  gresse::network] replica 178792343597984002 discovered network member NetworkMember { pid: 178792343404855502, address: 52.17.146.22:19084, final_counter: None }
[2026-08-28T13:32:50.272Z INFO  gresse::network] replica 178792343597984002 discovered network member NetworkMember { pid: 178792343513164002, address: 3.8.155.72:19080, final_counter: None }
[2026-08-28T13:32:50.272Z INFO  gresse::network] replica 178792343597984002 discovered network member NetworkMember { pid: 178792343513165002, address: 3.8.155.72:19081, final_counter: None }
[2026-08-28T13:32:50.272Z INFO  gresse::network] replica 178792343597984002 discovered network member NetworkMember { pid: 178792343513166002, address: 3.8.155.72:19082, final_counter: None }
[2026-08-28T13:32:50.272Z INFO  gresse::network] replica 178792343597984002 discovered network member NetworkMember { pid: 178792343513167002, address: 3.8.155.72:19083, final_counter: None }
[2026-08-28T13:32:50.272Z INFO  gresse::network] replica 178792343597984002 discovered network member NetworkMember { pid: 178792343513168002, address: 3.8.155.72:19084, final_counter: None }
[2026-08-28T13:32:50.272Z INFO  gresse::network] replica 178792343597984002 discovered network member NetworkMember { pid: 178792343597981002, address: 13.37.225.238:19080, final_counter: None }
[2026-08-28T13:32:50.272Z INFO  gresse::network] replica 178792343597984002 discovered network member NetworkMember { pid: 178792343597982002, address: 13.37.225.238:19081, final_counter: None }
[2026-08-28T13:32:50.272Z INFO  gresse::network] replica 178792343597984002 discovered network member NetworkMember { pid: 178792343597983002, address: 13.37.225.238:19082, final_counter: None }
[2026-08-28T13:32:50.272Z INFO  gresse::network] replica 178792343597984002 discovered network member NetworkMember { pid: 178792343597984001, address: 13.37.225.238:19083, final_counter: None }
[2026-08-28T13:32:50.272Z INFO  gresse::network] replica 178792343597984002 discovered network member NetworkMember { pid: 178792343597985001, address: 13.37.225.238:19084, final_counter: None }
[2026-08-28T13:32:50.273Z INFO  gresse::network] replica 178792343597984002 registered bidirectional network channel for replica 178792343597982002
[2026-08-28T13:32:50.273Z INFO  gresse::replica] replica 178792343597984002 established peer replication connection with replica 178792343597982002
[2026-08-28T13:32:50.273Z INFO  gresse::network] replica 178792343597984002 registered bidirectional network channel for replica 178792343597985001
[2026-08-28T13:32:50.273Z INFO  gresse::replica] replica 178792343597984002 established peer replication connection with replica 178792343597985001
[2026-08-28T13:32:50.273Z INFO  gresse::network] replica 178792343597984002 registered bidirectional network channel for replica 178792343597984002
[2026-08-28T13:32:50.273Z INFO  gresse::replica] replica 178792343597984002 established peer replication connection with replica 178792343597984002
[2026-08-28T13:32:50.273Z INFO  gresse::network] replica 178792343597984002 registered bidirectional network channel for replica 178792343597981002
[2026-08-28T13:32:50.273Z INFO  gresse::network] replica 178792343597984002 registered bidirectional network channel for replica 178792343597983002
[2026-08-28T13:32:50.273Z INFO  gresse::replica] replica 178792343597984002 established peer replication connection with replica 178792343597981002
[2026-08-28T13:32:50.273Z INFO  gresse::replica] replica 178792343597984002 established peer replication connection with replica 178792343597983002
[2026-08-28T13:32:50.273Z WARN  gresse::network] replica 178792343597984002 rejected peer handshake: expected 178792343597984001, received 178792343597984002
[2026-08-28T13:32:50.286Z INFO  gresse::replica] replica 178792343597984002 established peer replication connection with replica 178792343513168002
[2026-08-28T13:32:50.286Z INFO  gresse::network] replica 178792343597984002 registered bidirectional network channel for replica 178792343513168002
[2026-08-28T13:32:50.287Z INFO  gresse::replica] replica 178792343597984002 established peer replication connection with replica 178792343513164002
[2026-08-28T13:32:50.287Z INFO  gresse::network] replica 178792343597984002 registered bidirectional network channel for replica 178792343513164002
[2026-08-28T13:32:50.287Z INFO  gresse::network] replica 178792343597984002 registered bidirectional network channel for replica 178792343513166002
[2026-08-28T13:32:50.287Z INFO  gresse::replica] replica 178792343597984002 established peer replication connection with replica 178792343513166002
[2026-08-28T13:32:50.288Z INFO  gresse::network] replica 178792343597984002 registered bidirectional network channel for replica 178792343327017802
[2026-08-28T13:32:50.288Z INFO  gresse::replica] replica 178792343597984002 established peer replication connection with replica 178792343327017802
[2026-08-28T13:32:50.288Z INFO  gresse::network] replica 178792343597984002 registered bidirectional network channel for replica 178792343327013802
[2026-08-28T13:32:50.288Z INFO  gresse::replica] replica 178792343597984002 established peer replication connection with replica 178792343327013802
[2026-08-28T13:32:50.288Z INFO  gresse::network] replica 178792343597984002 registered bidirectional network channel for replica 178792343327016802
[2026-08-28T13:32:50.288Z INFO  gresse::replica] replica 178792343597984002 established peer replication connection with replica 178792343327016802
[2026-08-28T13:32:50.288Z INFO  gresse::network] replica 178792343597984002 registered bidirectional network channel for replica 178792343513167002
[2026-08-28T13:32:50.288Z INFO  gresse::replica] replica 178792343597984002 established peer replication connection with replica 178792343513167002
[2026-08-28T13:32:50.288Z INFO  gresse::network] replica 178792343597984002 registered bidirectional network channel for replica 178792343513165002
[2026-08-28T13:32:50.288Z INFO  gresse::replica] replica 178792343597984002 established peer replication connection with replica 178792343513165002
[2026-08-28T13:32:50.289Z INFO  gresse::network] replica 178792343597984002 registered bidirectional network channel for replica 178792343327014802
[2026-08-28T13:32:50.289Z INFO  gresse::network] replica 178792343597984002 registered bidirectional network channel for replica 178792343327015802
[2026-08-28T13:32:50.289Z INFO  gresse::replica] replica 178792343597984002 established peer replication connection with replica 178792343327014802
[2026-08-28T13:32:50.289Z INFO  gresse::replica] replica 178792343597984002 established peer replication connection with replica 178792343327015802
[2026-08-28T13:32:50.307Z INFO  gresse::network] replica 178792343597984002 registered bidirectional network channel for replica 178792343404853502
[2026-08-28T13:32:50.307Z INFO  gresse::network] replica 178792343597984002 registered bidirectional network channel for replica 178792343404851502
[2026-08-28T13:32:50.307Z INFO  gresse::replica] replica 178792343597984002 established peer replication connection with replica 178792343404853502
[2026-08-28T13:32:50.307Z INFO  gresse::replica] replica 178792343597984002 established peer replication connection with replica 178792343404851502
[2026-08-28T13:32:50.307Z INFO  gresse::network] replica 178792343597984002 registered bidirectional network channel for replica 178792343404852502
[2026-08-28T13:32:50.307Z INFO  gresse::replica] replica 178792343597984002 established peer replication connection with replica 178792343404852502
[2026-08-28T13:32:50.307Z INFO  gresse::network] replica 178792343597984002 registered bidirectional network channel for replica 178792343404855502
[2026-08-28T13:32:50.307Z INFO  gresse::replica] replica 178792343597984002 established peer replication connection with replica 178792343404855502
[2026-08-28T13:32:50.307Z INFO  gresse::network] replica 178792343597984002 registered bidirectional network channel for replica 178792343404854502
[2026-08-28T13:32:50.307Z INFO  gresse::replica] replica 178792343597984002 established peer replication connection with replica 178792343404854502
[2026-08-28T13:32:50.335Z INFO  gresse::network] replica 178792343597984002 registered bidirectional network channel for replica 178792343266888002
[2026-08-28T13:32:50.335Z INFO  gresse::replica] replica 178792343597984002 established peer replication connection with replica 178792343266888002
[2026-08-28T13:32:50.335Z INFO  gresse::network] replica 178792343597984002 registered bidirectional network channel for replica 178792343266886002
[2026-08-28T13:32:50.335Z INFO  gresse::replica] replica 178792343597984002 established peer replication connection with replica 178792343266886002
[2026-08-28T13:32:50.335Z INFO  gresse::network] replica 178792343597984002 registered bidirectional network channel for replica 178792343266889002
[2026-08-28T13:32:50.335Z INFO  gresse::replica] replica 178792343597984002 established peer replication connection with replica 178792343266889002
[2026-08-28T13:32:50.335Z INFO  gresse::network] replica 178792343597984002 registered bidirectional network channel for replica 178792343266890002
[2026-08-28T13:32:50.335Z INFO  gresse::replica] replica 178792343597984002 established peer replication connection with replica 178792343266890002
[2026-08-28T13:32:50.335Z INFO  gresse::network] replica 178792343597984002 registered bidirectional network channel for replica 178792343266887002
[2026-08-28T13:32:50.335Z INFO  gresse::replica] replica 178792343597984002 established peer replication connection with replica 178792343266887002
[2026-08-28T13:32:55.028Z INFO  gresse::replica] replica 178792343597984002 observed shutdown descriptor for replica 178792343404855501 with final counter Some(617)
[2026-08-28T13:32:55.249Z INFO  gresse::replica] replica 178792343597984002 observed shutdown descriptor for replica 178792343513167001 with final counter Some(959)
[2026-08-28T13:32:55.355Z INFO  gresse::replica] replica 178792343597984002 observed shutdown descriptor for replica 178792343513168001 with final counter Some(959)
[2026-08-28T13:32:55.440Z INFO  gresse::replica] replica 178792343597984002 observed shutdown descriptor for replica 178792343597981001 with final counter Some(777)
[2026-08-28T13:33:08.273Z WARN  gresse::network] peer connection write failed: Broken pipe (os error 32)
[2026-08-28T13:33:35.274Z WARN  gresse::replica] replica 178792343597984002 deferred pull request to peer 178792343597984002: channel closed
[2026-08-28T13:33:50.001Z INFO  gresse::replica] replica 178792343597984002 observed shutdown descriptor for replica 178792343266886002 with final counter Some(841)
[2026-08-28T13:33:50.132Z INFO  gresse::replica] replica 178792343597984002 observed shutdown descriptor for replica 178792343266887002 with final counter Some(839)
[2026-08-28T13:33:50.234Z INFO  gresse::replica] replica 178792343597984002 observed shutdown descriptor for replica 178792343597985001 with final counter Some(1498)
[2026-08-28T13:34:02.274Z WARN  gresse::network] peer connection write failed: Broken pipe (os error 32)
[2026-08-28T13:34:12.274Z WARN  gresse::replica] replica 178792343597984002 deferred pull request to peer 178792343266889002: channel closed
[2026-08-28T13:34:16.274Z WARN  gresse::network] peer connection write failed: Broken pipe (os error 32)
[2026-08-28T13:34:25.273Z WARN  gresse::network] peer connection write failed: Broken pipe (os error 32)
[2026-08-28T13:34:42.274Z WARN  gresse::replica] replica 178792343597984002 deferred pull request to peer 178792343266890002: channel closed
[2026-08-28T13:34:48.256Z INFO  gresse::network] replica 178792343597984002 registered bidirectional network channel for replica 178792343266886003
[2026-08-28T13:34:48.256Z INFO  gresse::replica] replica 178792343597984002 established peer replication connection with replica 178792343266886003
[2026-08-28T13:34:48.416Z INFO  gresse::network] replica 178792343597984002 registered bidirectional network channel for replica 178792343266887003
[2026-08-28T13:34:48.416Z INFO  gresse::replica] replica 178792343597984002 established peer replication connection with replica 178792343266887003
[2026-08-28T13:34:48.459Z INFO  gresse::network] replica 178792343597984002 registered bidirectional network channel for replica 178792343597985002
[2026-08-28T13:34:48.460Z INFO  gresse::replica] replica 178792343597984002 established peer replication connection with replica 178792343597985002
[2026-08-28T13:34:48.821Z INFO  gresse::network] replica 178792343597984002 registered bidirectional network channel for replica 178792343266888003
[2026-08-28T13:34:48.821Z INFO  gresse::replica] replica 178792343597984002 established peer replication connection with replica 178792343266888003
[2026-08-28T13:34:49.199Z INFO  gresse::network] replica 178792343597984002 registered bidirectional network channel for replica 178792343266889003
[2026-08-28T13:34:49.199Z INFO  gresse::replica] replica 178792343597984002 established peer replication connection with replica 178792343266889003
[2026-08-28T13:34:49.594Z INFO  gresse::network] replica 178792343597984002 registered bidirectional network channel for replica 178792343266890003
[2026-08-28T13:34:49.594Z INFO  gresse::replica] replica 178792343597984002 established peer replication connection with replica 178792343266890003
[2026-08-28T13:35:10.274Z WARN  gresse::replica] replica 178792343597984002 deferred pull request to peer 178792343266888002: channel closed
[2026-08-28T13:35:49.997Z INFO  gresse::replica] replica 178792343597984002 observed shutdown descriptor for replica 178792343327013802 with final counter Some(1558)
[2026-08-28T13:35:50.335Z INFO  gresse::replica] replica 178792343597984002 observed shutdown descriptor for replica 178792343327014802 with final counter Some(841)
[2026-08-28T13:35:50.481Z INFO  gresse::replica] replica 178792343597984002 observed shutdown descriptor for replica 178792343327015802 with final counter Some(840)
[2026-08-28T13:36:02.274Z WARN  gresse::network] peer connection write failed: Broken pipe (os error 32)
[2026-08-28T13:36:24.273Z WARN  gresse::network] peer connection write failed: Broken pipe (os error 32)
[2026-08-28T13:36:27.273Z WARN  gresse::network] peer connection write failed: Broken pipe (os error 32)
[2026-08-28T13:36:45.274Z WARN  gresse::replica] replica 178792343597984002 deferred pull request to peer 178792343327017802: channel closed
[2026-08-28T13:36:48.425Z INFO  gresse::network] replica 178792343597984002 registered bidirectional network channel for replica 178792343327013803
[2026-08-28T13:36:48.425Z INFO  gresse::replica] replica 178792343597984002 established peer replication connection with replica 178792343327013803
[2026-08-28T13:36:48.709Z INFO  gresse::network] replica 178792343597984002 registered bidirectional network channel for replica 178792343404851503
[2026-08-28T13:36:48.709Z INFO  gresse::replica] replica 178792343597984002 established peer replication connection with replica 178792343404851503
[2026-08-28T13:36:48.894Z INFO  gresse::network] replica 178792343597984002 registered bidirectional network channel for replica 178792343327014803
[2026-08-28T13:36:48.894Z INFO  gresse::replica] replica 178792343597984002 established peer replication connection with replica 178792343327014803
[2026-08-28T13:36:49.328Z INFO  gresse::network] replica 178792343597984002 registered bidirectional network channel for replica 178792343327015803
[2026-08-28T13:36:49.328Z INFO  gresse::replica] replica 178792343597984002 established peer replication connection with replica 178792343327015803
[2026-08-28T13:36:49.814Z INFO  gresse::network] replica 178792343597984002 registered bidirectional network channel for replica 178792343327016803
[2026-08-28T13:36:49.814Z INFO  gresse::replica] replica 178792343597984002 established peer replication connection with replica 178792343327016803
[2026-08-28T13:36:50.378Z INFO  gresse::network] replica 178792343597984002 registered bidirectional network channel for replica 178792343327017803
[2026-08-28T13:36:50.378Z INFO  gresse::replica] replica 178792343597984002 established peer replication connection with replica 178792343327017803
[2026-08-28T13:36:55.274Z WARN  gresse::replica] replica 178792343597984002 deferred pull request to peer 178792343404851502: channel closed
[2026-08-28T13:37:06.274Z WARN  gresse::replica] replica 178792343597984002 deferred pull request to peer 178792343327016802: channel closed
[2026-08-28T13:37:50.004Z INFO  gresse::replica] replica 178792343597984002 observed shutdown descriptor for replica 178792343404852502 with final counter Some(1285)
[2026-08-28T13:37:50.377Z INFO  gresse::replica] replica 178792343597984002 observed shutdown descriptor for replica 178792343404853502 with final counter Some(870)
[2026-08-28T13:37:50.535Z INFO  gresse::replica] replica 178792343597984002 observed shutdown descriptor for replica 178792343404854502 with final counter Some(870)
[2026-08-28T13:38:40.273Z WARN  gresse::network] peer connection write failed: Broken pipe (os error 32)
[2026-08-28T13:38:41.273Z WARN  gresse::replica] replica 178792343597984002 deferred pull request to peer 178792343404855502: channel closed
[2026-08-28T13:38:44.274Z WARN  gresse::network] peer connection write failed: Broken pipe (os error 32)
[2026-08-28T13:38:48.274Z WARN  gresse::network] peer connection write failed: Broken pipe (os error 32)
[2026-08-28T13:38:48.680Z INFO  gresse::network] replica 178792343597984002 registered bidirectional network channel for replica 178792343513164003
[2026-08-28T13:38:48.680Z INFO  gresse::replica] replica 178792343597984002 established peer replication connection with replica 178792343513164003
[2026-08-28T13:38:48.931Z INFO  gresse::network] replica 178792343597984002 registered bidirectional network channel for replica 178792343404852503
[2026-08-28T13:38:48.931Z INFO  gresse::replica] replica 178792343597984002 established peer replication connection with replica 178792343404852503
[2026-08-28T13:38:49.451Z INFO  gresse::network] replica 178792343597984002 registered bidirectional network channel for replica 178792343513165003
[2026-08-28T13:38:49.451Z INFO  gresse::replica] replica 178792343597984002 established peer replication connection with replica 178792343513165003
[2026-08-28T13:38:49.667Z INFO  gresse::network] replica 178792343597984002 registered bidirectional network channel for replica 178792343404853503
[2026-08-28T13:38:49.667Z INFO  gresse::replica] replica 178792343597984002 established peer replication connection with replica 178792343404853503
[2026-08-28T13:38:50.002Z INFO  gresse::network] replica 178792343597984002 discovered network member NetworkMember { pid: 178792343404854503, address: 52.17.146.22:19083, final_counter: None }
[2026-08-28T13:38:50.274Z WARN  gresse::replica] replica 178792343597984002 deferred pull request to peer 178792343513165002: channel closed
[2026-08-28T13:38:50.392Z INFO  gresse::network] replica 178792343597984002 registered bidirectional network channel for replica 178792343404854503
[2026-08-28T13:38:50.392Z INFO  gresse::replica] replica 178792343597984002 established peer replication connection with replica 178792343404854503
[2026-08-28T13:38:51.233Z INFO  gresse::network] replica 178792343597984002 registered bidirectional network channel for replica 178792343404855503
[2026-08-28T13:38:51.233Z INFO  gresse::replica] replica 178792343597984002 established peer replication connection with replica 178792343404855503
[2026-08-28T13:39:40.274Z WARN  gresse::replica] replica 178792343597984002 deferred pull request to peer 178792343513164002: channel closed
[2026-08-28T13:39:49.999Z INFO  gresse::replica] replica 178792343597984002 observed shutdown descriptor for replica 178792343513166002 with final counter Some(1237)
[2026-08-28T13:39:50.188Z INFO  gresse::replica] replica 178792343597984002 observed shutdown descriptor for replica 178792343513167002 with final counter Some(921)
[2026-08-28T13:39:50.368Z INFO  gresse::replica] replica 178792343597984002 observed shutdown descriptor for replica 178792343513168002 with final counter Some(923)
[2026-08-28T13:40:09.274Z WARN  gresse::network] peer connection write failed: Broken pipe (os error 32)
[2026-08-28T13:40:21.274Z WARN  gresse::replica] replica 178792343597984002 deferred pull request to peer 178792343597982002: channel closed
[2026-08-28T13:40:48.618Z INFO  gresse::network] replica 178792343597984002 registered bidirectional network channel for replica 178792343513166003
[2026-08-28T13:40:48.618Z INFO  gresse::replica] replica 178792343597984002 established peer replication connection with replica 178792343513166003
[2026-08-28T13:40:48.729Z INFO  gresse::network] replica 178792343597984002 registered bidirectional network channel for replica 178792343597981003
[2026-08-28T13:40:48.729Z INFO  gresse::replica] replica 178792343597984002 established peer replication connection with replica 178792343597981003
[2026-08-28T13:40:49.261Z INFO  gresse::network] replica 178792343597984002 registered bidirectional network channel for replica 178792343513167003
[2026-08-28T13:40:49.261Z INFO  gresse::replica] replica 178792343597984002 established peer replication connection with replica 178792343513167003
[2026-08-28T13:40:49.415Z INFO  gresse::network] replica 178792343597984002 registered bidirectional network channel for replica 178792343597982003
[2026-08-28T13:40:49.415Z INFO  gresse::replica] replica 178792343597984002 established peer replication connection with replica 178792343597982003
[2026-08-28T13:40:49.823Z INFO  gresse::replica] replica 178792343597984002 established peer replication connection with replica 178792343513168003
[2026-08-28T13:40:49.824Z INFO  gresse::network] replica 178792343597984002 registered bidirectional network channel for replica 178792343513168003
[2026-08-28T13:40:49.999Z INFO  gresse::network] replica 178792343597984002 discovered network member NetworkMember { pid: 178792343597983003, address: 13.37.225.238:19082, final_counter: None }
[2026-08-28T13:40:50.123Z INFO  gresse::network] replica 178792343597984002 registered bidirectional network channel for replica 178792343597983003
[2026-08-28T13:40:50.123Z INFO  gresse::replica] replica 178792343597984002 established peer replication connection with replica 178792343597983003
[2026-08-28T13:40:57.273Z WARN  gresse::network] peer connection write failed: Broken pipe (os error 32)
[2026-08-28T13:41:13.274Z WARN  gresse::replica] replica 178792343597984002 deferred pull request to peer 178792343597983002: channel closed
[2026-08-28T13:41:48.075Z INFO  gresse::replica] shutdown signal received for replica 178792343597984002
[2026-08-28T13:41:48.075Z INFO  gresse::replica] replica 178792343597984002 shutting down with 25 connected writers
[2026-08-28T13:41:48.513Z INFO  gresse::http_server] http server received shutdown signal
[2026-08-28T13:41:48.513Z INFO  gresse::http_server] http server shutdown complete
[2026-08-28T13:41:48.514Z INFO  gresse::network] network manager for replica 178792343597984002 shutdown complete
