[2026-09-03T09:36:58.621Z INFO  gresse::http_server] running CRDT HTTP server
[2026-09-03T09:36:58.621Z INFO  gresse::http_server] listening for HTTP on 0.0.0.0:18080
[2026-09-03T09:36:58.653Z INFO  gresse::replica] replica 178842684286993601 initiating runtime at bind_http=0.0.0.0:18080 bind_internal=0.0.0.0:19080 advertised_internal=35.179.101.242:19080
[2026-09-03T09:36:58.769Z INFO  gresse::object_storage] object storage connection established: backend=s3, bucket=gresse-geo-035351467464-20260903085118-6fb999, region=eu-north-1, endpoint=AWS default endpoint resolution, first_operation=put-create, object_path=acm-sec-geo-churn-20260903T091329Z-d96b4f84/membership/178842684286993601,35.179.101.242:19080,15
[2026-09-03T09:36:58.844Z INFO  gresse::replica] replica 178842684286993601 restored local state from durability journal before startup
[2026-09-03T09:36:58.844Z INFO  gresse::replica] replica 178842684286993601 discovered 118 membership descriptors during init
[2026-09-03T09:36:58.844Z INFO  gresse::replica] replica 178842684286993601 startup completed
[2026-09-03T09:36:58.844Z INFO  gresse::network] replica 178842684286993601 discovered network member NetworkMember { pid: 178842683849154804, address: 13.53.121.51:19080, final_counter: None }
[2026-09-03T09:36:58.844Z INFO  gresse::network] replica 178842684286993601 discovered network member NetworkMember { pid: 178842683849155803, address: 13.53.121.51:19081, final_counter: None }
[2026-09-03T09:36:58.844Z INFO  gresse::network] replica 178842684286993601 discovered network member NetworkMember { pid: 178842683849156802, address: 13.53.121.51:19082, final_counter: None }
[2026-09-03T09:36:58.844Z INFO  gresse::network] replica 178842684286993601 discovered network member NetworkMember { pid: 178842683849157801, address: 13.53.121.51:19083, final_counter: None }
[2026-09-03T09:36:58.844Z INFO  gresse::network] replica 178842684286993601 discovered network member NetworkMember { pid: 178842683849158804, address: 13.53.121.51:19084, final_counter: None }
[2026-09-03T09:36:58.844Z INFO  gresse::network] replica 178842684286993601 discovered network member NetworkMember { pid: 178842683956181204, address: 52.59.198.67:19080, final_counter: None }
[2026-09-03T09:36:58.844Z INFO  gresse::network] replica 178842684286993601 discovered network member NetworkMember { pid: 178842683956182204, address: 52.59.198.67:19081, final_counter: None }
[2026-09-03T09:36:58.844Z INFO  gresse::network] replica 178842684286993601 discovered network member NetworkMember { pid: 178842683956183203, address: 52.59.198.67:19082, final_counter: None }
[2026-09-03T09:36:58.844Z INFO  gresse::network] replica 178842684286993601 discovered network member NetworkMember { pid: 178842683956184202, address: 52.59.198.67:19083, final_counter: None }
[2026-09-03T09:36:58.844Z INFO  gresse::network] replica 178842684286993601 discovered network member NetworkMember { pid: 178842683956185201, address: 52.59.198.67:19084, final_counter: None }
[2026-09-03T09:36:58.844Z INFO  gresse::network] replica 178842684286993601 discovered network member NetworkMember { pid: 178842684114090204, address: 34.246.191.174:19080, final_counter: None }
[2026-09-03T09:36:58.844Z INFO  gresse::network] replica 178842684286993601 discovered network member NetworkMember { pid: 178842684114093203, address: 34.246.191.174:19083, final_counter: None }
[2026-09-03T09:36:58.844Z INFO  gresse::network] replica 178842684286993601 discovered network member NetworkMember { pid: 178842684114094202, address: 34.246.191.174:19084, final_counter: None }
[2026-09-03T09:36:58.844Z INFO  gresse::network] replica 178842684286993601 discovered network member NetworkMember { pid: 178842684286994601, address: 35.179.101.242:19081, final_counter: None }
[2026-09-03T09:36:58.844Z INFO  gresse::network] replica 178842684286993601 discovered network member NetworkMember { pid: 178842684286995603, address: 35.179.101.242:19082, final_counter: None }
[2026-09-03T09:36:58.844Z INFO  gresse::network] replica 178842684286993601 discovered network member NetworkMember { pid: 178842684286996603, address: 35.179.101.242:19083, final_counter: None }
[2026-09-03T09:36:58.844Z INFO  gresse::network] replica 178842684286993601 discovered network member NetworkMember { pid: 178842684286997603, address: 35.179.101.242:19084, final_counter: None }
[2026-09-03T09:36:58.844Z INFO  gresse::network] replica 178842684286993601 discovered network member NetworkMember { pid: 178842684426432102, address: 13.38.47.15:19080, final_counter: None }
[2026-09-03T09:36:58.844Z INFO  gresse::network] replica 178842684286993601 discovered network member NetworkMember { pid: 178842684426433101, address: 13.38.47.15:19081, final_counter: None }
[2026-09-03T09:36:58.844Z INFO  gresse::network] replica 178842684286993601 discovered network member NetworkMember { pid: 178842684426434101, address: 13.38.47.15:19082, final_counter: None }
[2026-09-03T09:36:58.844Z INFO  gresse::network] replica 178842684286993601 discovered network member NetworkMember { pid: 178842684426435103, address: 13.38.47.15:19083, final_counter: None }
[2026-09-03T09:36:58.844Z INFO  gresse::network] replica 178842684286993601 discovered network member NetworkMember { pid: 178842684426436103, address: 13.38.47.15:19084, final_counter: None }
[2026-09-03T09:36:58.845Z INFO  gresse::network] replica 178842684286993601 registered bidirectional network channel for replica 178842684286996603
[2026-09-03T09:36:58.845Z INFO  gresse::replica] replica 178842684286993601 established peer replication connection with replica 178842684286996603
[2026-09-03T09:36:58.845Z INFO  gresse::network] replica 178842684286993601 registered bidirectional network channel for replica 178842684286994601
[2026-09-03T09:36:58.845Z INFO  gresse::network] replica 178842684286993601 registered bidirectional network channel for replica 178842684286995603
[2026-09-03T09:36:58.845Z INFO  gresse::replica] replica 178842684286993601 established peer replication connection with replica 178842684286994601
[2026-09-03T09:36:58.845Z INFO  gresse::replica] replica 178842684286993601 established peer replication connection with replica 178842684286995603
[2026-09-03T09:36:58.845Z INFO  gresse::network] replica 178842684286993601 registered bidirectional network channel for replica 178842684286997603
[2026-09-03T09:36:58.845Z INFO  gresse::replica] replica 178842684286993601 established peer replication connection with replica 178842684286997603
[2026-09-03T09:36:58.854Z WARN  gresse::network] replica 178842684286993601 peer connection attempt failed: could not connect to 34.246.191.174:19084: Connection refused (os error 111)
[2026-09-03T09:36:58.854Z WARN  gresse::network] replica 178842684286993601 peer connection attempt failed: could not connect to 34.246.191.174:19083: Connection refused (os error 111)
[2026-09-03T09:36:58.858Z INFO  gresse::network] replica 178842684286993601 registered bidirectional network channel for replica 178842684426432102
[2026-09-03T09:36:58.858Z INFO  gresse::network] replica 178842684286993601 registered bidirectional network channel for replica 178842684426433101
[2026-09-03T09:36:58.858Z INFO  gresse::replica] replica 178842684286993601 established peer replication connection with replica 178842684426432102
[2026-09-03T09:36:58.858Z INFO  gresse::network] replica 178842684286993601 registered bidirectional network channel for replica 178842684426435103
[2026-09-03T09:36:58.858Z INFO  gresse::replica] replica 178842684286993601 established peer replication connection with replica 178842684426433101
[2026-09-03T09:36:58.858Z INFO  gresse::replica] replica 178842684286993601 established peer replication connection with replica 178842684426435103
[2026-09-03T09:36:58.860Z INFO  gresse::network] replica 178842684286993601 registered bidirectional network channel for replica 178842684426436103
[2026-09-03T09:36:58.860Z INFO  gresse::replica] replica 178842684286993601 established peer replication connection with replica 178842684426436103
[2026-09-03T09:36:58.860Z INFO  gresse::network] replica 178842684286993601 registered bidirectional network channel for replica 178842684426434101
[2026-09-03T09:36:58.860Z INFO  gresse::replica] replica 178842684286993601 established peer replication connection with replica 178842684426434101
[2026-09-03T09:36:58.867Z INFO  gresse::replica] replica 178842684286993601 established peer replication connection with replica 178842683956185201
[2026-09-03T09:36:58.867Z INFO  gresse::network] replica 178842684286993601 registered bidirectional network channel for replica 178842683956185201
[2026-09-03T09:36:58.867Z INFO  gresse::network] replica 178842684286993601 registered bidirectional network channel for replica 178842683956181204
[2026-09-03T09:36:58.867Z INFO  gresse::network] replica 178842684286993601 registered bidirectional network channel for replica 178842683956183203
[2026-09-03T09:36:58.867Z INFO  gresse::replica] replica 178842684286993601 established peer replication connection with replica 178842683956181204
[2026-09-03T09:36:58.867Z INFO  gresse::replica] replica 178842684286993601 established peer replication connection with replica 178842683956183203
[2026-09-03T09:36:58.867Z INFO  gresse::network] replica 178842684286993601 registered bidirectional network channel for replica 178842683956182204
[2026-09-03T09:36:58.867Z INFO  gresse::replica] replica 178842684286993601 established peer replication connection with replica 178842683956182204
[2026-09-03T09:36:58.869Z INFO  gresse::network] replica 178842684286993601 registered bidirectional network channel for replica 178842683956184202
[2026-09-03T09:36:58.869Z INFO  gresse::replica] replica 178842684286993601 established peer replication connection with replica 178842683956184202
[2026-09-03T09:36:58.899Z INFO  gresse::replica] replica 178842684286993601 established peer replication connection with replica 178842683849156802
[2026-09-03T09:36:58.899Z INFO  gresse::network] replica 178842684286993601 registered bidirectional network channel for replica 178842683849156802
[2026-09-03T09:36:58.900Z INFO  gresse::network] replica 178842684286993601 registered bidirectional network channel for replica 178842683849155803
[2026-09-03T09:36:58.900Z INFO  gresse::network] replica 178842684286993601 registered bidirectional network channel for replica 178842683849157801
[2026-09-03T09:36:58.900Z INFO  gresse::network] replica 178842684286993601 registered bidirectional network channel for replica 178842683849154804
[2026-09-03T09:36:58.900Z INFO  gresse::replica] replica 178842684286993601 established peer replication connection with replica 178842683849155803
[2026-09-03T09:36:58.900Z INFO  gresse::replica] replica 178842684286993601 established peer replication connection with replica 178842683849157801
[2026-09-03T09:36:58.900Z INFO  gresse::replica] replica 178842684286993601 established peer replication connection with replica 178842683849154804
[2026-09-03T09:36:58.902Z INFO  gresse::network] replica 178842684286993601 registered bidirectional network channel for replica 178842683849158804
[2026-09-03T09:36:58.902Z INFO  gresse::replica] replica 178842684286993601 established peer replication connection with replica 178842683849158804
[2026-09-03T09:36:59.146Z INFO  gresse::network] replica 178842684286993601 registered bidirectional network channel for replica 178842684114090204
[2026-09-03T09:36:59.146Z INFO  gresse::replica] replica 178842684286993601 established peer replication connection with replica 178842684114090204
[2026-09-03T09:37:00.251Z INFO  gresse::network] replica 178842684286993601 registered bidirectional network channel for replica 178842684114091204
[2026-09-03T09:37:00.251Z INFO  gresse::replica] replica 178842684286993601 established peer replication connection with replica 178842684114091204
[2026-09-03T09:37:01.482Z INFO  gresse::network] replica 178842684286993601 registered bidirectional network channel for replica 178842684114092204
[2026-09-03T09:37:01.482Z INFO  gresse::replica] replica 178842684286993601 established peer replication connection with replica 178842684114092204
[2026-09-03T09:37:02.543Z INFO  gresse::network] replica 178842684286993601 registered bidirectional network channel for replica 178842684114093203
[2026-09-03T09:37:02.543Z INFO  gresse::replica] replica 178842684286993601 established peer replication connection with replica 178842684114093203
[2026-09-03T09:37:03.439Z INFO  gresse::network] replica 178842684286993601 registered bidirectional network channel for replica 178842684114094202
[2026-09-03T09:37:03.439Z INFO  gresse::replica] replica 178842684286993601 established peer replication connection with replica 178842684114094202
[2026-09-03T09:37:03.726Z INFO  gresse::replica] replica 178842684286993601 observed shutdown descriptor for replica 178842683956181203 with final counter Some(844)
[2026-09-03T09:37:04.172Z INFO  gresse::replica] replica 178842684286993601 observed shutdown descriptor for replica 178842683956182203 with final counter Some(840)
[2026-09-03T09:37:04.361Z INFO  gresse::replica] replica 178842684286993601 observed shutdown descriptor for replica 178842684114090201 with final counter Some(2874)
[2026-09-03T09:37:04.553Z INFO  gresse::replica] replica 178842684286993601 observed shutdown descriptor for replica 178842684114091203 with final counter Some(843)
[2026-09-03T09:37:04.727Z INFO  gresse::replica] replica 178842684286993601 observed shutdown descriptor for replica 178842684114092203 with final counter Some(842)
[2026-09-03T09:37:04.911Z WARN  gresse::network] peer connection write failed: Broken pipe (os error 32)
[2026-09-03T09:37:09.845Z WARN  gresse::network] peer connection write failed: Broken pipe (os error 32)
[2026-09-03T09:37:11.845Z WARN  gresse::network] peer connection write failed: Broken pipe (os error 32)
[2026-09-03T09:37:15.845Z WARN  gresse::network] peer connection write failed: Broken pipe (os error 32)
[2026-09-03T09:37:16.845Z WARN  gresse::network] peer connection write failed: Broken pipe (os error 32)
[2026-09-03T09:37:17.845Z WARN  gresse::network] peer connection write failed: Broken pipe (os error 32)
[2026-09-03T09:37:18.845Z WARN  gresse::replica] replica 178842684286993601 deferred pull request to peer 178842684426433101: channel closed
[2026-09-03T09:37:21.845Z WARN  gresse::network] peer connection write failed: Broken pipe (os error 32)
[2026-09-03T09:37:22.845Z WARN  gresse::network] peer connection write failed: Broken pipe (os error 32)
[2026-09-03T09:37:23.845Z WARN  gresse::network] peer connection write failed: Broken pipe (os error 32)
[2026-09-03T09:37:24.845Z WARN  gresse::replica] replica 178842684286993601 deferred pull request to peer 178842683956182204: channel closed
[2026-09-03T09:37:26.845Z WARN  gresse::network] peer connection write failed: Broken pipe (os error 32)
[2026-09-03T09:37:32.845Z WARN  gresse::network] peer connection write failed: Broken pipe (os error 32)
[2026-09-03T09:37:35.847Z WARN  gresse::replica] replica 178842684286993601 deferred pull request to peer 178842684286995603: channel closed
[2026-09-03T09:37:36.845Z WARN  gresse::replica] replica 178842684286993601 deferred pull request to peer 178842684426432102: channel closed
[2026-09-03T09:37:38.845Z WARN  gresse::replica] replica 178842684286993601 deferred pull request to peer 178842683849154804: channel closed
[2026-09-03T09:37:39.845Z WARN  gresse::replica] replica 178842684286993601 deferred pull request to peer 178842684426434101: channel closed
[2026-09-03T09:37:40.845Z WARN  gresse::replica] replica 178842684286993601 deferred pull request to peer 178842684286994601: channel closed
[2026-09-03T09:37:41.845Z WARN  gresse::network] peer connection write failed: Broken pipe (os error 32)
[2026-09-03T09:37:45.845Z WARN  gresse::replica] replica 178842684286993601 deferred pull request to peer 178842683956185201: channel closed
[2026-09-03T09:37:46.845Z WARN  gresse::replica] replica 178842684286993601 deferred pull request to peer 178842683849157801: channel closed
[2026-09-03T09:37:47.845Z WARN  gresse::network] peer connection write failed: Broken pipe (os error 32)
[2026-09-03T09:37:50.845Z WARN  gresse::network] peer connection write failed: Broken pipe (os error 32)
[2026-09-03T09:37:51.845Z WARN  gresse::network] peer connection write failed: Broken pipe (os error 32)
[2026-09-03T09:37:54.845Z WARN  gresse::replica] replica 178842684286993601 deferred pull request to peer 178842683849156802: channel closed
[2026-09-03T09:37:56.845Z WARN  gresse::replica] replica 178842684286993601 deferred pull request to peer 178842683956184202: channel closed
[2026-09-03T09:37:58.703Z INFO  gresse::replica] replica 178842684286993601 observed shutdown descriptor for replica 178842684286994601 with final counter Some(2748)
[2026-09-03T09:37:58.898Z WARN  gresse::replica] replica 178842684286993601 deferred pull request to peer 178842684286997603: channel closed
[2026-09-03T09:38:00.846Z WARN  gresse::network] peer connection write failed: Broken pipe (os error 32)
[2026-09-03T09:38:03.707Z INFO  gresse::replica] replica 178842684286993601 observed shutdown descriptor for replica 178842684286995603 with final counter Some(870)
[2026-09-03T09:38:03.893Z INFO  gresse::replica] replica 178842684286993601 observed shutdown descriptor for replica 178842684286996603 with final counter Some(869)
[2026-09-03T09:38:04.081Z WARN  gresse::replica] replica 178842684286993601 deferred pull request to peer 178842683956181204: channel closed
[2026-09-03T09:38:05.845Z WARN  gresse::replica] replica 178842684286993601 deferred pull request to peer 178842684426435103: channel closed
[2026-09-03T09:38:07.845Z WARN  gresse::network] peer connection write failed: Broken pipe (os error 32)
[2026-09-03T09:38:08.845Z WARN  gresse::network] peer connection write failed: Broken pipe (os error 32)
[2026-09-03T09:38:10.845Z WARN  gresse::replica] replica 178842684286993601 deferred pull request to peer 178842683956183203: channel closed
[2026-09-03T09:38:13.845Z WARN  gresse::replica] replica 178842684286993601 deferred pull request to peer 178842684426436103: channel closed
[2026-09-03T09:38:18.845Z WARN  gresse::replica] replica 178842684286993601 deferred pull request to peer 178842683849155803: channel closed
[2026-09-03T09:38:21.845Z WARN  gresse::network] peer connection write failed: Broken pipe (os error 32)
[2026-09-03T09:38:39.845Z WARN  gresse::replica] replica 178842684286993601 deferred pull request to peer 178842683849158804: channel closed
[2026-09-03T09:38:59.697Z INFO  gresse::network] replica 178842684286993601 registered bidirectional network channel for replica 178842684286994604
[2026-09-03T09:38:59.697Z INFO  gresse::replica] replica 178842684286993601 established peer replication connection with replica 178842684286994604
[2026-09-03T09:39:01.886Z INFO  gresse::network] replica 178842684286993601 registered bidirectional network channel for replica 178842684286995604
[2026-09-03T09:39:01.886Z INFO  gresse::replica] replica 178842684286993601 established peer replication connection with replica 178842684286995604
[2026-09-03T09:39:03.706Z INFO  gresse::network] replica 178842684286993601 discovered network member NetworkMember { pid: 178842684286996604, address: 35.179.101.242:19083, final_counter: None }
[2026-09-03T09:39:04.101Z INFO  gresse::network] replica 178842684286993601 registered bidirectional network channel for replica 178842684286996604
[2026-09-03T09:39:04.101Z INFO  gresse::replica] replica 178842684286993601 established peer replication connection with replica 178842684286996604
[2026-09-03T09:39:58.373Z INFO  gresse::replica] replica 178842684286993601 gc departed_pids=None updated_stable=DotSet { set: {178842684114091204: -1, 178842683956184201: -1, 178842684286996604: -1, 178842684426432101: -1, 178842684114093201: -1, 178842683849155801: -1, 178842684286993601: -1, 178842683849158801: -1, 178842684426436101: -1, 178842684426435103: -1, 178842684114094202: -1, 178842684426435101: -1, 178842683849155803: -1, 178842684286997603: -1, 178842684114090204: -1, 178842683956183203: -1, 178842683956181203: -1, 178842684114092203: -1, 178842684286994601: -1, 178842683849156802: -1, 178842684114091203: -1, 178842683849154801: -1, 178842683956182204: -1, 178842683956181201: -1, 178842683849154802: -1, 178842683849154803: -1, 178842683849156801: -1, 178842684114093203: -1, 178842684286995601: -1, 178842683849155802: -1, 178842683956184202: -1, 178842683956181204: -1, 178842683956183201: -1, 178842684114092202: -1, 178842683956185201: -1, 178842684114093202: -1, 178842684286994604: -1, 178842683849154804: -1, 178842684426432102: -1, 178842684286997602: -1, 178842684426436103: -1, 0: 0, 178842684286995603: -1, 178842683849158804: -1, 178842684286996601: -1, 178842684426436102: -1, 178842684114090201: -1, 178842684114094201: -1, 178842683956182203: -1, 178842684114092201: -1, 178842684114091201: -1, 178842684286996602: -1, 178842684286996603: -1, 178842684426433101: -1, 178842684114092204: -1, 178842684426434101: -1, 178842683849157801: -1, 178842683956182201: -1, 178842683956182202: -1, 178842684286995604: -1, 178842683956183202: -1, 178842684286997601: -1} }
[2026-09-03T09:39:59.268Z INFO  gresse::replica] replica 178842684286993601 completed gc round
[2026-09-03T09:39:59.479Z INFO  gresse::replica] replica 178842684286993601 observed shutdown descriptor for replica 178842684426434101 with final counter Some(2881)
[2026-09-03T09:39:59.905Z INFO  gresse::replica] replica 178842684286993601 observed shutdown descriptor for replica 178842684426435103 with final counter Some(921)
[2026-09-03T09:40:03.705Z INFO  gresse::replica] replica 178842684286993601 observed shutdown descriptor for replica 178842684426436103 with final counter Some(920)
[2026-09-03T09:40:58.698Z INFO  gresse::network] replica 178842684286993601 discovered network member NetworkMember { pid: 178842684426434104, address: 13.38.47.15:19082, final_counter: None }
[2026-09-03T09:40:59.008Z INFO  gresse::network] replica 178842684286993601 registered bidirectional network channel for replica 178842684426434104
[2026-09-03T09:40:59.008Z INFO  gresse::replica] replica 178842684286993601 established peer replication connection with replica 178842684426434104
[2026-09-03T09:40:59.983Z INFO  gresse::replica] replica 178842684286993601 established peer replication connection with replica 178842684426435104
[2026-09-03T09:40:59.983Z INFO  gresse::network] replica 178842684286993601 registered bidirectional network channel for replica 178842684426435104
[2026-09-03T09:41:00.966Z INFO  gresse::network] replica 178842684286993601 registered bidirectional network channel for replica 178842684426436104
[2026-09-03T09:41:00.966Z INFO  gresse::replica] replica 178842684286993601 established peer replication connection with replica 178842684426436104
[2026-09-03T09:41:58.700Z INFO  gresse::replica] replica 178842684286993601 observed shutdown descriptor for replica 178842683849157801 with final counter Some(3022)
[2026-09-03T09:41:58.959Z INFO  gresse::replica] replica 178842684286993601 observed shutdown descriptor for replica 178842683956181204 with final counter Some(849)
[2026-09-03T09:42:03.701Z INFO  gresse::replica] replica 178842684286993601 observed shutdown descriptor for replica 178842683849158804 with final counter Some(1023)
[2026-09-03T09:42:58.706Z INFO  gresse::network] replica 178842684286993601 discovered network member NetworkMember { pid: 178842683849157805, address: 13.53.121.51:19083, final_counter: None }
[2026-09-03T09:42:58.706Z INFO  gresse::network] replica 178842684286993601 discovered network member NetworkMember { pid: 178842683956181205, address: 52.59.198.67:19080, final_counter: None }
[2026-09-03T09:42:58.861Z INFO  gresse::network] replica 178842684286993601 registered bidirectional network channel for replica 178842683849157805
[2026-09-03T09:42:58.861Z INFO  gresse::replica] replica 178842684286993601 established peer replication connection with replica 178842683849157805
[2026-09-03T09:42:59.210Z INFO  gresse::network] replica 178842684286993601 registered bidirectional network channel for replica 178842683956181205
[2026-09-03T09:42:59.210Z INFO  gresse::replica] replica 178842684286993601 established peer replication connection with replica 178842683956181205
[2026-09-03T09:42:59.835Z INFO  gresse::network] replica 178842684286993601 registered bidirectional network channel for replica 178842683849158805
[2026-09-03T09:42:59.835Z INFO  gresse::replica] replica 178842684286993601 established peer replication connection with replica 178842683849158805
[2026-09-03T09:43:58.828Z INFO  gresse::replica] replica 178842684286993601 observed shutdown descriptor for replica 178842683956185201 with final counter Some(3567)
[2026-09-03T09:44:02.846Z WARN  gresse::network] peer connection write failed: Broken pipe (os error 32)
[2026-09-03T09:44:03.704Z INFO  gresse::replica] replica 178842684286993601 observed shutdown descriptor for replica 178842684114090204 with final counter Some(853)
[2026-09-03T09:44:03.961Z INFO  gresse::replica] replica 178842684286993601 observed shutdown descriptor for replica 178842684114091204 with final counter Some(842)
[2026-09-03T09:44:10.845Z WARN  gresse::network] peer connection write failed: Broken pipe (os error 32)
[2026-09-03T09:44:13.845Z WARN  gresse::network] peer connection write failed: Broken pipe (os error 32)
[2026-09-03T09:44:15.845Z WARN  gresse::replica] replica 178842684286993601 deferred pull request to peer 178842684114092204: channel closed
[2026-09-03T09:44:18.846Z WARN  gresse::replica] replica 178842684286993601 deferred pull request to peer 178842684114094202: channel closed
[2026-09-03T09:44:43.845Z WARN  gresse::network] peer connection write failed: Broken pipe (os error 32)
[2026-09-03T09:44:56.845Z WARN  gresse::replica] replica 178842684286993601 deferred pull request to peer 178842684114093203: channel closed
[2026-09-03T09:44:58.705Z INFO  gresse::network] replica 178842684286993601 discovered network member NetworkMember { pid: 178842683956185205, address: 52.59.198.67:19084, final_counter: None }
[2026-09-03T09:44:58.705Z INFO  gresse::network] replica 178842684286993601 discovered network member NetworkMember { pid: 178842684114090205, address: 34.246.191.174:19080, final_counter: None }
[2026-09-03T09:44:59.265Z INFO  gresse::network] replica 178842684286993601 registered bidirectional network channel for replica 178842683956185205
[2026-09-03T09:44:59.265Z INFO  gresse::replica] replica 178842684286993601 established peer replication connection with replica 178842683956185205
[2026-09-03T09:44:59.387Z INFO  gresse::network] replica 178842684286993601 registered bidirectional network channel for replica 178842684114090205
[2026-09-03T09:44:59.387Z INFO  gresse::replica] replica 178842684286993601 established peer replication connection with replica 178842684114090205
[2026-09-03T09:45:00.680Z INFO  gresse::network] replica 178842684286993601 registered bidirectional network channel for replica 178842684114091205
[2026-09-03T09:45:00.680Z INFO  gresse::replica] replica 178842684286993601 established peer replication connection with replica 178842684114091205
[2026-09-03T09:45:58.038Z INFO  gresse::replica] shutdown signal received for replica 178842684286993601
[2026-09-03T09:45:58.038Z INFO  gresse::replica] replica 178842684286993601 shutting down with 12 connected writers
[2026-09-03T09:45:58.619Z INFO  gresse::http_server] http server received shutdown signal
[2026-09-03T09:45:58.619Z INFO  gresse::http_server] http server shutdown complete
[2026-09-03T09:45:58.620Z INFO  gresse::network] network manager for replica 178842684286993601 shutdown complete
