[2026-09-01T09:33:42.073Z INFO  gresse::http_server] running CRDT HTTP server
[2026-09-01T09:33:42.073Z INFO  gresse::http_server] listening for HTTP on 0.0.0.0:18082
[2026-09-01T09:33:42.100Z INFO  gresse::replica] replica 178825480843464702 initiating runtime at bind_http=0.0.0.0:18082 bind_internal=0.0.0.0:19082 advertised_internal=34.245.195.69:19082
[2026-09-01T09:33:42.279Z INFO  gresse::object_storage] object storage connection established: backend=s3, bucket=gresse-geo-035351467464-20260901084800-ec90d0, region=eu-north-1, endpoint=AWS default endpoint resolution, first_operation=put-create, object_path=acm-sec-geo-churn-20260901T092623Z-21106dd4/membership/178825480843464702,34.245.195.69:19082,0
[2026-09-01T09:33:42.623Z INFO  gresse::replica] replica 178825480843464702 discovered 45 membership descriptors during init
[2026-09-01T09:33:42.623Z INFO  gresse::replica] replica 178825480843464702 startup completed
[2026-09-01T09:33:42.623Z INFO  gresse::network] replica 178825480843464702 discovered network member NetworkMember { pid: 178825480714263202, address: 16.170.108.158:19080, final_counter: None }
[2026-09-01T09:33:42.623Z INFO  gresse::network] replica 178825480843464702 discovered network member NetworkMember { pid: 178825480714264202, address: 16.170.108.158:19081, final_counter: None }
[2026-09-01T09:33:42.623Z INFO  gresse::network] replica 178825480843464702 discovered network member NetworkMember { pid: 178825480714265202, address: 16.170.108.158:19082, final_counter: None }
[2026-09-01T09:33:42.623Z INFO  gresse::network] replica 178825480843464702 registered bidirectional network channel for replica 178825480714264202
[2026-09-01T09:33:42.623Z INFO  gresse::network] replica 178825480843464702 discovered network member NetworkMember { pid: 178825480714266202, address: 16.170.108.158:19083, final_counter: None }
[2026-09-01T09:33:42.623Z INFO  gresse::network] replica 178825480843464702 discovered network member NetworkMember { pid: 178825480714267202, address: 16.170.108.158:19084, final_counter: None }
[2026-09-01T09:33:42.623Z INFO  gresse::network] replica 178825480843464702 registered bidirectional network channel for replica 178825480843463702
[2026-09-01T09:33:42.623Z INFO  gresse::network] replica 178825480843464702 discovered network member NetworkMember { pid: 178825480759179602, address: 3.68.220.182:19080, final_counter: None }
[2026-09-01T09:33:42.623Z INFO  gresse::network] replica 178825480843464702 registered bidirectional network channel for replica 178825480957157902
[2026-09-01T09:33:42.623Z INFO  gresse::network] replica 178825480843464702 discovered network member NetworkMember { pid: 178825480759180602, address: 3.68.220.182:19081, final_counter: None }
[2026-09-01T09:33:42.623Z INFO  gresse::network] replica 178825480843464702 discovered network member NetworkMember { pid: 178825480759181602, address: 3.68.220.182:19082, final_counter: None }
[2026-09-01T09:33:42.623Z INFO  gresse::network] replica 178825480843464702 discovered network member NetworkMember { pid: 178825480759182602, address: 3.68.220.182:19083, final_counter: None }
[2026-09-01T09:33:42.623Z INFO  gresse::network] replica 178825480843464702 discovered network member NetworkMember { pid: 178825480759183602, address: 3.68.220.182:19084, final_counter: None }
[2026-09-01T09:33:42.623Z INFO  gresse::network] replica 178825480843464702 registered bidirectional network channel for replica 178825481046240401
[2026-09-01T09:33:42.623Z INFO  gresse::network] replica 178825480843464702 discovered network member NetworkMember { pid: 178825480843462702, address: 34.245.195.69:19080, final_counter: None }
[2026-09-01T09:33:42.623Z INFO  gresse::network] replica 178825480843464702 discovered network member NetworkMember { pid: 178825480957157901, address: 18.130.228.25:19080, final_counter: None }
[2026-09-01T09:33:42.623Z INFO  gresse::replica] replica 178825480843464702 established peer replication connection with replica 178825480714264202
[2026-09-01T09:33:42.623Z INFO  gresse::network] replica 178825480843464702 discovered network member NetworkMember { pid: 178825480957158901, address: 18.130.228.25:19081, final_counter: None }
[2026-09-01T09:33:42.623Z INFO  gresse::network] replica 178825480843464702 registered bidirectional network channel for replica 178825480714265202
[2026-09-01T09:33:42.623Z INFO  gresse::network] replica 178825480843464702 discovered network member NetworkMember { pid: 178825480957159901, address: 18.130.228.25:19082, final_counter: None }
[2026-09-01T09:33:42.623Z INFO  gresse::network] replica 178825480843464702 discovered network member NetworkMember { pid: 178825480957160901, address: 18.130.228.25:19083, final_counter: None }
[2026-09-01T09:33:42.623Z INFO  gresse::network] replica 178825480843464702 discovered network member NetworkMember { pid: 178825480957161901, address: 18.130.228.25:19084, final_counter: None }
[2026-09-01T09:33:42.623Z INFO  gresse::network] replica 178825480843464702 discovered network member NetworkMember { pid: 178825481046239401, address: 13.38.41.188:19080, final_counter: None }
[2026-09-01T09:33:42.623Z INFO  gresse::network] replica 178825480843464702 discovered network member NetworkMember { pid: 178825481046241401, address: 13.38.41.188:19082, final_counter: None }
[2026-09-01T09:33:42.623Z INFO  gresse::network] replica 178825480843464702 discovered network member NetworkMember { pid: 178825481046242401, address: 13.38.41.188:19083, final_counter: None }
[2026-09-01T09:33:42.623Z INFO  gresse::network] replica 178825480843464702 discovered network member NetworkMember { pid: 178825481046243401, address: 13.38.41.188:19084, final_counter: None }
[2026-09-01T09:33:42.623Z INFO  gresse::replica] replica 178825480843464702 established peer replication connection with replica 178825480843463702
[2026-09-01T09:33:42.623Z INFO  gresse::replica] replica 178825480843464702 established peer replication connection with replica 178825480957157902
[2026-09-01T09:33:42.623Z INFO  gresse::replica] replica 178825480843464702 established peer replication connection with replica 178825481046240401
[2026-09-01T09:33:42.623Z INFO  gresse::replica] replica 178825480843464702 established peer replication connection with replica 178825480714265202
[2026-09-01T09:33:42.623Z INFO  gresse::network] replica 178825480843464702 registered bidirectional network channel for replica 178825480759181602
[2026-09-01T09:33:42.623Z INFO  gresse::replica] replica 178825480843464702 established peer replication connection with replica 178825480759181602
[2026-09-01T09:33:42.624Z INFO  gresse::network] replica 178825480843464702 registered bidirectional network channel for replica 178825480843462702
[2026-09-01T09:33:42.624Z INFO  gresse::replica] replica 178825480843464702 established peer replication connection with replica 178825480843462702
[2026-09-01T09:33:42.633Z WARN  gresse::network] replica 178825480843464702 peer connection attempt failed: could not connect to 18.130.228.25:19082: Connection refused (os error 111)
[2026-09-01T09:33:42.643Z INFO  gresse::network] replica 178825480843464702 registered bidirectional network channel for replica 178825480957160901
[2026-09-01T09:33:42.643Z INFO  gresse::replica] replica 178825480843464702 established peer replication connection with replica 178825480957160901
[2026-09-01T09:33:42.643Z WARN  gresse::network] replica 178825480843464702 rejected peer handshake: expected 178825480957157901, received 178825480957157902
[2026-09-01T09:33:42.644Z INFO  gresse::network] replica 178825480843464702 registered bidirectional network channel for replica 178825480957161901
[2026-09-01T09:33:42.644Z INFO  gresse::replica] replica 178825480843464702 established peer replication connection with replica 178825480957161901
[2026-09-01T09:33:42.656Z WARN  gresse::network] replica 178825480843464702 rejected peer handshake: expected 178825480957158901, received 178825480957158902
[2026-09-01T09:33:42.657Z INFO  gresse::network] replica 178825480843464702 registered bidirectional network channel for replica 178825481046243401
[2026-09-01T09:33:42.657Z INFO  gresse::network] replica 178825480843464702 registered bidirectional network channel for replica 178825481046239401
[2026-09-01T09:33:42.657Z INFO  gresse::replica] replica 178825480843464702 established peer replication connection with replica 178825481046243401
[2026-09-01T09:33:42.657Z INFO  gresse::network] replica 178825480843464702 registered bidirectional network channel for replica 178825481046242401
[2026-09-01T09:33:42.657Z INFO  gresse::replica] replica 178825480843464702 established peer replication connection with replica 178825481046239401
[2026-09-01T09:33:42.657Z INFO  gresse::replica] replica 178825480843464702 established peer replication connection with replica 178825481046242401
[2026-09-01T09:33:42.658Z INFO  gresse::network] replica 178825480843464702 registered bidirectional network channel for replica 178825481046241401
[2026-09-01T09:33:42.658Z INFO  gresse::replica] replica 178825480843464702 established peer replication connection with replica 178825481046241401
[2026-09-01T09:33:42.663Z INFO  gresse::network] replica 178825480843464702 registered bidirectional network channel for replica 178825480759180602
[2026-09-01T09:33:42.663Z INFO  gresse::network] replica 178825480843464702 registered bidirectional network channel for replica 178825480759183602
[2026-09-01T09:33:42.663Z INFO  gresse::replica] replica 178825480843464702 established peer replication connection with replica 178825480759180602
[2026-09-01T09:33:42.663Z INFO  gresse::replica] replica 178825480843464702 established peer replication connection with replica 178825480759183602
[2026-09-01T09:33:42.664Z INFO  gresse::network] replica 178825480843464702 registered bidirectional network channel for replica 178825480759182602
[2026-09-01T09:33:42.664Z INFO  gresse::network] replica 178825480843464702 registered bidirectional network channel for replica 178825480759179602
[2026-09-01T09:33:42.664Z INFO  gresse::replica] replica 178825480843464702 established peer replication connection with replica 178825480759182602
[2026-09-01T09:33:42.664Z INFO  gresse::replica] replica 178825480843464702 established peer replication connection with replica 178825480759179602
[2026-09-01T09:33:42.665Z INFO  gresse::network] replica 178825480843464702 registered bidirectional network channel for replica 178825480714266202
[2026-09-01T09:33:42.665Z INFO  gresse::replica] replica 178825480843464702 established peer replication connection with replica 178825480714266202
[2026-09-01T09:33:42.665Z INFO  gresse::network] replica 178825480843464702 registered bidirectional network channel for replica 178825480957158902
[2026-09-01T09:33:42.665Z INFO  gresse::replica] replica 178825480843464702 established peer replication connection with replica 178825480957158902
[2026-09-01T09:33:42.707Z INFO  gresse::network] replica 178825480843464702 registered bidirectional network channel for replica 178825480714263202
[2026-09-01T09:33:42.708Z INFO  gresse::network] replica 178825480843464702 registered bidirectional network channel for replica 178825480714267202
[2026-09-01T09:33:42.875Z INFO  gresse::replica] replica 178825480843464702 established peer replication connection with replica 178825480714263202
[2026-09-01T09:33:42.875Z INFO  gresse::replica] replica 178825480843464702 established peer replication connection with replica 178825480714267202
[2026-09-01T09:33:43.049Z INFO  gresse::network] replica 178825480843464702 registered bidirectional network channel for replica 178825480957159902
[2026-09-01T09:33:43.049Z INFO  gresse::replica] replica 178825480843464702 established peer replication connection with replica 178825480957159902
[2026-09-01T09:33:43.214Z INFO  gresse::network] replica 178825480843464702 registered bidirectional network channel for replica 178825480843465702
[2026-09-01T09:33:43.214Z INFO  gresse::replica] replica 178825480843464702 established peer replication connection with replica 178825480843465702
[2026-09-01T09:33:43.848Z INFO  gresse::network] replica 178825480843464702 registered bidirectional network channel for replica 178825480843466702
[2026-09-01T09:33:43.849Z INFO  gresse::replica] replica 178825480843464702 established peer replication connection with replica 178825480843466702
[2026-09-01T09:33:47.159Z INFO  gresse::replica] replica 178825480843464702 observed shutdown descriptor for replica 178825480843464701 with final counter Some(616)
[2026-09-01T09:33:47.278Z INFO  gresse::replica] replica 178825480843464702 observed shutdown descriptor for replica 178825480843465701 with final counter Some(618)
[2026-09-01T09:33:47.365Z INFO  gresse::replica] replica 178825480843464702 observed shutdown descriptor for replica 178825480843466701 with final counter Some(619)
[2026-09-01T09:34:08.625Z WARN  gresse::network] peer connection write failed: Broken pipe (os error 32)
[2026-09-01T09:34:14.625Z WARN  gresse::replica] replica 178825480843464702 deferred pull request to peer 178825480957158902: channel closed
[2026-09-01T09:34:47.165Z INFO  gresse::replica] replica 178825480843464702 observed shutdown descriptor for replica 178825480957160901 with final counter Some(959)
[2026-09-01T09:34:47.587Z INFO  gresse::replica] replica 178825480843464702 observed shutdown descriptor for replica 178825480957161901 with final counter Some(957)
[2026-09-01T09:34:47.727Z INFO  gresse::replica] replica 178825480843464702 observed shutdown descriptor for replica 178825481046239401 with final counter Some(777)
[2026-09-01T09:34:54.624Z WARN  gresse::network] peer connection write failed: Broken pipe (os error 32)
[2026-09-01T09:35:05.625Z WARN  gresse::network] peer connection write failed: Broken pipe (os error 32)
[2026-09-01T09:35:06.624Z WARN  gresse::network] peer connection write failed: Broken pipe (os error 32)
[2026-09-01T09:35:14.625Z WARN  gresse::replica] replica 178825480843464702 deferred pull request to peer 178825481046242401: channel closed
[2026-09-01T09:35:20.625Z WARN  gresse::replica] replica 178825480843464702 deferred pull request to peer 178825481046241401: channel closed
[2026-09-01T09:35:42.485Z INFO  gresse::network] replica 178825480843464702 registered bidirectional network channel for replica 178825480957160902
[2026-09-01T09:35:42.486Z INFO  gresse::replica] replica 178825480843464702 established peer replication connection with replica 178825480957160902
[2026-09-01T09:35:42.517Z INFO  gresse::network] replica 178825480843464702 registered bidirectional network channel for replica 178825481046239402
[2026-09-01T09:35:42.517Z INFO  gresse::replica] replica 178825480843464702 established peer replication connection with replica 178825481046239402
[2026-09-01T09:35:42.918Z INFO  gresse::network] replica 178825480843464702 registered bidirectional network channel for replica 178825480957161902
[2026-09-01T09:35:42.918Z INFO  gresse::replica] replica 178825480843464702 established peer replication connection with replica 178825480957161902
[2026-09-01T09:35:42.963Z INFO  gresse::network] replica 178825480843464702 registered bidirectional network channel for replica 178825481046240402
[2026-09-01T09:35:42.963Z INFO  gresse::replica] replica 178825480843464702 established peer replication connection with replica 178825481046240402
[2026-09-01T09:35:43.517Z INFO  gresse::network] replica 178825480843464702 registered bidirectional network channel for replica 178825481046241402
[2026-09-01T09:35:43.517Z INFO  gresse::replica] replica 178825480843464702 established peer replication connection with replica 178825481046241402
[2026-09-01T09:35:44.171Z INFO  gresse::network] replica 178825480843464702 registered bidirectional network channel for replica 178825481046242402
[2026-09-01T09:35:44.171Z INFO  gresse::replica] replica 178825480843464702 established peer replication connection with replica 178825481046242402
[2026-09-01T09:36:27.624Z WARN  gresse::replica] replica 178825480843464702 deferred pull request to peer 178825481046240401: channel closed
[2026-09-01T09:36:42.162Z INFO  gresse::replica] replica 178825480843464702 observed shutdown descriptor for replica 178825480714263202 with final counter Some(841)
[2026-09-01T09:36:47.166Z INFO  gresse::replica] replica 178825480843464702 observed shutdown descriptor for replica 178825480714264202 with final counter Some(840)
[2026-09-01T09:36:47.310Z INFO  gresse::replica] replica 178825480843464702 observed shutdown descriptor for replica 178825481046243401 with final counter Some(1496)
[2026-09-01T09:36:49.624Z WARN  gresse::network] peer connection write failed: Broken pipe (os error 32)
[2026-09-01T09:37:23.625Z WARN  gresse::network] peer connection write failed: Broken pipe (os error 32)
[2026-09-01T09:37:26.624Z WARN  gresse::network] peer connection write failed: Broken pipe (os error 32)
[2026-09-01T09:37:33.625Z WARN  gresse::replica] replica 178825480843464702 deferred pull request to peer 178825480714266202: channel closed
[2026-09-01T09:37:35.624Z WARN  gresse::replica] replica 178825480843464702 deferred pull request to peer 178825480714265202: channel closed
[2026-09-01T09:37:42.372Z INFO  gresse::network] replica 178825480843464702 registered bidirectional network channel for replica 178825480714263203
[2026-09-01T09:37:42.372Z INFO  gresse::replica] replica 178825480843464702 established peer replication connection with replica 178825480714263203
[2026-09-01T09:37:42.566Z INFO  gresse::network] replica 178825480843464702 registered bidirectional network channel for replica 178825481046243402
[2026-09-01T09:37:42.566Z INFO  gresse::replica] replica 178825480843464702 established peer replication connection with replica 178825481046243402
[2026-09-01T09:37:42.648Z INFO  gresse::network] replica 178825480843464702 registered bidirectional network channel for replica 178825480714264203
[2026-09-01T09:37:42.648Z INFO  gresse::replica] replica 178825480843464702 established peer replication connection with replica 178825480714264203
[2026-09-01T09:37:42.951Z INFO  gresse::network] replica 178825480843464702 registered bidirectional network channel for replica 178825480714265203
[2026-09-01T09:37:42.951Z INFO  gresse::replica] replica 178825480843464702 established peer replication connection with replica 178825480714265203
[2026-09-01T09:37:43.282Z INFO  gresse::network] replica 178825480843464702 registered bidirectional network channel for replica 178825480714266203
[2026-09-01T09:37:43.282Z INFO  gresse::replica] replica 178825480843464702 established peer replication connection with replica 178825480714266203
[2026-09-01T09:37:43.588Z INFO  gresse::network] replica 178825480843464702 registered bidirectional network channel for replica 178825480714267203
[2026-09-01T09:37:43.588Z INFO  gresse::replica] replica 178825480843464702 established peer replication connection with replica 178825480714267203
[2026-09-01T09:38:12.624Z WARN  gresse::replica] replica 178825480843464702 deferred pull request to peer 178825480714267202: channel closed
[2026-09-01T09:38:47.163Z INFO  gresse::replica] replica 178825480843464702 observed shutdown descriptor for replica 178825480759179602 with final counter Some(1557)
[2026-09-01T09:38:47.541Z INFO  gresse::replica] replica 178825480843464702 observed shutdown descriptor for replica 178825480759180602 with final counter Some(841)
[2026-09-01T09:38:47.704Z INFO  gresse::replica] replica 178825480843464702 observed shutdown descriptor for replica 178825480759181602 with final counter Some(839)
[2026-09-01T09:38:50.625Z WARN  gresse::network] peer connection write failed: Broken pipe (os error 32)
[2026-09-01T09:39:04.625Z WARN  gresse::replica] replica 178825480843464702 deferred pull request to peer 178825480759183602: channel closed
[2026-09-01T09:39:23.624Z WARN  gresse::network] peer connection write failed: Broken pipe (os error 32)
[2026-09-01T09:39:24.624Z WARN  gresse::replica] replica 178825480843464702 deferred pull request to peer 178825480843462702: channel closed
[2026-09-01T09:39:42.506Z INFO  gresse::replica] replica 178825480843464702 established peer replication connection with replica 178825480759179603
[2026-09-01T09:39:42.506Z INFO  gresse::network] replica 178825480843464702 registered bidirectional network channel for replica 178825480759179603
[2026-09-01T09:39:42.555Z INFO  gresse::network] replica 178825480843464702 registered bidirectional network channel for replica 178825480843462703
[2026-09-01T09:39:42.555Z INFO  gresse::replica] replica 178825480843464702 established peer replication connection with replica 178825480843462703
[2026-09-01T09:39:43.030Z INFO  gresse::network] replica 178825480843464702 registered bidirectional network channel for replica 178825480759180603
[2026-09-01T09:39:43.030Z INFO  gresse::replica] replica 178825480843464702 established peer replication connection with replica 178825480759180603
[2026-09-01T09:39:43.668Z INFO  gresse::network] replica 178825480843464702 registered bidirectional network channel for replica 178825480759181603
[2026-09-01T09:39:43.668Z INFO  gresse::replica] replica 178825480843464702 established peer replication connection with replica 178825480759181603
[2026-09-01T09:39:44.278Z INFO  gresse::network] replica 178825480843464702 registered bidirectional network channel for replica 178825480759182603
[2026-09-01T09:39:44.278Z INFO  gresse::replica] replica 178825480843464702 established peer replication connection with replica 178825480759182603
[2026-09-01T09:39:44.802Z INFO  gresse::network] replica 178825480843464702 registered bidirectional network channel for replica 178825480759183603
[2026-09-01T09:39:44.802Z INFO  gresse::replica] replica 178825480843464702 established peer replication connection with replica 178825480759183603
[2026-09-01T09:39:52.625Z WARN  gresse::network] peer connection write failed: Broken pipe (os error 32)
[2026-09-01T09:39:58.625Z WARN  gresse::replica] replica 178825480843464702 deferred pull request to peer 178825480759182602: channel closed
[2026-09-01T09:40:42.677Z INFO  gresse::replica] shutdown signal received for replica 178825480843464702
[2026-09-01T09:40:42.677Z INFO  gresse::replica] replica 178825480843464702 shutting down with 23 connected writers
[2026-09-01T09:40:43.198Z INFO  gresse::http_server] http server received shutdown signal
[2026-09-01T09:40:43.198Z INFO  gresse::http_server] http server shutdown complete
[2026-09-01T09:40:43.199Z INFO  gresse::network] network manager for replica 178825480843464702 shutdown complete
