[2026-09-02T14:39:36.421Z INFO  gresse::http_server] running CRDT HTTP server
[2026-09-02T14:39:36.421Z INFO  gresse::http_server] listening for HTTP on 0.0.0.0:18082
[2026-09-02T14:39:36.461Z INFO  gresse::replica] replica 178835836089859602 initiating runtime at bind_http=0.0.0.0:18082 bind_internal=0.0.0.0:19082 advertised_internal=13.48.31.196:19082
[2026-09-02T14:39:36.510Z INFO  gresse::object_storage] object storage connection established: backend=s3, bucket=gresse-geo-035351467464-20260902122609-1c973c, region=eu-north-1, endpoint=AWS default endpoint resolution, first_operation=put-create, object_path=acm-sec-geo-churn-20260902T141220Z-2ff0c4b6/membership/178835836089859602,13.48.31.196:19082,13
[2026-09-02T14:39:36.541Z INFO  gresse::replica] replica 178835836089859602 restored local state from durability journal before startup
[2026-09-02T14:39:36.541Z INFO  gresse::replica] replica 178835836089859602 discovered 136 membership descriptors during init
[2026-09-02T14:39:36.541Z INFO  gresse::replica] replica 178835836089859602 startup completed
[2026-09-02T14:39:36.541Z INFO  gresse::network] replica 178835836089859602 discovered network member NetworkMember { pid: 178835836089857604, address: 13.48.31.196:19080, final_counter: None }
[2026-09-02T14:39:36.541Z INFO  gresse::network] replica 178835836089859602 discovered network member NetworkMember { pid: 178835836089858603, address: 13.48.31.196:19081, final_counter: None }
[2026-09-02T14:39:36.541Z INFO  gresse::network] replica 178835836089859602 discovered network member NetworkMember { pid: 178835836089860601, address: 13.48.31.196:19083, final_counter: None }
[2026-09-02T14:39:36.541Z INFO  gresse::network] replica 178835836089859602 discovered network member NetworkMember { pid: 178835836089861604, address: 13.48.31.196:19084, final_counter: None }
[2026-09-02T14:39:36.541Z INFO  gresse::network] replica 178835836089859602 discovered network member NetworkMember { pid: 178835836128988904, address: 3.71.184.22:19080, final_counter: None }
[2026-09-02T14:39:36.541Z INFO  gresse::network] replica 178835836089859602 discovered network member NetworkMember { pid: 178835836128989904, address: 3.71.184.22:19081, final_counter: None }
[2026-09-02T14:39:36.541Z INFO  gresse::network] replica 178835836089859602 discovered network member NetworkMember { pid: 178835836128990903, address: 3.71.184.22:19082, final_counter: None }
[2026-09-02T14:39:36.541Z INFO  gresse::network] replica 178835836089859602 discovered network member NetworkMember { pid: 178835836128991902, address: 3.71.184.22:19083, final_counter: None }
[2026-09-02T14:39:36.541Z INFO  gresse::network] replica 178835836089859602 discovered network member NetworkMember { pid: 178835836128992901, address: 3.71.184.22:19084, final_counter: None }
[2026-09-02T14:39:36.541Z INFO  gresse::network] replica 178835836089859602 discovered network member NetworkMember { pid: 178835836195159504, address: 63.33.67.241:19080, final_counter: None }
[2026-09-02T14:39:36.541Z INFO  gresse::network] replica 178835836089859602 discovered network member NetworkMember { pid: 178835836195160504, address: 63.33.67.241:19081, final_counter: None }
[2026-09-02T14:39:36.541Z INFO  gresse::network] replica 178835836089859602 discovered network member NetworkMember { pid: 178835836195161504, address: 63.33.67.241:19082, final_counter: None }
[2026-09-02T14:39:36.541Z INFO  gresse::network] replica 178835836089859602 discovered network member NetworkMember { pid: 178835836195162503, address: 63.33.67.241:19083, final_counter: None }
[2026-09-02T14:39:36.541Z INFO  gresse::network] replica 178835836089859602 discovered network member NetworkMember { pid: 178835836195163502, address: 63.33.67.241:19084, final_counter: None }
[2026-09-02T14:39:36.541Z INFO  gresse::network] replica 178835836089859602 discovered network member NetworkMember { pid: 178835836297159901, address: 18.169.194.24:19080, final_counter: None }
[2026-09-02T14:39:36.541Z INFO  gresse::network] replica 178835836089859602 discovered network member NetworkMember { pid: 178835836297160904, address: 18.169.194.24:19081, final_counter: None }
[2026-09-02T14:39:36.541Z INFO  gresse::network] replica 178835836089859602 discovered network member NetworkMember { pid: 178835836297161904, address: 18.169.194.24:19082, final_counter: None }
[2026-09-02T14:39:36.541Z INFO  gresse::network] replica 178835836089859602 discovered network member NetworkMember { pid: 178835836297162904, address: 18.169.194.24:19083, final_counter: None }
[2026-09-02T14:39:36.541Z INFO  gresse::network] replica 178835836089859602 discovered network member NetworkMember { pid: 178835836297163903, address: 18.169.194.24:19084, final_counter: None }
[2026-09-02T14:39:36.541Z INFO  gresse::network] replica 178835836089859602 discovered network member NetworkMember { pid: 178835836374677602, address: 13.38.27.31:19080, final_counter: None }
[2026-09-02T14:39:36.541Z INFO  gresse::network] replica 178835836089859602 discovered network member NetworkMember { pid: 178835836374678601, address: 13.38.27.31:19081, final_counter: None }
[2026-09-02T14:39:36.541Z INFO  gresse::network] replica 178835836089859602 discovered network member NetworkMember { pid: 178835836374679604, address: 13.38.27.31:19082, final_counter: None }
[2026-09-02T14:39:36.541Z INFO  gresse::network] replica 178835836089859602 discovered network member NetworkMember { pid: 178835836374680604, address: 13.38.27.31:19083, final_counter: None }
[2026-09-02T14:39:36.541Z INFO  gresse::network] replica 178835836089859602 discovered network member NetworkMember { pid: 178835836374681604, address: 13.38.27.31:19084, final_counter: None }
[2026-09-02T14:39:36.542Z INFO  gresse::network] replica 178835836089859602 registered bidirectional network channel for replica 178835836089857604
[2026-09-02T14:39:36.542Z INFO  gresse::replica] replica 178835836089859602 established peer replication connection with replica 178835836089857604
[2026-09-02T14:39:36.542Z INFO  gresse::network] replica 178835836089859602 registered bidirectional network channel for replica 178835836089858603
[2026-09-02T14:39:36.542Z INFO  gresse::replica] replica 178835836089859602 established peer replication connection with replica 178835836089858603
[2026-09-02T14:39:36.542Z INFO  gresse::network] replica 178835836089859602 registered bidirectional network channel for replica 178835836089861604
[2026-09-02T14:39:36.542Z INFO  gresse::replica] replica 178835836089859602 established peer replication connection with replica 178835836089861604
[2026-09-02T14:39:36.542Z INFO  gresse::network] replica 178835836089859602 registered bidirectional network channel for replica 178835836089860601
[2026-09-02T14:39:36.542Z INFO  gresse::replica] replica 178835836089859602 established peer replication connection with replica 178835836089860601
[2026-09-02T14:39:36.589Z INFO  gresse::network] replica 178835836089859602 registered bidirectional network channel for replica 178835836128991902
[2026-09-02T14:39:36.589Z INFO  gresse::replica] replica 178835836089859602 established peer replication connection with replica 178835836128991902
[2026-09-02T14:39:36.589Z INFO  gresse::network] replica 178835836089859602 registered bidirectional network channel for replica 178835836128989904
[2026-09-02T14:39:36.589Z INFO  gresse::replica] replica 178835836089859602 established peer replication connection with replica 178835836128989904
[2026-09-02T14:39:36.589Z INFO  gresse::network] replica 178835836089859602 registered bidirectional network channel for replica 178835836128990903
[2026-09-02T14:39:36.589Z INFO  gresse::replica] replica 178835836089859602 established peer replication connection with replica 178835836128990903
[2026-09-02T14:39:36.589Z INFO  gresse::network] replica 178835836089859602 registered bidirectional network channel for replica 178835836128992901
[2026-09-02T14:39:36.589Z INFO  gresse::replica] replica 178835836089859602 established peer replication connection with replica 178835836128992901
[2026-09-02T14:39:36.589Z INFO  gresse::network] replica 178835836089859602 registered bidirectional network channel for replica 178835836128988904
[2026-09-02T14:39:36.589Z INFO  gresse::replica] replica 178835836089859602 established peer replication connection with replica 178835836128988904
[2026-09-02T14:39:36.596Z INFO  gresse::network] replica 178835836089859602 registered bidirectional network channel for replica 178835836297159901
[2026-09-02T14:39:36.596Z INFO  gresse::replica] replica 178835836089859602 established peer replication connection with replica 178835836297159901
[2026-09-02T14:39:36.599Z INFO  gresse::network] replica 178835836089859602 registered bidirectional network channel for replica 178835836297161904
[2026-09-02T14:39:36.599Z INFO  gresse::replica] replica 178835836089859602 established peer replication connection with replica 178835836297161904
[2026-09-02T14:39:36.599Z INFO  gresse::network] replica 178835836089859602 registered bidirectional network channel for replica 178835836297160904
[2026-09-02T14:39:36.599Z INFO  gresse::replica] replica 178835836089859602 established peer replication connection with replica 178835836297160904
[2026-09-02T14:39:36.599Z INFO  gresse::network] replica 178835836089859602 registered bidirectional network channel for replica 178835836297163903
[2026-09-02T14:39:36.599Z INFO  gresse::replica] replica 178835836089859602 established peer replication connection with replica 178835836297163903
[2026-09-02T14:39:36.599Z INFO  gresse::network] replica 178835836089859602 registered bidirectional network channel for replica 178835836297162904
[2026-09-02T14:39:36.599Z INFO  gresse::replica] replica 178835836089859602 established peer replication connection with replica 178835836297162904
[2026-09-02T14:39:36.603Z INFO  gresse::network] replica 178835836089859602 registered bidirectional network channel for replica 178835836374677602
[2026-09-02T14:39:36.604Z INFO  gresse::replica] replica 178835836089859602 established peer replication connection with replica 178835836374677602
[2026-09-02T14:39:36.604Z INFO  gresse::network] replica 178835836089859602 registered bidirectional network channel for replica 178835836374680604
[2026-09-02T14:39:36.604Z INFO  gresse::replica] replica 178835836089859602 established peer replication connection with replica 178835836374680604
[2026-09-02T14:39:36.604Z INFO  gresse::network] replica 178835836089859602 registered bidirectional network channel for replica 178835836374678601
[2026-09-02T14:39:36.604Z INFO  gresse::replica] replica 178835836089859602 established peer replication connection with replica 178835836374678601
[2026-09-02T14:39:36.604Z INFO  gresse::network] replica 178835836089859602 registered bidirectional network channel for replica 178835836374679604
[2026-09-02T14:39:36.604Z INFO  gresse::replica] replica 178835836089859602 established peer replication connection with replica 178835836374679604
[2026-09-02T14:39:36.626Z INFO  gresse::network] replica 178835836089859602 registered bidirectional network channel for replica 178835836195161504
[2026-09-02T14:39:36.626Z INFO  gresse::replica] replica 178835836089859602 established peer replication connection with replica 178835836195161504
[2026-09-02T14:39:36.626Z INFO  gresse::network] replica 178835836089859602 registered bidirectional network channel for replica 178835836195160504
[2026-09-02T14:39:36.626Z INFO  gresse::replica] replica 178835836089859602 established peer replication connection with replica 178835836195160504
[2026-09-02T14:39:36.626Z INFO  gresse::network] replica 178835836089859602 registered bidirectional network channel for replica 178835836195159504
[2026-09-02T14:39:36.626Z INFO  gresse::replica] replica 178835836089859602 established peer replication connection with replica 178835836195159504
[2026-09-02T14:39:36.626Z INFO  gresse::network] replica 178835836089859602 registered bidirectional network channel for replica 178835836195162503
[2026-09-02T14:39:36.626Z INFO  gresse::replica] replica 178835836089859602 established peer replication connection with replica 178835836195162503
[2026-09-02T14:39:36.626Z INFO  gresse::network] replica 178835836089859602 registered bidirectional network channel for replica 178835836195163502
[2026-09-02T14:39:36.626Z INFO  gresse::replica] replica 178835836089859602 established peer replication connection with replica 178835836195163502
[2026-09-02T14:39:37.290Z INFO  gresse::network] replica 178835836089859602 registered bidirectional network channel for replica 178835836374681604
[2026-09-02T14:39:37.290Z INFO  gresse::replica] replica 178835836089859602 established peer replication connection with replica 178835836374681604
[2026-09-02T14:39:41.484Z INFO  gresse::replica] replica 178835836089859602 observed shutdown descriptor for replica 178835836297162903 with final counter Some(869)
[2026-09-02T14:39:41.642Z INFO  gresse::replica] replica 178835836089859602 observed shutdown descriptor for replica 178835836374679601 with final counter Some(2881)
[2026-09-02T14:39:41.819Z INFO  gresse::replica] replica 178835836089859602 observed shutdown descriptor for replica 178835836374680603 with final counter Some(921)
[2026-09-02T14:39:41.896Z INFO  gresse::replica] replica 178835836089859602 observed shutdown descriptor for replica 178835836374681603 with final counter Some(921)
[2026-09-02T14:39:42.079Z WARN  gresse::network] peer connection write failed: Broken pipe (os error 32)
[2026-09-02T14:39:46.541Z WARN  gresse::network] peer connection write failed: Broken pipe (os error 32)
[2026-09-02T14:39:50.541Z WARN  gresse::replica] replica 178835836089859602 deferred pull request to peer 178835836195161504: channel closed
[2026-09-02T14:39:54.541Z WARN  gresse::network] peer connection write failed: Broken pipe (os error 32)
[2026-09-02T14:39:55.541Z WARN  gresse::network] peer connection write failed: Broken pipe (os error 32)
[2026-09-02T14:39:56.541Z WARN  gresse::replica] replica 178835836089859602 deferred pull request to peer 178835836128990903: channel closed
[2026-09-02T14:39:57.541Z WARN  gresse::network] peer connection write failed: Broken pipe (os error 32)
[2026-09-02T14:40:02.541Z WARN  gresse::network] peer connection write failed: Broken pipe (os error 32)
[2026-09-02T14:40:03.541Z WARN  gresse::replica] replica 178835836089859602 deferred pull request to peer 178835836195163502: channel closed
[2026-09-02T14:40:05.541Z WARN  gresse::network] peer connection write failed: Broken pipe (os error 32)
[2026-09-02T14:40:07.541Z WARN  gresse::replica] replica 178835836089859602 deferred pull request to peer 178835836089861604: channel closed
[2026-09-02T14:40:08.542Z WARN  gresse::network] peer connection write failed: Broken pipe (os error 32)
[2026-09-02T14:40:12.541Z WARN  gresse::network] peer connection write failed: Broken pipe (os error 32)
[2026-09-02T14:40:13.541Z WARN  gresse::network] peer connection write failed: Broken pipe (os error 32)
[2026-09-02T14:40:14.541Z WARN  gresse::network] peer connection write failed: Broken pipe (os error 32)
[2026-09-02T14:40:15.542Z WARN  gresse::network] peer connection write failed: Broken pipe (os error 32)
[2026-09-02T14:40:18.541Z WARN  gresse::network] peer connection write failed: Broken pipe (os error 32)
[2026-09-02T14:40:20.541Z WARN  gresse::replica] replica 178835836089859602 deferred pull request to peer 178835836128989904: channel closed
[2026-09-02T14:40:21.541Z WARN  gresse::replica] replica 178835836089859602 deferred pull request to peer 178835836195159504: channel closed
[2026-09-02T14:40:23.541Z WARN  gresse::replica] replica 178835836089859602 deferred pull request to peer 178835836128988904: channel closed
[2026-09-02T14:40:26.542Z WARN  gresse::network] peer connection write failed: Broken pipe (os error 32)
[2026-09-02T14:40:27.542Z WARN  gresse::replica] replica 178835836089859602 deferred pull request to peer 178835836128992901: channel closed
[2026-09-02T14:40:28.541Z WARN  gresse::replica] replica 178835836089859602 deferred pull request to peer 178835836297161904: channel closed
[2026-09-02T14:40:29.541Z WARN  gresse::replica] replica 178835836089859602 deferred pull request to peer 178835836374677602: channel closed
[2026-09-02T14:40:30.542Z WARN  gresse::replica] replica 178835836089859602 deferred pull request to peer 178835836297162904: channel closed
[2026-09-02T14:40:32.541Z WARN  gresse::replica] replica 178835836089859602 deferred pull request to peer 178835836195162503: channel closed
[2026-09-02T14:40:33.541Z WARN  gresse::network] peer connection write failed: Broken pipe (os error 32)
[2026-09-02T14:40:36.485Z INFO  gresse::replica] replica 178835836089859602 observed shutdown descriptor for replica 178835836089860601 with final counter Some(3029)
[2026-09-02T14:40:36.677Z INFO  gresse::replica] replica 178835836089859602 observed shutdown descriptor for replica 178835836089861604 with final counter Some(1024)
[2026-09-02T14:40:36.838Z INFO  gresse::replica] replica 178835836089859602 observed shutdown descriptor for replica 178835836128988904 with final counter Some(848)
[2026-09-02T14:40:36.996Z WARN  gresse::replica] replica 178835836089859602 deferred pull request to peer 178835836195160504: channel closed
[2026-09-02T14:40:37.541Z WARN  gresse::replica] replica 178835836089859602 deferred pull request to peer 178835836128991902: channel closed
[2026-09-02T14:40:39.542Z WARN  gresse::network] peer connection write failed: Broken pipe (os error 32)
[2026-09-02T14:40:40.542Z WARN  gresse::replica] replica 178835836089859602 deferred pull request to peer 178835836297160904: channel closed
[2026-09-02T14:40:45.541Z WARN  gresse::network] peer connection write failed: Broken pipe (os error 32)
[2026-09-02T14:40:49.541Z WARN  gresse::replica] replica 178835836089859602 deferred pull request to peer 178835836297159901: channel closed
[2026-09-02T14:40:55.541Z WARN  gresse::replica] replica 178835836089859602 deferred pull request to peer 178835836374678601: channel closed
[2026-09-02T14:41:34.466Z INFO  gresse::replica] replica 178835836089859602 established peer replication connection with replica 178835836089860605
[2026-09-02T14:41:34.466Z INFO  gresse::network] replica 178835836089859602 registered bidirectional network channel for replica 178835836089860605
[2026-09-02T14:41:34.757Z INFO  gresse::network] replica 178835836089859602 registered bidirectional network channel for replica 178835836128988905
[2026-09-02T14:41:34.757Z INFO  gresse::replica] replica 178835836089859602 established peer replication connection with replica 178835836128988905
[2026-09-02T14:41:34.989Z INFO  gresse::replica] replica 178835836089859602 established peer replication connection with replica 178835836089861605
[2026-09-02T14:41:34.989Z INFO  gresse::network] replica 178835836089859602 registered bidirectional network channel for replica 178835836089861605
[2026-09-02T14:42:36.487Z INFO  gresse::replica] replica 178835836089859602 observed shutdown descriptor for replica 178835836128992901 with final counter Some(3565)
[2026-09-02T14:42:36.764Z INFO  gresse::replica] replica 178835836089859602 observed shutdown descriptor for replica 178835836195159504 with final counter Some(849)
[2026-09-02T14:42:37.014Z INFO  gresse::replica] replica 178835836089859602 observed shutdown descriptor for replica 178835836195160504 with final counter Some(841)
[2026-09-02T14:43:34.734Z INFO  gresse::network] replica 178835836089859602 registered bidirectional network channel for replica 178835836128992905
[2026-09-02T14:43:34.734Z INFO  gresse::replica] replica 178835836089859602 established peer replication connection with replica 178835836128992905
[2026-09-02T14:43:34.975Z INFO  gresse::network] replica 178835836089859602 registered bidirectional network channel for replica 178835836195159505
[2026-09-02T14:43:34.976Z INFO  gresse::replica] replica 178835836089859602 established peer replication connection with replica 178835836195159505
[2026-09-02T14:43:35.828Z INFO  gresse::network] replica 178835836089859602 registered bidirectional network channel for replica 178835836195160505
[2026-09-02T14:43:35.828Z INFO  gresse::replica] replica 178835836089859602 established peer replication connection with replica 178835836195160505
[2026-09-02T14:44:36.491Z INFO  gresse::replica] replica 178835836089859602 observed shutdown descriptor for replica 178835836297159901 with final counter Some(4030)
[2026-09-02T14:44:36.717Z INFO  gresse::replica] replica 178835836089859602 observed shutdown descriptor for replica 178835836297160904 with final counter Some(842)
[2026-09-02T14:44:36.841Z INFO  gresse::replica] replica 178835836089859602 observed shutdown descriptor for replica 178835836297161904 with final counter Some(840)
[2026-09-02T14:45:35.256Z INFO  gresse::network] replica 178835836089859602 registered bidirectional network channel for replica 178835836297159905
[2026-09-02T14:45:35.256Z INFO  gresse::replica] replica 178835836089859602 established peer replication connection with replica 178835836297159905
[2026-09-02T14:45:36.485Z INFO  gresse::network] replica 178835836089859602 discovered network member NetworkMember { pid: 178835836297160905, address: 18.169.194.24:19081, final_counter: None }
[2026-09-02T14:45:36.492Z INFO  gresse::network] replica 178835836089859602 registered bidirectional network channel for replica 178835836297160905
[2026-09-02T14:45:36.492Z INFO  gresse::replica] replica 178835836089859602 established peer replication connection with replica 178835836297160905
[2026-09-02T14:45:37.659Z INFO  gresse::network] replica 178835836089859602 registered bidirectional network channel for replica 178835836297161905
[2026-09-02T14:45:37.659Z INFO  gresse::replica] replica 178835836089859602 established peer replication connection with replica 178835836297161905
[2026-09-02T14:46:36.483Z INFO  gresse::replica] replica 178835836089859602 observed shutdown descriptor for replica 178835836374678601 with final counter Some(3851)
[2026-09-02T14:46:36.621Z INFO  gresse::replica] replica 178835836089859602 observed shutdown descriptor for replica 178835836374679604 with final counter Some(867)
[2026-09-02T14:46:36.856Z INFO  gresse::replica] replica 178835836089859602 observed shutdown descriptor for replica 178835836374680604 with final counter Some(868)
[2026-09-02T14:46:42.541Z WARN  gresse::network] peer connection write failed: Broken pipe (os error 32)
[2026-09-02T14:46:45.541Z WARN  gresse::replica] replica 178835836089859602 deferred pull request to peer 178835836089857604: channel closed
[2026-09-02T14:46:48.541Z WARN  gresse::network] peer connection write failed: Broken pipe (os error 32)
[2026-09-02T14:46:52.541Z WARN  gresse::replica] replica 178835836089859602 deferred pull request to peer 178835836374681604: channel closed
[2026-09-02T14:47:24.541Z WARN  gresse::network] peer connection write failed: Broken pipe (os error 32)
[2026-09-02T14:47:35.353Z INFO  gresse::network] replica 178835836089859602 registered bidirectional network channel for replica 178835836374678605
[2026-09-02T14:47:35.353Z INFO  gresse::replica] replica 178835836089859602 established peer replication connection with replica 178835836374678605
[2026-09-02T14:47:36.486Z INFO  gresse::network] replica 178835836089859602 discovered network member NetworkMember { pid: 178835836374679605, address: 13.38.27.31:19082, final_counter: None }
[2026-09-02T14:47:36.676Z INFO  gresse::network] replica 178835836089859602 registered bidirectional network channel for replica 178835836374679605
[2026-09-02T14:47:36.676Z INFO  gresse::replica] replica 178835836089859602 established peer replication connection with replica 178835836374679605
[2026-09-02T14:47:38.067Z INFO  gresse::network] replica 178835836089859602 registered bidirectional network channel for replica 178835836374680605
[2026-09-02T14:47:38.068Z INFO  gresse::replica] replica 178835836089859602 established peer replication connection with replica 178835836374680605
[2026-09-02T14:47:46.541Z WARN  gresse::replica] replica 178835836089859602 deferred pull request to peer 178835836089858603: channel closed
[2026-09-02T14:48:34.071Z INFO  gresse::replica] shutdown signal received for replica 178835836089859602
[2026-09-02T14:48:34.071Z INFO  gresse::replica] replica 178835836089859602 shutting down with 13 connected writers
[2026-09-02T14:48:34.329Z INFO  gresse::http_server] http server received shutdown signal
[2026-09-02T14:48:34.329Z INFO  gresse::http_server] http server shutdown complete
