[2026-08-19T13:51:13.500Z INFO  gresse::http_server] running CRDT HTTP server
[2026-08-19T13:51:13.500Z INFO  gresse::http_server] listening for HTTP on 0.0.0.0:18082
[2026-08-19T13:51:13.532Z INFO  gresse::replica] replica 178714744544926833 initiating runtime at bind_http=0.0.0.0:18082 bind_internal=0.0.0.0:19082 advertised_internal=16.170.40.83:19082
[2026-08-19T13:51:13.573Z INFO  gresse::object_storage] object storage connection established: backend=s3, bucket=gresse-geo-035351467464-20260819104151-566c04, region=eu-north-1, endpoint=AWS default endpoint resolution, first_operation=get, object_path=acm-sec-geo-churn-smoke-20260819T135045Z-25226496/persistent.json
[2026-08-19T13:51:13.592Z INFO  gresse::replica] replica 178714744544926833 discovered 3 membership descriptors during init
[2026-08-19T13:51:13.592Z INFO  gresse::network] replica 178714744544926833 discovered network member NetworkMember { pid: 178714744544926831, address: 16.170.40.83:19080, final_counter: None }
[2026-08-19T13:51:13.592Z INFO  gresse::network] replica 178714744544926833 discovered network member NetworkMember { pid: 178714744544926832, address: 16.170.40.83:19081, final_counter: None }
[2026-08-19T13:51:13.592Z INFO  gresse::network] replica 178714744544926833 registered bidirectional network channel for replica 178714744544926831
[2026-08-19T13:51:13.592Z INFO  gresse::network] replica 178714744544926833 registered bidirectional network channel for replica 178714744544926832
[2026-08-19T13:51:13.595Z INFO  gresse::replica] replica 178714744544926833 startup completed
[2026-08-19T13:51:13.595Z INFO  gresse::replica] replica 178714744544926833 established peer replication connection with replica 178714744544926831
[2026-08-19T13:51:13.595Z INFO  gresse::replica] replica 178714744544926833 established peer replication connection with replica 178714744544926832
[2026-08-19T13:51:14.253Z INFO  gresse::network] replica 178714744544926833 registered bidirectional network channel for replica 178714744544926834
[2026-08-19T13:51:14.253Z INFO  gresse::replica] replica 178714744544926833 established peer replication connection with replica 178714744544926834
[2026-08-19T13:51:14.841Z INFO  gresse::network] replica 178714744544926833 registered bidirectional network channel for replica 178714744544926835
[2026-08-19T13:51:14.841Z INFO  gresse::replica] replica 178714744544926833 established peer replication connection with replica 178714744544926835
[2026-08-19T13:51:15.891Z INFO  gresse::network] replica 178714744544926833 registered bidirectional network channel for replica 178714744544926836
[2026-08-19T13:51:15.891Z INFO  gresse::replica] replica 178714744544926833 established peer replication connection with replica 178714744544926836
[2026-08-19T13:51:16.906Z INFO  gresse::network] replica 178714744544926833 registered bidirectional network channel for replica 178714744544926837
[2026-08-19T13:51:16.906Z INFO  gresse::replica] replica 178714744544926833 established peer replication connection with replica 178714744544926837
[2026-08-19T13:51:17.956Z INFO  gresse::network] replica 178714744544926833 registered bidirectional network channel for replica 178714744544926838
[2026-08-19T13:51:17.956Z INFO  gresse::replica] replica 178714744544926833 established peer replication connection with replica 178714744544926838
[2026-08-19T13:51:18.956Z INFO  gresse::network] replica 178714744544926833 registered bidirectional network channel for replica 178714744544926839
[2026-08-19T13:51:18.956Z INFO  gresse::replica] replica 178714744544926833 established peer replication connection with replica 178714744544926839
[2026-08-19T13:51:19.942Z INFO  gresse::network] replica 178714744544926833 registered bidirectional network channel for replica 178714744544926840
[2026-08-19T13:51:19.942Z INFO  gresse::replica] replica 178714744544926833 established peer replication connection with replica 178714744544926840
[2026-08-19T13:51:22.456Z INFO  gresse::network] replica 178714744544926833 registered bidirectional network channel for replica 178714744544926841
[2026-08-19T13:51:22.456Z INFO  gresse::replica] replica 178714744544926833 established peer replication connection with replica 178714744544926841
[2026-08-19T13:51:25.480Z INFO  gresse::network] replica 178714744544926833 registered bidirectional network channel for replica 178714744544926842
[2026-08-19T13:51:25.480Z INFO  gresse::replica] replica 178714744544926833 established peer replication connection with replica 178714744544926842
[2026-08-19T13:51:28.552Z INFO  gresse::network] replica 178714744544926833 discovered network member NetworkMember { pid: 178714744544926843, address: 13.219.225.164:19082, final_counter: None }
[2026-08-19T13:51:28.711Z INFO  gresse::network] replica 178714744544926833 registered bidirectional network channel for replica 178714744544926843
[2026-08-19T13:51:28.711Z INFO  gresse::replica] replica 178714744544926833 established peer replication connection with replica 178714744544926843
[2026-08-19T13:51:31.686Z INFO  gresse::network] replica 178714744544926833 registered bidirectional network channel for replica 178714744544926844
[2026-08-19T13:51:31.686Z INFO  gresse::replica] replica 178714744544926833 established peer replication connection with replica 178714744544926844
[2026-08-19T13:51:34.696Z INFO  gresse::network] replica 178714744544926833 registered bidirectional network channel for replica 178714744544926845
[2026-08-19T13:51:34.696Z INFO  gresse::replica] replica 178714744544926833 established peer replication connection with replica 178714744544926845
[2026-08-19T13:51:39.039Z INFO  gresse::network] replica 178714744544926833 registered bidirectional network channel for replica 178714744544926846
[2026-08-19T13:51:39.039Z INFO  gresse::replica] replica 178714744544926833 established peer replication connection with replica 178714744544926846
[2026-08-19T13:51:44.222Z INFO  gresse::network] replica 178714744544926833 registered bidirectional network channel for replica 178714744544926847
[2026-08-19T13:51:44.222Z INFO  gresse::replica] replica 178714744544926833 established peer replication connection with replica 178714744544926847
[2026-08-19T13:51:49.461Z INFO  gresse::network] replica 178714744544926833 registered bidirectional network channel for replica 178714744544926848
[2026-08-19T13:51:49.461Z INFO  gresse::replica] replica 178714744544926833 established peer replication connection with replica 178714744544926848
[2026-08-19T13:51:50.596Z WARN  gresse::network] peer connection write failed: Broken pipe (os error 32)
[2026-08-19T13:51:51.596Z WARN  gresse::replica] replica 178714744544926833 deferred pull request to peer 178714744544926843: channel closed
[2026-08-19T13:51:54.902Z INFO  gresse::network] replica 178714744544926833 registered bidirectional network channel for replica 178714744544926849
[2026-08-19T13:51:54.902Z INFO  gresse::replica] replica 178714744544926833 established peer replication connection with replica 178714744544926849
[2026-08-19T13:52:00.534Z INFO  gresse::network] replica 178714744544926833 registered bidirectional network channel for replica 178714744544926850
[2026-08-19T13:52:00.534Z INFO  gresse::replica] replica 178714744544926833 established peer replication connection with replica 178714744544926850
[2026-08-19T13:52:07.457Z INFO  gresse::network] replica 178714744544926833 registered bidirectional network channel for replica 178714744544926851
[2026-08-19T13:52:07.457Z INFO  gresse::replica] replica 178714744544926833 established peer replication connection with replica 178714744544926851
[2026-08-19T13:52:15.434Z INFO  gresse::network] replica 178714744544926833 registered bidirectional network channel for replica 178714744544926852
[2026-08-19T13:52:15.435Z INFO  gresse::replica] replica 178714744544926833 established peer replication connection with replica 178714744544926852
[2026-08-19T13:52:23.552Z INFO  gresse::network] replica 178714744544926833 discovered network member NetworkMember { pid: 178714744544926853, address: 47.129.167.193:19082, final_counter: None }
[2026-08-19T13:52:23.720Z INFO  gresse::network] replica 178714744544926833 registered bidirectional network channel for replica 178714744544926853
[2026-08-19T13:52:23.720Z INFO  gresse::replica] replica 178714744544926833 established peer replication connection with replica 178714744544926853
[2026-08-19T13:52:31.954Z INFO  gresse::network] replica 178714744544926833 registered bidirectional network channel for replica 178714744544926854
[2026-08-19T13:52:31.954Z INFO  gresse::replica] replica 178714744544926833 established peer replication connection with replica 178714744544926854
[2026-08-19T13:52:40.195Z INFO  gresse::network] replica 178714744544926833 registered bidirectional network channel for replica 178714744544926855
[2026-08-19T13:52:40.195Z INFO  gresse::replica] replica 178714744544926833 established peer replication connection with replica 178714744544926855
[2026-08-19T13:52:48.549Z INFO  gresse::network] replica 178714744544926833 discovered network member NetworkMember { pid: 178714744544926856, address: 13.193.126.237:19080, final_counter: None }
[2026-08-19T13:52:48.611Z INFO  gresse::replica] replica 178714744544926833 established peer replication connection with replica 178714744544926856
[2026-08-19T13:52:48.611Z INFO  gresse::network] replica 178714744544926833 registered bidirectional network channel for replica 178714744544926856
[2026-08-19T13:52:56.685Z INFO  gresse::network] replica 178714744544926833 registered bidirectional network channel for replica 178714744544926857
[2026-08-19T13:52:56.685Z INFO  gresse::replica] replica 178714744544926833 established peer replication connection with replica 178714744544926857
[2026-08-19T13:53:05.116Z INFO  gresse::network] replica 178714744544926833 registered bidirectional network channel for replica 178714744544926858
[2026-08-19T13:53:05.116Z INFO  gresse::replica] replica 178714744544926833 established peer replication connection with replica 178714744544926858
[2026-08-19T13:53:13.378Z INFO  gresse::network] replica 178714744544926833 registered bidirectional network channel for replica 178714744544926859
[2026-08-19T13:53:13.378Z INFO  gresse::replica] replica 178714744544926833 established peer replication connection with replica 178714744544926859
[2026-08-19T13:53:21.679Z INFO  gresse::network] replica 178714744544926833 registered bidirectional network channel for replica 178714744544926860
[2026-08-19T13:53:21.679Z INFO  gresse::replica] replica 178714744544926833 established peer replication connection with replica 178714744544926860
[2026-08-19T13:55:25.450Z INFO  gresse::network] replica 178714744544926833 registered bidirectional network channel for replica 178714744544926861
[2026-08-19T13:55:25.450Z INFO  gresse::replica] replica 178714744544926833 established peer replication connection with replica 178714744544926861
[2026-08-19T13:55:27.366Z INFO  gresse::network] replica 178714744544926833 registered bidirectional network channel for replica 178714744544926862
[2026-08-19T13:55:27.366Z INFO  gresse::replica] replica 178714744544926833 established peer replication connection with replica 178714744544926862
[2026-08-19T13:56:08.596Z WARN  gresse::network] peer connection write failed: Broken pipe (os error 32)
[2026-08-19T13:56:13.557Z INFO  gresse::replica] replica 178714744544926833 observed shutdown descriptor for replica 178714744544926837 with final counter Some(2)
[2026-08-19T13:56:13.588Z INFO  gresse::replica] replica 178714744544926833 observed shutdown descriptor for replica 178714744544926849 with final counter Some(1)
[2026-08-19T13:56:18.556Z INFO  gresse::replica] replica 178714744544926833 observed shutdown descriptor for replica 178714744544926837 with final counter Some(2)
[2026-08-19T13:56:18.580Z INFO  gresse::replica] replica 178714744544926833 observed shutdown descriptor for replica 178714744544926849 with final counter Some(1)
[2026-08-19T13:56:23.552Z INFO  gresse::replica] replica 178714744544926833 observed shutdown descriptor for replica 178714744544926837 with final counter Some(2)
[2026-08-19T13:56:23.575Z INFO  gresse::replica] replica 178714744544926833 observed shutdown descriptor for replica 178714744544926849 with final counter Some(1)
[2026-08-19T13:56:28.551Z INFO  gresse::replica] replica 178714744544926833 observed shutdown descriptor for replica 178714744544926837 with final counter Some(2)
[2026-08-19T13:56:28.574Z INFO  gresse::replica] replica 178714744544926833 observed shutdown descriptor for replica 178714744544926849 with final counter Some(1)
[2026-08-19T13:56:33.555Z INFO  gresse::replica] replica 178714744544926833 observed shutdown descriptor for replica 178714744544926837 with final counter Some(2)
[2026-08-19T13:56:33.578Z INFO  gresse::replica] replica 178714744544926833 observed shutdown descriptor for replica 178714744544926849 with final counter Some(1)
[2026-08-19T13:56:34.596Z WARN  gresse::replica] replica 178714744544926833 deferred pull request to peer 178714744544926831: channel closed
[2026-08-19T13:56:38.554Z INFO  gresse::replica] replica 178714744544926833 observed shutdown descriptor for replica 178714744544926837 with final counter Some(2)
[2026-08-19T13:56:38.582Z INFO  gresse::replica] replica 178714744544926833 observed shutdown descriptor for replica 178714744544926849 with final counter Some(1)
[2026-08-19T13:56:43.554Z INFO  gresse::replica] replica 178714744544926833 observed shutdown descriptor for replica 178714744544926837 with final counter Some(2)
[2026-08-19T13:56:43.575Z INFO  gresse::replica] replica 178714744544926833 observed shutdown descriptor for replica 178714744544926849 with final counter Some(1)
[2026-08-19T13:56:48.554Z INFO  gresse::replica] replica 178714744544926833 observed shutdown descriptor for replica 178714744544926837 with final counter Some(2)
[2026-08-19T13:56:48.576Z INFO  gresse::replica] replica 178714744544926833 observed shutdown descriptor for replica 178714744544926849 with final counter Some(1)
[2026-08-19T13:56:53.557Z INFO  gresse::replica] replica 178714744544926833 observed shutdown descriptor for replica 178714744544926837 with final counter Some(2)
[2026-08-19T13:56:53.581Z INFO  gresse::replica] replica 178714744544926833 observed shutdown descriptor for replica 178714744544926849 with final counter Some(1)
[2026-08-19T13:56:55.778Z INFO  gresse::network] replica 178714744544926833 registered bidirectional network channel for replica 178714744544926863
[2026-08-19T13:56:55.778Z INFO  gresse::replica] replica 178714744544926833 established peer replication connection with replica 178714744544926863
[2026-08-19T13:56:58.443Z INFO  gresse::network] replica 178714744544926833 registered bidirectional network channel for replica 178714744544926864
[2026-08-19T13:56:58.443Z INFO  gresse::replica] replica 178714744544926833 established peer replication connection with replica 178714744544926864
[2026-08-19T13:56:58.554Z INFO  gresse::replica] replica 178714744544926833 observed shutdown descriptor for replica 178714744544926837 with final counter Some(2)
[2026-08-19T13:56:58.579Z INFO  gresse::replica] replica 178714744544926833 observed shutdown descriptor for replica 178714744544926849 with final counter Some(1)
[2026-08-19T13:57:03.556Z INFO  gresse::replica] replica 178714744544926833 observed shutdown descriptor for replica 178714744544926837 with final counter Some(2)
[2026-08-19T13:57:03.579Z INFO  gresse::replica] replica 178714744544926833 observed shutdown descriptor for replica 178714744544926849 with final counter Some(1)
[2026-08-19T13:57:08.554Z INFO  gresse::replica] replica 178714744544926833 observed shutdown descriptor for replica 178714744544926837 with final counter Some(2)
[2026-08-19T13:57:08.578Z INFO  gresse::replica] replica 178714744544926833 observed shutdown descriptor for replica 178714744544926849 with final counter Some(1)
[2026-08-19T13:57:13.555Z INFO  gresse::replica] replica 178714744544926833 observed shutdown descriptor for replica 178714744544926837 with final counter Some(2)
[2026-08-19T13:57:13.582Z INFO  gresse::replica] replica 178714744544926833 observed shutdown descriptor for replica 178714744544926849 with final counter Some(1)
[2026-08-19T13:57:18.555Z INFO  gresse::replica] replica 178714744544926833 observed shutdown descriptor for replica 178714744544926837 with final counter Some(2)
[2026-08-19T13:57:18.579Z INFO  gresse::replica] replica 178714744544926833 observed shutdown descriptor for replica 178714744544926849 with final counter Some(1)
[2026-08-19T13:57:23.556Z INFO  gresse::replica] replica 178714744544926833 observed shutdown descriptor for replica 178714744544926837 with final counter Some(2)
[2026-08-19T13:57:23.579Z INFO  gresse::replica] replica 178714744544926833 observed shutdown descriptor for replica 178714744544926849 with final counter Some(1)
[2026-08-19T13:57:28.555Z INFO  gresse::replica] replica 178714744544926833 observed shutdown descriptor for replica 178714744544926837 with final counter Some(2)
[2026-08-19T13:57:28.584Z INFO  gresse::replica] replica 178714744544926833 observed shutdown descriptor for replica 178714744544926849 with final counter Some(1)
[2026-08-19T13:57:33.554Z INFO  gresse::replica] replica 178714744544926833 observed shutdown descriptor for replica 178714744544926837 with final counter Some(2)
[2026-08-19T13:57:33.578Z INFO  gresse::replica] replica 178714744544926833 observed shutdown descriptor for replica 178714744544926849 with final counter Some(1)
[2026-08-19T13:57:38.555Z INFO  gresse::replica] replica 178714744544926833 observed shutdown descriptor for replica 178714744544926837 with final counter Some(2)
[2026-08-19T13:57:38.580Z INFO  gresse::replica] replica 178714744544926833 observed shutdown descriptor for replica 178714744544926849 with final counter Some(1)
[2026-08-19T13:57:43.557Z INFO  gresse::replica] replica 178714744544926833 observed shutdown descriptor for replica 178714744544926837 with final counter Some(2)
[2026-08-19T13:57:43.578Z INFO  gresse::replica] replica 178714744544926833 observed shutdown descriptor for replica 178714744544926849 with final counter Some(1)
[2026-08-19T13:57:48.553Z INFO  gresse::replica] replica 178714744544926833 observed shutdown descriptor for replica 178714744544926837 with final counter Some(2)
[2026-08-19T13:57:48.574Z INFO  gresse::replica] replica 178714744544926833 observed shutdown descriptor for replica 178714744544926849 with final counter Some(1)
[2026-08-19T13:57:53.553Z INFO  gresse::replica] replica 178714744544926833 observed shutdown descriptor for replica 178714744544926837 with final counter Some(2)
[2026-08-19T13:57:53.579Z INFO  gresse::replica] replica 178714744544926833 observed shutdown descriptor for replica 178714744544926849 with final counter Some(1)
[2026-08-19T13:57:58.556Z INFO  gresse::replica] replica 178714744544926833 observed shutdown descriptor for replica 178714744544926837 with final counter Some(2)
[2026-08-19T13:57:58.584Z INFO  gresse::replica] replica 178714744544926833 observed shutdown descriptor for replica 178714744544926849 with final counter Some(1)
[2026-08-19T13:58:03.556Z INFO  gresse::replica] replica 178714744544926833 observed shutdown descriptor for replica 178714744544926837 with final counter Some(2)
[2026-08-19T13:58:03.578Z INFO  gresse::replica] replica 178714744544926833 observed shutdown descriptor for replica 178714744544926849 with final counter Some(1)
[2026-08-19T13:58:08.557Z INFO  gresse::replica] replica 178714744544926833 observed shutdown descriptor for replica 178714744544926837 with final counter Some(2)
[2026-08-19T13:58:08.582Z INFO  gresse::replica] replica 178714744544926833 observed shutdown descriptor for replica 178714744544926849 with final counter Some(1)
[2026-08-19T13:58:13.557Z INFO  gresse::replica] replica 178714744544926833 observed shutdown descriptor for replica 178714744544926837 with final counter Some(2)
[2026-08-19T13:58:13.581Z INFO  gresse::replica] replica 178714744544926833 observed shutdown descriptor for replica 178714744544926849 with final counter Some(1)
[2026-08-19T13:58:18.553Z INFO  gresse::replica] replica 178714744544926833 observed shutdown descriptor for replica 178714744544926837 with final counter Some(2)
[2026-08-19T13:58:18.592Z INFO  gresse::replica] replica 178714744544926833 observed shutdown descriptor for replica 178714744544926849 with final counter Some(1)
[2026-08-19T13:58:23.560Z INFO  gresse::replica] replica 178714744544926833 observed shutdown descriptor for replica 178714744544926837 with final counter Some(2)
[2026-08-19T13:58:23.585Z INFO  gresse::replica] replica 178714744544926833 observed shutdown descriptor for replica 178714744544926849 with final counter Some(1)
[2026-08-19T13:58:28.560Z INFO  gresse::replica] replica 178714744544926833 observed shutdown descriptor for replica 178714744544926837 with final counter Some(2)
[2026-08-19T13:58:28.585Z INFO  gresse::replica] replica 178714744544926833 observed shutdown descriptor for replica 178714744544926849 with final counter Some(1)
[2026-08-19T13:58:33.554Z INFO  gresse::replica] replica 178714744544926833 observed shutdown descriptor for replica 178714744544926837 with final counter Some(2)
[2026-08-19T13:58:33.575Z INFO  gresse::replica] replica 178714744544926833 observed shutdown descriptor for replica 178714744544926849 with final counter Some(1)
[2026-08-19T13:58:38.561Z INFO  gresse::replica] replica 178714744544926833 observed shutdown descriptor for replica 178714744544926837 with final counter Some(2)
[2026-08-19T13:58:38.587Z INFO  gresse::replica] replica 178714744544926833 observed shutdown descriptor for replica 178714744544926849 with final counter Some(1)
[2026-08-19T13:58:43.556Z INFO  gresse::replica] replica 178714744544926833 observed shutdown descriptor for replica 178714744544926837 with final counter Some(2)
[2026-08-19T13:58:43.580Z INFO  gresse::replica] replica 178714744544926833 observed shutdown descriptor for replica 178714744544926849 with final counter Some(1)
[2026-08-19T13:58:48.554Z INFO  gresse::replica] replica 178714744544926833 observed shutdown descriptor for replica 178714744544926837 with final counter Some(2)
[2026-08-19T13:58:48.576Z INFO  gresse::replica] replica 178714744544926833 observed shutdown descriptor for replica 178714744544926849 with final counter Some(1)
[2026-08-19T13:58:53.569Z INFO  gresse::replica] replica 178714744544926833 observed shutdown descriptor for replica 178714744544926837 with final counter Some(2)
[2026-08-19T13:58:53.591Z INFO  gresse::replica] replica 178714744544926833 observed shutdown descriptor for replica 178714744544926849 with final counter Some(1)
[2026-08-19T13:58:58.556Z INFO  gresse::replica] replica 178714744544926833 observed shutdown descriptor for replica 178714744544926837 with final counter Some(2)
[2026-08-19T13:58:58.580Z INFO  gresse::replica] replica 178714744544926833 observed shutdown descriptor for replica 178714744544926849 with final counter Some(1)
[2026-08-19T13:59:03.558Z INFO  gresse::replica] replica 178714744544926833 observed shutdown descriptor for replica 178714744544926837 with final counter Some(2)
[2026-08-19T13:59:03.584Z INFO  gresse::replica] replica 178714744544926833 observed shutdown descriptor for replica 178714744544926849 with final counter Some(1)
[2026-08-19T13:59:08.563Z INFO  gresse::replica] replica 178714744544926833 observed shutdown descriptor for replica 178714744544926837 with final counter Some(2)
[2026-08-19T13:59:08.588Z INFO  gresse::replica] replica 178714744544926833 observed shutdown descriptor for replica 178714744544926849 with final counter Some(1)
[2026-08-19T13:59:13.561Z INFO  gresse::replica] replica 178714744544926833 observed shutdown descriptor for replica 178714744544926837 with final counter Some(2)
[2026-08-19T13:59:13.584Z INFO  gresse::replica] replica 178714744544926833 observed shutdown descriptor for replica 178714744544926849 with final counter Some(1)
[2026-08-19T13:59:18.555Z INFO  gresse::replica] replica 178714744544926833 observed shutdown descriptor for replica 178714744544926837 with final counter Some(2)
[2026-08-19T13:59:18.579Z INFO  gresse::replica] replica 178714744544926833 observed shutdown descriptor for replica 178714744544926849 with final counter Some(1)
[2026-08-19T13:59:23.560Z INFO  gresse::replica] replica 178714744544926833 observed shutdown descriptor for replica 178714744544926837 with final counter Some(2)
[2026-08-19T13:59:23.585Z INFO  gresse::replica] replica 178714744544926833 observed shutdown descriptor for replica 178714744544926849 with final counter Some(1)
[2026-08-19T13:59:28.559Z INFO  gresse::replica] replica 178714744544926833 observed shutdown descriptor for replica 178714744544926837 with final counter Some(2)
[2026-08-19T13:59:28.588Z INFO  gresse::replica] replica 178714744544926833 observed shutdown descriptor for replica 178714744544926849 with final counter Some(1)
[2026-08-19T13:59:33.561Z INFO  gresse::replica] replica 178714744544926833 observed shutdown descriptor for replica 178714744544926837 with final counter Some(2)
[2026-08-19T13:59:33.586Z INFO  gresse::replica] replica 178714744544926833 observed shutdown descriptor for replica 178714744544926849 with final counter Some(1)
[2026-08-19T13:59:38.560Z INFO  gresse::replica] replica 178714744544926833 observed shutdown descriptor for replica 178714744544926837 with final counter Some(2)
[2026-08-19T13:59:38.587Z INFO  gresse::replica] replica 178714744544926833 observed shutdown descriptor for replica 178714744544926849 with final counter Some(1)
[2026-08-19T13:59:43.558Z INFO  gresse::replica] replica 178714744544926833 observed shutdown descriptor for replica 178714744544926837 with final counter Some(2)
[2026-08-19T13:59:43.585Z INFO  gresse::replica] replica 178714744544926833 observed shutdown descriptor for replica 178714744544926849 with final counter Some(1)
[2026-08-19T13:59:48.564Z INFO  gresse::replica] replica 178714744544926833 observed shutdown descriptor for replica 178714744544926837 with final counter Some(2)
[2026-08-19T13:59:48.590Z INFO  gresse::replica] replica 178714744544926833 observed shutdown descriptor for replica 178714744544926849 with final counter Some(1)
[2026-08-19T13:59:53.562Z INFO  gresse::replica] replica 178714744544926833 observed shutdown descriptor for replica 178714744544926837 with final counter Some(2)
[2026-08-19T13:59:53.585Z INFO  gresse::replica] replica 178714744544926833 observed shutdown descriptor for replica 178714744544926849 with final counter Some(1)
[2026-08-19T13:59:58.562Z INFO  gresse::replica] replica 178714744544926833 observed shutdown descriptor for replica 178714744544926837 with final counter Some(2)
[2026-08-19T13:59:58.586Z INFO  gresse::replica] replica 178714744544926833 observed shutdown descriptor for replica 178714744544926849 with final counter Some(1)
[2026-08-19T14:00:03.569Z INFO  gresse::replica] replica 178714744544926833 observed shutdown descriptor for replica 178714744544926837 with final counter Some(2)
[2026-08-19T14:00:03.602Z INFO  gresse::replica] replica 178714744544926833 observed shutdown descriptor for replica 178714744544926849 with final counter Some(1)
[2026-08-19T14:00:07.165Z INFO  gresse::replica] shutdown signal received for replica 178714744544926833
[2026-08-19T14:00:07.165Z INFO  gresse::replica] replica 178714744544926833 shutting down with 29 connected writers
[2026-08-19T14:00:07.201Z INFO  gresse::http_server] http server received shutdown signal
[2026-08-19T14:00:07.201Z INFO  gresse::http_server] http server shutdown complete
[2026-08-19T14:00:07.201Z INFO  gresse::network] network manager for replica 178714744544926833 shutdown complete
