[2026-09-01T09:45:42.091Z INFO  gresse::http_server] running CRDT HTTP server
[2026-09-01T09:45:42.091Z INFO  gresse::http_server] listening for HTTP on 0.0.0.0:18083
[2026-09-01T09:45:42.119Z INFO  gresse::replica] replica 178825481046242403 initiating runtime at bind_http=0.0.0.0:18083 bind_internal=0.0.0.0:19083 advertised_internal=13.38.41.188:19083
[2026-09-01T09:45:42.249Z INFO  gresse::object_storage] object storage connection established: backend=s3, bucket=gresse-geo-035351467464-20260901084800-ec90d0, region=eu-north-1, endpoint=AWS default endpoint resolution, first_operation=put-create, object_path=acm-sec-geo-churn-20260901T092623Z-21106dd4/membership/178825481046242403,13.38.41.188:19083,0
[2026-09-01T09:45:42.905Z INFO  gresse::replica] replica 178825481046242403 discovered 86 membership descriptors during init
[2026-09-01T09:45:42.905Z INFO  gresse::replica] replica 178825481046242403 startup completed
[2026-09-01T09:45:42.905Z INFO  gresse::network] replica 178825481046242403 discovered network member NetworkMember { pid: 178825480714263204, address: 16.170.108.158:19080, final_counter: None }
[2026-09-01T09:45:42.905Z INFO  gresse::network] replica 178825481046242403 discovered network member NetworkMember { pid: 178825480714264203, address: 16.170.108.158:19081, final_counter: None }
[2026-09-01T09:45:42.905Z INFO  gresse::network] replica 178825481046242403 discovered network member NetworkMember { pid: 178825480714265203, address: 16.170.108.158:19082, final_counter: None }
[2026-09-01T09:45:42.905Z INFO  gresse::network] replica 178825481046242403 registered bidirectional network channel for replica 178825480957157903
[2026-09-01T09:45:42.905Z INFO  gresse::network] replica 178825481046242403 discovered network member NetworkMember { pid: 178825480714266203, address: 16.170.108.158:19083, final_counter: None }
[2026-09-01T09:45:42.905Z INFO  gresse::network] replica 178825481046242403 discovered network member NetworkMember { pid: 178825480714267203, address: 16.170.108.158:19084, final_counter: None }
[2026-09-01T09:45:42.905Z INFO  gresse::network] replica 178825481046242403 discovered network member NetworkMember { pid: 178825480759179603, address: 3.68.220.182:19080, final_counter: None }
[2026-09-01T09:45:42.905Z INFO  gresse::network] replica 178825481046242403 discovered network member NetworkMember { pid: 178825480759180603, address: 3.68.220.182:19081, final_counter: None }
[2026-09-01T09:45:42.905Z INFO  gresse::network] replica 178825481046242403 discovered network member NetworkMember { pid: 178825480759181603, address: 3.68.220.182:19082, final_counter: None }
[2026-09-01T09:45:42.905Z INFO  gresse::network] replica 178825481046242403 discovered network member NetworkMember { pid: 178825480759182603, address: 3.68.220.182:19083, final_counter: None }
[2026-09-01T09:45:42.905Z INFO  gresse::network] replica 178825481046242403 discovered network member NetworkMember { pid: 178825480759183603, address: 3.68.220.182:19084, final_counter: None }
[2026-09-01T09:45:42.905Z INFO  gresse::network] replica 178825481046242403 discovered network member NetworkMember { pid: 178825480843462703, address: 34.245.195.69:19080, final_counter: None }
[2026-09-01T09:45:42.905Z INFO  gresse::network] replica 178825481046242403 discovered network member NetworkMember { pid: 178825480843463703, address: 34.245.195.69:19081, final_counter: None }
[2026-09-01T09:45:42.905Z INFO  gresse::network] replica 178825481046242403 discovered network member NetworkMember { pid: 178825480843464703, address: 34.245.195.69:19082, final_counter: None }
[2026-09-01T09:45:42.905Z INFO  gresse::network] replica 178825481046242403 discovered network member NetworkMember { pid: 178825480843465703, address: 34.245.195.69:19083, final_counter: None }
[2026-09-01T09:45:42.905Z INFO  gresse::network] replica 178825481046242403 discovered network member NetworkMember { pid: 178825480843466703, address: 34.245.195.69:19084, final_counter: None }
[2026-09-01T09:45:42.905Z INFO  gresse::network] replica 178825481046242403 discovered network member NetworkMember { pid: 178825480957158903, address: 18.130.228.25:19081, final_counter: None }
[2026-09-01T09:45:42.905Z INFO  gresse::network] replica 178825481046242403 discovered network member NetworkMember { pid: 178825480957159903, address: 18.130.228.25:19082, final_counter: None }
[2026-09-01T09:45:42.905Z INFO  gresse::network] replica 178825481046242403 discovered network member NetworkMember { pid: 178825480957160903, address: 18.130.228.25:19083, final_counter: None }
[2026-09-01T09:45:42.905Z INFO  gresse::network] replica 178825481046242403 discovered network member NetworkMember { pid: 178825480957161903, address: 18.130.228.25:19084, final_counter: None }
[2026-09-01T09:45:42.905Z INFO  gresse::network] replica 178825481046242403 discovered network member NetworkMember { pid: 178825481046239403, address: 13.38.41.188:19080, final_counter: None }
[2026-09-01T09:45:42.905Z INFO  gresse::network] replica 178825481046242403 discovered network member NetworkMember { pid: 178825481046240403, address: 13.38.41.188:19081, final_counter: None }
[2026-09-01T09:45:42.905Z INFO  gresse::replica] replica 178825481046242403 established peer replication connection with replica 178825480957157903
[2026-09-01T09:45:42.905Z INFO  gresse::network] replica 178825481046242403 discovered network member NetworkMember { pid: 178825481046241403, address: 13.38.41.188:19082, final_counter: None }
[2026-09-01T09:45:42.905Z INFO  gresse::network] replica 178825481046242403 registered bidirectional network channel for replica 178825480759180603
[2026-09-01T09:45:42.905Z INFO  gresse::network] replica 178825481046242403 registered bidirectional network channel for replica 178825480843462703
[2026-09-01T09:45:42.905Z INFO  gresse::replica] replica 178825481046242403 established peer replication connection with replica 178825480759180603
[2026-09-01T09:45:42.905Z INFO  gresse::network] replica 178825481046242403 registered bidirectional network channel for replica 178825480957160903
[2026-09-01T09:45:42.905Z INFO  gresse::replica] replica 178825481046242403 established peer replication connection with replica 178825480843462703
[2026-09-01T09:45:42.905Z INFO  gresse::network] replica 178825481046242403 registered bidirectional network channel for replica 178825480957158903
[2026-09-01T09:45:42.905Z INFO  gresse::replica] replica 178825481046242403 established peer replication connection with replica 178825480957160903
[2026-09-01T09:45:42.905Z INFO  gresse::replica] replica 178825481046242403 established peer replication connection with replica 178825480957158903
[2026-09-01T09:45:42.905Z INFO  gresse::network] replica 178825481046242403 registered bidirectional network channel for replica 178825481046239403
[2026-09-01T09:45:42.905Z INFO  gresse::replica] replica 178825481046242403 established peer replication connection with replica 178825481046239403
[2026-09-01T09:45:42.906Z INFO  gresse::network] replica 178825481046242403 registered bidirectional network channel for replica 178825481046240403
[2026-09-01T09:45:42.906Z INFO  gresse::replica] replica 178825481046242403 established peer replication connection with replica 178825481046240403
[2026-09-01T09:45:42.906Z INFO  gresse::network] replica 178825481046242403 registered bidirectional network channel for replica 178825481046241403
[2026-09-01T09:45:42.906Z INFO  gresse::replica] replica 178825481046242403 established peer replication connection with replica 178825481046241403
[2026-09-01T09:45:42.921Z INFO  gresse::network] replica 178825481046242403 registered bidirectional network channel for replica 178825480759183603
[2026-09-01T09:45:42.921Z INFO  gresse::replica] replica 178825481046242403 established peer replication connection with replica 178825480759183603
[2026-09-01T09:45:42.921Z INFO  gresse::network] replica 178825481046242403 registered bidirectional network channel for replica 178825480957161903
[2026-09-01T09:45:42.921Z INFO  gresse::network] replica 178825481046242403 registered bidirectional network channel for replica 178825480759181603
[2026-09-01T09:45:42.921Z INFO  gresse::replica] replica 178825481046242403 established peer replication connection with replica 178825480957161903
[2026-09-01T09:45:42.921Z INFO  gresse::replica] replica 178825481046242403 established peer replication connection with replica 178825480759181603
[2026-09-01T09:45:42.922Z INFO  gresse::network] replica 178825481046242403 registered bidirectional network channel for replica 178825480759182603
[2026-09-01T09:45:42.922Z INFO  gresse::replica] replica 178825481046242403 established peer replication connection with replica 178825480759182603
[2026-09-01T09:45:42.922Z INFO  gresse::network] replica 178825481046242403 registered bidirectional network channel for replica 178825480759179603
[2026-09-01T09:45:42.922Z INFO  gresse::replica] replica 178825481046242403 established peer replication connection with replica 178825480759179603
[2026-09-01T09:45:42.924Z INFO  gresse::network] replica 178825481046242403 registered bidirectional network channel for replica 178825480957159903
[2026-09-01T09:45:42.924Z INFO  gresse::replica] replica 178825481046242403 established peer replication connection with replica 178825480957159903
[2026-09-01T09:45:42.936Z WARN  gresse::network] replica 178825481046242403 peer connection attempt failed: could not connect to 16.170.108.158:19082: Connection refused (os error 111)
[2026-09-01T09:45:42.936Z WARN  gresse::network] replica 178825481046242403 peer connection attempt failed: could not connect to 16.170.108.158:19083: Connection refused (os error 111)
[2026-09-01T09:45:42.938Z INFO  gresse::network] replica 178825481046242403 registered bidirectional network channel for replica 178825480714264204
[2026-09-01T09:45:42.938Z INFO  gresse::replica] replica 178825481046242403 established peer replication connection with replica 178825480714264204
[2026-09-01T09:45:42.939Z INFO  gresse::network] replica 178825481046242403 registered bidirectional network channel for replica 178825480843466703
[2026-09-01T09:45:42.939Z INFO  gresse::network] replica 178825481046242403 registered bidirectional network channel for replica 178825480843465703
[2026-09-01T09:45:42.939Z INFO  gresse::replica] replica 178825481046242403 established peer replication connection with replica 178825480843466703
[2026-09-01T09:45:42.939Z INFO  gresse::replica] replica 178825481046242403 established peer replication connection with replica 178825480843465703
[2026-09-01T09:45:42.940Z INFO  gresse::network] replica 178825481046242403 registered bidirectional network channel for replica 178825480843464703
[2026-09-01T09:45:42.940Z INFO  gresse::replica] replica 178825481046242403 established peer replication connection with replica 178825480843464703
[2026-09-01T09:45:42.940Z INFO  gresse::network] replica 178825481046242403 registered bidirectional network channel for replica 178825480843463703
[2026-09-01T09:45:42.940Z INFO  gresse::replica] replica 178825481046242403 established peer replication connection with replica 178825480843463703
[2026-09-01T09:45:42.967Z INFO  gresse::network] replica 178825481046242403 registered bidirectional network channel for replica 178825480714263204
[2026-09-01T09:45:42.967Z INFO  gresse::replica] replica 178825481046242403 established peer replication connection with replica 178825480714263204
[2026-09-01T09:45:42.967Z WARN  gresse::network] replica 178825481046242403 rejected peer handshake: expected 178825480714264203, received 178825480714264204
[2026-09-01T09:45:42.967Z INFO  gresse::network] replica 178825481046242403 registered bidirectional network channel for replica 178825480714267203
[2026-09-01T09:45:42.967Z INFO  gresse::replica] replica 178825481046242403 established peer replication connection with replica 178825480714267203
[2026-09-01T09:45:43.354Z INFO  gresse::network] replica 178825481046242403 registered bidirectional network channel for replica 178825480714265204
[2026-09-01T09:45:43.354Z INFO  gresse::replica] replica 178825481046242403 established peer replication connection with replica 178825480714265204
[2026-09-01T09:45:43.541Z INFO  gresse::network] replica 178825481046242403 registered bidirectional network channel for replica 178825481046243403
[2026-09-01T09:45:43.541Z INFO  gresse::replica] replica 178825481046242403 established peer replication connection with replica 178825481046243403
[2026-09-01T09:45:43.789Z INFO  gresse::network] replica 178825481046242403 registered bidirectional network channel for replica 178825480714266204
[2026-09-01T09:45:43.789Z INFO  gresse::replica] replica 178825481046242403 established peer replication connection with replica 178825480714266204
[2026-09-01T09:45:47.174Z INFO  gresse::replica] replica 178825481046242403 observed shutdown descriptor for replica 178825480714263203 with final counter Some(841)
[2026-09-01T09:45:47.437Z INFO  gresse::replica] replica 178825481046242403 observed shutdown descriptor for replica 178825481046242402 with final counter Some(1286)
[2026-09-01T09:45:47.702Z INFO  gresse::replica] replica 178825481046242403 observed shutdown descriptor for replica 178825481046243402 with final counter Some(1023)
[2026-09-01T09:46:46.905Z WARN  gresse::network] peer connection write failed: Broken pipe (os error 32)
[2026-09-01T09:46:47.204Z INFO  gresse::replica] replica 178825481046242403 observed shutdown descriptor for replica 178825480714267203 with final counter Some(1557)
[2026-09-01T09:46:47.695Z INFO  gresse::replica] replica 178825481046242403 observed shutdown descriptor for replica 178825480759179603 with final counter Some(846)
[2026-09-01T09:46:48.115Z INFO  gresse::replica] replica 178825481046242403 observed shutdown descriptor for replica 178825480759180603 with final counter Some(840)
[2026-09-01T09:46:54.905Z WARN  gresse::network] peer connection write failed: Broken pipe (os error 32)
[2026-09-01T09:46:57.906Z WARN  gresse::replica] replica 178825481046242403 deferred pull request to peer 178825480714264204: channel closed
[2026-09-01T09:47:28.906Z WARN  gresse::network] peer connection write failed: Broken pipe (os error 32)
[2026-09-01T09:47:42.174Z INFO  gresse::network] replica 178825481046242403 discovered network member NetworkMember { pid: 178825480759179604, address: 3.68.220.182:19080, final_counter: None }
[2026-09-01T09:47:42.409Z INFO  gresse::network] replica 178825481046242403 registered bidirectional network channel for replica 178825480714267204
[2026-09-01T09:47:42.410Z INFO  gresse::replica] replica 178825481046242403 established peer replication connection with replica 178825480714267204
[2026-09-01T09:47:42.511Z INFO  gresse::network] replica 178825481046242403 registered bidirectional network channel for replica 178825480759179604
[2026-09-01T09:47:42.511Z INFO  gresse::replica] replica 178825481046242403 established peer replication connection with replica 178825480759179604
[2026-09-01T09:47:42.985Z INFO  gresse::network] replica 178825481046242403 registered bidirectional network channel for replica 178825480759180604
[2026-09-01T09:47:42.986Z INFO  gresse::replica] replica 178825481046242403 established peer replication connection with replica 178825480759180604
[2026-09-01T09:47:43.677Z INFO  gresse::network] replica 178825481046242403 registered bidirectional network channel for replica 178825480759181604
[2026-09-01T09:47:43.677Z INFO  gresse::replica] replica 178825481046242403 established peer replication connection with replica 178825480759181604
[2026-09-01T09:47:44.307Z INFO  gresse::network] replica 178825481046242403 registered bidirectional network channel for replica 178825480759182604
[2026-09-01T09:47:44.307Z INFO  gresse::replica] replica 178825481046242403 established peer replication connection with replica 178825480759182604
[2026-09-01T09:47:44.981Z INFO  gresse::network] replica 178825481046242403 registered bidirectional network channel for replica 178825480759183604
[2026-09-01T09:47:44.981Z INFO  gresse::replica] replica 178825481046242403 established peer replication connection with replica 178825480759183604
[2026-09-01T09:47:51.906Z WARN  gresse::replica] replica 178825481046242403 deferred pull request to peer 178825480759182603: channel closed
[2026-09-01T09:47:52.906Z WARN  gresse::network] peer connection write failed: Broken pipe (os error 32)
[2026-09-01T09:47:59.905Z WARN  gresse::replica] replica 178825481046242403 deferred pull request to peer 178825480759183603: channel closed
[2026-09-01T09:48:47.204Z INFO  gresse::replica] replica 178825481046242403 observed shutdown descriptor for replica 178825480843462703 with final counter Some(1555)
[2026-09-01T09:48:47.658Z INFO  gresse::replica] replica 178825481046242403 observed shutdown descriptor for replica 178825480843463703 with final counter Some(843)
[2026-09-01T09:48:48.029Z INFO  gresse::replica] replica 178825481046242403 observed shutdown descriptor for replica 178825480843464703 with final counter Some(840)
[2026-09-01T09:48:54.906Z WARN  gresse::replica] replica 178825481046242403 deferred pull request to peer 178825480759181603: channel closed
[2026-09-01T09:49:23.905Z WARN  gresse::network] peer connection write failed: Broken pipe (os error 32)
[2026-09-01T09:49:25.905Z WARN  gresse::replica] replica 178825481046242403 deferred pull request to peer 178825480843465703: channel closed
[2026-09-01T09:49:42.651Z INFO  gresse::network] replica 178825481046242403 registered bidirectional network channel for replica 178825480957157904
[2026-09-01T09:49:42.651Z INFO  gresse::replica] replica 178825481046242403 established peer replication connection with replica 178825480957157904
[2026-09-01T09:49:42.846Z INFO  gresse::network] replica 178825481046242403 registered bidirectional network channel for replica 178825480843462704
[2026-09-01T09:49:42.846Z INFO  gresse::replica] replica 178825481046242403 established peer replication connection with replica 178825480843462704
[2026-09-01T09:49:43.720Z INFO  gresse::network] replica 178825481046242403 registered bidirectional network channel for replica 178825480843463704
[2026-09-01T09:49:43.720Z INFO  gresse::replica] replica 178825481046242403 established peer replication connection with replica 178825480843463704
[2026-09-01T09:49:43.906Z WARN  gresse::network] peer connection write failed: Broken pipe (os error 32)
[2026-09-01T09:49:44.372Z INFO  gresse::network] replica 178825481046242403 registered bidirectional network channel for replica 178825480843464704
[2026-09-01T09:49:44.372Z INFO  gresse::replica] replica 178825481046242403 established peer replication connection with replica 178825480843464704
[2026-09-01T09:49:45.327Z INFO  gresse::network] replica 178825481046242403 registered bidirectional network channel for replica 178825480843465704
[2026-09-01T09:49:45.327Z INFO  gresse::replica] replica 178825481046242403 established peer replication connection with replica 178825480843465704
[2026-09-01T09:49:46.068Z INFO  gresse::network] replica 178825481046242403 registered bidirectional network channel for replica 178825480843466704
[2026-09-01T09:49:46.068Z INFO  gresse::replica] replica 178825481046242403 established peer replication connection with replica 178825480843466704
[2026-09-01T09:49:47.905Z WARN  gresse::replica] replica 178825481046242403 deferred pull request to peer 178825480957157903: channel closed
[2026-09-01T09:50:12.906Z WARN  gresse::network] peer connection write failed: Broken pipe (os error 32)
[2026-09-01T09:50:20.906Z WARN  gresse::replica] replica 178825481046242403 deferred pull request to peer 178825480843466703: channel closed
[2026-09-01T09:50:47.206Z INFO  gresse::replica] replica 178825481046242403 observed shutdown descriptor for replica 178825480957158903 with final counter Some(1286)
[2026-09-01T09:50:47.737Z INFO  gresse::replica] replica 178825481046242403 observed shutdown descriptor for replica 178825480957159903 with final counter Some(870)
[2026-09-01T09:50:47.958Z INFO  gresse::replica] replica 178825481046242403 observed shutdown descriptor for replica 178825480957160903 with final counter Some(869)
[2026-09-01T09:50:58.905Z WARN  gresse::network] peer connection write failed: Broken pipe (os error 32)
[2026-09-01T09:51:05.906Z WARN  gresse::replica] replica 178825481046242403 deferred pull request to peer 178825481046240403: channel closed
[2026-09-01T09:51:08.905Z WARN  gresse::network] peer connection write failed: Broken pipe (os error 32)
[2026-09-01T09:51:27.906Z WARN  gresse::replica] replica 178825481046242403 deferred pull request to peer 178825481046239403: channel closed
[2026-09-01T09:51:36.906Z WARN  gresse::network] peer connection write failed: Broken pipe (os error 32)
[2026-09-01T09:51:42.561Z INFO  gresse::network] replica 178825481046242403 registered bidirectional network channel for replica 178825480957158904
[2026-09-01T09:51:42.561Z INFO  gresse::replica] replica 178825481046242403 established peer replication connection with replica 178825480957158904
[2026-09-01T09:51:42.757Z INFO  gresse::network] replica 178825481046242403 registered bidirectional network channel for replica 178825481046239404
[2026-09-01T09:51:42.758Z INFO  gresse::replica] replica 178825481046242403 established peer replication connection with replica 178825481046239404
[2026-09-01T09:51:42.906Z WARN  gresse::replica] replica 178825481046242403 deferred pull request to peer 178825480957161903: channel closed
[2026-09-01T09:51:43.272Z INFO  gresse::network] replica 178825481046242403 registered bidirectional network channel for replica 178825480957159904
[2026-09-01T09:51:43.272Z INFO  gresse::replica] replica 178825481046242403 established peer replication connection with replica 178825480957159904
[2026-09-01T09:51:43.503Z INFO  gresse::network] replica 178825481046242403 registered bidirectional network channel for replica 178825481046240404
[2026-09-01T09:51:43.503Z INFO  gresse::replica] replica 178825481046242403 established peer replication connection with replica 178825481046240404
[2026-09-01T09:51:43.828Z INFO  gresse::replica] replica 178825481046242403 established peer replication connection with replica 178825480957160904
[2026-09-01T09:51:43.828Z INFO  gresse::network] replica 178825481046242403 registered bidirectional network channel for replica 178825480957160904
[2026-09-01T09:51:44.724Z INFO  gresse::network] replica 178825481046242403 registered bidirectional network channel for replica 178825480957161904
[2026-09-01T09:51:44.724Z INFO  gresse::replica] replica 178825481046242403 established peer replication connection with replica 178825480957161904
[2026-09-01T09:52:42.872Z INFO  gresse::replica] shutdown signal received for replica 178825481046242403
[2026-09-01T09:52:42.873Z INFO  gresse::replica] replica 178825481046242403 shutting down with 23 connected writers
[2026-09-01T09:52:43.477Z INFO  gresse::http_server] http server received shutdown signal
[2026-09-01T09:52:43.477Z INFO  gresse::http_server] http server shutdown complete
[2026-09-01T09:52:43.480Z INFO  gresse::network] network manager for replica 178825481046242403 shutdown complete
