[2026-08-28T13:36:48.012Z INFO  gresse::http_server] running CRDT HTTP server
[2026-08-28T13:36:48.012Z INFO  gresse::http_server] listening for HTTP on 0.0.0.0:18080
[2026-08-28T13:36:48.039Z INFO  gresse::replica] replica 178792343327013803 initiating runtime at bind_http=0.0.0.0:18080 bind_internal=0.0.0.0:19080 advertised_internal=3.121.180.49:19080
[2026-08-28T13:36:48.146Z INFO  gresse::object_storage] object storage connection established: backend=s3, bucket=gresse-geo-035351467464-20260828124038-be821e, region=eu-north-1, endpoint=AWS default endpoint resolution, first_operation=put-create, object_path=acm-sec-geo-churn-20260828T132329Z-550e9e91/membership/178792343327013803,3.121.180.49:19080,0
[2026-08-28T13:36:48.412Z INFO  gresse::replica] replica 178792343327013803 discovered 175 membership descriptors during init
[2026-08-28T13:36:48.413Z INFO  gresse::replica] replica 178792343327013803 startup completed
[2026-08-28T13:36:48.413Z INFO  gresse::network] replica 178792343327013803 discovered network member NetworkMember { pid: 178792343266886003, address: 16.192.159.169:19080, final_counter: None }
[2026-08-28T13:36:48.413Z INFO  gresse::network] replica 178792343327013803 discovered network member NetworkMember { pid: 178792343266887003, address: 16.192.159.169:19081, final_counter: None }
[2026-08-28T13:36:48.413Z INFO  gresse::network] replica 178792343327013803 registered bidirectional network channel for replica 178792343404853502
[2026-08-28T13:36:48.413Z INFO  gresse::network] replica 178792343327013803 discovered network member NetworkMember { pid: 178792343266888003, address: 16.192.159.169:19082, final_counter: None }
[2026-08-28T13:36:48.413Z INFO  gresse::network] replica 178792343327013803 discovered network member NetworkMember { pid: 178792343266889003, address: 16.192.159.169:19083, final_counter: None }
[2026-08-28T13:36:48.413Z INFO  gresse::network] replica 178792343327013803 discovered network member NetworkMember { pid: 178792343266890003, address: 16.192.159.169:19084, final_counter: None }
[2026-08-28T13:36:48.413Z INFO  gresse::network] replica 178792343327013803 discovered network member NetworkMember { pid: 178792343327016802, address: 3.121.180.49:19083, final_counter: None }
[2026-08-28T13:36:48.413Z INFO  gresse::network] replica 178792343327013803 discovered network member NetworkMember { pid: 178792343327017802, address: 3.121.180.49:19084, final_counter: None }
[2026-08-28T13:36:48.413Z INFO  gresse::network] replica 178792343327013803 discovered network member NetworkMember { pid: 178792343404851502, address: 52.17.146.22:19080, final_counter: None }
[2026-08-28T13:36:48.413Z INFO  gresse::network] replica 178792343327013803 discovered network member NetworkMember { pid: 178792343404852502, address: 52.17.146.22:19081, final_counter: None }
[2026-08-28T13:36:48.413Z INFO  gresse::network] replica 178792343327013803 discovered network member NetworkMember { pid: 178792343404854502, address: 52.17.146.22:19083, final_counter: None }
[2026-08-28T13:36:48.413Z INFO  gresse::network] replica 178792343327013803 discovered network member NetworkMember { pid: 178792343404855502, address: 52.17.146.22:19084, final_counter: None }
[2026-08-28T13:36:48.413Z INFO  gresse::network] replica 178792343327013803 discovered network member NetworkMember { pid: 178792343513164002, address: 3.8.155.72:19080, final_counter: None }
[2026-08-28T13:36:48.413Z INFO  gresse::network] replica 178792343327013803 discovered network member NetworkMember { pid: 178792343513165002, address: 3.8.155.72:19081, final_counter: None }
[2026-08-28T13:36:48.413Z INFO  gresse::network] replica 178792343327013803 discovered network member NetworkMember { pid: 178792343513166002, address: 3.8.155.72:19082, final_counter: None }
[2026-08-28T13:36:48.413Z INFO  gresse::network] replica 178792343327013803 discovered network member NetworkMember { pid: 178792343513167002, address: 3.8.155.72:19083, final_counter: None }
[2026-08-28T13:36:48.413Z INFO  gresse::network] replica 178792343327013803 discovered network member NetworkMember { pid: 178792343513168002, address: 3.8.155.72:19084, final_counter: None }
[2026-08-28T13:36:48.413Z INFO  gresse::network] replica 178792343327013803 discovered network member NetworkMember { pid: 178792343597981002, address: 13.37.225.238:19080, final_counter: None }
[2026-08-28T13:36:48.413Z INFO  gresse::network] replica 178792343327013803 discovered network member NetworkMember { pid: 178792343597982002, address: 13.37.225.238:19081, final_counter: None }
[2026-08-28T13:36:48.413Z INFO  gresse::network] replica 178792343327013803 discovered network member NetworkMember { pid: 178792343597983002, address: 13.37.225.238:19082, final_counter: None }
[2026-08-28T13:36:48.413Z INFO  gresse::network] replica 178792343327013803 discovered network member NetworkMember { pid: 178792343597984002, address: 13.37.225.238:19083, final_counter: None }
[2026-08-28T13:36:48.413Z INFO  gresse::network] replica 178792343327013803 discovered network member NetworkMember { pid: 178792343597985002, address: 13.37.225.238:19084, final_counter: None }
[2026-08-28T13:36:48.413Z INFO  gresse::replica] replica 178792343327013803 established peer replication connection with replica 178792343404853502
[2026-08-28T13:36:48.413Z INFO  gresse::network] replica 178792343327013803 registered bidirectional network channel for replica 178792343266887003
[2026-08-28T13:36:48.413Z INFO  gresse::replica] replica 178792343327013803 established peer replication connection with replica 178792343266887003
[2026-08-28T13:36:48.413Z INFO  gresse::network] replica 178792343327013803 registered bidirectional network channel for replica 178792343513164002
[2026-08-28T13:36:48.413Z INFO  gresse::replica] replica 178792343327013803 established peer replication connection with replica 178792343513164002
[2026-08-28T13:36:48.413Z WARN  gresse::network] replica 178792343327013803 peer connection attempt failed: could not connect to 3.121.180.49:19083: Connection refused (os error 111)
[2026-08-28T13:36:48.413Z WARN  gresse::network] replica 178792343327013803 peer connection attempt failed: could not connect to 3.121.180.49:19084: Connection refused (os error 111)
[2026-08-28T13:36:48.429Z INFO  gresse::network] replica 178792343327013803 registered bidirectional network channel for replica 178792343597981002
[2026-08-28T13:36:48.429Z INFO  gresse::replica] replica 178792343327013803 established peer replication connection with replica 178792343597981002
[2026-08-28T13:36:48.429Z INFO  gresse::network] replica 178792343327013803 registered bidirectional network channel for replica 178792343597983002
[2026-08-28T13:36:48.429Z INFO  gresse::replica] replica 178792343327013803 established peer replication connection with replica 178792343597983002
[2026-08-28T13:36:48.429Z INFO  gresse::network] replica 178792343327013803 registered bidirectional network channel for replica 178792343597985002
[2026-08-28T13:36:48.429Z INFO  gresse::replica] replica 178792343327013803 established peer replication connection with replica 178792343597985002
[2026-08-28T13:36:48.429Z INFO  gresse::network] replica 178792343327013803 registered bidirectional network channel for replica 178792343597982002
[2026-08-28T13:36:48.429Z INFO  gresse::replica] replica 178792343327013803 established peer replication connection with replica 178792343597982002
[2026-08-28T13:36:48.429Z INFO  gresse::network] replica 178792343327013803 registered bidirectional network channel for replica 178792343597984002
[2026-08-28T13:36:48.429Z INFO  gresse::replica] replica 178792343327013803 established peer replication connection with replica 178792343597984002
[2026-08-28T13:36:48.435Z INFO  gresse::network] replica 178792343327013803 registered bidirectional network channel for replica 178792343513167002
[2026-08-28T13:36:48.435Z INFO  gresse::network] replica 178792343327013803 registered bidirectional network channel for replica 178792343513165002
[2026-08-28T13:36:48.435Z INFO  gresse::replica] replica 178792343327013803 established peer replication connection with replica 178792343513167002
[2026-08-28T13:36:48.435Z INFO  gresse::replica] replica 178792343327013803 established peer replication connection with replica 178792343513165002
[2026-08-28T13:36:48.436Z INFO  gresse::network] replica 178792343327013803 registered bidirectional network channel for replica 178792343513168002
[2026-08-28T13:36:48.436Z INFO  gresse::replica] replica 178792343327013803 established peer replication connection with replica 178792343513168002
[2026-08-28T13:36:48.436Z INFO  gresse::network] replica 178792343327013803 registered bidirectional network channel for replica 178792343513166002
[2026-08-28T13:36:48.436Z INFO  gresse::replica] replica 178792343327013803 established peer replication connection with replica 178792343513166002
[2026-08-28T13:36:48.452Z INFO  gresse::network] replica 178792343327013803 registered bidirectional network channel for replica 178792343404855502
[2026-08-28T13:36:48.452Z INFO  gresse::replica] replica 178792343327013803 established peer replication connection with replica 178792343404855502
[2026-08-28T13:36:48.453Z INFO  gresse::network] replica 178792343327013803 registered bidirectional network channel for replica 178792343404854502
[2026-08-28T13:36:48.453Z INFO  gresse::replica] replica 178792343327013803 established peer replication connection with replica 178792343404854502
[2026-08-28T13:36:48.453Z INFO  gresse::network] replica 178792343327013803 registered bidirectional network channel for replica 178792343404852502
[2026-08-28T13:36:48.453Z INFO  gresse::replica] replica 178792343327013803 established peer replication connection with replica 178792343404852502
[2026-08-28T13:36:48.460Z INFO  gresse::network] replica 178792343327013803 registered bidirectional network channel for replica 178792343266888003
[2026-08-28T13:36:48.460Z INFO  gresse::replica] replica 178792343327013803 established peer replication connection with replica 178792343266888003
[2026-08-28T13:36:48.461Z INFO  gresse::network] replica 178792343327013803 registered bidirectional network channel for replica 178792343266889003
[2026-08-28T13:36:48.461Z INFO  gresse::replica] replica 178792343327013803 established peer replication connection with replica 178792343266889003
[2026-08-28T13:36:48.461Z INFO  gresse::replica] replica 178792343327013803 established peer replication connection with replica 178792343266886003
[2026-08-28T13:36:48.461Z INFO  gresse::network] replica 178792343327013803 registered bidirectional network channel for replica 178792343266886003
[2026-08-28T13:36:48.461Z INFO  gresse::network] replica 178792343327013803 registered bidirectional network channel for replica 178792343266890003
[2026-08-28T13:36:48.461Z INFO  gresse::replica] replica 178792343327013803 established peer replication connection with replica 178792343266890003
[2026-08-28T13:36:48.692Z WARN  gresse::network] replica 178792343327013803 rejected peer handshake: expected 178792343404851502, received 178792343404851503
[2026-08-28T13:36:48.712Z INFO  gresse::replica] replica 178792343327013803 established peer replication connection with replica 178792343404851503
[2026-08-28T13:36:48.712Z INFO  gresse::network] replica 178792343327013803 registered bidirectional network channel for replica 178792343404851503
[2026-08-28T13:36:48.882Z INFO  gresse::network] replica 178792343327013803 registered bidirectional network channel for replica 178792343327014803
[2026-08-28T13:36:48.882Z INFO  gresse::replica] replica 178792343327013803 established peer replication connection with replica 178792343327014803
[2026-08-28T13:36:49.316Z INFO  gresse::network] replica 178792343327013803 registered bidirectional network channel for replica 178792343327015803
[2026-08-28T13:36:49.316Z INFO  gresse::replica] replica 178792343327013803 established peer replication connection with replica 178792343327015803
[2026-08-28T13:36:49.802Z INFO  gresse::network] replica 178792343327013803 registered bidirectional network channel for replica 178792343327016803
[2026-08-28T13:36:49.802Z INFO  gresse::replica] replica 178792343327013803 established peer replication connection with replica 178792343327016803
[2026-08-28T13:36:50.367Z INFO  gresse::network] replica 178792343327013803 registered bidirectional network channel for replica 178792343327017803
[2026-08-28T13:36:50.367Z INFO  gresse::replica] replica 178792343327013803 established peer replication connection with replica 178792343327017803
[2026-08-28T13:36:53.094Z INFO  gresse::replica] replica 178792343327013803 observed shutdown descriptor for replica 178792343327013802 with final counter Some(1558)
[2026-08-28T13:36:53.213Z INFO  gresse::replica] replica 178792343327013803 observed shutdown descriptor for replica 178792343327014802 with final counter Some(841)
[2026-08-28T13:36:53.321Z INFO  gresse::replica] replica 178792343327013803 observed shutdown descriptor for replica 178792343327015802 with final counter Some(840)
[2026-08-28T13:36:56.414Z WARN  gresse::network] peer connection write failed: Broken pipe (os error 32)
[2026-08-28T13:37:00.414Z WARN  gresse::replica] replica 178792343327013803 deferred pull request to peer 178792343404851503: channel closed
[2026-08-28T13:37:48.717Z INFO  gresse::replica] replica 178792343327013803 gc departed_pids=None updated_stable=DotSet { set: {178792343327015803: -1, 178792343404852502: -1, 178792343597985002: -1, 178792343513165002: -1, 178792343404851501: -1, 178792343597981002: -1, 178792343597984002: -1, 178792343404855502: -1, 178792343513167002: -1, 178792343266886003: -1, 178792343327017802: -1, 178792343597983002: -1, 178792343597982002: -1, 178792343404854502: -1, 178792343266886001: -1, 178792343327013801: -1, 178792343327013802: -1, 178792343327016802: -1, 178792343404851503: -1, 178792343327017801: -1, 178792343513164002: -1, 178792343513165001: -1, 178792343327014803: -1, 178792343266890001: -1, 178792343327015802: -1, 178792343404852501: -1, 178792343513166001: -1, 178792343404853502: -1, 178792343327015801: -1, 178792343266888002: -1, 178792343266889002: -1, 178792343597984001: -1, 178792343404853501: -1, 178792343404854501: -1, 178792343327014801: -1, 178792343266886002: -1, 178792343266888001: -1, 178792343597981001: -1, 178792343266887002: -1, 178792343327017803: -1, 178792343513167001: -1, 178792343513168001: -1, 178792343513164001: -1, 178792343513166002: -1, 178792343266887001: -1, 178792343327016803: -1, 178792343597982001: -1, 178792343327014802: -1, 178792343266888003: -1, 178792343266889001: -1, 178792343597985001: -1, 178792343266890003: -1, 178792343266887003: -1, 178792343266890002: -1, 178792343513168002: -1, 178792343404851502: -1, 178792343404855501: -1, 178792343266889003: -1, 178792343327016801: -1, 178792343327013803: -1, 178792343597983001: -1} }
[2026-08-28T13:37:49.366Z INFO  gresse::replica] replica 178792343327013803 completed gc round
[2026-08-28T13:37:53.179Z INFO  gresse::replica] replica 178792343327013803 observed shutdown descriptor for replica 178792343404852502 with final counter Some(1285)
[2026-08-28T13:37:53.450Z INFO  gresse::replica] replica 178792343327013803 observed shutdown descriptor for replica 178792343404853502 with final counter Some(870)
[2026-08-28T13:37:53.570Z INFO  gresse::replica] replica 178792343327013803 observed shutdown descriptor for replica 178792343404854502 with final counter Some(870)
[2026-08-28T13:38:08.414Z WARN  gresse::network] peer connection write failed: Broken pipe (os error 32)
[2026-08-28T13:38:18.414Z WARN  gresse::network] peer connection write failed: Broken pipe (os error 32)
[2026-08-28T13:38:22.414Z WARN  gresse::replica] replica 178792343327013803 deferred pull request to peer 178792343513164002: channel closed
[2026-08-28T13:38:26.414Z WARN  gresse::replica] replica 178792343327013803 deferred pull request to peer 178792343513165002: channel closed
[2026-08-28T13:38:47.414Z WARN  gresse::network] peer connection write failed: Broken pipe (os error 32)
[2026-08-28T13:38:48.687Z INFO  gresse::network] replica 178792343327013803 registered bidirectional network channel for replica 178792343513164003
[2026-08-28T13:38:48.687Z INFO  gresse::replica] replica 178792343327013803 established peer replication connection with replica 178792343513164003
[2026-08-28T13:38:48.935Z INFO  gresse::network] replica 178792343327013803 registered bidirectional network channel for replica 178792343404852503
[2026-08-28T13:38:48.935Z INFO  gresse::replica] replica 178792343327013803 established peer replication connection with replica 178792343404852503
[2026-08-28T13:38:49.458Z INFO  gresse::network] replica 178792343327013803 registered bidirectional network channel for replica 178792343513165003
[2026-08-28T13:38:49.458Z INFO  gresse::replica] replica 178792343327013803 established peer replication connection with replica 178792343513165003
[2026-08-28T13:38:49.671Z INFO  gresse::network] replica 178792343327013803 registered bidirectional network channel for replica 178792343404853503
[2026-08-28T13:38:49.671Z INFO  gresse::replica] replica 178792343327013803 established peer replication connection with replica 178792343404853503
[2026-08-28T13:38:50.414Z INFO  gresse::network] replica 178792343327013803 registered bidirectional network channel for replica 178792343404854503
[2026-08-28T13:38:50.414Z INFO  gresse::replica] replica 178792343327013803 established peer replication connection with replica 178792343404854503
[2026-08-28T13:38:51.237Z INFO  gresse::network] replica 178792343327013803 registered bidirectional network channel for replica 178792343404855503
[2026-08-28T13:38:51.237Z INFO  gresse::replica] replica 178792343327013803 established peer replication connection with replica 178792343404855503
[2026-08-28T13:39:28.414Z WARN  gresse::replica] replica 178792343327013803 deferred pull request to peer 178792343404855502: channel closed
[2026-08-28T13:39:53.090Z INFO  gresse::replica] replica 178792343327013803 observed shutdown descriptor for replica 178792343513166002 with final counter Some(1237)
[2026-08-28T13:39:53.226Z INFO  gresse::replica] replica 178792343327013803 observed shutdown descriptor for replica 178792343513167002 with final counter Some(921)
[2026-08-28T13:39:53.363Z INFO  gresse::replica] replica 178792343327013803 observed shutdown descriptor for replica 178792343513168002 with final counter Some(923)
[2026-08-28T13:40:14.414Z WARN  gresse::network] peer connection write failed: Broken pipe (os error 32)
[2026-08-28T13:40:23.414Z WARN  gresse::replica] replica 178792343327013803 deferred pull request to peer 178792343597982002: channel closed
[2026-08-28T13:40:48.622Z INFO  gresse::network] replica 178792343327013803 registered bidirectional network channel for replica 178792343513166003
[2026-08-28T13:40:48.622Z INFO  gresse::replica] replica 178792343327013803 established peer replication connection with replica 178792343513166003
[2026-08-28T13:40:48.740Z INFO  gresse::network] replica 178792343327013803 registered bidirectional network channel for replica 178792343597981003
[2026-08-28T13:40:48.740Z INFO  gresse::replica] replica 178792343327013803 established peer replication connection with replica 178792343597981003
[2026-08-28T13:40:49.266Z INFO  gresse::network] replica 178792343327013803 registered bidirectional network channel for replica 178792343513167003
[2026-08-28T13:40:49.266Z INFO  gresse::replica] replica 178792343327013803 established peer replication connection with replica 178792343513167003
[2026-08-28T13:40:49.426Z INFO  gresse::network] replica 178792343327013803 registered bidirectional network channel for replica 178792343597982003
[2026-08-28T13:40:49.426Z INFO  gresse::replica] replica 178792343327013803 established peer replication connection with replica 178792343597982003
[2026-08-28T13:40:49.831Z INFO  gresse::network] replica 178792343327013803 registered bidirectional network channel for replica 178792343513168003
[2026-08-28T13:40:49.831Z INFO  gresse::replica] replica 178792343327013803 established peer replication connection with replica 178792343513168003
[2026-08-28T13:40:50.134Z INFO  gresse::network] replica 178792343327013803 registered bidirectional network channel for replica 178792343597983003
[2026-08-28T13:40:50.134Z INFO  gresse::replica] replica 178792343327013803 established peer replication connection with replica 178792343597983003
[2026-08-28T13:41:29.414Z WARN  gresse::network] peer connection write failed: Broken pipe (os error 32)
[2026-08-28T13:41:48.565Z INFO  gresse::replica] replica 178792343327013803 gc departed_pids=None updated_stable=DotSet { set: {178792343513164001: -1, 178792343597981002: -1, 178792343404852502: -1, 178792343327015802: -1, 178792343266887003: -1, 178792343513168002: -1, 178792343266889003: -1, 178792343513168003: -1, 178792343404853502: -1, 178792343513166002: -1, 178792343597982001: -1, 178792343404852501: -1, 178792343513165001: -1, 178792343266890003: -1, 178792343404851503: -1, 178792343327013803: -1, 178792343404851502: -1, 178792343327017803: -1, 178792343266886003: -1, 178792343597985001: -1, 178792343327016801: -1, 178792343266887002: -1, 178792343597983002: -1, 178792343513167003: -1, 178792343404854501: -1, 178792343327014803: -1, 178792343266890001: -1, 178792343266889001: -1, 178792343327014802: -1, 178792343513166003: -1, 178792343513165003: -1, 178792343597984001: -1, 178792343513166001: -1, 178792343597981003: -1, 178792343266886002: -1, 178792343597984002: -1, 178792343404855503: -1, 178792343266887001: -1, 178792343327014801: -1, 178792343327015803: -1, 178792343327013802: -1, 178792343597981001: -1, 178792343597985002: -1, 178792343404851501: -1, 178792343404855502: -1, 178792343513164002: -1, 178792343513167001: -1, 178792343266888001: -1, 178792343513167002: -1, 178792343597982002: -1, 178792343327016802: -1, 178792343404854502: -1, 178792343513164003: -1, 178792343327017802: -1, 178792343404854503: -1, 178792343327015801: -1, 178792343327013801: -1, 178792343404853501: -1, 178792343266886001: -1, 178792343327016803: -1, 178792343266889002: -1, 178792343266888003: -1, 178792343266890002: -1, 178792343597982003: -1, 178792343597983001: -1, 178792343327017801: -1, 178792343597983003: -1, 178792343513165002: -1, 178792343404855501: -1, 178792343266888002: -1, 178792343513168001: -1, 178792343404853503: -1, 178792343404852503: -1} }
[2026-08-28T13:41:49.402Z INFO  gresse::replica] replica 178792343327013803 completed gc round
[2026-08-28T13:41:53.188Z INFO  gresse::replica] replica 178792343327013803 observed shutdown descriptor for replica 178792343266886003 with final counter Some(841)
[2026-08-28T13:41:53.440Z INFO  gresse::replica] replica 178792343327013803 observed shutdown descriptor for replica 178792343597984002 with final counter Some(1286)
[2026-08-28T13:41:53.589Z INFO  gresse::replica] replica 178792343327013803 observed shutdown descriptor for replica 178792343597985002 with final counter Some(1022)
[2026-08-28T13:42:15.414Z WARN  gresse::replica] replica 178792343327013803 deferred pull request to peer 178792343597983002: channel closed
[2026-08-28T13:42:21.414Z WARN  gresse::network] peer connection write failed: Broken pipe (os error 32)
[2026-08-28T13:42:24.414Z WARN  gresse::network] peer connection write failed: Broken pipe (os error 32)
[2026-08-28T13:42:34.414Z WARN  gresse::replica] replica 178792343327013803 deferred pull request to peer 178792343266889003: channel closed
[2026-08-28T13:42:38.414Z WARN  gresse::replica] replica 178792343327013803 deferred pull request to peer 178792343266887003: channel closed
[2026-08-28T13:42:48.267Z INFO  gresse::network] replica 178792343327013803 registered bidirectional network channel for replica 178792343266886004
[2026-08-28T13:42:48.267Z INFO  gresse::replica] replica 178792343327013803 established peer replication connection with replica 178792343266886004
[2026-08-28T13:42:48.648Z INFO  gresse::network] replica 178792343327013803 registered bidirectional network channel for replica 178792343597984003
[2026-08-28T13:42:48.648Z INFO  gresse::replica] replica 178792343327013803 established peer replication connection with replica 178792343597984003
[2026-08-28T13:42:48.937Z INFO  gresse::network] replica 178792343327013803 registered bidirectional network channel for replica 178792343266887004
[2026-08-28T13:42:48.937Z INFO  gresse::replica] replica 178792343327013803 established peer replication connection with replica 178792343266887004
[2026-08-28T13:42:49.291Z INFO  gresse::network] replica 178792343327013803 registered bidirectional network channel for replica 178792343597985003
[2026-08-28T13:42:49.291Z INFO  gresse::replica] replica 178792343327013803 established peer replication connection with replica 178792343597985003
[2026-08-28T13:42:49.582Z INFO  gresse::network] replica 178792343327013803 registered bidirectional network channel for replica 178792343266888004
[2026-08-28T13:42:49.582Z INFO  gresse::replica] replica 178792343327013803 established peer replication connection with replica 178792343266888004
[2026-08-28T13:42:50.168Z INFO  gresse::network] replica 178792343327013803 registered bidirectional network channel for replica 178792343266889004
[2026-08-28T13:42:50.168Z INFO  gresse::replica] replica 178792343327013803 established peer replication connection with replica 178792343266889004
[2026-08-28T13:43:36.414Z WARN  gresse::network] peer connection write failed: Broken pipe (os error 32)
[2026-08-28T13:43:41.414Z WARN  gresse::replica] replica 178792343327013803 deferred pull request to peer 178792343266888003: channel closed
[2026-08-28T13:43:48.059Z INFO  gresse::replica] shutdown signal received for replica 178792343327013803
[2026-08-28T13:43:48.059Z INFO  gresse::replica] replica 178792343327013803 shutting down with 24 connected writers
[2026-08-28T13:43:48.447Z INFO  gresse::http_server] http server received shutdown signal
[2026-08-28T13:43:48.447Z INFO  gresse::http_server] http server shutdown complete
[2026-08-28T13:43:48.447Z INFO  gresse::network] network manager for replica 178792343327013803 shutdown complete
