[2026-04-30T14:47:49.825Z INFO  gresse::http_server] running CRDT HTTP server
[2026-04-30T14:47:49.825Z INFO  gresse::http_server] listening for HTTP on 127.0.0.1:18888
[2026-04-30T14:47:49.834Z INFO  gresse::replica] replica 8 initiating runtime at http=127.0.0.1:18888 internal=127.0.0.1:19888
[2026-04-30T14:47:49.894Z INFO  gresse::object_storage] object storage connection established: bucket=gresse, region=us-east-1, endpoint=http://127.0.0.1:9000, first_operation=put-create, object_path=experiment1/run_01/replicas_8/membership/8,127.0.0.1:19888,0
[2026-04-30T14:47:50.004Z INFO  gresse::replica] replica 8 discovered 8 membership descriptors during init
[2026-04-30T14:47:50.004Z INFO  gresse::replica] replica 8 startup completed
[2026-04-30T14:47:50.159Z INFO  gresse::network] replica 8 completed network handshake with replica 4
[2026-04-30T14:47:50.159Z INFO  gresse::network] replica 8 registered bidirectional network channel for replica 4
[2026-04-30T14:47:50.159Z INFO  gresse::replica] replica 8 established peer replication connection with replica 4
[2026-04-30T14:47:50.249Z INFO  gresse::network] replica 8 completed network handshake with replica 5
[2026-04-30T14:47:50.249Z INFO  gresse::network] replica 8 registered bidirectional network channel for replica 5
[2026-04-30T14:47:50.249Z INFO  gresse::replica] replica 8 established peer replication connection with replica 5
[2026-04-30T14:47:50.360Z INFO  gresse::network] replica 8 completed network handshake with replica 6
[2026-04-30T14:47:50.360Z INFO  gresse::network] replica 8 registered bidirectional network channel for replica 6
[2026-04-30T14:47:50.360Z INFO  gresse::replica] replica 8 established peer replication connection with replica 6
[2026-04-30T14:47:50.379Z INFO  gresse::network] replica 8 completed network handshake with replica 1
[2026-04-30T14:47:50.379Z INFO  gresse::network] replica 8 registered bidirectional network channel for replica 1
[2026-04-30T14:47:50.379Z INFO  gresse::replica] replica 8 established peer replication connection with replica 1
[2026-04-30T14:47:50.612Z INFO  gresse::network] replica 8 completed network handshake with replica 2
[2026-04-30T14:47:50.612Z INFO  gresse::network] replica 8 registered bidirectional network channel for replica 2
[2026-04-30T14:47:50.612Z INFO  gresse::replica] replica 8 established peer replication connection with replica 2
[2026-04-30T14:47:50.632Z INFO  gresse::network] replica 8 completed network handshake with replica 7
[2026-04-30T14:47:50.632Z INFO  gresse::network] replica 8 registered bidirectional network channel for replica 7
[2026-04-30T14:47:50.632Z INFO  gresse::replica] replica 8 established peer replication connection with replica 7
[2026-04-30T14:47:50.859Z INFO  gresse::network] replica 8 completed network handshake with replica 3
[2026-04-30T14:47:50.859Z INFO  gresse::network] replica 8 registered bidirectional network channel for replica 3
[2026-04-30T14:47:50.891Z INFO  gresse::replica] replica 8 established peer replication connection with replica 3
[2026-04-30T14:48:46.760Z INFO  gresse::replica] replica 8 gc departed_pids=None updated_stable=DotSet { set: {2: 7055, 7: 5423, 4: 5886, 1: 8354, 3: 6349, 5: 5654, 8: 5193, 6: 5662} }
[2026-04-30T14:48:46.886Z INFO  gresse::replica] replica 8 completed gc round
[2026-04-30T14:49:20.897Z INFO  gresse::replica] replica 8 observed shutdown descriptor for replica 1 with final counter Some(14418)
[2026-04-30T14:49:21.045Z INFO  gresse::replica] replica 8 observed shutdown descriptor for replica 2 with final counter Some(12836)

thread 'tokio-rt-worker' (78474) panicked at /home/adamhass/Gresse/src/network.rs:261:22:
Failed to send message: Os { code: 32, kind: BrokenPipe, message: "Broken pipe" }
note: run with `RUST_BACKTRACE=1` environment variable to display a backtrace
[2026-04-30T14:49:21.924Z INFO  gresse::replica] replica 8 observed shutdown descriptor for replica 1 with final counter Some(14418)
[2026-04-30T14:49:22.063Z INFO  gresse::replica] replica 8 observed shutdown descriptor for replica 2 with final counter Some(12836)
[2026-04-30T14:49:22.187Z INFO  gresse::replica] replica 8 observed shutdown descriptor for replica 3 with final counter Some(12584)
[2026-04-30T14:49:22.318Z INFO  gresse::replica] replica 8 observed shutdown descriptor for replica 4 with final counter Some(11845)

thread 'tokio-rt-worker' (78524) panicked at /home/adamhass/Gresse/src/network.rs:261:22:
Failed to send message: Os { code: 32, kind: BrokenPipe, message: "Broken pipe" }
[2026-04-30T14:49:22.800Z INFO  gresse::replica] shutdown signal received for replica 8
[2026-04-30T14:49:22.800Z INFO  gresse::replica] replica 8 shutting down with 3 connected writers
[2026-04-30T14:49:22.941Z INFO  gresse::http_server] http server received shutdown signal
[2026-04-30T14:49:22.941Z INFO  gresse::http_server] http server shutdown complete
[2026-04-30T14:49:22.941Z INFO  gresse::network] network manager for replica 8 shutdown complete
