[2026-09-01T09:53:43.052Z INFO  gresse::http_server] running CRDT HTTP server
[2026-09-01T09:53:43.052Z INFO  gresse::http_server] listening for HTTP on 0.0.0.0:18081
[2026-09-01T09:53:43.084Z INFO  gresse::replica] replica 178825480714264205 initiating runtime at bind_http=0.0.0.0:18081 bind_internal=0.0.0.0:19081 advertised_internal=16.170.108.158:19081
[2026-09-01T09:53:43.131Z INFO  gresse::object_storage] object storage connection established: backend=s3, bucket=gresse-geo-035351467464-20260901084800-ec90d0, region=eu-north-1, endpoint=AWS default endpoint resolution, first_operation=put-create, object_path=acm-sec-geo-churn-20260901T092623Z-21106dd4/membership/178825480714264205,16.170.108.158:19081,10
[2026-09-01T09:53:43.195Z INFO  gresse::replica] replica 178825480714264205 restored local state from durability journal before startup
[2026-09-01T09:53:43.195Z INFO  gresse::replica] replica 178825480714264205 discovered 110 membership descriptors during init
[2026-09-01T09:53:43.195Z INFO  gresse::replica] replica 178825480714264205 startup completed
[2026-09-01T09:53:43.195Z INFO  gresse::network] replica 178825480714264205 discovered network member NetworkMember { pid: 178825480714263205, address: 16.170.108.158:19080, final_counter: None }
[2026-09-01T09:53:43.195Z INFO  gresse::network] replica 178825480714264205 discovered network member NetworkMember { pid: 178825480714264204, address: 16.170.108.158:19081, final_counter: None }
[2026-09-01T09:53:43.195Z INFO  gresse::network] replica 178825480714264205 discovered network member NetworkMember { pid: 178825480714265204, address: 16.170.108.158:19082, final_counter: None }
[2026-09-01T09:53:43.195Z INFO  gresse::network] replica 178825480714264205 discovered network member NetworkMember { pid: 178825480714266204, address: 16.170.108.158:19083, final_counter: None }
[2026-09-01T09:53:43.195Z INFO  gresse::network] replica 178825480714264205 discovered network member NetworkMember { pid: 178825480714267204, address: 16.170.108.158:19084, final_counter: None }
[2026-09-01T09:53:43.195Z INFO  gresse::network] replica 178825480714264205 discovered network member NetworkMember { pid: 178825480759179604, address: 3.68.220.182:19080, final_counter: None }
[2026-09-01T09:53:43.195Z INFO  gresse::network] replica 178825480714264205 discovered network member NetworkMember { pid: 178825480759180604, address: 3.68.220.182:19081, final_counter: None }
[2026-09-01T09:53:43.195Z INFO  gresse::network] replica 178825480714264205 discovered network member NetworkMember { pid: 178825480759181604, address: 3.68.220.182:19082, final_counter: None }
[2026-09-01T09:53:43.195Z INFO  gresse::network] replica 178825480714264205 discovered network member NetworkMember { pid: 178825480759182604, address: 3.68.220.182:19083, final_counter: None }
[2026-09-01T09:53:43.195Z INFO  gresse::network] replica 178825480714264205 discovered network member NetworkMember { pid: 178825480759183604, address: 3.68.220.182:19084, final_counter: None }
[2026-09-01T09:53:43.195Z INFO  gresse::network] replica 178825480714264205 discovered network member NetworkMember { pid: 178825480843462704, address: 34.245.195.69:19080, final_counter: None }
[2026-09-01T09:53:43.195Z INFO  gresse::network] replica 178825480714264205 discovered network member NetworkMember { pid: 178825480843463704, address: 34.245.195.69:19081, final_counter: None }
[2026-09-01T09:53:43.195Z INFO  gresse::network] replica 178825480714264205 discovered network member NetworkMember { pid: 178825480843464704, address: 34.245.195.69:19082, final_counter: None }
[2026-09-01T09:53:43.195Z INFO  gresse::network] replica 178825480714264205 discovered network member NetworkMember { pid: 178825480843465704, address: 34.245.195.69:19083, final_counter: None }
[2026-09-01T09:53:43.195Z INFO  gresse::network] replica 178825480714264205 discovered network member NetworkMember { pid: 178825480843466704, address: 34.245.195.69:19084, final_counter: None }
[2026-09-01T09:53:43.195Z INFO  gresse::network] replica 178825480714264205 discovered network member NetworkMember { pid: 178825480957157904, address: 18.130.228.25:19080, final_counter: None }
[2026-09-01T09:53:43.195Z INFO  gresse::network] replica 178825480714264205 discovered network member NetworkMember { pid: 178825480957158904, address: 18.130.228.25:19081, final_counter: None }
[2026-09-01T09:53:43.195Z INFO  gresse::network] replica 178825480714264205 discovered network member NetworkMember { pid: 178825480957159904, address: 18.130.228.25:19082, final_counter: None }
[2026-09-01T09:53:43.195Z INFO  gresse::network] replica 178825480714264205 discovered network member NetworkMember { pid: 178825480957160904, address: 18.130.228.25:19083, final_counter: None }
[2026-09-01T09:53:43.195Z INFO  gresse::network] replica 178825480714264205 discovered network member NetworkMember { pid: 178825480957161904, address: 18.130.228.25:19084, final_counter: None }
[2026-09-01T09:53:43.195Z INFO  gresse::network] replica 178825480714264205 discovered network member NetworkMember { pid: 178825481046239404, address: 13.38.41.188:19080, final_counter: None }
[2026-09-01T09:53:43.195Z INFO  gresse::network] replica 178825480714264205 discovered network member NetworkMember { pid: 178825481046240404, address: 13.38.41.188:19081, final_counter: None }
[2026-09-01T09:53:43.195Z INFO  gresse::network] replica 178825480714264205 discovered network member NetworkMember { pid: 178825481046241404, address: 13.38.41.188:19082, final_counter: None }
[2026-09-01T09:53:43.196Z INFO  gresse::network] replica 178825480714264205 discovered network member NetworkMember { pid: 178825481046242404, address: 13.38.41.188:19083, final_counter: None }
[2026-09-01T09:53:43.196Z WARN  gresse::network] replica 178825480714264205 peer connection attempt failed: could not connect to 16.170.108.158:19082: Connection refused (os error 111)
[2026-09-01T09:53:43.196Z INFO  gresse::network] replica 178825480714264205 registered bidirectional network channel for replica 178825480714267204
[2026-09-01T09:53:43.196Z INFO  gresse::replica] replica 178825480714264205 established peer replication connection with replica 178825480714267204
[2026-09-01T09:53:43.196Z INFO  gresse::network] replica 178825480714264205 registered bidirectional network channel for replica 178825480714266204
[2026-09-01T09:53:43.196Z INFO  gresse::replica] replica 178825480714264205 established peer replication connection with replica 178825480714266204
[2026-09-01T09:53:43.196Z INFO  gresse::replica] replica 178825480714264205 established peer replication connection with replica 178825480714264205
[2026-09-01T09:53:43.196Z INFO  gresse::network] replica 178825480714264205 registered bidirectional network channel for replica 178825480714264205
[2026-09-01T09:53:43.196Z INFO  gresse::network] replica 178825480714264205 registered bidirectional network channel for replica 178825480714263205
[2026-09-01T09:53:43.196Z INFO  gresse::replica] replica 178825480714264205 established peer replication connection with replica 178825480714263205
[2026-09-01T09:53:43.196Z WARN  gresse::network] replica 178825480714264205 rejected peer handshake: expected 178825480714264204, received 178825480714264205
[2026-09-01T09:53:43.243Z INFO  gresse::replica] replica 178825480714264205 established peer replication connection with replica 178825480759181604
[2026-09-01T09:53:43.243Z INFO  gresse::network] replica 178825480714264205 registered bidirectional network channel for replica 178825480759181604
[2026-09-01T09:53:43.243Z INFO  gresse::network] replica 178825480714264205 registered bidirectional network channel for replica 178825480759182604
[2026-09-01T09:53:43.243Z INFO  gresse::replica] replica 178825480714264205 established peer replication connection with replica 178825480759182604
[2026-09-01T09:53:43.243Z INFO  gresse::network] replica 178825480714264205 registered bidirectional network channel for replica 178825480759183604
[2026-09-01T09:53:43.243Z INFO  gresse::replica] replica 178825480714264205 established peer replication connection with replica 178825480759183604
[2026-09-01T09:53:43.243Z INFO  gresse::network] replica 178825480714264205 registered bidirectional network channel for replica 178825480759180604
[2026-09-01T09:53:43.243Z INFO  gresse::network] replica 178825480714264205 registered bidirectional network channel for replica 178825480759179604
[2026-09-01T09:53:43.243Z INFO  gresse::replica] replica 178825480714264205 established peer replication connection with replica 178825480759180604
[2026-09-01T09:53:43.243Z INFO  gresse::replica] replica 178825480714264205 established peer replication connection with replica 178825480759179604
[2026-09-01T09:53:43.251Z INFO  gresse::network] replica 178825480714264205 registered bidirectional network channel for replica 178825480957161904
[2026-09-01T09:53:43.251Z INFO  gresse::replica] replica 178825480714264205 established peer replication connection with replica 178825480957161904
[2026-09-01T09:53:43.251Z INFO  gresse::network] replica 178825480714264205 registered bidirectional network channel for replica 178825480957158904
[2026-09-01T09:53:43.251Z INFO  gresse::replica] replica 178825480714264205 established peer replication connection with replica 178825480957158904
[2026-09-01T09:53:43.251Z INFO  gresse::network] replica 178825480714264205 registered bidirectional network channel for replica 178825480957157904
[2026-09-01T09:53:43.251Z INFO  gresse::replica] replica 178825480714264205 established peer replication connection with replica 178825480957157904
[2026-09-01T09:53:43.251Z INFO  gresse::network] replica 178825480714264205 registered bidirectional network channel for replica 178825480957159904
[2026-09-01T09:53:43.251Z INFO  gresse::replica] replica 178825480714264205 established peer replication connection with replica 178825480957159904
[2026-09-01T09:53:43.253Z INFO  gresse::network] replica 178825480714264205 registered bidirectional network channel for replica 178825480957160904
[2026-09-01T09:53:43.253Z INFO  gresse::replica] replica 178825480714264205 established peer replication connection with replica 178825480957160904
[2026-09-01T09:53:43.258Z INFO  gresse::network] replica 178825480714264205 registered bidirectional network channel for replica 178825481046239404
[2026-09-01T09:53:43.258Z INFO  gresse::replica] replica 178825480714264205 established peer replication connection with replica 178825481046239404
[2026-09-01T09:53:43.258Z INFO  gresse::network] replica 178825480714264205 registered bidirectional network channel for replica 178825481046240404
[2026-09-01T09:53:43.258Z INFO  gresse::replica] replica 178825480714264205 established peer replication connection with replica 178825481046240404
[2026-09-01T09:53:43.259Z INFO  gresse::network] replica 178825480714264205 registered bidirectional network channel for replica 178825481046241404
[2026-09-01T09:53:43.259Z INFO  gresse::replica] replica 178825480714264205 established peer replication connection with replica 178825481046241404
[2026-09-01T09:53:43.280Z INFO  gresse::network] replica 178825480714264205 registered bidirectional network channel for replica 178825480843462704
[2026-09-01T09:53:43.281Z INFO  gresse::replica] replica 178825480714264205 established peer replication connection with replica 178825480843462704
[2026-09-01T09:53:43.281Z INFO  gresse::network] replica 178825480714264205 registered bidirectional network channel for replica 178825480843464704
[2026-09-01T09:53:43.281Z INFO  gresse::replica] replica 178825480714264205 established peer replication connection with replica 178825480843464704
[2026-09-01T09:53:43.281Z INFO  gresse::network] replica 178825480714264205 registered bidirectional network channel for replica 178825480843466704
[2026-09-01T09:53:43.281Z INFO  gresse::replica] replica 178825480714264205 established peer replication connection with replica 178825480843466704
[2026-09-01T09:53:43.281Z INFO  gresse::network] replica 178825480714264205 registered bidirectional network channel for replica 178825480843465704
[2026-09-01T09:53:43.281Z INFO  gresse::replica] replica 178825480714264205 established peer replication connection with replica 178825480843465704
[2026-09-01T09:53:43.281Z INFO  gresse::network] replica 178825480714264205 registered bidirectional network channel for replica 178825480843463704
[2026-09-01T09:53:43.281Z INFO  gresse::replica] replica 178825480714264205 established peer replication connection with replica 178825480843463704
[2026-09-01T09:53:43.343Z INFO  gresse::network] replica 178825480714264205 registered bidirectional network channel for replica 178825481046242404
[2026-09-01T09:53:43.343Z INFO  gresse::replica] replica 178825480714264205 established peer replication connection with replica 178825481046242404
[2026-09-01T09:53:43.864Z INFO  gresse::network] replica 178825480714264205 registered bidirectional network channel for replica 178825480714265205
[2026-09-01T09:53:43.864Z INFO  gresse::replica] replica 178825480714264205 established peer replication connection with replica 178825480714265205
[2026-09-01T09:53:44.135Z INFO  gresse::network] replica 178825480714264205 registered bidirectional network channel for replica 178825481046243404
[2026-09-01T09:53:44.135Z INFO  gresse::replica] replica 178825480714264205 established peer replication connection with replica 178825481046243404
[2026-09-01T09:53:48.118Z INFO  gresse::replica] replica 178825480714264205 observed shutdown descriptor for replica 178825480759180603 with final counter Some(840)
[2026-09-01T09:53:48.325Z INFO  gresse::replica] replica 178825480714264205 observed shutdown descriptor for replica 178825480843462703 with final counter Some(1555)
[2026-09-01T09:53:48.555Z INFO  gresse::replica] replica 178825480714264205 observed shutdown descriptor for replica 178825480843463703 with final counter Some(843)
[2026-09-01T09:53:48.770Z INFO  gresse::replica] replica 178825480714264205 observed shutdown descriptor for replica 178825480843464703 with final counter Some(840)
[2026-09-01T09:53:49.003Z INFO  gresse::replica] replica 178825480714264205 observed shutdown descriptor for replica 178825480957158903 with final counter Some(1286)
[2026-09-01T09:53:49.241Z INFO  gresse::replica] replica 178825480714264205 observed shutdown descriptor for replica 178825480957159903 with final counter Some(870)
[2026-09-01T09:53:49.506Z INFO  gresse::replica] replica 178825480714264205 observed shutdown descriptor for replica 178825480957160903 with final counter Some(869)
[2026-09-01T09:53:49.747Z INFO  gresse::replica] replica 178825480714264205 observed shutdown descriptor for replica 178825481046241403 with final counter Some(1235)
[2026-09-01T09:53:49.967Z INFO  gresse::replica] replica 178825480714264205 observed shutdown descriptor for replica 178825481046242403 with final counter Some(921)
[2026-09-01T09:53:50.180Z INFO  gresse::replica] replica 178825480714264205 observed shutdown descriptor for replica 178825481046243403 with final counter Some(920)
[2026-09-01T09:54:08.197Z WARN  gresse::network] peer connection write failed: Broken pipe (os error 32)
[2026-09-01T09:54:17.197Z WARN  gresse::replica] replica 178825480714264205 deferred pull request to peer 178825480714264205: channel closed
[2026-09-01T09:54:43.109Z INFO  gresse::replica] replica 178825480714264205 observed shutdown descriptor for replica 178825480714266204 with final counter Some(1287)
[2026-09-01T09:54:43.328Z INFO  gresse::replica] replica 178825480714264205 observed shutdown descriptor for replica 178825480714267204 with final counter Some(1022)
[2026-09-01T09:54:43.540Z INFO  gresse::replica] replica 178825480714264205 observed shutdown descriptor for replica 178825480759179604 with final counter Some(846)
[2026-09-01T09:55:07.197Z WARN  gresse::network] peer connection write failed: Broken pipe (os error 32)
[2026-09-01T09:55:08.197Z WARN  gresse::network] peer connection write failed: Broken pipe (os error 32)
[2026-09-01T09:55:16.197Z WARN  gresse::replica] replica 178825480714264205 deferred pull request to peer 178825480759181604: channel closed
[2026-09-01T09:55:17.197Z WARN  gresse::replica] replica 178825480714264205 deferred pull request to peer 178825480759180604: channel closed
[2026-09-01T09:55:36.197Z WARN  gresse::network] peer connection write failed: Broken pipe (os error 32)
[2026-09-01T09:55:42.348Z INFO  gresse::network] replica 178825480714264205 registered bidirectional network channel for replica 178825480714266205
[2026-09-01T09:55:42.348Z INFO  gresse::replica] replica 178825480714264205 established peer replication connection with replica 178825480714266205
[2026-09-01T09:55:42.623Z INFO  gresse::network] replica 178825480714264205 registered bidirectional network channel for replica 178825480759179605
[2026-09-01T09:55:42.623Z INFO  gresse::replica] replica 178825480714264205 established peer replication connection with replica 178825480759179605
[2026-09-01T09:55:42.799Z INFO  gresse::network] replica 178825480714264205 registered bidirectional network channel for replica 178825480714267205
[2026-09-01T09:55:42.799Z INFO  gresse::replica] replica 178825480714264205 established peer replication connection with replica 178825480714267205
[2026-09-01T09:55:43.470Z INFO  gresse::network] replica 178825480714264205 registered bidirectional network channel for replica 178825480759180605
[2026-09-01T09:55:43.470Z INFO  gresse::replica] replica 178825480714264205 established peer replication connection with replica 178825480759180605
[2026-09-01T09:55:44.163Z INFO  gresse::network] replica 178825480714264205 registered bidirectional network channel for replica 178825480759181605
[2026-09-01T09:55:44.163Z INFO  gresse::replica] replica 178825480714264205 established peer replication connection with replica 178825480759181605
[2026-09-01T09:55:44.883Z INFO  gresse::network] replica 178825480714264205 registered bidirectional network channel for replica 178825480759182605
[2026-09-01T09:55:44.883Z INFO  gresse::replica] replica 178825480714264205 established peer replication connection with replica 178825480759182605
[2026-09-01T09:55:51.197Z WARN  gresse::replica] replica 178825480714264205 deferred pull request to peer 178825480759182604: channel closed
[2026-09-01T09:56:43.104Z INFO  gresse::replica] replica 178825480714264205 observed shutdown descriptor for replica 178825480759183604 with final counter Some(1553)
[2026-09-01T09:56:43.350Z INFO  gresse::replica] replica 178825480714264205 observed shutdown descriptor for replica 178825480843462704 with final counter Some(848)
[2026-09-01T09:56:48.107Z INFO  gresse::replica] replica 178825480714264205 observed shutdown descriptor for replica 178825480843463704 with final counter Some(841)
[2026-09-01T09:57:12.197Z WARN  gresse::network] peer connection write failed: Broken pipe (os error 32)
[2026-09-01T09:57:14.197Z WARN  gresse::replica] replica 178825480714264205 deferred pull request to peer 178825480843465704: channel closed
[2026-09-01T09:57:17.197Z WARN  gresse::network] peer connection write failed: Broken pipe (os error 32)
[2026-09-01T09:57:24.196Z WARN  gresse::replica] replica 178825480714264205 deferred pull request to peer 178825480843466704: channel closed
[2026-09-01T09:57:28.197Z WARN  gresse::network] peer connection write failed: Broken pipe (os error 32)
[2026-09-01T09:57:31.197Z WARN  gresse::replica] replica 178825480714264205 deferred pull request to peer 178825480843464704: channel closed
[2026-09-01T09:57:42.729Z INFO  gresse::network] replica 178825480714264205 registered bidirectional network channel for replica 178825480759183605
[2026-09-01T09:57:42.729Z INFO  gresse::replica] replica 178825480714264205 established peer replication connection with replica 178825480759183605
[2026-09-01T09:57:43.024Z INFO  gresse::network] replica 178825480714264205 registered bidirectional network channel for replica 178825480843462705
[2026-09-01T09:57:43.024Z INFO  gresse::replica] replica 178825480714264205 established peer replication connection with replica 178825480843462705
[2026-09-01T09:57:43.949Z INFO  gresse::network] replica 178825480714264205 registered bidirectional network channel for replica 178825480843463705
[2026-09-01T09:57:43.949Z INFO  gresse::replica] replica 178825480714264205 established peer replication connection with replica 178825480843463705
[2026-09-01T09:57:45.208Z INFO  gresse::network] replica 178825480714264205 registered bidirectional network channel for replica 178825480843464705
[2026-09-01T09:57:45.208Z INFO  gresse::replica] replica 178825480714264205 established peer replication connection with replica 178825480843464705
[2026-09-01T09:57:46.128Z INFO  gresse::network] replica 178825480714264205 registered bidirectional network channel for replica 178825480843465705
[2026-09-01T09:57:46.128Z INFO  gresse::replica] replica 178825480714264205 established peer replication connection with replica 178825480843465705
[2026-09-01T09:57:47.142Z INFO  gresse::network] replica 178825480714264205 registered bidirectional network channel for replica 178825480843466705
[2026-09-01T09:57:47.142Z INFO  gresse::replica] replica 178825480714264205 established peer replication connection with replica 178825480843466705
[2026-09-01T09:58:43.105Z INFO  gresse::replica] replica 178825480714264205 observed shutdown descriptor for replica 178825480957157904 with final counter Some(1552)
[2026-09-01T09:58:48.121Z INFO  gresse::replica] replica 178825480714264205 observed shutdown descriptor for replica 178825480957158904 with final counter Some(841)
[2026-09-01T09:58:48.466Z INFO  gresse::replica] replica 178825480714264205 observed shutdown descriptor for replica 178825480957159904 with final counter Some(839)
[2026-09-01T09:58:50.197Z WARN  gresse::network] peer connection write failed: Broken pipe (os error 32)
[2026-09-01T09:58:54.197Z WARN  gresse::network] peer connection write failed: Broken pipe (os error 32)
[2026-09-01T09:58:55.197Z WARN  gresse::replica] replica 178825480714264205 deferred pull request to peer 178825481046239404: channel closed
[2026-09-01T09:58:57.197Z WARN  gresse::replica] replica 178825480714264205 deferred pull request to peer 178825480957161904: channel closed
[2026-09-01T09:59:35.197Z WARN  gresse::network] peer connection write failed: Broken pipe (os error 32)
[2026-09-01T09:59:42.710Z INFO  gresse::network] replica 178825480714264205 registered bidirectional network channel for replica 178825480957157905
[2026-09-01T09:59:42.710Z INFO  gresse::replica] replica 178825480714264205 established peer replication connection with replica 178825480957157905
[2026-09-01T09:59:43.067Z INFO  gresse::network] replica 178825480714264205 registered bidirectional network channel for replica 178825481046239405
[2026-09-01T09:59:43.067Z INFO  gresse::replica] replica 178825480714264205 established peer replication connection with replica 178825481046239405
[2026-09-01T09:59:43.109Z INFO  gresse::network] replica 178825480714264205 discovered network member NetworkMember { pid: 178825480957158905, address: 18.130.228.25:19081, final_counter: None }
[2026-09-01T09:59:43.509Z INFO  gresse::network] replica 178825480714264205 registered bidirectional network channel for replica 178825480957158905
[2026-09-01T09:59:44.000Z INFO  gresse::replica] replica 178825480714264205 established peer replication connection with replica 178825480957158905
[2026-09-01T09:59:44.209Z INFO  gresse::network] replica 178825480714264205 registered bidirectional network channel for replica 178825480957159905
[2026-09-01T09:59:44.209Z INFO  gresse::replica] replica 178825480714264205 established peer replication connection with replica 178825480957159905
[2026-09-01T09:59:45.032Z INFO  gresse::network] replica 178825480714264205 registered bidirectional network channel for replica 178825480957160905
[2026-09-01T09:59:45.032Z INFO  gresse::replica] replica 178825480714264205 established peer replication connection with replica 178825480957160905
[2026-09-01T09:59:46.120Z INFO  gresse::network] replica 178825480714264205 registered bidirectional network channel for replica 178825480957161905
[2026-09-01T09:59:46.120Z INFO  gresse::replica] replica 178825480714264205 established peer replication connection with replica 178825480957161905
[2026-09-01T10:00:21.196Z WARN  gresse::replica] replica 178825480714264205 deferred pull request to peer 178825480957160904: channel closed
