[2026-08-19T13:51:12.157Z INFO  gresse::http_server] running CRDT HTTP server
[2026-08-19T13:51:12.157Z INFO  gresse::http_server] listening for HTTP on 0.0.0.0:18080
[2026-08-19T13:51:12.189Z INFO  gresse::replica] replica 178714744544926831 initiating runtime at bind_http=0.0.0.0:18080 bind_internal=0.0.0.0:19080 advertised_internal=16.170.40.83:19080
[2026-08-19T13:51:12.224Z INFO  gresse::object_storage] object storage connection established: backend=s3, bucket=gresse-geo-035351467464-20260819104151-566c04, region=eu-north-1, endpoint=AWS default endpoint resolution, first_operation=get, object_path=acm-sec-geo-churn-smoke-20260819T135045Z-25226496/persistent.json
[2026-08-19T13:51:12.270Z INFO  gresse::replica] replica 178714744544926831 discovered 1 membership descriptors during init
[2026-08-19T13:51:12.273Z INFO  gresse::replica] replica 178714744544926831 startup completed
[2026-08-19T13:51:12.946Z INFO  gresse::network] replica 178714744544926831 registered bidirectional network channel for replica 178714744544926832
[2026-08-19T13:51:12.946Z INFO  gresse::replica] replica 178714744544926831 established peer replication connection with replica 178714744544926832
[2026-08-19T13:51:13.592Z INFO  gresse::replica] replica 178714744544926831 established peer replication connection with replica 178714744544926833
[2026-08-19T13:51:13.592Z INFO  gresse::network] replica 178714744544926831 registered bidirectional network channel for replica 178714744544926833
[2026-08-19T13:51:14.253Z INFO  gresse::network] replica 178714744544926831 registered bidirectional network channel for replica 178714744544926834
[2026-08-19T13:51:14.253Z INFO  gresse::replica] replica 178714744544926831 established peer replication connection with replica 178714744544926834
[2026-08-19T13:51:14.841Z INFO  gresse::network] replica 178714744544926831 registered bidirectional network channel for replica 178714744544926835
[2026-08-19T13:51:14.841Z INFO  gresse::replica] replica 178714744544926831 established peer replication connection with replica 178714744544926835
[2026-08-19T13:51:15.891Z INFO  gresse::network] replica 178714744544926831 registered bidirectional network channel for replica 178714744544926836
[2026-08-19T13:51:15.891Z INFO  gresse::replica] replica 178714744544926831 established peer replication connection with replica 178714744544926836
[2026-08-19T13:51:16.906Z INFO  gresse::network] replica 178714744544926831 registered bidirectional network channel for replica 178714744544926837
[2026-08-19T13:51:16.906Z INFO  gresse::replica] replica 178714744544926831 established peer replication connection with replica 178714744544926837
[2026-08-19T13:51:17.956Z INFO  gresse::network] replica 178714744544926831 registered bidirectional network channel for replica 178714744544926838
[2026-08-19T13:51:17.956Z INFO  gresse::replica] replica 178714744544926831 established peer replication connection with replica 178714744544926838
[2026-08-19T13:51:18.956Z INFO  gresse::network] replica 178714744544926831 registered bidirectional network channel for replica 178714744544926839
[2026-08-19T13:51:18.956Z INFO  gresse::replica] replica 178714744544926831 established peer replication connection with replica 178714744544926839
[2026-08-19T13:51:19.942Z INFO  gresse::network] replica 178714744544926831 registered bidirectional network channel for replica 178714744544926840
[2026-08-19T13:51:19.942Z INFO  gresse::replica] replica 178714744544926831 established peer replication connection with replica 178714744544926840
[2026-08-19T13:51:22.210Z INFO  gresse::network] replica 178714744544926831 discovered network member NetworkMember { pid: 178714744544926841, address: 13.219.225.164:19080, final_counter: None }
[2026-08-19T13:51:22.432Z INFO  gresse::network] replica 178714744544926831 registered bidirectional network channel for replica 178714744544926841
[2026-08-19T13:51:22.432Z INFO  gresse::replica] replica 178714744544926831 established peer replication connection with replica 178714744544926841
[2026-08-19T13:51:25.478Z INFO  gresse::network] replica 178714744544926831 registered bidirectional network channel for replica 178714744544926842
[2026-08-19T13:51:25.478Z INFO  gresse::replica] replica 178714744544926831 established peer replication connection with replica 178714744544926842
[2026-08-19T13:51:28.711Z INFO  gresse::network] replica 178714744544926831 registered bidirectional network channel for replica 178714744544926843
[2026-08-19T13:51:28.711Z INFO  gresse::replica] replica 178714744544926831 established peer replication connection with replica 178714744544926843
[2026-08-19T13:51:31.686Z INFO  gresse::network] replica 178714744544926831 registered bidirectional network channel for replica 178714744544926844
[2026-08-19T13:51:31.686Z INFO  gresse::replica] replica 178714744544926831 established peer replication connection with replica 178714744544926844
[2026-08-19T13:51:34.699Z INFO  gresse::network] replica 178714744544926831 registered bidirectional network channel for replica 178714744544926845
[2026-08-19T13:51:34.699Z INFO  gresse::replica] replica 178714744544926831 established peer replication connection with replica 178714744544926845
[2026-08-19T13:51:39.041Z INFO  gresse::network] replica 178714744544926831 registered bidirectional network channel for replica 178714744544926846
[2026-08-19T13:51:39.041Z INFO  gresse::replica] replica 178714744544926831 established peer replication connection with replica 178714744544926846
[2026-08-19T13:51:44.221Z INFO  gresse::network] replica 178714744544926831 registered bidirectional network channel for replica 178714744544926847
[2026-08-19T13:51:44.221Z INFO  gresse::replica] replica 178714744544926831 established peer replication connection with replica 178714744544926847
[2026-08-19T13:51:49.461Z INFO  gresse::network] replica 178714744544926831 registered bidirectional network channel for replica 178714744544926848
[2026-08-19T13:51:49.461Z INFO  gresse::replica] replica 178714744544926831 established peer replication connection with replica 178714744544926848
[2026-08-19T13:51:54.898Z INFO  gresse::network] replica 178714744544926831 registered bidirectional network channel for replica 178714744544926849
[2026-08-19T13:51:54.898Z INFO  gresse::replica] replica 178714744544926831 established peer replication connection with replica 178714744544926849
[2026-08-19T13:52:00.532Z INFO  gresse::network] replica 178714744544926831 registered bidirectional network channel for replica 178714744544926850
[2026-08-19T13:52:00.532Z INFO  gresse::replica] replica 178714744544926831 established peer replication connection with replica 178714744544926850
[2026-08-19T13:52:07.209Z INFO  gresse::network] replica 178714744544926831 discovered network member NetworkMember { pid: 178714744544926851, address: 47.129.167.193:19080, final_counter: None }
[2026-08-19T13:52:07.461Z INFO  gresse::network] replica 178714744544926831 registered bidirectional network channel for replica 178714744544926851
[2026-08-19T13:52:07.461Z INFO  gresse::replica] replica 178714744544926831 established peer replication connection with replica 178714744544926851
[2026-08-19T13:52:15.438Z INFO  gresse::network] replica 178714744544926831 registered bidirectional network channel for replica 178714744544926852
[2026-08-19T13:52:15.438Z INFO  gresse::replica] replica 178714744544926831 established peer replication connection with replica 178714744544926852
[2026-08-19T13:52:23.718Z INFO  gresse::network] replica 178714744544926831 registered bidirectional network channel for replica 178714744544926853
[2026-08-19T13:52:23.718Z INFO  gresse::replica] replica 178714744544926831 established peer replication connection with replica 178714744544926853
[2026-08-19T13:52:31.273Z WARN  gresse::network] peer connection write failed: Broken pipe (os error 32)
[2026-08-19T13:52:31.986Z INFO  gresse::network] replica 178714744544926831 registered bidirectional network channel for replica 178714744544926854
[2026-08-19T13:52:31.986Z INFO  gresse::replica] replica 178714744544926831 established peer replication connection with replica 178714744544926854
[2026-08-19T13:52:40.199Z INFO  gresse::network] replica 178714744544926831 registered bidirectional network channel for replica 178714744544926855
[2026-08-19T13:52:40.199Z INFO  gresse::replica] replica 178714744544926831 established peer replication connection with replica 178714744544926855
[2026-08-19T13:52:46.274Z WARN  gresse::replica] replica 178714744544926831 deferred pull request to peer 178714744544926851: channel closed
[2026-08-19T13:52:48.610Z INFO  gresse::network] replica 178714744544926831 registered bidirectional network channel for replica 178714744544926856
[2026-08-19T13:52:48.610Z INFO  gresse::replica] replica 178714744544926831 established peer replication connection with replica 178714744544926856
[2026-08-19T13:52:56.683Z INFO  gresse::network] replica 178714744544926831 registered bidirectional network channel for replica 178714744544926857
[2026-08-19T13:52:56.683Z INFO  gresse::replica] replica 178714744544926831 established peer replication connection with replica 178714744544926857
[2026-08-19T13:53:05.140Z INFO  gresse::network] replica 178714744544926831 registered bidirectional network channel for replica 178714744544926858
[2026-08-19T13:53:05.141Z INFO  gresse::replica] replica 178714744544926831 established peer replication connection with replica 178714744544926858
[2026-08-19T13:53:13.375Z INFO  gresse::network] replica 178714744544926831 registered bidirectional network channel for replica 178714744544926859
[2026-08-19T13:53:13.375Z INFO  gresse::replica] replica 178714744544926831 established peer replication connection with replica 178714744544926859
[2026-08-19T13:53:21.659Z INFO  gresse::network] replica 178714744544926831 registered bidirectional network channel for replica 178714744544926860
[2026-08-19T13:53:21.659Z INFO  gresse::replica] replica 178714744544926831 established peer replication connection with replica 178714744544926860
