[2026-09-01T09:08:41.208Z INFO  gresse::http_server] running CRDT HTTP server
[2026-09-01T09:08:41.208Z INFO  gresse::http_server] listening for HTTP on 0.0.0.0:18081
[2026-09-01T09:08:41.236Z INFO  gresse::replica] replica 178825366619921101 initiating runtime at bind_http=0.0.0.0:18081 bind_internal=0.0.0.0:19081 advertised_internal=16.170.108.158:19081
[2026-09-01T09:08:41.272Z INFO  gresse::object_storage] object storage connection established: backend=s3, bucket=gresse-geo-035351467464-20260901084800-ec90d0, region=eu-north-1, endpoint=AWS default endpoint resolution, first_operation=get, object_path=acm-sec-geo-churn-smoke-20260901T090724Z-9d5f90d9/persistent.json
[2026-09-01T09:08:41.297Z INFO  gresse::replica] replica 178825366619921101 discovered 6 membership descriptors during init
[2026-09-01T09:08:41.297Z INFO  gresse::replica] replica 178825366619921101 startup completed
[2026-09-01T09:08:41.297Z INFO  gresse::network] replica 178825366619921101 discovered network member NetworkMember { pid: 178825366619920101, address: 16.170.108.158:19080, final_counter: None }
[2026-09-01T09:08:41.297Z INFO  gresse::network] replica 178825366619921101 discovered network member NetworkMember { pid: 178825366664486801, address: 3.68.220.182:19080, final_counter: None }
[2026-09-01T09:08:41.297Z INFO  gresse::network] replica 178825366619921101 discovered network member NetworkMember { pid: 178825366738131701, address: 34.245.195.69:19080, final_counter: None }
[2026-09-01T09:08:41.297Z INFO  gresse::network] replica 178825366619921101 discovered network member NetworkMember { pid: 178825366848206801, address: 18.130.228.25:19080, final_counter: None }
[2026-09-01T09:08:41.297Z INFO  gresse::network] replica 178825366619921101 discovered network member NetworkMember { pid: 178825366935156501, address: 13.38.41.188:19080, final_counter: None }
[2026-09-01T09:08:41.299Z INFO  gresse::network] replica 178825366619921101 registered bidirectional network channel for replica 178825366619920101
[2026-09-01T09:08:41.299Z INFO  gresse::replica] replica 178825366619921101 established peer replication connection with replica 178825366619920101
[2026-09-01T09:08:41.346Z INFO  gresse::network] replica 178825366619921101 registered bidirectional network channel for replica 178825366664486801
[2026-09-01T09:08:41.346Z INFO  gresse::replica] replica 178825366619921101 established peer replication connection with replica 178825366664486801
[2026-09-01T09:08:41.355Z INFO  gresse::network] replica 178825366619921101 registered bidirectional network channel for replica 178825366848206801
[2026-09-01T09:08:41.355Z INFO  gresse::replica] replica 178825366619921101 established peer replication connection with replica 178825366848206801
[2026-09-01T09:08:41.360Z INFO  gresse::network] replica 178825366619921101 registered bidirectional network channel for replica 178825366935156501
[2026-09-01T09:08:41.360Z INFO  gresse::replica] replica 178825366619921101 established peer replication connection with replica 178825366935156501
[2026-09-01T09:08:41.382Z INFO  gresse::network] replica 178825366619921101 registered bidirectional network channel for replica 178825366738131701
[2026-09-01T09:08:41.382Z INFO  gresse::replica] replica 178825366619921101 established peer replication connection with replica 178825366738131701
[2026-09-01T09:08:41.403Z INFO  gresse::network] replica 178825366619921101 registered bidirectional network channel for replica 178825366619922101
[2026-09-01T09:08:41.403Z INFO  gresse::replica] replica 178825366619921101 established peer replication connection with replica 178825366619922101
[2026-09-01T09:08:41.440Z INFO  gresse::replica] replica 178825366619921101 established peer replication connection with replica 178825366848207801
[2026-09-01T09:08:41.440Z INFO  gresse::network] replica 178825366619921101 registered bidirectional network channel for replica 178825366848207801
[2026-09-01T09:08:41.505Z INFO  gresse::network] replica 178825366619921101 registered bidirectional network channel for replica 178825366619923101
[2026-09-01T09:08:41.505Z INFO  gresse::replica] replica 178825366619921101 established peer replication connection with replica 178825366619923101
[2026-09-01T09:08:41.528Z INFO  gresse::network] replica 178825366619921101 registered bidirectional network channel for replica 178825366664487801
[2026-09-01T09:08:41.528Z INFO  gresse::replica] replica 178825366619921101 established peer replication connection with replica 178825366664487801
[2026-09-01T09:08:41.557Z INFO  gresse::network] replica 178825366619921101 registered bidirectional network channel for replica 178825366935157501
[2026-09-01T09:08:41.557Z INFO  gresse::replica] replica 178825366619921101 established peer replication connection with replica 178825366935157501
[2026-09-01T09:08:41.619Z INFO  gresse::network] replica 178825366619921101 registered bidirectional network channel for replica 178825366619924101
[2026-09-01T09:08:41.619Z INFO  gresse::replica] replica 178825366619921101 established peer replication connection with replica 178825366619924101
[2026-09-01T09:08:41.625Z INFO  gresse::network] replica 178825366619921101 registered bidirectional network channel for replica 178825366738132701
[2026-09-01T09:08:41.625Z INFO  gresse::replica] replica 178825366619921101 established peer replication connection with replica 178825366738132701
[2026-09-01T09:08:41.647Z INFO  gresse::network] replica 178825366619921101 registered bidirectional network channel for replica 178825366848208801
[2026-09-01T09:08:41.647Z INFO  gresse::replica] replica 178825366619921101 established peer replication connection with replica 178825366848208801
[2026-09-01T09:08:41.742Z INFO  gresse::network] replica 178825366619921101 registered bidirectional network channel for replica 178825366664488801
[2026-09-01T09:08:41.742Z INFO  gresse::replica] replica 178825366619921101 established peer replication connection with replica 178825366664488801
[2026-09-01T09:08:41.843Z INFO  gresse::network] replica 178825366619921101 registered bidirectional network channel for replica 178825366848209801
[2026-09-01T09:08:41.843Z INFO  gresse::replica] replica 178825366619921101 established peer replication connection with replica 178825366848209801
[2026-09-01T09:08:41.873Z INFO  gresse::network] replica 178825366619921101 registered bidirectional network channel for replica 178825366935158501
[2026-09-01T09:08:41.873Z INFO  gresse::replica] replica 178825366619921101 established peer replication connection with replica 178825366935158501
[2026-09-01T09:08:41.930Z INFO  gresse::network] replica 178825366619921101 registered bidirectional network channel for replica 178825366738133701
[2026-09-01T09:08:41.930Z INFO  gresse::replica] replica 178825366619921101 established peer replication connection with replica 178825366738133701
[2026-09-01T09:08:41.936Z INFO  gresse::network] replica 178825366619921101 registered bidirectional network channel for replica 178825366664489801
[2026-09-01T09:08:41.936Z INFO  gresse::replica] replica 178825366619921101 established peer replication connection with replica 178825366664489801
[2026-09-01T09:08:42.043Z INFO  gresse::replica] replica 178825366619921101 established peer replication connection with replica 178825366848210801
[2026-09-01T09:08:42.043Z INFO  gresse::network] replica 178825366619921101 registered bidirectional network channel for replica 178825366848210801
[2026-09-01T09:08:42.154Z INFO  gresse::network] replica 178825366619921101 registered bidirectional network channel for replica 178825366664490801
[2026-09-01T09:08:42.154Z INFO  gresse::replica] replica 178825366619921101 established peer replication connection with replica 178825366664490801
[2026-09-01T09:08:42.174Z INFO  gresse::network] replica 178825366619921101 registered bidirectional network channel for replica 178825366935159501
[2026-09-01T09:08:42.174Z INFO  gresse::replica] replica 178825366619921101 established peer replication connection with replica 178825366935159501
[2026-09-01T09:08:42.229Z INFO  gresse::network] replica 178825366619921101 registered bidirectional network channel for replica 178825366738134701
[2026-09-01T09:08:42.229Z INFO  gresse::replica] replica 178825366619921101 established peer replication connection with replica 178825366738134701
[2026-09-01T09:08:42.471Z INFO  gresse::network] replica 178825366619921101 registered bidirectional network channel for replica 178825366935160501
[2026-09-01T09:08:42.471Z INFO  gresse::replica] replica 178825366619921101 established peer replication connection with replica 178825366935160501
[2026-09-01T09:08:42.543Z INFO  gresse::network] replica 178825366619921101 registered bidirectional network channel for replica 178825366738135701
[2026-09-01T09:08:42.544Z INFO  gresse::replica] replica 178825366619921101 established peer replication connection with replica 178825366738135701
[2026-09-01T09:09:59.299Z WARN  gresse::network] peer connection write failed: Broken pipe (os error 32)
[2026-09-01T09:10:11.119Z INFO  gresse::network] replica 178825366619921101 registered bidirectional network channel for replica 178825366619920102
[2026-09-01T09:10:11.120Z INFO  gresse::replica] replica 178825366619921101 established peer replication connection with replica 178825366619920102
[2026-09-01T09:10:11.284Z INFO  gresse::network] replica 178825366619921101 discovered network member NetworkMember { pid: 178825366738133702, address: 34.245.195.69:19082, final_counter: None }
[2026-09-01T09:10:11.414Z INFO  gresse::network] replica 178825366619921101 registered bidirectional network channel for replica 178825366738133702
[2026-09-01T09:10:11.414Z INFO  gresse::replica] replica 178825366619921101 established peer replication connection with replica 178825366738133702
[2026-09-01T09:10:30.298Z WARN  gresse::network] peer connection write failed: Broken pipe (os error 32)
[2026-09-01T09:10:31.299Z WARN  gresse::replica] replica 178825366619921101 deferred pull request to peer 178825366738133701: channel closed
[2026-09-01T09:10:32.299Z WARN  gresse::replica] replica 178825366619921101 deferred pull request to peer 178825366619920101: channel closed
[2026-09-01T09:10:56.256Z INFO  gresse::replica] replica 178825366619921101 observed shutdown descriptor for replica 178825366664487801 with final counter Some(20)
[2026-09-01T09:10:56.283Z INFO  gresse::replica] replica 178825366619921101 observed shutdown descriptor for replica 178825366848209801 with final counter Some(20)
[2026-09-01T09:11:41.255Z INFO  gresse::network] replica 178825366619921101 discovered network member NetworkMember { pid: 178825366664487802, address: 3.68.220.182:19081, final_counter: None }
[2026-09-01T09:11:41.255Z INFO  gresse::network] replica 178825366619921101 discovered network member NetworkMember { pid: 178825366848209802, address: 18.130.228.25:19083, final_counter: None }
[2026-09-01T09:11:41.260Z INFO  gresse::network] replica 178825366619921101 registered bidirectional network channel for replica 178825366848209802
[2026-09-01T09:11:41.260Z INFO  gresse::replica] replica 178825366619921101 established peer replication connection with replica 178825366848209802
[2026-09-01T09:11:41.305Z INFO  gresse::replica] replica 178825366619921101 established peer replication connection with replica 178825366664487802
[2026-09-01T09:11:41.305Z INFO  gresse::network] replica 178825366619921101 registered bidirectional network channel for replica 178825366664487802
[2026-09-01T09:14:41.121Z INFO  gresse::replica] shutdown signal received for replica 178825366619921101
[2026-09-01T09:14:41.121Z INFO  gresse::replica] replica 178825366619921101 shutting down with 24 connected writers
[2026-09-01T09:14:41.164Z INFO  gresse::http_server] http server received shutdown signal
[2026-09-01T09:14:41.164Z INFO  gresse::http_server] http server shutdown complete
[2026-09-01T09:14:41.164Z INFO  gresse::network] network manager for replica 178825366619921101 shutdown complete
