[2026-08-28T13:26:48.082Z INFO  gresse::http_server] running CRDT HTTP server
[2026-08-28T13:26:48.082Z INFO  gresse::http_server] listening for HTTP on 0.0.0.0:18080
[2026-08-28T13:26:48.119Z INFO  gresse::replica] replica 178792343266886002 initiating runtime at bind_http=0.0.0.0:18080 bind_internal=0.0.0.0:19080 advertised_internal=16.192.159.169:19080
[2026-08-28T13:26:48.167Z INFO  gresse::object_storage] object storage connection established: backend=s3, bucket=gresse-geo-035351467464-20260828124038-be821e, region=eu-north-1, endpoint=AWS default endpoint resolution, first_operation=put-create, object_path=acm-sec-geo-churn-20260828T132329Z-550e9e91/membership/178792343266886002,16.192.159.169:19080,0
[2026-08-28T13:26:48.199Z INFO  gresse::replica] replica 178792343266886002 discovered 66 membership descriptors during init
[2026-08-28T13:26:48.199Z INFO  gresse::replica] replica 178792343266886002 startup completed
[2026-08-28T13:26:48.199Z INFO  gresse::network] replica 178792343266886002 discovered network member NetworkMember { pid: 178792343266889001, address: 16.192.159.169:19083, final_counter: None }
[2026-08-28T13:26:48.199Z INFO  gresse::network] replica 178792343266886002 discovered network member NetworkMember { pid: 178792343266890001, address: 16.192.159.169:19084, final_counter: None }
[2026-08-28T13:26:48.199Z INFO  gresse::network] replica 178792343266886002 discovered network member NetworkMember { pid: 178792343327013801, address: 3.121.180.49:19080, final_counter: None }
[2026-08-28T13:26:48.199Z INFO  gresse::network] replica 178792343266886002 discovered network member NetworkMember { pid: 178792343327014801, address: 3.121.180.49:19081, final_counter: None }
[2026-08-28T13:26:48.199Z INFO  gresse::network] replica 178792343266886002 discovered network member NetworkMember { pid: 178792343327015801, address: 3.121.180.49:19082, final_counter: None }
[2026-08-28T13:26:48.199Z INFO  gresse::network] replica 178792343266886002 discovered network member NetworkMember { pid: 178792343327016801, address: 3.121.180.49:19083, final_counter: None }
[2026-08-28T13:26:48.199Z INFO  gresse::network] replica 178792343266886002 discovered network member NetworkMember { pid: 178792343327017801, address: 3.121.180.49:19084, final_counter: None }
[2026-08-28T13:26:48.199Z INFO  gresse::network] replica 178792343266886002 discovered network member NetworkMember { pid: 178792343404851501, address: 52.17.146.22:19080, final_counter: None }
[2026-08-28T13:26:48.199Z INFO  gresse::network] replica 178792343266886002 discovered network member NetworkMember { pid: 178792343404852501, address: 52.17.146.22:19081, final_counter: None }
[2026-08-28T13:26:48.199Z INFO  gresse::network] replica 178792343266886002 discovered network member NetworkMember { pid: 178792343404853501, address: 52.17.146.22:19082, final_counter: None }
[2026-08-28T13:26:48.199Z INFO  gresse::network] replica 178792343266886002 discovered network member NetworkMember { pid: 178792343404854501, address: 52.17.146.22:19083, final_counter: None }
[2026-08-28T13:26:48.199Z INFO  gresse::network] replica 178792343266886002 discovered network member NetworkMember { pid: 178792343404855501, address: 52.17.146.22:19084, final_counter: None }
[2026-08-28T13:26:48.199Z INFO  gresse::network] replica 178792343266886002 discovered network member NetworkMember { pid: 178792343513164001, address: 3.8.155.72:19080, final_counter: None }
[2026-08-28T13:26:48.199Z INFO  gresse::network] replica 178792343266886002 discovered network member NetworkMember { pid: 178792343513165001, address: 3.8.155.72:19081, final_counter: None }
[2026-08-28T13:26:48.199Z INFO  gresse::network] replica 178792343266886002 discovered network member NetworkMember { pid: 178792343513166001, address: 3.8.155.72:19082, final_counter: None }
[2026-08-28T13:26:48.199Z INFO  gresse::network] replica 178792343266886002 discovered network member NetworkMember { pid: 178792343513167001, address: 3.8.155.72:19083, final_counter: None }
[2026-08-28T13:26:48.199Z INFO  gresse::network] replica 178792343266886002 discovered network member NetworkMember { pid: 178792343513168001, address: 3.8.155.72:19084, final_counter: None }
[2026-08-28T13:26:48.199Z INFO  gresse::network] replica 178792343266886002 discovered network member NetworkMember { pid: 178792343597981001, address: 13.37.225.238:19080, final_counter: None }
[2026-08-28T13:26:48.199Z INFO  gresse::network] replica 178792343266886002 discovered network member NetworkMember { pid: 178792343597982001, address: 13.37.225.238:19081, final_counter: None }
[2026-08-28T13:26:48.199Z INFO  gresse::network] replica 178792343266886002 discovered network member NetworkMember { pid: 178792343597983001, address: 13.37.225.238:19082, final_counter: None }
[2026-08-28T13:26:48.199Z INFO  gresse::network] replica 178792343266886002 discovered network member NetworkMember { pid: 178792343597984001, address: 13.37.225.238:19083, final_counter: None }
[2026-08-28T13:26:48.199Z INFO  gresse::network] replica 178792343266886002 discovered network member NetworkMember { pid: 178792343597985001, address: 13.37.225.238:19084, final_counter: None }
[2026-08-28T13:26:48.199Z WARN  gresse::network] replica 178792343266886002 peer connection attempt failed: could not connect to 16.192.159.169:19083: Connection refused (os error 111)
[2026-08-28T13:26:48.199Z WARN  gresse::network] replica 178792343266886002 peer connection attempt failed: could not connect to 16.192.159.169:19084: Connection refused (os error 111)
[2026-08-28T13:26:48.247Z INFO  gresse::network] replica 178792343266886002 registered bidirectional network channel for replica 178792343327016801
[2026-08-28T13:26:48.247Z INFO  gresse::network] replica 178792343266886002 registered bidirectional network channel for replica 178792343327014801
[2026-08-28T13:26:48.247Z INFO  gresse::replica] replica 178792343266886002 established peer replication connection with replica 178792343327016801
[2026-08-28T13:26:48.247Z INFO  gresse::network] replica 178792343266886002 registered bidirectional network channel for replica 178792343327017801
[2026-08-28T13:26:48.247Z INFO  gresse::replica] replica 178792343266886002 established peer replication connection with replica 178792343327014801
[2026-08-28T13:26:48.247Z INFO  gresse::replica] replica 178792343266886002 established peer replication connection with replica 178792343327017801
[2026-08-28T13:26:48.247Z INFO  gresse::network] replica 178792343266886002 registered bidirectional network channel for replica 178792343327015801
[2026-08-28T13:26:48.247Z INFO  gresse::replica] replica 178792343266886002 established peer replication connection with replica 178792343327015801
[2026-08-28T13:26:48.254Z INFO  gresse::network] replica 178792343266886002 registered bidirectional network channel for replica 178792343513165001
[2026-08-28T13:26:48.254Z INFO  gresse::network] replica 178792343266886002 registered bidirectional network channel for replica 178792343513168001
[2026-08-28T13:26:48.254Z INFO  gresse::replica] replica 178792343266886002 established peer replication connection with replica 178792343513165001
[2026-08-28T13:26:48.254Z INFO  gresse::replica] replica 178792343266886002 established peer replication connection with replica 178792343513168001
[2026-08-28T13:26:48.255Z INFO  gresse::network] replica 178792343266886002 registered bidirectional network channel for replica 178792343513166001
[2026-08-28T13:26:48.255Z INFO  gresse::replica] replica 178792343266886002 established peer replication connection with replica 178792343513166001
[2026-08-28T13:26:48.257Z INFO  gresse::network] replica 178792343266886002 registered bidirectional network channel for replica 178792343513164001
[2026-08-28T13:26:48.257Z INFO  gresse::replica] replica 178792343266886002 established peer replication connection with replica 178792343513164001
[2026-08-28T13:26:48.257Z INFO  gresse::network] replica 178792343266886002 registered bidirectional network channel for replica 178792343513167001
[2026-08-28T13:26:48.257Z INFO  gresse::replica] replica 178792343266886002 established peer replication connection with replica 178792343513167001
[2026-08-28T13:26:48.261Z INFO  gresse::network] replica 178792343266886002 registered bidirectional network channel for replica 178792343597981001
[2026-08-28T13:26:48.261Z INFO  gresse::network] replica 178792343266886002 registered bidirectional network channel for replica 178792343597985001
[2026-08-28T13:26:48.261Z INFO  gresse::replica] replica 178792343266886002 established peer replication connection with replica 178792343597981001
[2026-08-28T13:26:48.261Z INFO  gresse::replica] replica 178792343266886002 established peer replication connection with replica 178792343597985001
[2026-08-28T13:26:48.261Z INFO  gresse::network] replica 178792343266886002 registered bidirectional network channel for replica 178792343597984001
[2026-08-28T13:26:48.261Z INFO  gresse::replica] replica 178792343266886002 established peer replication connection with replica 178792343597984001
[2026-08-28T13:26:48.262Z INFO  gresse::network] replica 178792343266886002 registered bidirectional network channel for replica 178792343597982001
[2026-08-28T13:26:48.262Z INFO  gresse::replica] replica 178792343266886002 established peer replication connection with replica 178792343597982001
[2026-08-28T13:26:48.263Z INFO  gresse::network] replica 178792343266886002 registered bidirectional network channel for replica 178792343597983001
[2026-08-28T13:26:48.263Z INFO  gresse::replica] replica 178792343266886002 established peer replication connection with replica 178792343597983001
[2026-08-28T13:26:48.284Z INFO  gresse::network] replica 178792343266886002 registered bidirectional network channel for replica 178792343404852501
[2026-08-28T13:26:48.284Z INFO  gresse::replica] replica 178792343266886002 established peer replication connection with replica 178792343404852501
[2026-08-28T13:26:48.284Z INFO  gresse::network] replica 178792343266886002 registered bidirectional network channel for replica 178792343404853501
[2026-08-28T13:26:48.284Z INFO  gresse::replica] replica 178792343266886002 established peer replication connection with replica 178792343404853501
[2026-08-28T13:26:48.284Z INFO  gresse::network] replica 178792343266886002 registered bidirectional network channel for replica 178792343404851501
[2026-08-28T13:26:48.284Z INFO  gresse::replica] replica 178792343266886002 established peer replication connection with replica 178792343404851501
[2026-08-28T13:26:48.284Z INFO  gresse::network] replica 178792343266886002 registered bidirectional network channel for replica 178792343404854501
[2026-08-28T13:26:48.284Z INFO  gresse::replica] replica 178792343266886002 established peer replication connection with replica 178792343404854501
[2026-08-28T13:26:48.284Z INFO  gresse::network] replica 178792343266886002 registered bidirectional network channel for replica 178792343404855501
[2026-08-28T13:26:48.284Z INFO  gresse::replica] replica 178792343266886002 established peer replication connection with replica 178792343404855501
[2026-08-28T13:26:48.378Z WARN  gresse::network] replica 178792343266886002 rejected peer handshake: expected 178792343327013801, received 178792343327013802
[2026-08-28T13:26:48.398Z INFO  gresse::network] replica 178792343266886002 registered bidirectional network channel for replica 178792343266887002
[2026-08-28T13:26:48.398Z INFO  gresse::replica] replica 178792343266886002 established peer replication connection with replica 178792343266887002
[2026-08-28T13:26:48.402Z INFO  gresse::replica] replica 178792343266886002 established peer replication connection with replica 178792343327013802
[2026-08-28T13:26:48.402Z INFO  gresse::network] replica 178792343266886002 registered bidirectional network channel for replica 178792343327013802
[2026-08-28T13:26:48.600Z INFO  gresse::network] replica 178792343266886002 registered bidirectional network channel for replica 178792343266888002
[2026-08-28T13:26:48.601Z INFO  gresse::replica] replica 178792343266886002 established peer replication connection with replica 178792343266888002
[2026-08-28T13:26:48.855Z INFO  gresse::network] replica 178792343266886002 registered bidirectional network channel for replica 178792343266889002
[2026-08-28T13:26:48.855Z INFO  gresse::replica] replica 178792343266886002 established peer replication connection with replica 178792343266889002
[2026-08-28T13:26:49.076Z INFO  gresse::network] replica 178792343266886002 registered bidirectional network channel for replica 178792343266890002
[2026-08-28T13:26:49.076Z INFO  gresse::replica] replica 178792343266886002 established peer replication connection with replica 178792343266890002
[2026-08-28T13:26:53.140Z INFO  gresse::replica] replica 178792343266886002 observed shutdown descriptor for replica 178792343266886001 with final counter Some(57)
[2026-08-28T13:26:53.162Z INFO  gresse::replica] replica 178792343266886002 observed shutdown descriptor for replica 178792343266887001 with final counter Some(57)
[2026-08-28T13:26:53.187Z INFO  gresse::replica] replica 178792343266886002 observed shutdown descriptor for replica 178792343266888001 with final counter Some(57)
[2026-08-28T13:27:53.142Z INFO  gresse::replica] replica 178792343266886002 observed shutdown descriptor for replica 178792343327014801 with final counter Some(327)
[2026-08-28T13:27:53.181Z INFO  gresse::replica] replica 178792343266886002 observed shutdown descriptor for replica 178792343327015801 with final counter Some(327)
[2026-08-28T13:27:53.217Z INFO  gresse::replica] replica 178792343266886002 observed shutdown descriptor for replica 178792343327016801 with final counter Some(327)
[2026-08-28T13:27:53.247Z WARN  gresse::network] peer connection write failed: Broken pipe (os error 32)
[2026-08-28T13:28:01.200Z WARN  gresse::network] peer connection write failed: Broken pipe (os error 32)
[2026-08-28T13:28:07.200Z WARN  gresse::replica] replica 178792343266886002 deferred pull request to peer 178792343327013802: channel closed
[2026-08-28T13:28:13.201Z WARN  gresse::replica] replica 178792343266886002 deferred pull request to peer 178792343404851501: channel closed
[2026-08-28T13:28:20.200Z WARN  gresse::network] peer connection write failed: Broken pipe (os error 32)
[2026-08-28T13:28:48.414Z INFO  gresse::network] replica 178792343266886002 registered bidirectional network channel for replica 178792343327014802
[2026-08-28T13:28:48.414Z INFO  gresse::replica] replica 178792343266886002 established peer replication connection with replica 178792343327014802
[2026-08-28T13:28:48.556Z INFO  gresse::network] replica 178792343266886002 registered bidirectional network channel for replica 178792343404851502
[2026-08-28T13:28:48.556Z INFO  gresse::replica] replica 178792343266886002 established peer replication connection with replica 178792343404851502
[2026-08-28T13:28:48.813Z INFO  gresse::network] replica 178792343266886002 registered bidirectional network channel for replica 178792343327015802
[2026-08-28T13:28:48.813Z INFO  gresse::replica] replica 178792343266886002 established peer replication connection with replica 178792343327015802
[2026-08-28T13:28:49.064Z INFO  gresse::network] replica 178792343266886002 registered bidirectional network channel for replica 178792343404852502
[2026-08-28T13:28:49.064Z INFO  gresse::replica] replica 178792343266886002 established peer replication connection with replica 178792343404852502
[2026-08-28T13:28:49.203Z INFO  gresse::network] replica 178792343266886002 registered bidirectional network channel for replica 178792343327016802
[2026-08-28T13:28:49.203Z INFO  gresse::replica] replica 178792343266886002 established peer replication connection with replica 178792343327016802
[2026-08-28T13:28:49.545Z INFO  gresse::network] replica 178792343266886002 registered bidirectional network channel for replica 178792343327017802
[2026-08-28T13:28:49.545Z INFO  gresse::replica] replica 178792343266886002 established peer replication connection with replica 178792343327017802
[2026-08-28T13:28:56.200Z WARN  gresse::replica] replica 178792343266886002 deferred pull request to peer 178792343404852501: channel closed
[2026-08-28T13:29:11.200Z WARN  gresse::network] peer connection write failed: Broken pipe (os error 32)
[2026-08-28T13:29:30.200Z WARN  gresse::replica] replica 178792343266886002 deferred pull request to peer 178792343327017801: channel closed
[2026-08-28T13:29:53.151Z INFO  gresse::replica] replica 178792343266886002 observed shutdown descriptor for replica 178792343404853501 with final counter Some(616)
[2026-08-28T13:29:53.208Z INFO  gresse::replica] replica 178792343266886002 observed shutdown descriptor for replica 178792343404854501 with final counter Some(619)
[2026-08-28T13:29:53.258Z INFO  gresse::replica] replica 178792343266886002 observed shutdown descriptor for replica 178792343404855501 with final counter Some(617)
[2026-08-28T13:30:06.200Z WARN  gresse::network] peer connection write failed: Broken pipe (os error 32)
[2026-08-28T13:30:23.200Z WARN  gresse::network] peer connection write failed: Broken pipe (os error 32)
[2026-08-28T13:30:38.200Z WARN  gresse::replica] replica 178792343266886002 deferred pull request to peer 178792343513166001: channel closed
[2026-08-28T13:30:41.200Z WARN  gresse::network] peer connection write failed: Broken pipe (os error 32)
[2026-08-28T13:30:42.201Z WARN  gresse::replica] replica 178792343266886002 deferred pull request to peer 178792343513164001: channel closed
[2026-08-28T13:30:48.566Z INFO  gresse::network] replica 178792343266886002 registered bidirectional network channel for replica 178792343513164002
[2026-08-28T13:30:48.566Z INFO  gresse::replica] replica 178792343266886002 established peer replication connection with replica 178792343513164002
[2026-08-28T13:30:48.675Z INFO  gresse::network] replica 178792343266886002 registered bidirectional network channel for replica 178792343404853502
[2026-08-28T13:30:48.675Z INFO  gresse::replica] replica 178792343266886002 established peer replication connection with replica 178792343404853502
[2026-08-28T13:30:49.102Z INFO  gresse::network] replica 178792343266886002 registered bidirectional network channel for replica 178792343513165002
[2026-08-28T13:30:49.102Z INFO  gresse::replica] replica 178792343266886002 established peer replication connection with replica 178792343513165002
[2026-08-28T13:30:49.413Z INFO  gresse::network] replica 178792343266886002 registered bidirectional network channel for replica 178792343404854502
[2026-08-28T13:30:49.413Z INFO  gresse::replica] replica 178792343266886002 established peer replication connection with replica 178792343404854502
[2026-08-28T13:30:49.608Z INFO  gresse::network] replica 178792343266886002 registered bidirectional network channel for replica 178792343513166002
[2026-08-28T13:30:49.608Z INFO  gresse::replica] replica 178792343266886002 established peer replication connection with replica 178792343513166002
[2026-08-28T13:30:49.961Z INFO  gresse::network] replica 178792343266886002 registered bidirectional network channel for replica 178792343404855502
[2026-08-28T13:30:49.961Z INFO  gresse::replica] replica 178792343266886002 established peer replication connection with replica 178792343404855502
[2026-08-28T13:31:04.200Z WARN  gresse::replica] replica 178792343266886002 deferred pull request to peer 178792343513165001: channel closed
[2026-08-28T13:31:53.143Z INFO  gresse::replica] replica 178792343266886002 observed shutdown descriptor for replica 178792343513167001 with final counter Some(959)
[2026-08-28T13:31:53.201Z INFO  gresse::replica] replica 178792343266886002 observed shutdown descriptor for replica 178792343513168001 with final counter Some(959)
[2026-08-28T13:31:53.261Z INFO  gresse::replica] replica 178792343266886002 observed shutdown descriptor for replica 178792343597981001 with final counter Some(777)
[2026-08-28T13:32:06.200Z WARN  gresse::network] peer connection write failed: Broken pipe (os error 32)
[2026-08-28T13:32:15.200Z WARN  gresse::replica] replica 178792343266886002 deferred pull request to peer 178792343597982001: channel closed
[2026-08-28T13:32:16.200Z WARN  gresse::network] peer connection write failed: Broken pipe (os error 32)
[2026-08-28T13:32:30.200Z WARN  gresse::replica] replica 178792343266886002 deferred pull request to peer 178792343597984001: channel closed
[2026-08-28T13:32:34.200Z WARN  gresse::network] peer connection write failed: Broken pipe (os error 32)
[2026-08-28T13:32:48.486Z INFO  gresse::network] replica 178792343266886002 registered bidirectional network channel for replica 178792343513167002
[2026-08-28T13:32:48.486Z INFO  gresse::replica] replica 178792343266886002 established peer replication connection with replica 178792343513167002
[2026-08-28T13:32:48.570Z INFO  gresse::network] replica 178792343266886002 registered bidirectional network channel for replica 178792343597981002
[2026-08-28T13:32:48.570Z INFO  gresse::replica] replica 178792343266886002 established peer replication connection with replica 178792343597981002
[2026-08-28T13:32:49.136Z INFO  gresse::network] replica 178792343266886002 registered bidirectional network channel for replica 178792343597982002
[2026-08-28T13:32:49.136Z INFO  gresse::replica] replica 178792343266886002 established peer replication connection with replica 178792343597982002
[2026-08-28T13:32:49.145Z INFO  gresse::network] replica 178792343266886002 registered bidirectional network channel for replica 178792343513168002
[2026-08-28T13:32:49.145Z INFO  gresse::replica] replica 178792343266886002 established peer replication connection with replica 178792343513168002
[2026-08-28T13:32:49.727Z INFO  gresse::network] replica 178792343266886002 registered bidirectional network channel for replica 178792343597983002
[2026-08-28T13:32:49.727Z INFO  gresse::replica] replica 178792343266886002 established peer replication connection with replica 178792343597983002
[2026-08-28T13:32:50.319Z INFO  gresse::network] replica 178792343266886002 registered bidirectional network channel for replica 178792343597984002
[2026-08-28T13:32:50.319Z INFO  gresse::replica] replica 178792343266886002 established peer replication connection with replica 178792343597984002
[2026-08-28T13:32:51.200Z WARN  gresse::replica] replica 178792343266886002 deferred pull request to peer 178792343597983001: channel closed
[2026-08-28T13:33:48.016Z INFO  gresse::replica] shutdown signal received for replica 178792343266886002
[2026-08-28T13:33:48.016Z INFO  gresse::replica] replica 178792343266886002 shutting down with 23 connected writers
[2026-08-28T13:33:48.142Z INFO  gresse::http_server] http server received shutdown signal
[2026-08-28T13:33:48.142Z INFO  gresse::http_server] http server shutdown complete
[2026-08-28T13:33:48.142Z INFO  gresse::network] network manager for replica 178792343266886002 shutdown complete
