[2026-09-01T10:07:45.426Z INFO  gresse::http_server] running CRDT HTTP server
[2026-09-01T10:07:45.426Z INFO  gresse::http_server] listening for HTTP on 0.0.0.0:18082
[2026-09-01T10:07:45.489Z INFO  gresse::replica] replica 178825480957159906 initiating runtime at bind_http=0.0.0.0:18082 bind_internal=0.0.0.0:19082 advertised_internal=18.130.228.25:19082
[2026-09-01T10:07:45.606Z INFO  gresse::object_storage] object storage connection established: backend=s3, bucket=gresse-geo-035351467464-20260901084800-ec90d0, region=eu-north-1, endpoint=AWS default endpoint resolution, first_operation=put-create, object_path=acm-sec-geo-churn-20260901T092623Z-21106dd4/membership/178825480957159906,18.130.228.25:19082,13
[2026-09-01T10:07:45.743Z INFO  gresse::replica] replica 178825480957159906 restored local state from durability journal before startup
[2026-09-01T10:07:45.743Z INFO  gresse::replica] replica 178825480957159906 discovered 154 membership descriptors during init
[2026-09-01T10:07:45.743Z INFO  gresse::replica] replica 178825480957159906 startup completed
[2026-09-01T10:07:45.743Z INFO  gresse::network] replica 178825480957159906 discovered network member NetworkMember { pid: 178825480714263206, address: 16.170.108.158:19080, final_counter: None }
[2026-09-01T10:07:45.743Z INFO  gresse::network] replica 178825480957159906 discovered network member NetworkMember { pid: 178825480714264206, address: 16.170.108.158:19081, final_counter: None }
[2026-09-01T10:07:45.743Z INFO  gresse::network] replica 178825480957159906 discovered network member NetworkMember { pid: 178825480714265206, address: 16.170.108.158:19082, final_counter: None }
[2026-09-01T10:07:45.743Z INFO  gresse::network] replica 178825480957159906 discovered network member NetworkMember { pid: 178825480714266206, address: 16.170.108.158:19083, final_counter: None }
[2026-09-01T10:07:45.743Z INFO  gresse::network] replica 178825480957159906 discovered network member NetworkMember { pid: 178825480714267206, address: 16.170.108.158:19084, final_counter: None }
[2026-09-01T10:07:45.743Z INFO  gresse::network] replica 178825480957159906 discovered network member NetworkMember { pid: 178825480759179606, address: 3.68.220.182:19080, final_counter: None }
[2026-09-01T10:07:45.743Z INFO  gresse::network] replica 178825480957159906 discovered network member NetworkMember { pid: 178825480759180606, address: 3.68.220.182:19081, final_counter: None }
[2026-09-01T10:07:45.743Z INFO  gresse::network] replica 178825480957159906 discovered network member NetworkMember { pid: 178825480759181606, address: 3.68.220.182:19082, final_counter: None }
[2026-09-01T10:07:45.743Z INFO  gresse::network] replica 178825480957159906 discovered network member NetworkMember { pid: 178825480759182606, address: 3.68.220.182:19083, final_counter: None }
[2026-09-01T10:07:45.743Z INFO  gresse::network] replica 178825480957159906 discovered network member NetworkMember { pid: 178825480759183606, address: 3.68.220.182:19084, final_counter: None }
[2026-09-01T10:07:45.743Z INFO  gresse::network] replica 178825480957159906 discovered network member NetworkMember { pid: 178825480843462706, address: 34.245.195.69:19080, final_counter: None }
[2026-09-01T10:07:45.743Z INFO  gresse::network] replica 178825480957159906 discovered network member NetworkMember { pid: 178825480843463706, address: 34.245.195.69:19081, final_counter: None }
[2026-09-01T10:07:45.743Z INFO  gresse::network] replica 178825480957159906 discovered network member NetworkMember { pid: 178825480843464706, address: 34.245.195.69:19082, final_counter: None }
[2026-09-01T10:07:45.743Z INFO  gresse::network] replica 178825480957159906 discovered network member NetworkMember { pid: 178825480843465706, address: 34.245.195.69:19083, final_counter: None }
[2026-09-01T10:07:45.743Z INFO  gresse::network] replica 178825480957159906 discovered network member NetworkMember { pid: 178825480843466706, address: 34.245.195.69:19084, final_counter: None }
[2026-09-01T10:07:45.743Z INFO  gresse::network] replica 178825480957159906 discovered network member NetworkMember { pid: 178825480957157906, address: 18.130.228.25:19080, final_counter: None }
[2026-09-01T10:07:45.743Z INFO  gresse::network] replica 178825480957159906 discovered network member NetworkMember { pid: 178825480957158906, address: 18.130.228.25:19081, final_counter: None }
[2026-09-01T10:07:45.743Z INFO  gresse::network] replica 178825480957159906 discovered network member NetworkMember { pid: 178825480957159905, address: 18.130.228.25:19082, final_counter: None }
[2026-09-01T10:07:45.743Z INFO  gresse::network] replica 178825480957159906 discovered network member NetworkMember { pid: 178825480957160905, address: 18.130.228.25:19083, final_counter: None }
[2026-09-01T10:07:45.743Z INFO  gresse::network] replica 178825480957159906 discovered network member NetworkMember { pid: 178825480957161905, address: 18.130.228.25:19084, final_counter: None }
[2026-09-01T10:07:45.743Z INFO  gresse::network] replica 178825480957159906 discovered network member NetworkMember { pid: 178825481046239405, address: 13.38.41.188:19080, final_counter: None }
[2026-09-01T10:07:45.743Z INFO  gresse::network] replica 178825480957159906 discovered network member NetworkMember { pid: 178825481046240405, address: 13.38.41.188:19081, final_counter: None }
[2026-09-01T10:07:45.743Z INFO  gresse::network] replica 178825480957159906 discovered network member NetworkMember { pid: 178825481046241405, address: 13.38.41.188:19082, final_counter: None }
[2026-09-01T10:07:45.743Z INFO  gresse::network] replica 178825480957159906 discovered network member NetworkMember { pid: 178825481046242405, address: 13.38.41.188:19083, final_counter: None }
[2026-09-01T10:07:45.743Z INFO  gresse::network] replica 178825480957159906 discovered network member NetworkMember { pid: 178825481046243405, address: 13.38.41.188:19084, final_counter: None }
[2026-09-01T10:07:45.744Z WARN  gresse::network] replica 178825480957159906 peer connection attempt failed: could not connect to 18.130.228.25:19083: Connection refused (os error 111)
[2026-09-01T10:07:45.744Z WARN  gresse::network] replica 178825480957159906 peer connection attempt failed: could not connect to 18.130.228.25:19084: Connection refused (os error 111)
[2026-09-01T10:07:45.744Z INFO  gresse::network] replica 178825480957159906 registered bidirectional network channel for replica 178825480957159906
[2026-09-01T10:07:45.744Z INFO  gresse::replica] replica 178825480957159906 established peer replication connection with replica 178825480957159906
[2026-09-01T10:07:45.744Z WARN  gresse::network] replica 178825480957159906 rejected peer handshake: expected 178825480957159905, received 178825480957159906
[2026-09-01T10:07:45.744Z INFO  gresse::network] replica 178825480957159906 registered bidirectional network channel for replica 178825480957157906
[2026-09-01T10:07:45.744Z INFO  gresse::replica] replica 178825480957159906 established peer replication connection with replica 178825480957157906
[2026-09-01T10:07:45.744Z INFO  gresse::network] replica 178825480957159906 registered bidirectional network channel for replica 178825480957158906
[2026-09-01T10:07:45.744Z INFO  gresse::replica] replica 178825480957159906 established peer replication connection with replica 178825480957158906
[2026-09-01T10:07:45.757Z INFO  gresse::network] replica 178825480957159906 registered bidirectional network channel for replica 178825481046243405
[2026-09-01T10:07:45.757Z INFO  gresse::replica] replica 178825480957159906 established peer replication connection with replica 178825481046243405
[2026-09-01T10:07:45.757Z INFO  gresse::network] replica 178825480957159906 registered bidirectional network channel for replica 178825481046240405
[2026-09-01T10:07:45.757Z INFO  gresse::replica] replica 178825480957159906 established peer replication connection with replica 178825481046240405
[2026-09-01T10:07:45.757Z INFO  gresse::network] replica 178825480957159906 registered bidirectional network channel for replica 178825481046239405
[2026-09-01T10:07:45.757Z INFO  gresse::replica] replica 178825480957159906 established peer replication connection with replica 178825481046239405
[2026-09-01T10:07:45.764Z INFO  gresse::network] replica 178825480957159906 registered bidirectional network channel for replica 178825480843463706
[2026-09-01T10:07:45.765Z INFO  gresse::replica] replica 178825480957159906 established peer replication connection with replica 178825480843463706
[2026-09-01T10:07:45.765Z INFO  gresse::network] replica 178825480957159906 registered bidirectional network channel for replica 178825481046242405
[2026-09-01T10:07:45.765Z INFO  gresse::replica] replica 178825480957159906 established peer replication connection with replica 178825481046242405
[2026-09-01T10:07:45.765Z INFO  gresse::network] replica 178825480957159906 registered bidirectional network channel for replica 178825481046241405
[2026-09-01T10:07:45.765Z INFO  gresse::replica] replica 178825480957159906 established peer replication connection with replica 178825481046241405
[2026-09-01T10:07:45.765Z INFO  gresse::network] replica 178825480957159906 registered bidirectional network channel for replica 178825480843464706
[2026-09-01T10:07:45.765Z INFO  gresse::replica] replica 178825480957159906 established peer replication connection with replica 178825480843464706
[2026-09-01T10:07:45.765Z INFO  gresse::network] replica 178825480957159906 registered bidirectional network channel for replica 178825480843466706
[2026-09-01T10:07:45.765Z INFO  gresse::replica] replica 178825480957159906 established peer replication connection with replica 178825480843466706
[2026-09-01T10:07:45.765Z INFO  gresse::network] replica 178825480957159906 registered bidirectional network channel for replica 178825480843465706
[2026-09-01T10:07:45.765Z INFO  gresse::replica] replica 178825480957159906 established peer replication connection with replica 178825480843465706
[2026-09-01T10:07:45.765Z INFO  gresse::network] replica 178825480957159906 registered bidirectional network channel for replica 178825480843462706
[2026-09-01T10:07:45.765Z INFO  gresse::replica] replica 178825480957159906 established peer replication connection with replica 178825480843462706
[2026-09-01T10:07:45.766Z INFO  gresse::network] replica 178825480957159906 registered bidirectional network channel for replica 178825480759181606
[2026-09-01T10:07:45.766Z INFO  gresse::replica] replica 178825480957159906 established peer replication connection with replica 178825480759181606
[2026-09-01T10:07:45.766Z INFO  gresse::network] replica 178825480957159906 registered bidirectional network channel for replica 178825480759182606
[2026-09-01T10:07:45.766Z INFO  gresse::replica] replica 178825480957159906 established peer replication connection with replica 178825480759182606
[2026-09-01T10:07:45.766Z INFO  gresse::network] replica 178825480957159906 registered bidirectional network channel for replica 178825480759179606
[2026-09-01T10:07:45.766Z INFO  gresse::replica] replica 178825480957159906 established peer replication connection with replica 178825480759179606
[2026-09-01T10:07:45.768Z INFO  gresse::network] replica 178825480957159906 registered bidirectional network channel for replica 178825480759180606
[2026-09-01T10:07:45.768Z INFO  gresse::replica] replica 178825480957159906 established peer replication connection with replica 178825480759180606
[2026-09-01T10:07:45.768Z INFO  gresse::network] replica 178825480957159906 registered bidirectional network channel for replica 178825480759183606
[2026-09-01T10:07:45.768Z INFO  gresse::replica] replica 178825480957159906 established peer replication connection with replica 178825480759183606
[2026-09-01T10:07:45.798Z INFO  gresse::network] replica 178825480957159906 registered bidirectional network channel for replica 178825480714266206
[2026-09-01T10:07:45.798Z INFO  gresse::replica] replica 178825480957159906 established peer replication connection with replica 178825480714266206
[2026-09-01T10:07:45.798Z INFO  gresse::network] replica 178825480957159906 registered bidirectional network channel for replica 178825480714265206
[2026-09-01T10:07:45.798Z INFO  gresse::replica] replica 178825480957159906 established peer replication connection with replica 178825480714265206
[2026-09-01T10:07:45.798Z INFO  gresse::network] replica 178825480957159906 registered bidirectional network channel for replica 178825480714264206
[2026-09-01T10:07:45.799Z INFO  gresse::replica] replica 178825480957159906 established peer replication connection with replica 178825480714264206
[2026-09-01T10:07:45.800Z INFO  gresse::network] replica 178825480957159906 registered bidirectional network channel for replica 178825480714267206
[2026-09-01T10:07:45.800Z INFO  gresse::replica] replica 178825480957159906 established peer replication connection with replica 178825480714267206
[2026-09-01T10:07:45.801Z INFO  gresse::network] replica 178825480957159906 registered bidirectional network channel for replica 178825480714263206
[2026-09-01T10:07:45.801Z INFO  gresse::replica] replica 178825480957159906 established peer replication connection with replica 178825480714263206
[2026-09-01T10:07:46.884Z INFO  gresse::network] replica 178825480957159906 registered bidirectional network channel for replica 178825480957160906
[2026-09-01T10:07:46.884Z INFO  gresse::replica] replica 178825480957159906 established peer replication connection with replica 178825480957160906
[2026-09-01T10:07:47.986Z INFO  gresse::network] replica 178825480957159906 registered bidirectional network channel for replica 178825480957161906
[2026-09-01T10:07:47.986Z INFO  gresse::replica] replica 178825480957159906 established peer replication connection with replica 178825480957161906
[2026-09-01T10:07:50.638Z INFO  gresse::replica] replica 178825480957159906 observed shutdown descriptor for replica 178825480714265205 with final counter Some(1237)
[2026-09-01T10:07:51.124Z INFO  gresse::replica] replica 178825480957159906 observed shutdown descriptor for replica 178825480714266205 with final counter Some(921)
[2026-09-01T10:07:51.471Z INFO  gresse::replica] replica 178825480957159906 observed shutdown descriptor for replica 178825480714267205 with final counter Some(921)
[2026-09-01T10:07:51.902Z INFO  gresse::replica] replica 178825480957159906 observed shutdown descriptor for replica 178825480759182605 with final counter Some(1290)
[2026-09-01T10:07:52.515Z INFO  gresse::replica] replica 178825480957159906 observed shutdown descriptor for replica 178825480759183605 with final counter Some(1022)
[2026-09-01T10:07:53.074Z INFO  gresse::replica] replica 178825480957159906 observed shutdown descriptor for replica 178825480843462705 with final counter Some(849)
[2026-09-01T10:07:53.706Z INFO  gresse::replica] replica 178825480957159906 observed shutdown descriptor for replica 178825480843466705 with final counter Some(1553)
[2026-09-01T10:07:54.210Z INFO  gresse::replica] replica 178825480957159906 observed shutdown descriptor for replica 178825480957157905 with final counter Some(847)
[2026-09-01T10:07:54.782Z INFO  gresse::replica] replica 178825480957159906 observed shutdown descriptor for replica 178825480957158905 with final counter Some(842)
[2026-09-01T10:07:55.367Z INFO  gresse::replica] replica 178825480957159906 observed shutdown descriptor for replica 178825481046240404 with final counter Some(1284)
[2026-09-01T10:07:55.702Z INFO  gresse::replica] replica 178825480957159906 observed shutdown descriptor for replica 178825481046241404 with final counter Some(871)
[2026-09-01T10:07:56.073Z INFO  gresse::replica] replica 178825480957159906 observed shutdown descriptor for replica 178825481046242404 with final counter Some(871)
[2026-09-01T10:07:56.456Z WARN  gresse::network] peer connection write failed: Broken pipe (os error 32)
[2026-09-01T10:08:45.531Z INFO  gresse::replica] replica 178825480957159906 observed shutdown descriptor for replica 178825481046239405 with final counter Some(1550)
[2026-09-01T10:08:45.884Z INFO  gresse::replica] replica 178825480957159906 observed shutdown descriptor for replica 178825481046240405 with final counter Some(843)
[2026-09-01T10:08:46.250Z INFO  gresse::replica] replica 178825480957159906 observed shutdown descriptor for replica 178825481046241405 with final counter Some(840)
[2026-09-01T10:08:54.744Z WARN  gresse::network] peer connection write failed: Broken pipe (os error 32)
[2026-09-01T10:09:07.744Z WARN  gresse::replica] replica 178825480957159906 deferred pull request to peer 178825480957159906: channel closed
[2026-09-01T10:09:08.744Z WARN  gresse::replica] replica 178825480957159906 deferred pull request to peer 178825480714263206: channel closed
[2026-09-01T10:09:21.744Z WARN  gresse::network] peer connection write failed: Broken pipe (os error 32)
[2026-09-01T10:09:25.744Z WARN  gresse::network] peer connection write failed: Broken pipe (os error 32)
[2026-09-01T10:09:42.812Z INFO  gresse::network] replica 178825480957159906 registered bidirectional network channel for replica 178825481046239406
[2026-09-01T10:09:42.812Z INFO  gresse::replica] replica 178825480957159906 established peer replication connection with replica 178825481046239406
[2026-09-01T10:09:43.387Z INFO  gresse::network] replica 178825480957159906 registered bidirectional network channel for replica 178825480714263207
[2026-09-01T10:09:43.387Z INFO  gresse::replica] replica 178825480957159906 established peer replication connection with replica 178825480714263207
[2026-09-01T10:09:43.707Z INFO  gresse::network] replica 178825480957159906 registered bidirectional network channel for replica 178825481046240406
[2026-09-01T10:09:43.707Z INFO  gresse::replica] replica 178825480957159906 established peer replication connection with replica 178825481046240406
[2026-09-01T10:09:44.806Z INFO  gresse::network] replica 178825480957159906 registered bidirectional network channel for replica 178825481046241406
[2026-09-01T10:09:44.806Z INFO  gresse::replica] replica 178825480957159906 established peer replication connection with replica 178825481046241406
[2026-09-01T10:09:47.645Z INFO  gresse::network] replica 178825480957159906 registered bidirectional network channel for replica 178825481046242406
[2026-09-01T10:09:47.645Z INFO  gresse::replica] replica 178825480957159906 established peer replication connection with replica 178825481046242406
[2026-09-01T10:09:47.744Z WARN  gresse::replica] replica 178825480957159906 deferred pull request to peer 178825481046242405: channel closed
[2026-09-01T10:09:50.372Z INFO  gresse::network] replica 178825480957159906 registered bidirectional network channel for replica 178825481046243406
[2026-09-01T10:09:50.372Z INFO  gresse::replica] replica 178825480957159906 established peer replication connection with replica 178825481046243406
[2026-09-01T10:09:53.744Z WARN  gresse::replica] replica 178825480957159906 deferred pull request to peer 178825481046243405: channel closed
[2026-09-01T10:10:45.530Z INFO  gresse::replica] replica 178825480957159906 observed shutdown descriptor for replica 178825480714264206 with final counter Some(1285)
[2026-09-01T10:10:45.914Z INFO  gresse::replica] replica 178825480957159906 observed shutdown descriptor for replica 178825480714265206 with final counter Some(870)
[2026-09-01T10:10:46.304Z INFO  gresse::replica] replica 178825480957159906 observed shutdown descriptor for replica 178825480714266206 with final counter Some(871)
[2026-09-01T10:11:07.744Z WARN  gresse::network] peer connection write failed: Broken pipe (os error 32)
[2026-09-01T10:11:26.744Z WARN  gresse::network] peer connection write failed: Broken pipe (os error 32)
[2026-09-01T10:11:38.744Z WARN  gresse::replica] replica 178825480957159906 deferred pull request to peer 178825480759180606: channel closed
[2026-09-01T10:11:42.532Z INFO  gresse::network] replica 178825480957159906 registered bidirectional network channel for replica 178825480714264207
[2026-09-01T10:11:42.532Z INFO  gresse::replica] replica 178825480957159906 established peer replication connection with replica 178825480714264207
[2026-09-01T10:11:42.929Z INFO  gresse::network] replica 178825480957159906 registered bidirectional network channel for replica 178825480714265207
[2026-09-01T10:11:42.929Z INFO  gresse::replica] replica 178825480957159906 established peer replication connection with replica 178825480714265207
[2026-09-01T10:11:43.077Z INFO  gresse::network] replica 178825480957159906 registered bidirectional network channel for replica 178825480759179607
[2026-09-01T10:11:43.077Z INFO  gresse::replica] replica 178825480957159906 established peer replication connection with replica 178825480759179607
[2026-09-01T10:11:43.459Z INFO  gresse::network] replica 178825480957159906 registered bidirectional network channel for replica 178825480714266207
[2026-09-01T10:11:43.459Z INFO  gresse::replica] replica 178825480957159906 established peer replication connection with replica 178825480714266207
[2026-09-01T10:11:44.089Z INFO  gresse::network] replica 178825480957159906 registered bidirectional network channel for replica 178825480759180607
[2026-09-01T10:11:44.089Z INFO  gresse::replica] replica 178825480957159906 established peer replication connection with replica 178825480759180607
[2026-09-01T10:11:44.964Z INFO  gresse::network] replica 178825480957159906 registered bidirectional network channel for replica 178825480714267207
[2026-09-01T10:11:44.964Z INFO  gresse::replica] replica 178825480957159906 established peer replication connection with replica 178825480714267207
[2026-09-01T10:11:50.744Z WARN  gresse::replica] replica 178825480957159906 deferred pull request to peer 178825480759179606: channel closed
[2026-09-01T10:11:55.744Z WARN  gresse::network] peer connection write failed: Broken pipe (os error 32)
[2026-09-01T10:12:23.743Z WARN  gresse::replica] replica 178825480957159906 deferred pull request to peer 178825480714267206: channel closed
[2026-09-01T10:12:45.563Z INFO  gresse::replica] replica 178825480957159906 observed shutdown descriptor for replica 178825480759181606 with final counter Some(1235)
[2026-09-01T10:12:46.181Z INFO  gresse::replica] replica 178825480957159906 observed shutdown descriptor for replica 178825480759182606 with final counter Some(919)
[2026-09-01T10:12:46.588Z INFO  gresse::replica] replica 178825480957159906 observed shutdown descriptor for replica 178825480759183606 with final counter Some(922)
[2026-09-01T10:12:51.744Z WARN  gresse::network] peer connection write failed: Broken pipe (os error 32)
[2026-09-01T10:13:00.744Z WARN  gresse::replica] replica 178825480957159906 deferred pull request to peer 178825480843462706: channel closed
[2026-09-01T10:13:03.744Z WARN  gresse::network] peer connection write failed: Broken pipe (os error 32)
[2026-09-01T10:13:17.744Z WARN  gresse::replica] replica 178825480957159906 deferred pull request to peer 178825480843464706: channel closed
[2026-09-01T10:13:42.828Z INFO  gresse::network] replica 178825480957159906 registered bidirectional network channel for replica 178825480759181607
[2026-09-01T10:13:42.834Z INFO  gresse::replica] replica 178825480957159906 established peer replication connection with replica 178825480759181607
[2026-09-01T10:13:43.410Z INFO  gresse::network] replica 178825480957159906 registered bidirectional network channel for replica 178825480843462707
[2026-09-01T10:13:43.410Z INFO  gresse::replica] replica 178825480957159906 established peer replication connection with replica 178825480843462707
[2026-09-01T10:13:43.584Z INFO  gresse::network] replica 178825480957159906 registered bidirectional network channel for replica 178825480759182607
[2026-09-01T10:13:43.584Z INFO  gresse::replica] replica 178825480957159906 established peer replication connection with replica 178825480759182607
[2026-09-01T10:13:44.284Z INFO  gresse::network] replica 178825480957159906 registered bidirectional network channel for replica 178825480759183607
[2026-09-01T10:13:44.284Z INFO  gresse::replica] replica 178825480957159906 established peer replication connection with replica 178825480759183607
[2026-09-01T10:13:45.015Z INFO  gresse::network] replica 178825480957159906 registered bidirectional network channel for replica 178825480843463707
[2026-09-01T10:13:45.016Z INFO  gresse::replica] replica 178825480957159906 established peer replication connection with replica 178825480843463707
[2026-09-01T10:13:46.829Z INFO  gresse::network] replica 178825480957159906 registered bidirectional network channel for replica 178825480843464707
[2026-09-01T10:13:46.829Z INFO  gresse::replica] replica 178825480957159906 established peer replication connection with replica 178825480843464707
[2026-09-01T10:13:54.744Z WARN  gresse::network] peer connection write failed: Broken pipe (os error 32)
[2026-09-01T10:14:16.744Z WARN  gresse::replica] replica 178825480957159906 deferred pull request to peer 178825480843463706: channel closed
