[2026-09-03T09:14:58.006Z INFO  gresse::http_server] running CRDT HTTP server
[2026-09-03T09:14:58.006Z INFO  gresse::http_server] listening for HTTP on 0.0.0.0:18080
[2026-09-03T09:14:58.035Z INFO  gresse::replica] replica 178842684286993601 initiating runtime at bind_http=0.0.0.0:18080 bind_internal=0.0.0.0:19080 advertised_internal=35.179.101.242:19080
[2026-09-03T09:14:58.143Z INFO  gresse::object_storage] object storage connection established: backend=s3, bucket=gresse-geo-035351467464-20260903085118-6fb999, region=eu-north-1, endpoint=AWS default endpoint resolution, first_operation=get, object_path=acm-sec-geo-churn-20260903T091329Z-d96b4f84/persistent.json
[2026-09-03T09:14:58.245Z INFO  gresse::replica] replica 178842684286993601 discovered 4 membership descriptors during init
[2026-09-03T09:14:58.248Z INFO  gresse::replica] replica 178842684286993601 startup completed
[2026-09-03T09:14:58.248Z INFO  gresse::network] replica 178842684286993601 discovered network member NetworkMember { pid: 178842683849154801, address: 13.53.121.51:19080, final_counter: None }
[2026-09-03T09:14:58.248Z INFO  gresse::network] replica 178842684286993601 discovered network member NetworkMember { pid: 178842683956181201, address: 52.59.198.67:19080, final_counter: None }
[2026-09-03T09:14:58.248Z INFO  gresse::network] replica 178842684286993601 discovered network member NetworkMember { pid: 178842684426432101, address: 13.38.47.15:19080, final_counter: None }
[2026-09-03T09:14:58.277Z INFO  gresse::network] replica 178842684286993601 registered bidirectional network channel for replica 178842683956181201
[2026-09-03T09:14:58.277Z INFO  gresse::replica] replica 178842684286993601 established peer replication connection with replica 178842683956181201
[2026-09-03T09:14:58.293Z INFO  gresse::network] replica 178842684286993601 registered bidirectional network channel for replica 178842684426432101
[2026-09-03T09:14:58.293Z INFO  gresse::replica] replica 178842684286993601 established peer replication connection with replica 178842684426432101
[2026-09-03T09:14:58.296Z INFO  gresse::network] replica 178842684286993601 registered bidirectional network channel for replica 178842684114090201
[2026-09-03T09:14:58.296Z INFO  gresse::replica] replica 178842684286993601 established peer replication connection with replica 178842684114090201
[2026-09-03T09:14:58.306Z INFO  gresse::network] replica 178842684286993601 registered bidirectional network channel for replica 178842683849154801
[2026-09-03T09:14:58.306Z INFO  gresse::replica] replica 178842684286993601 established peer replication connection with replica 178842683849154801
[2026-09-03T09:14:58.350Z INFO  gresse::network] replica 178842684286993601 registered bidirectional network channel for replica 178842683849155801
[2026-09-03T09:14:58.350Z INFO  gresse::replica] replica 178842684286993601 established peer replication connection with replica 178842683849155801
[2026-09-03T09:14:58.498Z INFO  gresse::network] replica 178842684286993601 registered bidirectional network channel for replica 178842684286994601
[2026-09-03T09:14:58.498Z INFO  gresse::replica] replica 178842684286993601 established peer replication connection with replica 178842684286994601
[2026-09-03T09:14:58.517Z INFO  gresse::network] replica 178842684286993601 registered bidirectional network channel for replica 178842683956182201
[2026-09-03T09:14:58.517Z INFO  gresse::replica] replica 178842684286993601 established peer replication connection with replica 178842683956182201
[2026-09-03T09:14:58.521Z INFO  gresse::network] replica 178842684286993601 registered bidirectional network channel for replica 178842684426433101
[2026-09-03T09:14:58.521Z INFO  gresse::replica] replica 178842684286993601 established peer replication connection with replica 178842684426433101
[2026-09-03T09:14:58.557Z INFO  gresse::network] replica 178842684286993601 registered bidirectional network channel for replica 178842683849156801
[2026-09-03T09:14:58.557Z INFO  gresse::replica] replica 178842684286993601 established peer replication connection with replica 178842683849156801
[2026-09-03T09:14:58.582Z INFO  gresse::network] replica 178842684286993601 registered bidirectional network channel for replica 178842684114091201
[2026-09-03T09:14:58.582Z INFO  gresse::replica] replica 178842684286993601 established peer replication connection with replica 178842684114091201
[2026-09-03T09:14:58.718Z INFO  gresse::network] replica 178842684286993601 registered bidirectional network channel for replica 178842684286995601
[2026-09-03T09:14:58.718Z INFO  gresse::replica] replica 178842684286993601 established peer replication connection with replica 178842684286995601
[2026-09-03T09:14:58.720Z INFO  gresse::network] replica 178842684286993601 registered bidirectional network channel for replica 178842683956183201
[2026-09-03T09:14:58.720Z INFO  gresse::replica] replica 178842684286993601 established peer replication connection with replica 178842683956183201
[2026-09-03T09:14:58.773Z INFO  gresse::network] replica 178842684286993601 registered bidirectional network channel for replica 178842683849157801
[2026-09-03T09:14:58.773Z INFO  gresse::replica] replica 178842684286993601 established peer replication connection with replica 178842683849157801
[2026-09-03T09:14:58.814Z INFO  gresse::network] replica 178842684286993601 registered bidirectional network channel for replica 178842684426434101
[2026-09-03T09:14:58.814Z INFO  gresse::replica] replica 178842684286993601 established peer replication connection with replica 178842684426434101
[2026-09-03T09:14:58.925Z INFO  gresse::network] replica 178842684286993601 registered bidirectional network channel for replica 178842684114092201
[2026-09-03T09:14:58.925Z INFO  gresse::replica] replica 178842684286993601 established peer replication connection with replica 178842684114092201
[2026-09-03T09:14:58.926Z INFO  gresse::network] replica 178842684286993601 registered bidirectional network channel for replica 178842683956184201
[2026-09-03T09:14:58.926Z INFO  gresse::replica] replica 178842684286993601 established peer replication connection with replica 178842683956184201
[2026-09-03T09:14:58.966Z INFO  gresse::network] replica 178842684286993601 registered bidirectional network channel for replica 178842683849158801
[2026-09-03T09:14:58.966Z INFO  gresse::replica] replica 178842684286993601 established peer replication connection with replica 178842683849158801
[2026-09-03T09:14:59.008Z INFO  gresse::network] replica 178842684286993601 registered bidirectional network channel for replica 178842684286996601
[2026-09-03T09:14:59.008Z INFO  gresse::replica] replica 178842684286993601 established peer replication connection with replica 178842684286996601
[2026-09-03T09:14:59.031Z INFO  gresse::network] replica 178842684286993601 registered bidirectional network channel for replica 178842684426435101
[2026-09-03T09:14:59.031Z INFO  gresse::replica] replica 178842684286993601 established peer replication connection with replica 178842684426435101
[2026-09-03T09:14:59.134Z INFO  gresse::replica] replica 178842684286993601 established peer replication connection with replica 178842683956185201
[2026-09-03T09:14:59.134Z INFO  gresse::network] replica 178842684286993601 registered bidirectional network channel for replica 178842683956185201
[2026-09-03T09:14:59.194Z INFO  gresse::network] replica 178842684286993601 registered bidirectional network channel for replica 178842684114093201
[2026-09-03T09:14:59.194Z INFO  gresse::replica] replica 178842684286993601 established peer replication connection with replica 178842684114093201
[2026-09-03T09:14:59.223Z INFO  gresse::network] replica 178842684286993601 registered bidirectional network channel for replica 178842684286997601
[2026-09-03T09:14:59.223Z INFO  gresse::replica] replica 178842684286993601 established peer replication connection with replica 178842684286997601
[2026-09-03T09:14:59.334Z INFO  gresse::network] replica 178842684286993601 registered bidirectional network channel for replica 178842684426436101
[2026-09-03T09:14:59.334Z INFO  gresse::replica] replica 178842684286993601 established peer replication connection with replica 178842684426436101
[2026-09-03T09:14:59.504Z INFO  gresse::network] replica 178842684286993601 registered bidirectional network channel for replica 178842684114094201
[2026-09-03T09:14:59.504Z INFO  gresse::replica] replica 178842684286993601 established peer replication connection with replica 178842684114094201
[2026-09-03T09:15:37.250Z WARN  gresse::network] peer connection write failed: Broken pipe (os error 32)
[2026-09-03T09:15:47.250Z WARN  gresse::replica] replica 178842684286993601 deferred pull request to peer 178842683956181201: channel closed
[2026-09-03T09:15:58.275Z INFO  gresse::replica] replica 178842684286993601 observed shutdown descriptor for replica 178842683849154801 with final counter Some(58)
[2026-09-03T09:15:58.413Z INFO  gresse::replica] replica 178842684286993601 observed shutdown descriptor for replica 178842683849155801 with final counter Some(58)
[2026-09-03T09:16:03.082Z INFO  gresse::replica] replica 178842684286993601 observed shutdown descriptor for replica 178842683849156801 with final counter Some(57)
[2026-09-03T09:16:18.250Z WARN  gresse::network] peer connection write failed: Broken pipe (os error 32)
[2026-09-03T09:16:49.250Z WARN  gresse::network] peer connection write failed: Broken pipe (os error 32)
[2026-09-03T09:16:58.214Z INFO  gresse::network] replica 178842684286993601 registered bidirectional network channel for replica 178842683849154802
[2026-09-03T09:16:58.214Z INFO  gresse::replica] replica 178842684286993601 established peer replication connection with replica 178842683849154802
[2026-09-03T09:16:58.250Z WARN  gresse::replica] replica 178842684286993601 deferred pull request to peer 178842683849157801: channel closed
[2026-09-03T09:16:58.407Z INFO  gresse::network] replica 178842684286993601 registered bidirectional network channel for replica 178842683849155802
[2026-09-03T09:16:58.407Z INFO  gresse::replica] replica 178842684286993601 established peer replication connection with replica 178842683849155802
[2026-09-03T09:16:58.607Z INFO  gresse::replica] replica 178842684286993601 established peer replication connection with replica 178842683849156802
[2026-09-03T09:16:58.607Z INFO  gresse::network] replica 178842684286993601 registered bidirectional network channel for replica 178842683849156802
[2026-09-03T09:17:13.250Z WARN  gresse::replica] replica 178842684286993601 deferred pull request to peer 178842683849158801: channel closed
[2026-09-03T09:18:03.082Z INFO  gresse::replica] replica 178842684286993601 observed shutdown descriptor for replica 178842683956182201 with final counter Some(327)
[2026-09-03T09:18:03.160Z INFO  gresse::replica] replica 178842684286993601 observed shutdown descriptor for replica 178842683956183201 with final counter Some(327)
[2026-09-03T09:18:03.226Z INFO  gresse::replica] replica 178842684286993601 observed shutdown descriptor for replica 178842683956184201 with final counter Some(328)
[2026-09-03T09:18:13.250Z WARN  gresse::network] peer connection write failed: Broken pipe (os error 32)
[2026-09-03T09:18:24.250Z WARN  gresse::network] peer connection write failed: Broken pipe (os error 32)
[2026-09-03T09:18:25.250Z WARN  gresse::replica] replica 178842684286993601 deferred pull request to peer 178842683956185201: channel closed
[2026-09-03T09:18:27.250Z WARN  gresse::replica] replica 178842684286993601 deferred pull request to peer 178842684114091201: channel closed
[2026-09-03T09:18:47.250Z WARN  gresse::network] peer connection write failed: Broken pipe (os error 32)
[2026-09-03T09:18:48.250Z WARN  gresse::replica] replica 178842684286993601 deferred pull request to peer 178842684114090201: channel closed
[2026-09-03T09:18:58.484Z INFO  gresse::network] replica 178842684286993601 registered bidirectional network channel for replica 178842683956182202
[2026-09-03T09:18:58.484Z INFO  gresse::replica] replica 178842684286993601 established peer replication connection with replica 178842683956182202
[2026-09-03T09:18:58.951Z INFO  gresse::network] replica 178842684286993601 registered bidirectional network channel for replica 178842683956183202
[2026-09-03T09:18:58.951Z INFO  gresse::replica] replica 178842684286993601 established peer replication connection with replica 178842683956183202
[2026-09-03T09:18:59.408Z INFO  gresse::network] replica 178842684286993601 registered bidirectional network channel for replica 178842683956184202
[2026-09-03T09:18:59.408Z INFO  gresse::replica] replica 178842684286993601 established peer replication connection with replica 178842683956184202
