[2026-08-28T13:28:48.555Z INFO  gresse::http_server] running CRDT HTTP server
[2026-08-28T13:28:48.555Z INFO  gresse::http_server] listening for HTTP on 0.0.0.0:18081
[2026-08-28T13:28:48.583Z INFO  gresse::replica] replica 178792343404852502 initiating runtime at bind_http=0.0.0.0:18081 bind_internal=0.0.0.0:19081 advertised_internal=52.17.146.22:19081
[2026-08-28T13:28:48.739Z INFO  gresse::object_storage] object storage connection established: backend=s3, bucket=gresse-geo-035351467464-20260828124038-be821e, region=eu-north-1, endpoint=AWS default endpoint resolution, first_operation=put-create, object_path=acm-sec-geo-churn-20260828T132329Z-550e9e91/membership/178792343404852502,52.17.146.22:19081,2
[2026-08-28T13:28:49.000Z INFO  gresse::replica] replica 178792343404852502 restored local state from durability journal before startup
[2026-08-28T13:28:49.000Z INFO  gresse::replica] replica 178792343404852502 discovered 93 membership descriptors during init
[2026-08-28T13:28:49.000Z INFO  gresse::replica] replica 178792343404852502 startup completed
[2026-08-28T13:28:49.000Z INFO  gresse::network] replica 178792343404852502 discovered network member NetworkMember { pid: 178792343266886002, address: 16.192.159.169:19080, final_counter: None }
[2026-08-28T13:28:49.000Z INFO  gresse::network] replica 178792343404852502 discovered network member NetworkMember { pid: 178792343266887002, address: 16.192.159.169:19081, final_counter: None }
[2026-08-28T13:28:49.000Z INFO  gresse::network] replica 178792343404852502 discovered network member NetworkMember { pid: 178792343266888002, address: 16.192.159.169:19082, final_counter: None }
[2026-08-28T13:28:49.000Z INFO  gresse::network] replica 178792343404852502 registered bidirectional network channel for replica 178792343327015802
[2026-08-28T13:28:49.000Z INFO  gresse::network] replica 178792343404852502 registered bidirectional network channel for replica 178792343597983001
[2026-08-28T13:28:49.000Z INFO  gresse::network] replica 178792343404852502 discovered network member NetworkMember { pid: 178792343266889002, address: 16.192.159.169:19083, final_counter: None }
[2026-08-28T13:28:49.000Z INFO  gresse::network] replica 178792343404852502 discovered network member NetworkMember { pid: 178792343266890002, address: 16.192.159.169:19084, final_counter: None }
[2026-08-28T13:28:49.000Z INFO  gresse::network] replica 178792343404852502 discovered network member NetworkMember { pid: 178792343327013802, address: 3.121.180.49:19080, final_counter: None }
[2026-08-28T13:28:49.000Z INFO  gresse::network] replica 178792343404852502 discovered network member NetworkMember { pid: 178792343327014802, address: 3.121.180.49:19081, final_counter: None }
[2026-08-28T13:28:49.000Z INFO  gresse::network] replica 178792343404852502 discovered network member NetworkMember { pid: 178792343327017801, address: 3.121.180.49:19084, final_counter: None }
[2026-08-28T13:28:49.000Z INFO  gresse::network] replica 178792343404852502 registered bidirectional network channel for replica 178792343266889002
[2026-08-28T13:28:49.000Z INFO  gresse::network] replica 178792343404852502 discovered network member NetworkMember { pid: 178792343404851502, address: 52.17.146.22:19080, final_counter: None }
[2026-08-28T13:28:49.000Z INFO  gresse::network] replica 178792343404852502 discovered network member NetworkMember { pid: 178792343404852501, address: 52.17.146.22:19081, final_counter: None }
[2026-08-28T13:28:49.000Z INFO  gresse::network] replica 178792343404852502 discovered network member NetworkMember { pid: 178792343404853501, address: 52.17.146.22:19082, final_counter: None }
[2026-08-28T13:28:49.000Z INFO  gresse::network] replica 178792343404852502 discovered network member NetworkMember { pid: 178792343404854501, address: 52.17.146.22:19083, final_counter: None }
[2026-08-28T13:28:49.000Z INFO  gresse::network] replica 178792343404852502 discovered network member NetworkMember { pid: 178792343404855501, address: 52.17.146.22:19084, final_counter: None }
[2026-08-28T13:28:49.000Z INFO  gresse::network] replica 178792343404852502 discovered network member NetworkMember { pid: 178792343513164001, address: 3.8.155.72:19080, final_counter: None }
[2026-08-28T13:28:49.000Z INFO  gresse::network] replica 178792343404852502 registered bidirectional network channel for replica 178792343404853501
[2026-08-28T13:28:49.000Z INFO  gresse::network] replica 178792343404852502 discovered network member NetworkMember { pid: 178792343513165001, address: 3.8.155.72:19081, final_counter: None }
[2026-08-28T13:28:49.000Z INFO  gresse::network] replica 178792343404852502 discovered network member NetworkMember { pid: 178792343513166001, address: 3.8.155.72:19082, final_counter: None }
[2026-08-28T13:28:49.000Z INFO  gresse::network] replica 178792343404852502 discovered network member NetworkMember { pid: 178792343513167001, address: 3.8.155.72:19083, final_counter: None }
[2026-08-28T13:28:49.000Z INFO  gresse::network] replica 178792343404852502 discovered network member NetworkMember { pid: 178792343513168001, address: 3.8.155.72:19084, final_counter: None }
[2026-08-28T13:28:49.000Z INFO  gresse::network] replica 178792343404852502 discovered network member NetworkMember { pid: 178792343597981001, address: 13.37.225.238:19080, final_counter: None }
[2026-08-28T13:28:49.000Z INFO  gresse::replica] replica 178792343404852502 established peer replication connection with replica 178792343327015802
[2026-08-28T13:28:49.000Z INFO  gresse::replica] replica 178792343404852502 established peer replication connection with replica 178792343597983001
[2026-08-28T13:28:49.000Z INFO  gresse::replica] replica 178792343404852502 established peer replication connection with replica 178792343266889002
[2026-08-28T13:28:49.000Z INFO  gresse::replica] replica 178792343404852502 established peer replication connection with replica 178792343404853501
[2026-08-28T13:28:49.000Z INFO  gresse::network] replica 178792343404852502 discovered network member NetworkMember { pid: 178792343597982001, address: 13.37.225.238:19081, final_counter: None }
[2026-08-28T13:28:49.000Z INFO  gresse::network] replica 178792343404852502 discovered network member NetworkMember { pid: 178792343597984001, address: 13.37.225.238:19083, final_counter: None }
[2026-08-28T13:28:49.000Z INFO  gresse::network] replica 178792343404852502 discovered network member NetworkMember { pid: 178792343597985001, address: 13.37.225.238:19084, final_counter: None }
[2026-08-28T13:28:49.001Z INFO  gresse::network] replica 178792343404852502 registered bidirectional network channel for replica 178792343513167001
[2026-08-28T13:28:49.001Z INFO  gresse::replica] replica 178792343404852502 established peer replication connection with replica 178792343513167001
[2026-08-28T13:28:49.001Z INFO  gresse::network] replica 178792343404852502 registered bidirectional network channel for replica 178792343404851502
[2026-08-28T13:28:49.001Z INFO  gresse::network] replica 178792343404852502 registered bidirectional network channel for replica 178792343404855501
[2026-08-28T13:28:49.001Z INFO  gresse::replica] replica 178792343404852502 established peer replication connection with replica 178792343404851502
[2026-08-28T13:28:49.001Z INFO  gresse::replica] replica 178792343404852502 established peer replication connection with replica 178792343404855501
[2026-08-28T13:28:49.001Z INFO  gresse::network] replica 178792343404852502 registered bidirectional network channel for replica 178792343404852502
[2026-08-28T13:28:49.001Z INFO  gresse::replica] replica 178792343404852502 established peer replication connection with replica 178792343404852502
[2026-08-28T13:28:49.001Z INFO  gresse::network] replica 178792343404852502 registered bidirectional network channel for replica 178792343404854501
[2026-08-28T13:28:49.001Z INFO  gresse::replica] replica 178792343404852502 established peer replication connection with replica 178792343404854501
[2026-08-28T13:28:49.001Z WARN  gresse::network] replica 178792343404852502 rejected peer handshake: expected 178792343404852501, received 178792343404852502
[2026-08-28T13:28:49.020Z INFO  gresse::network] replica 178792343404852502 registered bidirectional network channel for replica 178792343513168001
[2026-08-28T13:28:49.020Z INFO  gresse::replica] replica 178792343404852502 established peer replication connection with replica 178792343513168001
[2026-08-28T13:28:49.020Z INFO  gresse::network] replica 178792343404852502 registered bidirectional network channel for replica 178792343513166001
[2026-08-28T13:28:49.020Z INFO  gresse::replica] replica 178792343404852502 established peer replication connection with replica 178792343513166001
[2026-08-28T13:28:49.020Z INFO  gresse::network] replica 178792343404852502 registered bidirectional network channel for replica 178792343513165001
[2026-08-28T13:28:49.020Z INFO  gresse::replica] replica 178792343404852502 established peer replication connection with replica 178792343513165001
[2026-08-28T13:28:49.020Z INFO  gresse::network] replica 178792343404852502 registered bidirectional network channel for replica 178792343513164001
[2026-08-28T13:28:49.020Z INFO  gresse::replica] replica 178792343404852502 established peer replication connection with replica 178792343513164001
[2026-08-28T13:28:49.020Z WARN  gresse::network] replica 178792343404852502 peer connection attempt failed: could not connect to 3.121.180.49:19084: Connection refused (os error 111)
[2026-08-28T13:28:49.030Z INFO  gresse::replica] replica 178792343404852502 established peer replication connection with replica 178792343597984001
[2026-08-28T13:28:49.030Z INFO  gresse::network] replica 178792343404852502 registered bidirectional network channel for replica 178792343597984001
[2026-08-28T13:28:49.035Z INFO  gresse::network] replica 178792343404852502 registered bidirectional network channel for replica 178792343597985001
[2026-08-28T13:28:49.035Z INFO  gresse::replica] replica 178792343404852502 established peer replication connection with replica 178792343597985001
[2026-08-28T13:28:49.035Z INFO  gresse::network] replica 178792343404852502 registered bidirectional network channel for replica 178792343597982001
[2026-08-28T13:28:49.035Z INFO  gresse::replica] replica 178792343404852502 established peer replication connection with replica 178792343597982001
[2026-08-28T13:28:49.035Z INFO  gresse::network] replica 178792343404852502 registered bidirectional network channel for replica 178792343597981001
[2026-08-28T13:28:49.035Z INFO  gresse::replica] replica 178792343404852502 established peer replication connection with replica 178792343597981001
[2026-08-28T13:28:49.040Z INFO  gresse::network] replica 178792343404852502 registered bidirectional network channel for replica 178792343327014802
[2026-08-28T13:28:49.040Z INFO  gresse::network] replica 178792343404852502 registered bidirectional network channel for replica 178792343327013802
[2026-08-28T13:28:49.040Z INFO  gresse::replica] replica 178792343404852502 established peer replication connection with replica 178792343327014802
[2026-08-28T13:28:49.040Z INFO  gresse::replica] replica 178792343404852502 established peer replication connection with replica 178792343327013802
[2026-08-28T13:28:49.067Z INFO  gresse::network] replica 178792343404852502 registered bidirectional network channel for replica 178792343266890002
[2026-08-28T13:28:49.067Z INFO  gresse::replica] replica 178792343404852502 established peer replication connection with replica 178792343266890002
[2026-08-28T13:28:49.085Z INFO  gresse::network] replica 178792343404852502 registered bidirectional network channel for replica 178792343266888002
[2026-08-28T13:28:49.085Z INFO  gresse::replica] replica 178792343404852502 established peer replication connection with replica 178792343266888002
[2026-08-28T13:28:49.085Z INFO  gresse::network] replica 178792343404852502 registered bidirectional network channel for replica 178792343266887002
[2026-08-28T13:28:49.085Z INFO  gresse::replica] replica 178792343404852502 established peer replication connection with replica 178792343266887002
[2026-08-28T13:28:49.085Z INFO  gresse::network] replica 178792343404852502 registered bidirectional network channel for replica 178792343266886002
[2026-08-28T13:28:49.085Z INFO  gresse::replica] replica 178792343404852502 established peer replication connection with replica 178792343266886002
[2026-08-28T13:28:49.198Z INFO  gresse::network] replica 178792343404852502 registered bidirectional network channel for replica 178792343327016802
[2026-08-28T13:28:49.198Z INFO  gresse::replica] replica 178792343404852502 established peer replication connection with replica 178792343327016802
[2026-08-28T13:28:49.539Z INFO  gresse::network] replica 178792343404852502 registered bidirectional network channel for replica 178792343327017802
[2026-08-28T13:28:49.539Z INFO  gresse::replica] replica 178792343404852502 established peer replication connection with replica 178792343327017802
[2026-08-28T13:28:53.688Z INFO  gresse::replica] replica 178792343404852502 observed shutdown descriptor for replica 178792343327014801 with final counter Some(327)
[2026-08-28T13:28:53.956Z INFO  gresse::replica] replica 178792343404852502 observed shutdown descriptor for replica 178792343327015801 with final counter Some(327)
[2026-08-28T13:28:54.067Z INFO  gresse::replica] replica 178792343404852502 observed shutdown descriptor for replica 178792343327016801 with final counter Some(327)
[2026-08-28T13:29:19.001Z WARN  gresse::network] peer connection write failed: Broken pipe (os error 32)
[2026-08-28T13:29:21.001Z WARN  gresse::network] peer connection write failed: Broken pipe (os error 32)
[2026-08-28T13:29:28.001Z WARN  gresse::replica] replica 178792343404852502 deferred pull request to peer 178792343404852502: channel closed
[2026-08-28T13:29:35.001Z WARN  gresse::network] peer connection write failed: Broken pipe (os error 32)
[2026-08-28T13:29:44.001Z WARN  gresse::replica] replica 178792343404852502 deferred pull request to peer 178792343266890002: channel closed
[2026-08-28T13:29:46.001Z WARN  gresse::network] peer connection write failed: Broken pipe (os error 32)
[2026-08-28T13:29:48.648Z INFO  gresse::replica] replica 178792343404852502 observed shutdown descriptor for replica 178792343404853501 with final counter Some(616)
[2026-08-28T13:29:49.001Z WARN  gresse::replica] replica 178792343404852502 deferred pull request to peer 178792343597984001: channel closed
[2026-08-28T13:29:53.650Z INFO  gresse::replica] replica 178792343404852502 observed shutdown descriptor for replica 178792343404854501 with final counter Some(619)
[2026-08-28T13:29:53.738Z INFO  gresse::replica] replica 178792343404852502 observed shutdown descriptor for replica 178792343404855501 with final counter Some(617)
[2026-08-28T13:30:02.001Z WARN  gresse::replica] replica 178792343404852502 deferred pull request to peer 178792343327015802: channel closed
[2026-08-28T13:30:07.001Z WARN  gresse::network] peer connection write failed: Broken pipe (os error 32)
[2026-08-28T13:30:08.001Z WARN  gresse::network] peer connection write failed: Broken pipe (os error 32)
[2026-08-28T13:30:14.001Z WARN  gresse::replica] replica 178792343404852502 deferred pull request to peer 178792343513166001: channel closed
[2026-08-28T13:30:20.001Z WARN  gresse::network] peer connection write failed: Broken pipe (os error 32)
[2026-08-28T13:30:21.001Z WARN  gresse::replica] replica 178792343404852502 deferred pull request to peer 178792343513164001: channel closed
[2026-08-28T13:30:38.001Z WARN  gresse::replica] replica 178792343404852502 deferred pull request to peer 178792343513165001: channel closed
[2026-08-28T13:30:48.536Z INFO  gresse::replica] replica 178792343404852502 established peer replication connection with replica 178792343513164002
[2026-08-28T13:30:48.536Z INFO  gresse::network] replica 178792343404852502 registered bidirectional network channel for replica 178792343513164002
[2026-08-28T13:30:48.612Z INFO  gresse::network] replica 178792343404852502 registered bidirectional network channel for replica 178792343404853502
[2026-08-28T13:30:48.612Z INFO  gresse::replica] replica 178792343404852502 established peer replication connection with replica 178792343404853502
[2026-08-28T13:30:49.075Z INFO  gresse::network] replica 178792343404852502 registered bidirectional network channel for replica 178792343513165002
[2026-08-28T13:30:49.075Z INFO  gresse::replica] replica 178792343404852502 established peer replication connection with replica 178792343513165002
[2026-08-28T13:30:49.347Z INFO  gresse::network] replica 178792343404852502 registered bidirectional network channel for replica 178792343404854502
[2026-08-28T13:30:49.347Z INFO  gresse::replica] replica 178792343404852502 established peer replication connection with replica 178792343404854502
[2026-08-28T13:30:49.578Z INFO  gresse::network] replica 178792343404852502 registered bidirectional network channel for replica 178792343513166002
[2026-08-28T13:30:49.578Z INFO  gresse::replica] replica 178792343404852502 established peer replication connection with replica 178792343513166002
[2026-08-28T13:30:49.897Z INFO  gresse::network] replica 178792343404852502 registered bidirectional network channel for replica 178792343404855502
[2026-08-28T13:30:49.897Z INFO  gresse::replica] replica 178792343404852502 established peer replication connection with replica 178792343404855502
[2026-08-28T13:31:48.650Z INFO  gresse::replica] replica 178792343404852502 observed shutdown descriptor for replica 178792343513167001 with final counter Some(959)
[2026-08-28T13:31:48.752Z INFO  gresse::replica] replica 178792343404852502 observed shutdown descriptor for replica 178792343597981001 with final counter Some(777)
[2026-08-28T13:31:53.646Z INFO  gresse::replica] replica 178792343404852502 observed shutdown descriptor for replica 178792343513168001 with final counter Some(959)
[2026-08-28T13:31:55.001Z WARN  gresse::network] peer connection write failed: Broken pipe (os error 32)
[2026-08-28T13:32:11.001Z WARN  gresse::replica] replica 178792343404852502 deferred pull request to peer 178792343597982001: channel closed
[2026-08-28T13:32:20.001Z WARN  gresse::network] peer connection write failed: Broken pipe (os error 32)
[2026-08-28T13:32:34.001Z WARN  gresse::replica] replica 178792343404852502 deferred pull request to peer 178792343597983001: channel closed
[2026-08-28T13:32:48.458Z INFO  gresse::network] replica 178792343404852502 registered bidirectional network channel for replica 178792343513167002
[2026-08-28T13:32:48.458Z INFO  gresse::replica] replica 178792343404852502 established peer replication connection with replica 178792343513167002
[2026-08-28T13:32:48.550Z INFO  gresse::network] replica 178792343404852502 registered bidirectional network channel for replica 178792343597981002
[2026-08-28T13:32:48.550Z INFO  gresse::replica] replica 178792343404852502 established peer replication connection with replica 178792343597981002
[2026-08-28T13:32:48.832Z INFO  gresse::network] replica 178792343404852502 discovered network member NetworkMember { pid: 178792343513168002, address: 3.8.155.72:19084, final_counter: None }
[2026-08-28T13:32:49.106Z INFO  gresse::network] replica 178792343404852502 registered bidirectional network channel for replica 178792343513168002
[2026-08-28T13:32:49.106Z INFO  gresse::replica] replica 178792343404852502 established peer replication connection with replica 178792343513168002
[2026-08-28T13:32:49.115Z INFO  gresse::network] replica 178792343404852502 registered bidirectional network channel for replica 178792343597982002
[2026-08-28T13:32:49.115Z INFO  gresse::replica] replica 178792343404852502 established peer replication connection with replica 178792343597982002
[2026-08-28T13:32:49.707Z INFO  gresse::network] replica 178792343404852502 registered bidirectional network channel for replica 178792343597983002
[2026-08-28T13:32:49.707Z INFO  gresse::replica] replica 178792343404852502 established peer replication connection with replica 178792343597983002
[2026-08-28T13:32:50.299Z INFO  gresse::network] replica 178792343404852502 registered bidirectional network channel for replica 178792343597984002
[2026-08-28T13:32:50.299Z INFO  gresse::replica] replica 178792343404852502 established peer replication connection with replica 178792343597984002
[2026-08-28T13:33:48.058Z INFO  gresse::replica] replica 178792343404852502 gc departed_pids=None updated_stable=DotSet { set: {178792343266889001: -1, 178792343327014801: -1, 178792343266888001: -1, 178792343404855501: -1, 178792343513166001: -1, 178792343404852502: -1, 178792343266889002: -1, 178792343513168002: -1, 178792343597983001: -1, 178792343597984001: -1, 178792343597982001: -1, 178792343266886002: -1, 178792343327017801: -1, 178792343513167001: -1, 178792343266886001: -1, 178792343404852501: -1, 178792343327015801: -1, 178792343513164001: -1, 178792343404854501: -1, 178792343266890001: -1, 178792343266887002: -1, 178792343404853502: -1, 178792343327014802: -1, 178792343404853501: -1, 178792343513167002: -1, 178792343597981001: -1, 178792343513168001: -1, 178792343266887001: -1, 178792343404854502: -1, 178792343513164002: -1, 178792343327013801: -1, 178792343404855502: -1, 178792343513165001: -1, 178792343266888002: -1, 178792343327016801: -1, 178792343597981002: -1, 178792343513165002: -1, 178792343266890002: -1, 178792343327015802: -1, 178792343404851502: -1, 178792343597985001: -1, 178792343597982002: -1, 178792343327017802: -1, 178792343597983002: -1, 178792343327013802: -1, 178792343597984002: -1, 178792343513166002: -1, 178792343327016802: -1, 178792343404851501: -1} }
[2026-08-28T13:33:48.750Z INFO  gresse::replica] replica 178792343404852502 completed gc round
[2026-08-28T13:33:49.030Z INFO  gresse::replica] replica 178792343404852502 observed shutdown descriptor for replica 178792343266886002 with final counter Some(841)
[2026-08-28T13:33:49.459Z INFO  gresse::replica] replica 178792343404852502 observed shutdown descriptor for replica 178792343266887002 with final counter Some(839)
[2026-08-28T13:33:49.610Z INFO  gresse::replica] replica 178792343404852502 observed shutdown descriptor for replica 178792343597985001 with final counter Some(1498)
[2026-08-28T13:34:03.001Z WARN  gresse::network] peer connection write failed: Broken pipe (os error 32)
[2026-08-28T13:34:04.000Z WARN  gresse::replica] replica 178792343404852502 deferred pull request to peer 178792343266889002: channel closed
[2026-08-28T13:34:48.273Z INFO  gresse::network] replica 178792343404852502 registered bidirectional network channel for replica 178792343266886003
[2026-08-28T13:34:48.273Z INFO  gresse::replica] replica 178792343404852502 established peer replication connection with replica 178792343266886003
[2026-08-28T13:34:48.432Z INFO  gresse::network] replica 178792343404852502 registered bidirectional network channel for replica 178792343266887003
[2026-08-28T13:34:48.432Z INFO  gresse::replica] replica 178792343404852502 established peer replication connection with replica 178792343266887003
[2026-08-28T13:34:48.485Z INFO  gresse::network] replica 178792343404852502 registered bidirectional network channel for replica 178792343597985002
[2026-08-28T13:34:48.485Z INFO  gresse::replica] replica 178792343404852502 established peer replication connection with replica 178792343597985002
[2026-08-28T13:34:48.838Z INFO  gresse::network] replica 178792343404852502 registered bidirectional network channel for replica 178792343266888003
[2026-08-28T13:34:48.838Z INFO  gresse::replica] replica 178792343404852502 established peer replication connection with replica 178792343266888003
[2026-08-28T13:34:49.216Z INFO  gresse::network] replica 178792343404852502 registered bidirectional network channel for replica 178792343266889003
[2026-08-28T13:34:49.216Z INFO  gresse::replica] replica 178792343404852502 established peer replication connection with replica 178792343266889003
[2026-08-28T13:34:49.610Z INFO  gresse::network] replica 178792343404852502 registered bidirectional network channel for replica 178792343266890003
[2026-08-28T13:34:49.610Z INFO  gresse::replica] replica 178792343404852502 established peer replication connection with replica 178792343266890003
[2026-08-28T13:35:04.001Z WARN  gresse::network] peer connection write failed: Broken pipe (os error 32)
[2026-08-28T13:35:18.001Z WARN  gresse::replica] replica 178792343404852502 deferred pull request to peer 178792343266888002: channel closed
[2026-08-28T13:35:48.853Z INFO  gresse::replica] replica 178792343404852502 observed shutdown descriptor for replica 178792343327013802 with final counter Some(1558)
[2026-08-28T13:35:53.657Z INFO  gresse::replica] replica 178792343404852502 observed shutdown descriptor for replica 178792343327014802 with final counter Some(841)
[2026-08-28T13:35:53.825Z INFO  gresse::replica] replica 178792343404852502 observed shutdown descriptor for replica 178792343327015802 with final counter Some(840)
[2026-08-28T13:36:07.001Z WARN  gresse::network] peer connection write failed: Broken pipe (os error 32)
[2026-08-28T13:36:35.001Z WARN  gresse::network] peer connection write failed: Broken pipe (os error 32)
[2026-08-28T13:36:43.001Z WARN  gresse::replica] replica 178792343404852502 deferred pull request to peer 178792343404851502: channel closed
[2026-08-28T13:36:48.443Z INFO  gresse::network] replica 178792343404852502 registered bidirectional network channel for replica 178792343327013803
[2026-08-28T13:36:48.443Z INFO  gresse::replica] replica 178792343404852502 established peer replication connection with replica 178792343327013803
[2026-08-28T13:36:48.652Z INFO  gresse::network] replica 178792343404852502 discovered network member NetworkMember { pid: 178792343404851503, address: 52.17.146.22:19080, final_counter: None }
[2026-08-28T13:36:48.682Z INFO  gresse::network] replica 178792343404852502 registered bidirectional network channel for replica 178792343404851503
[2026-08-28T13:36:48.682Z INFO  gresse::replica] replica 178792343404852502 established peer replication connection with replica 178792343404851503
[2026-08-28T13:36:48.912Z INFO  gresse::network] replica 178792343404852502 registered bidirectional network channel for replica 178792343327014803
[2026-08-28T13:36:48.912Z INFO  gresse::replica] replica 178792343404852502 established peer replication connection with replica 178792343327014803
[2026-08-28T13:36:49.346Z INFO  gresse::network] replica 178792343404852502 registered bidirectional network channel for replica 178792343327015803
[2026-08-28T13:36:49.346Z INFO  gresse::replica] replica 178792343404852502 established peer replication connection with replica 178792343327015803
[2026-08-28T13:36:49.833Z INFO  gresse::network] replica 178792343404852502 registered bidirectional network channel for replica 178792343327016803
[2026-08-28T13:36:49.833Z INFO  gresse::replica] replica 178792343404852502 established peer replication connection with replica 178792343327016803
[2026-08-28T13:36:50.396Z INFO  gresse::network] replica 178792343404852502 registered bidirectional network channel for replica 178792343327017803
[2026-08-28T13:36:50.396Z INFO  gresse::replica] replica 178792343404852502 established peer replication connection with replica 178792343327017803
[2026-08-28T13:37:03.000Z WARN  gresse::replica] replica 178792343404852502 deferred pull request to peer 178792343327016802: channel closed
[2026-08-28T13:37:15.001Z WARN  gresse::network] peer connection write failed: Broken pipe (os error 32)
[2026-08-28T13:37:20.000Z WARN  gresse::replica] replica 178792343404852502 deferred pull request to peer 178792343327017802: channel closed
[2026-08-28T13:37:48.027Z INFO  gresse::replica] shutdown signal received for replica 178792343404852502
[2026-08-28T13:37:48.027Z INFO  gresse::replica] replica 178792343404852502 shutting down with 24 connected writers
[2026-08-28T13:37:48.522Z INFO  gresse::http_server] http server received shutdown signal
[2026-08-28T13:37:48.522Z INFO  gresse::http_server] http server shutdown complete
[2026-08-28T13:37:48.522Z INFO  gresse::network] network manager for replica 178792343404852502 shutdown complete
