[2026-08-28T13:24:48.514Z INFO  gresse::http_server] running CRDT HTTP server
[2026-08-28T13:24:48.514Z INFO  gresse::http_server] listening for HTTP on 0.0.0.0:18082
[2026-08-28T13:24:48.546Z INFO  gresse::replica] replica 178792343513166001 initiating runtime at bind_http=0.0.0.0:18082 bind_internal=0.0.0.0:19082 advertised_internal=3.8.155.72:19082
[2026-08-28T13:24:48.649Z INFO  gresse::object_storage] object storage connection established: backend=s3, bucket=gresse-geo-035351467464-20260828124038-be821e, region=eu-north-1, endpoint=AWS default endpoint resolution, first_operation=get, object_path=acm-sec-geo-churn-20260828T132329Z-550e9e91/persistent.json
[2026-08-28T13:24:48.699Z INFO  gresse::replica] replica 178792343513166001 discovered 13 membership descriptors during init
[2026-08-28T13:24:48.699Z INFO  gresse::replica] replica 178792343513166001 startup completed
[2026-08-28T13:24:48.699Z INFO  gresse::network] replica 178792343513166001 discovered network member NetworkMember { pid: 178792343266886001, address: 16.192.159.169:19080, final_counter: None }
[2026-08-28T13:24:48.699Z INFO  gresse::network] replica 178792343513166001 discovered network member NetworkMember { pid: 178792343266887001, address: 16.192.159.169:19081, final_counter: None }
[2026-08-28T13:24:48.699Z INFO  gresse::network] replica 178792343513166001 discovered network member NetworkMember { pid: 178792343266888001, address: 16.192.159.169:19082, final_counter: None }
[2026-08-28T13:24:48.699Z INFO  gresse::network] replica 178792343513166001 discovered network member NetworkMember { pid: 178792343327013801, address: 3.121.180.49:19080, final_counter: None }
[2026-08-28T13:24:48.699Z INFO  gresse::network] replica 178792343513166001 discovered network member NetworkMember { pid: 178792343327014801, address: 3.121.180.49:19081, final_counter: None }
[2026-08-28T13:24:48.699Z INFO  gresse::network] replica 178792343513166001 discovered network member NetworkMember { pid: 178792343327015801, address: 3.121.180.49:19082, final_counter: None }
[2026-08-28T13:24:48.699Z INFO  gresse::network] replica 178792343513166001 discovered network member NetworkMember { pid: 178792343404851501, address: 52.17.146.22:19080, final_counter: None }
[2026-08-28T13:24:48.699Z INFO  gresse::network] replica 178792343513166001 discovered network member NetworkMember { pid: 178792343404852501, address: 52.17.146.22:19081, final_counter: None }
[2026-08-28T13:24:48.699Z INFO  gresse::network] replica 178792343513166001 discovered network member NetworkMember { pid: 178792343513164001, address: 3.8.155.72:19080, final_counter: None }
[2026-08-28T13:24:48.699Z INFO  gresse::network] replica 178792343513166001 discovered network member NetworkMember { pid: 178792343513165001, address: 3.8.155.72:19081, final_counter: None }
[2026-08-28T13:24:48.699Z INFO  gresse::network] replica 178792343513166001 discovered network member NetworkMember { pid: 178792343597981001, address: 13.37.225.238:19080, final_counter: None }
[2026-08-28T13:24:48.699Z INFO  gresse::network] replica 178792343513166001 discovered network member NetworkMember { pid: 178792343597982001, address: 13.37.225.238:19081, final_counter: None }
[2026-08-28T13:24:48.700Z INFO  gresse::network] replica 178792343513166001 registered bidirectional network channel for replica 178792343513165001
[2026-08-28T13:24:48.700Z INFO  gresse::network] replica 178792343513166001 registered bidirectional network channel for replica 178792343513164001
[2026-08-28T13:24:48.700Z INFO  gresse::replica] replica 178792343513166001 established peer replication connection with replica 178792343513165001
[2026-08-28T13:24:48.700Z INFO  gresse::replica] replica 178792343513166001 established peer replication connection with replica 178792343513164001
[2026-08-28T13:24:48.706Z INFO  gresse::network] replica 178792343513166001 registered bidirectional network channel for replica 178792343327015801
[2026-08-28T13:24:48.706Z INFO  gresse::replica] replica 178792343513166001 established peer replication connection with replica 178792343327015801
[2026-08-28T13:24:48.713Z INFO  gresse::network] replica 178792343513166001 registered bidirectional network channel for replica 178792343597981001
[2026-08-28T13:24:48.713Z INFO  gresse::replica] replica 178792343513166001 established peer replication connection with replica 178792343597981001
[2026-08-28T13:24:48.715Z INFO  gresse::network] replica 178792343513166001 registered bidirectional network channel for replica 178792343597982001
[2026-08-28T13:24:48.715Z INFO  gresse::replica] replica 178792343513166001 established peer replication connection with replica 178792343597982001
[2026-08-28T13:24:48.718Z INFO  gresse::network] replica 178792343513166001 registered bidirectional network channel for replica 178792343404851501
[2026-08-28T13:24:48.718Z INFO  gresse::replica] replica 178792343513166001 established peer replication connection with replica 178792343404851501
[2026-08-28T13:24:48.719Z INFO  gresse::network] replica 178792343513166001 registered bidirectional network channel for replica 178792343404852501
[2026-08-28T13:24:48.719Z INFO  gresse::replica] replica 178792343513166001 established peer replication connection with replica 178792343404852501
[2026-08-28T13:24:48.722Z INFO  gresse::network] replica 178792343513166001 registered bidirectional network channel for replica 178792343327014801
[2026-08-28T13:24:48.722Z INFO  gresse::replica] replica 178792343513166001 established peer replication connection with replica 178792343327014801
[2026-08-28T13:24:48.724Z INFO  gresse::network] replica 178792343513166001 registered bidirectional network channel for replica 178792343327013801
[2026-08-28T13:24:48.724Z INFO  gresse::replica] replica 178792343513166001 established peer replication connection with replica 178792343327013801
[2026-08-28T13:24:48.756Z INFO  gresse::network] replica 178792343513166001 registered bidirectional network channel for replica 178792343266886001
[2026-08-28T13:24:48.756Z INFO  gresse::replica] replica 178792343513166001 established peer replication connection with replica 178792343266886001
[2026-08-28T13:24:48.757Z INFO  gresse::network] replica 178792343513166001 registered bidirectional network channel for replica 178792343266887001
[2026-08-28T13:24:48.757Z INFO  gresse::replica] replica 178792343513166001 established peer replication connection with replica 178792343266887001
[2026-08-28T13:24:48.758Z INFO  gresse::network] replica 178792343513166001 registered bidirectional network channel for replica 178792343266888001
[2026-08-28T13:24:48.758Z INFO  gresse::replica] replica 178792343513166001 established peer replication connection with replica 178792343266888001
[2026-08-28T13:24:48.797Z INFO  gresse::network] replica 178792343513166001 registered bidirectional network channel for replica 178792343266889001
[2026-08-28T13:24:48.797Z INFO  gresse::replica] replica 178792343513166001 established peer replication connection with replica 178792343266889001
[2026-08-28T13:24:48.827Z INFO  gresse::network] replica 178792343513166001 registered bidirectional network channel for replica 178792343597983001
[2026-08-28T13:24:48.827Z INFO  gresse::replica] replica 178792343513166001 established peer replication connection with replica 178792343597983001
[2026-08-28T13:24:48.902Z INFO  gresse::network] replica 178792343513166001 registered bidirectional network channel for replica 178792343327016801
[2026-08-28T13:24:48.902Z INFO  gresse::replica] replica 178792343513166001 established peer replication connection with replica 178792343327016801
[2026-08-28T13:24:48.903Z INFO  gresse::network] replica 178792343513166001 registered bidirectional network channel for replica 178792343513167001
[2026-08-28T13:24:48.903Z INFO  gresse::replica] replica 178792343513166001 established peer replication connection with replica 178792343513167001
[2026-08-28T13:24:48.981Z INFO  gresse::network] replica 178792343513166001 registered bidirectional network channel for replica 178792343404853501
[2026-08-28T13:24:48.981Z INFO  gresse::replica] replica 178792343513166001 established peer replication connection with replica 178792343404853501
[2026-08-28T13:24:49.012Z INFO  gresse::network] replica 178792343513166001 registered bidirectional network channel for replica 178792343266890001
[2026-08-28T13:24:49.012Z INFO  gresse::replica] replica 178792343513166001 established peer replication connection with replica 178792343266890001
[2026-08-28T13:24:49.103Z INFO  gresse::network] replica 178792343513166001 registered bidirectional network channel for replica 178792343327017801
[2026-08-28T13:24:49.103Z INFO  gresse::replica] replica 178792343513166001 established peer replication connection with replica 178792343327017801
[2026-08-28T13:24:49.110Z INFO  gresse::network] replica 178792343513166001 registered bidirectional network channel for replica 178792343513168001
[2026-08-28T13:24:49.110Z INFO  gresse::replica] replica 178792343513166001 established peer replication connection with replica 178792343513168001
[2026-08-28T13:24:49.129Z INFO  gresse::network] replica 178792343513166001 registered bidirectional network channel for replica 178792343597984001
[2026-08-28T13:24:49.129Z INFO  gresse::replica] replica 178792343513166001 established peer replication connection with replica 178792343597984001
[2026-08-28T13:24:49.296Z INFO  gresse::network] replica 178792343513166001 registered bidirectional network channel for replica 178792343404854501
[2026-08-28T13:24:49.296Z INFO  gresse::replica] replica 178792343513166001 established peer replication connection with replica 178792343404854501
[2026-08-28T13:24:49.440Z INFO  gresse::network] replica 178792343513166001 registered bidirectional network channel for replica 178792343597985001
[2026-08-28T13:24:49.440Z INFO  gresse::replica] replica 178792343513166001 established peer replication connection with replica 178792343597985001
[2026-08-28T13:24:49.594Z INFO  gresse::network] replica 178792343513166001 registered bidirectional network channel for replica 178792343404855501
[2026-08-28T13:24:49.594Z INFO  gresse::replica] replica 178792343513166001 established peer replication connection with replica 178792343404855501
[2026-08-28T13:25:48.590Z INFO  gresse::replica] replica 178792343513166001 observed shutdown descriptor for replica 178792343266886001 with final counter Some(57)
[2026-08-28T13:25:48.695Z INFO  gresse::replica] replica 178792343513166001 observed shutdown descriptor for replica 178792343266887001 with final counter Some(57)
[2026-08-28T13:25:48.765Z INFO  gresse::replica] replica 178792343513166001 observed shutdown descriptor for replica 178792343266888001 with final counter Some(57)
[2026-08-28T13:26:22.700Z WARN  gresse::network] peer connection write failed: Broken pipe (os error 32)
[2026-08-28T13:26:25.701Z WARN  gresse::replica] replica 178792343513166001 deferred pull request to peer 178792343266889001: channel closed
[2026-08-28T13:26:32.700Z WARN  gresse::network] peer connection write failed: Broken pipe (os error 32)
[2026-08-28T13:26:42.701Z WARN  gresse::replica] replica 178792343513166001 deferred pull request to peer 178792343327013801: channel closed
[2026-08-28T13:26:48.240Z INFO  gresse::network] replica 178792343513166001 registered bidirectional network channel for replica 178792343266886002
[2026-08-28T13:26:48.240Z INFO  gresse::replica] replica 178792343513166001 established peer replication connection with replica 178792343266886002
[2026-08-28T13:26:48.384Z INFO  gresse::replica] replica 178792343513166001 established peer replication connection with replica 178792343327013802
[2026-08-28T13:26:48.384Z INFO  gresse::network] replica 178792343513166001 registered bidirectional network channel for replica 178792343327013802
[2026-08-28T13:26:48.438Z INFO  gresse::network] replica 178792343513166001 registered bidirectional network channel for replica 178792343266887002
[2026-08-28T13:26:48.438Z INFO  gresse::replica] replica 178792343513166001 established peer replication connection with replica 178792343266887002
[2026-08-28T13:26:48.642Z INFO  gresse::network] replica 178792343513166001 registered bidirectional network channel for replica 178792343266888002
[2026-08-28T13:26:48.642Z INFO  gresse::replica] replica 178792343513166001 established peer replication connection with replica 178792343266888002
[2026-08-28T13:26:48.896Z INFO  gresse::network] replica 178792343513166001 registered bidirectional network channel for replica 178792343266889002
[2026-08-28T13:26:48.896Z INFO  gresse::replica] replica 178792343513166001 established peer replication connection with replica 178792343266889002
[2026-08-28T13:26:49.118Z INFO  gresse::network] replica 178792343513166001 registered bidirectional network channel for replica 178792343266890002
[2026-08-28T13:26:49.118Z INFO  gresse::replica] replica 178792343513166001 established peer replication connection with replica 178792343266890002
[2026-08-28T13:27:48.591Z INFO  gresse::replica] replica 178792343513166001 observed shutdown descriptor for replica 178792343327014801 with final counter Some(327)
[2026-08-28T13:27:48.682Z INFO  gresse::replica] replica 178792343513166001 observed shutdown descriptor for replica 178792343327015801 with final counter Some(327)
[2026-08-28T13:27:53.591Z INFO  gresse::replica] replica 178792343513166001 observed shutdown descriptor for replica 178792343327016801 with final counter Some(327)
[2026-08-28T13:28:13.701Z WARN  gresse::network] peer connection write failed: Broken pipe (os error 32)
[2026-08-28T13:28:16.701Z WARN  gresse::replica] replica 178792343513166001 deferred pull request to peer 178792343327017801: channel closed
[2026-08-28T13:28:26.701Z WARN  gresse::network] peer connection write failed: Broken pipe (os error 32)
[2026-08-28T13:28:31.701Z WARN  gresse::network] peer connection write failed: Broken pipe (os error 32)
[2026-08-28T13:28:33.701Z WARN  gresse::replica] replica 178792343513166001 deferred pull request to peer 178792343404851501: channel closed
[2026-08-28T13:28:38.701Z WARN  gresse::replica] replica 178792343513166001 deferred pull request to peer 178792343404852501: channel closed
[2026-08-28T13:28:48.396Z INFO  gresse::network] replica 178792343513166001 registered bidirectional network channel for replica 178792343327014802
[2026-08-28T13:28:48.396Z INFO  gresse::replica] replica 178792343513166001 established peer replication connection with replica 178792343327014802
[2026-08-28T13:28:48.507Z INFO  gresse::replica] replica 178792343513166001 established peer replication connection with replica 178792343404851502
[2026-08-28T13:28:48.508Z INFO  gresse::network] replica 178792343513166001 registered bidirectional network channel for replica 178792343404851502
[2026-08-28T13:28:48.683Z INFO  gresse::network] replica 178792343513166001 discovered network member NetworkMember { pid: 178792343327015802, address: 3.121.180.49:19082, final_counter: None }
[2026-08-28T13:28:48.783Z INFO  gresse::network] replica 178792343513166001 registered bidirectional network channel for replica 178792343327015802
[2026-08-28T13:28:48.783Z INFO  gresse::replica] replica 178792343513166001 established peer replication connection with replica 178792343327015802
[2026-08-28T13:28:49.016Z INFO  gresse::network] replica 178792343513166001 registered bidirectional network channel for replica 178792343404852502
[2026-08-28T13:28:49.016Z INFO  gresse::replica] replica 178792343513166001 established peer replication connection with replica 178792343404852502
[2026-08-28T13:28:49.184Z INFO  gresse::network] replica 178792343513166001 registered bidirectional network channel for replica 178792343327016802
[2026-08-28T13:28:49.184Z INFO  gresse::replica] replica 178792343513166001 established peer replication connection with replica 178792343327016802
[2026-08-28T13:28:49.526Z INFO  gresse::network] replica 178792343513166001 registered bidirectional network channel for replica 178792343327017802
[2026-08-28T13:28:49.526Z INFO  gresse::replica] replica 178792343513166001 established peer replication connection with replica 178792343327017802
