[2026-09-02T14:13:34.209Z INFO  gresse::http_server] running CRDT HTTP server
[2026-09-02T14:13:34.209Z INFO  gresse::http_server] listening for HTTP on 0.0.0.0:18081
[2026-09-02T14:13:34.236Z INFO  gresse::replica] replica 178835836089858601 initiating runtime at bind_http=0.0.0.0:18081 bind_internal=0.0.0.0:19081 advertised_internal=13.48.31.196:19081
[2026-09-02T14:13:34.276Z INFO  gresse::object_storage] object storage connection established: backend=s3, bucket=gresse-geo-035351467464-20260902122609-1c973c, region=eu-north-1, endpoint=AWS default endpoint resolution, first_operation=get, object_path=acm-sec-geo-churn-20260902T141220Z-2ff0c4b6/persistent.json
[2026-09-02T14:13:34.318Z INFO  gresse::replica] replica 178835836089858601 discovered 6 membership descriptors during init
[2026-09-02T14:13:34.318Z INFO  gresse::replica] replica 178835836089858601 startup completed
[2026-09-02T14:13:34.318Z INFO  gresse::network] replica 178835836089858601 discovered network member NetworkMember { pid: 178835836089857601, address: 13.48.31.196:19080, final_counter: None }
[2026-09-02T14:13:34.318Z INFO  gresse::network] replica 178835836089858601 discovered network member NetworkMember { pid: 178835836128988901, address: 3.71.184.22:19080, final_counter: None }
[2026-09-02T14:13:34.318Z INFO  gresse::network] replica 178835836089858601 discovered network member NetworkMember { pid: 178835836195159501, address: 63.33.67.241:19080, final_counter: None }
[2026-09-02T14:13:34.318Z INFO  gresse::network] replica 178835836089858601 discovered network member NetworkMember { pid: 178835836297159901, address: 18.169.194.24:19080, final_counter: None }
[2026-09-02T14:13:34.318Z INFO  gresse::network] replica 178835836089858601 discovered network member NetworkMember { pid: 178835836374677601, address: 13.38.27.31:19080, final_counter: None }
[2026-09-02T14:13:34.319Z INFO  gresse::network] replica 178835836089858601 registered bidirectional network channel for replica 178835836089857601
[2026-09-02T14:13:34.319Z INFO  gresse::replica] replica 178835836089858601 established peer replication connection with replica 178835836089857601
[2026-09-02T14:13:34.366Z INFO  gresse::network] replica 178835836089858601 registered bidirectional network channel for replica 178835836128988901
[2026-09-02T14:13:34.366Z INFO  gresse::replica] replica 178835836089858601 established peer replication connection with replica 178835836128988901
[2026-09-02T14:13:34.373Z INFO  gresse::network] replica 178835836089858601 registered bidirectional network channel for replica 178835836297159901
[2026-09-02T14:13:34.373Z INFO  gresse::replica] replica 178835836089858601 established peer replication connection with replica 178835836297159901
[2026-09-02T14:13:34.380Z INFO  gresse::network] replica 178835836089858601 registered bidirectional network channel for replica 178835836374677601
[2026-09-02T14:13:34.380Z INFO  gresse::replica] replica 178835836089858601 established peer replication connection with replica 178835836374677601
[2026-09-02T14:13:34.403Z INFO  gresse::network] replica 178835836089858601 registered bidirectional network channel for replica 178835836195159501
[2026-09-02T14:13:34.403Z INFO  gresse::replica] replica 178835836089858601 established peer replication connection with replica 178835836195159501
[2026-09-02T14:13:34.426Z INFO  gresse::network] replica 178835836089858601 registered bidirectional network channel for replica 178835836128989901
[2026-09-02T14:13:34.426Z INFO  gresse::replica] replica 178835836089858601 established peer replication connection with replica 178835836128989901
[2026-09-02T14:13:34.447Z INFO  gresse::network] replica 178835836089858601 registered bidirectional network channel for replica 178835836297160901
[2026-09-02T14:13:34.447Z INFO  gresse::replica] replica 178835836089858601 established peer replication connection with replica 178835836297160901
[2026-09-02T14:13:34.500Z INFO  gresse::network] replica 178835836089858601 registered bidirectional network channel for replica 178835836089859601
[2026-09-02T14:13:34.500Z INFO  gresse::replica] replica 178835836089858601 established peer replication connection with replica 178835836089859601
[2026-09-02T14:13:34.565Z INFO  gresse::network] replica 178835836089858601 registered bidirectional network channel for replica 178835836374678601
[2026-09-02T14:13:34.565Z INFO  gresse::replica] replica 178835836089858601 established peer replication connection with replica 178835836374678601
[2026-09-02T14:13:34.603Z INFO  gresse::network] replica 178835836089858601 registered bidirectional network channel for replica 178835836089860601
[2026-09-02T14:13:34.603Z INFO  gresse::replica] replica 178835836089858601 established peer replication connection with replica 178835836089860601
[2026-09-02T14:13:34.620Z INFO  gresse::network] replica 178835836089858601 registered bidirectional network channel for replica 178835836195160501
[2026-09-02T14:13:34.620Z INFO  gresse::replica] replica 178835836089858601 established peer replication connection with replica 178835836195160501
[2026-09-02T14:13:34.642Z INFO  gresse::network] replica 178835836089858601 registered bidirectional network channel for replica 178835836128990901
[2026-09-02T14:13:34.642Z INFO  gresse::replica] replica 178835836089858601 established peer replication connection with replica 178835836128990901
[2026-09-02T14:13:34.653Z INFO  gresse::network] replica 178835836089858601 registered bidirectional network channel for replica 178835836297161901
[2026-09-02T14:13:34.654Z INFO  gresse::replica] replica 178835836089858601 established peer replication connection with replica 178835836297161901
[2026-09-02T14:13:34.706Z INFO  gresse::network] replica 178835836089858601 registered bidirectional network channel for replica 178835836089861601
[2026-09-02T14:13:34.706Z INFO  gresse::replica] replica 178835836089858601 established peer replication connection with replica 178835836089861601
[2026-09-02T14:13:34.839Z INFO  gresse::network] replica 178835836089858601 registered bidirectional network channel for replica 178835836128991901
[2026-09-02T14:13:34.839Z INFO  gresse::replica] replica 178835836089858601 established peer replication connection with replica 178835836128991901
[2026-09-02T14:13:34.858Z INFO  gresse::network] replica 178835836089858601 registered bidirectional network channel for replica 178835836297162901
[2026-09-02T14:13:34.858Z INFO  gresse::replica] replica 178835836089858601 established peer replication connection with replica 178835836297162901
[2026-09-02T14:13:34.903Z INFO  gresse::network] replica 178835836089858601 registered bidirectional network channel for replica 178835836374679601
[2026-09-02T14:13:34.903Z INFO  gresse::replica] replica 178835836089858601 established peer replication connection with replica 178835836374679601
[2026-09-02T14:13:34.925Z INFO  gresse::network] replica 178835836089858601 registered bidirectional network channel for replica 178835836195161501
[2026-09-02T14:13:34.925Z INFO  gresse::replica] replica 178835836089858601 established peer replication connection with replica 178835836195161501
[2026-09-02T14:13:35.038Z INFO  gresse::replica] replica 178835836089858601 established peer replication connection with replica 178835836128992901
[2026-09-02T14:13:35.038Z INFO  gresse::network] replica 178835836089858601 registered bidirectional network channel for replica 178835836128992901
[2026-09-02T14:13:35.053Z INFO  gresse::network] replica 178835836089858601 registered bidirectional network channel for replica 178835836297163901
[2026-09-02T14:13:35.053Z INFO  gresse::replica] replica 178835836089858601 established peer replication connection with replica 178835836297163901
[2026-09-02T14:13:35.178Z INFO  gresse::network] replica 178835836089858601 registered bidirectional network channel for replica 178835836374680601
[2026-09-02T14:13:35.178Z INFO  gresse::replica] replica 178835836089858601 established peer replication connection with replica 178835836374680601
[2026-09-02T14:13:35.218Z INFO  gresse::network] replica 178835836089858601 registered bidirectional network channel for replica 178835836195162501
[2026-09-02T14:13:35.218Z INFO  gresse::replica] replica 178835836089858601 established peer replication connection with replica 178835836195162501
[2026-09-02T14:13:35.482Z INFO  gresse::network] replica 178835836089858601 registered bidirectional network channel for replica 178835836374681601
[2026-09-02T14:13:35.482Z INFO  gresse::replica] replica 178835836089858601 established peer replication connection with replica 178835836374681601
[2026-09-02T14:13:35.531Z INFO  gresse::replica] replica 178835836089858601 established peer replication connection with replica 178835836195163501
[2026-09-02T14:13:35.531Z INFO  gresse::network] replica 178835836089858601 registered bidirectional network channel for replica 178835836195163501
[2026-09-02T14:14:34.108Z INFO  gresse::replica] shutdown signal received for replica 178835836089858601
[2026-09-02T14:14:34.108Z INFO  gresse::replica] replica 178835836089858601 shutting down with 24 connected writers
[2026-09-02T14:14:34.146Z INFO  gresse::http_server] http server received shutdown signal
[2026-09-02T14:14:34.146Z INFO  gresse::http_server] http server shutdown complete
[2026-09-02T14:14:34.146Z INFO  gresse::network] network manager for replica 178835836089858601 shutdown complete
