[2026-09-02T14:47:35.990Z INFO  gresse::http_server] running CRDT HTTP server
[2026-09-02T14:47:35.990Z INFO  gresse::http_server] listening for HTTP on 0.0.0.0:18081
[2026-09-02T14:47:36.024Z INFO  gresse::replica] replica 178835836089858603 initiating runtime at bind_http=0.0.0.0:18081 bind_internal=0.0.0.0:19081 advertised_internal=13.48.31.196:19081
[2026-09-02T14:47:36.053Z INFO  gresse::object_storage] object storage connection established: backend=s3, bucket=gresse-geo-035351467464-20260902122609-1c973c, region=eu-north-1, endpoint=AWS default endpoint resolution, first_operation=put-create, object_path=acm-sec-geo-churn-20260902T141220Z-2ff0c4b6/membership/178835836089858603,13.48.31.196:19081,17
[2026-09-02T14:47:36.086Z INFO  gresse::replica] replica 178835836089858603 restored local state from durability journal before startup
[2026-09-02T14:47:36.086Z INFO  gresse::replica] replica 178835836089858603 discovered 175 membership descriptors during init
[2026-09-02T14:47:36.086Z INFO  gresse::replica] replica 178835836089858603 startup completed
[2026-09-02T14:47:36.086Z INFO  gresse::network] replica 178835836089858603 discovered network member NetworkMember { pid: 178835836089857604, address: 13.48.31.196:19080, final_counter: None }
[2026-09-02T14:47:36.086Z INFO  gresse::network] replica 178835836089858603 discovered network member NetworkMember { pid: 178835836089859602, address: 13.48.31.196:19082, final_counter: None }
[2026-09-02T14:47:36.086Z INFO  gresse::network] replica 178835836089858603 discovered network member NetworkMember { pid: 178835836089860605, address: 13.48.31.196:19083, final_counter: None }
[2026-09-02T14:47:36.086Z INFO  gresse::network] replica 178835836089858603 discovered network member NetworkMember { pid: 178835836089861605, address: 13.48.31.196:19084, final_counter: None }
[2026-09-02T14:47:36.086Z INFO  gresse::network] replica 178835836089858603 discovered network member NetworkMember { pid: 178835836128988905, address: 3.71.184.22:19080, final_counter: None }
[2026-09-02T14:47:36.086Z INFO  gresse::network] replica 178835836089858603 discovered network member NetworkMember { pid: 178835836128989904, address: 3.71.184.22:19081, final_counter: None }
[2026-09-02T14:47:36.086Z INFO  gresse::network] replica 178835836089858603 discovered network member NetworkMember { pid: 178835836128990903, address: 3.71.184.22:19082, final_counter: None }
[2026-09-02T14:47:36.086Z INFO  gresse::network] replica 178835836089858603 discovered network member NetworkMember { pid: 178835836128991902, address: 3.71.184.22:19083, final_counter: None }
[2026-09-02T14:47:36.086Z INFO  gresse::network] replica 178835836089858603 discovered network member NetworkMember { pid: 178835836128992905, address: 3.71.184.22:19084, final_counter: None }
[2026-09-02T14:47:36.086Z INFO  gresse::network] replica 178835836089858603 discovered network member NetworkMember { pid: 178835836195159505, address: 63.33.67.241:19080, final_counter: None }
[2026-09-02T14:47:36.086Z INFO  gresse::network] replica 178835836089858603 discovered network member NetworkMember { pid: 178835836195160505, address: 63.33.67.241:19081, final_counter: None }
[2026-09-02T14:47:36.086Z INFO  gresse::network] replica 178835836089858603 discovered network member NetworkMember { pid: 178835836195161504, address: 63.33.67.241:19082, final_counter: None }
[2026-09-02T14:47:36.086Z INFO  gresse::network] replica 178835836089858603 discovered network member NetworkMember { pid: 178835836195162503, address: 63.33.67.241:19083, final_counter: None }
[2026-09-02T14:47:36.086Z INFO  gresse::network] replica 178835836089858603 discovered network member NetworkMember { pid: 178835836195163502, address: 63.33.67.241:19084, final_counter: None }
[2026-09-02T14:47:36.086Z INFO  gresse::network] replica 178835836089858603 discovered network member NetworkMember { pid: 178835836297159905, address: 18.169.194.24:19080, final_counter: None }
[2026-09-02T14:47:36.086Z INFO  gresse::network] replica 178835836089858603 discovered network member NetworkMember { pid: 178835836297160905, address: 18.169.194.24:19081, final_counter: None }
[2026-09-02T14:47:36.086Z INFO  gresse::network] replica 178835836089858603 discovered network member NetworkMember { pid: 178835836297161905, address: 18.169.194.24:19082, final_counter: None }
[2026-09-02T14:47:36.086Z INFO  gresse::network] replica 178835836089858603 discovered network member NetworkMember { pid: 178835836297162904, address: 18.169.194.24:19083, final_counter: None }
[2026-09-02T14:47:36.086Z INFO  gresse::network] replica 178835836089858603 discovered network member NetworkMember { pid: 178835836297163903, address: 18.169.194.24:19084, final_counter: None }
[2026-09-02T14:47:36.086Z INFO  gresse::network] replica 178835836089858603 discovered network member NetworkMember { pid: 178835836374677602, address: 13.38.27.31:19080, final_counter: None }
[2026-09-02T14:47:36.086Z INFO  gresse::network] replica 178835836089858603 discovered network member NetworkMember { pid: 178835836374678605, address: 13.38.27.31:19081, final_counter: None }
[2026-09-02T14:47:36.086Z INFO  gresse::network] replica 178835836089858603 discovered network member NetworkMember { pid: 178835836374679605, address: 13.38.27.31:19082, final_counter: None }
[2026-09-02T14:47:36.086Z INFO  gresse::network] replica 178835836089858603 discovered network member NetworkMember { pid: 178835836374681604, address: 13.38.27.31:19084, final_counter: None }
[2026-09-02T14:47:36.087Z INFO  gresse::network] replica 178835836089858603 registered bidirectional network channel for replica 178835836089861605
[2026-09-02T14:47:36.087Z INFO  gresse::replica] replica 178835836089858603 established peer replication connection with replica 178835836089861605
[2026-09-02T14:47:36.087Z INFO  gresse::network] replica 178835836089858603 registered bidirectional network channel for replica 178835836089859602
[2026-09-02T14:47:36.087Z INFO  gresse::replica] replica 178835836089858603 established peer replication connection with replica 178835836089859602
[2026-09-02T14:47:36.087Z INFO  gresse::network] replica 178835836089858603 registered bidirectional network channel for replica 178835836089860605
[2026-09-02T14:47:36.087Z INFO  gresse::replica] replica 178835836089858603 established peer replication connection with replica 178835836089860605
[2026-09-02T14:47:36.087Z INFO  gresse::network] replica 178835836089858603 registered bidirectional network channel for replica 178835836089857604
[2026-09-02T14:47:36.087Z INFO  gresse::replica] replica 178835836089858603 established peer replication connection with replica 178835836089857604
[2026-09-02T14:47:36.117Z WARN  gresse::network] replica 178835836089858603 peer connection attempt failed: could not connect to 13.38.27.31:19084: Connection refused (os error 111)
[2026-09-02T14:47:36.134Z INFO  gresse::replica] replica 178835836089858603 established peer replication connection with replica 178835836128991902
[2026-09-02T14:47:36.134Z INFO  gresse::network] replica 178835836089858603 registered bidirectional network channel for replica 178835836128991902
[2026-09-02T14:47:36.134Z INFO  gresse::network] replica 178835836089858603 registered bidirectional network channel for replica 178835836128989904
[2026-09-02T14:47:36.134Z INFO  gresse::replica] replica 178835836089858603 established peer replication connection with replica 178835836128989904
[2026-09-02T14:47:36.134Z INFO  gresse::network] replica 178835836089858603 registered bidirectional network channel for replica 178835836128988905
[2026-09-02T14:47:36.134Z INFO  gresse::replica] replica 178835836089858603 established peer replication connection with replica 178835836128988905
[2026-09-02T14:47:36.134Z INFO  gresse::network] replica 178835836089858603 registered bidirectional network channel for replica 178835836128990903
[2026-09-02T14:47:36.134Z INFO  gresse::replica] replica 178835836089858603 established peer replication connection with replica 178835836128990903
[2026-09-02T14:47:36.134Z INFO  gresse::network] replica 178835836089858603 registered bidirectional network channel for replica 178835836128992905
[2026-09-02T14:47:36.134Z INFO  gresse::replica] replica 178835836089858603 established peer replication connection with replica 178835836128992905
[2026-09-02T14:47:36.144Z INFO  gresse::network] replica 178835836089858603 registered bidirectional network channel for replica 178835836297162904
[2026-09-02T14:47:36.144Z INFO  gresse::replica] replica 178835836089858603 established peer replication connection with replica 178835836297162904
[2026-09-02T14:47:36.144Z INFO  gresse::network] replica 178835836089858603 registered bidirectional network channel for replica 178835836297161905
[2026-09-02T14:47:36.144Z INFO  gresse::network] replica 178835836089858603 registered bidirectional network channel for replica 178835836297160905
[2026-09-02T14:47:36.144Z INFO  gresse::replica] replica 178835836089858603 established peer replication connection with replica 178835836297161905
[2026-09-02T14:47:36.144Z INFO  gresse::replica] replica 178835836089858603 established peer replication connection with replica 178835836297160905
[2026-09-02T14:47:36.144Z INFO  gresse::network] replica 178835836089858603 registered bidirectional network channel for replica 178835836297163903
[2026-09-02T14:47:36.144Z INFO  gresse::replica] replica 178835836089858603 established peer replication connection with replica 178835836297163903
[2026-09-02T14:47:36.144Z INFO  gresse::network] replica 178835836089858603 registered bidirectional network channel for replica 178835836297159905
[2026-09-02T14:47:36.144Z INFO  gresse::replica] replica 178835836089858603 established peer replication connection with replica 178835836297159905
[2026-09-02T14:47:36.148Z INFO  gresse::network] replica 178835836089858603 registered bidirectional network channel for replica 178835836374678605
[2026-09-02T14:47:36.148Z INFO  gresse::replica] replica 178835836089858603 established peer replication connection with replica 178835836374678605
[2026-09-02T14:47:36.148Z INFO  gresse::network] replica 178835836089858603 registered bidirectional network channel for replica 178835836374677602
[2026-09-02T14:47:36.148Z INFO  gresse::replica] replica 178835836089858603 established peer replication connection with replica 178835836374677602
[2026-09-02T14:47:36.171Z INFO  gresse::network] replica 178835836089858603 registered bidirectional network channel for replica 178835836195163502
[2026-09-02T14:47:36.171Z INFO  gresse::replica] replica 178835836089858603 established peer replication connection with replica 178835836195163502
[2026-09-02T14:47:36.171Z INFO  gresse::network] replica 178835836089858603 registered bidirectional network channel for replica 178835836195160505
[2026-09-02T14:47:36.171Z INFO  gresse::network] replica 178835836089858603 registered bidirectional network channel for replica 178835836195161504
[2026-09-02T14:47:36.171Z INFO  gresse::replica] replica 178835836089858603 established peer replication connection with replica 178835836195160505
[2026-09-02T14:47:36.171Z INFO  gresse::replica] replica 178835836089858603 established peer replication connection with replica 178835836195161504
[2026-09-02T14:47:36.171Z INFO  gresse::network] replica 178835836089858603 registered bidirectional network channel for replica 178835836195159505
[2026-09-02T14:47:36.171Z INFO  gresse::replica] replica 178835836089858603 established peer replication connection with replica 178835836195159505
[2026-09-02T14:47:36.172Z INFO  gresse::network] replica 178835836089858603 registered bidirectional network channel for replica 178835836195162503
[2026-09-02T14:47:36.172Z INFO  gresse::replica] replica 178835836089858603 established peer replication connection with replica 178835836195162503
[2026-09-02T14:47:36.676Z INFO  gresse::network] replica 178835836089858603 registered bidirectional network channel for replica 178835836374679605
[2026-09-02T14:47:36.676Z INFO  gresse::replica] replica 178835836089858603 established peer replication connection with replica 178835836374679605
[2026-09-02T14:47:38.067Z INFO  gresse::network] replica 178835836089858603 registered bidirectional network channel for replica 178835836374680605
[2026-09-02T14:47:38.067Z INFO  gresse::replica] replica 178835836089858603 established peer replication connection with replica 178835836374680605
[2026-09-02T14:47:39.406Z INFO  gresse::network] replica 178835836089858603 registered bidirectional network channel for replica 178835836374681604
[2026-09-02T14:47:39.406Z INFO  gresse::replica] replica 178835836089858603 established peer replication connection with replica 178835836374681604
[2026-09-02T14:47:41.369Z INFO  gresse::replica] replica 178835836089858603 observed shutdown descriptor for replica 178835836374678601 with final counter Some(3851)
[2026-09-02T14:47:41.561Z INFO  gresse::replica] replica 178835836089858603 observed shutdown descriptor for replica 178835836374679604 with final counter Some(867)
[2026-09-02T14:47:41.798Z INFO  gresse::replica] replica 178835836089858603 observed shutdown descriptor for replica 178835836374680604 with final counter Some(868)
[2026-09-02T14:47:43.087Z WARN  gresse::network] peer connection write failed: Broken pipe (os error 32)
[2026-09-02T14:47:47.087Z WARN  gresse::network] peer connection write failed: Broken pipe (os error 32)
[2026-09-02T14:47:52.087Z WARN  gresse::network] peer connection write failed: Broken pipe (os error 32)
[2026-09-02T14:47:53.087Z WARN  gresse::network] peer connection write failed: Broken pipe (os error 32)
[2026-09-02T14:47:56.087Z WARN  gresse::network] peer connection write failed: Broken pipe (os error 32)
[2026-09-02T14:47:57.087Z WARN  gresse::replica] replica 178835836089858603 deferred pull request to peer 178835836089861605: channel closed
[2026-09-02T14:47:58.087Z WARN  gresse::network] peer connection write failed: Broken pipe (os error 32)
[2026-09-02T14:48:04.087Z WARN  gresse::network] peer connection write failed: Broken pipe (os error 32)
[2026-09-02T14:48:05.087Z WARN  gresse::network] peer connection write failed: Broken pipe (os error 32)
[2026-09-02T14:48:07.087Z WARN  gresse::replica] replica 178835836089858603 deferred pull request to peer 178835836089860605: channel closed
[2026-09-02T14:48:08.087Z WARN  gresse::network] peer connection write failed: Broken pipe (os error 32)
[2026-09-02T14:48:09.087Z WARN  gresse::network] peer connection write failed: Broken pipe (os error 32)
[2026-09-02T14:48:10.087Z WARN  gresse::replica] replica 178835836089858603 deferred pull request to peer 178835836195160505: channel closed
[2026-09-02T14:48:11.087Z WARN  gresse::network] peer connection write failed: Broken pipe (os error 32)
[2026-09-02T14:48:12.087Z WARN  gresse::network] peer connection write failed: Broken pipe (os error 32)
[2026-09-02T14:48:15.087Z WARN  gresse::replica] replica 178835836089858603 deferred pull request to peer 178835836128992905: channel closed
[2026-09-02T14:48:16.087Z WARN  gresse::network] peer connection write failed: Broken pipe (os error 32)
[2026-09-02T14:48:17.087Z WARN  gresse::replica] replica 178835836089858603 deferred pull request to peer 178835836195159505: channel closed
[2026-09-02T14:48:18.087Z WARN  gresse::network] peer connection write failed: Broken pipe (os error 32)
[2026-09-02T14:48:19.086Z WARN  gresse::replica] replica 178835836089858603 deferred pull request to peer 178835836128989904: channel closed
[2026-09-02T14:48:21.087Z WARN  gresse::replica] replica 178835836089858603 deferred pull request to peer 178835836374677602: channel closed
[2026-09-02T14:48:23.087Z WARN  gresse::replica] replica 178835836089858603 deferred pull request to peer 178835836089859602: channel closed
[2026-09-02T14:48:24.087Z WARN  gresse::network] peer connection write failed: Broken pipe (os error 32)
[2026-09-02T14:48:25.087Z WARN  gresse::network] peer connection write failed: Broken pipe (os error 32)
[2026-09-02T14:48:26.087Z WARN  gresse::replica] replica 178835836089858603 deferred pull request to peer 178835836297163903: channel closed
[2026-09-02T14:48:27.087Z WARN  gresse::replica] replica 178835836089858603 deferred pull request to peer 178835836195162503: channel closed
[2026-09-02T14:48:28.087Z WARN  gresse::replica] replica 178835836089858603 deferred pull request to peer 178835836297162904: channel closed
[2026-09-02T14:48:29.087Z WARN  gresse::network] peer connection write failed: Broken pipe (os error 32)
[2026-09-02T14:48:30.087Z WARN  gresse::replica] replica 178835836089858603 deferred pull request to peer 178835836297159905: channel closed
[2026-09-02T14:48:32.087Z WARN  gresse::replica] replica 178835836089858603 deferred pull request to peer 178835836128990903: channel closed
[2026-09-02T14:48:33.087Z WARN  gresse::network] peer connection write failed: Broken pipe (os error 32)
[2026-09-02T14:48:36.047Z INFO  gresse::replica] replica 178835836089858603 observed shutdown descriptor for replica 178835836089859602 with final counter Some(3784)
[2026-09-02T14:48:36.304Z INFO  gresse::replica] replica 178835836089858603 observed shutdown descriptor for replica 178835836089860605 with final counter Some(920)
[2026-09-02T14:48:36.451Z INFO  gresse::replica] replica 178835836089858603 observed shutdown descriptor for replica 178835836089861605 with final counter Some(922)
[2026-09-02T14:48:36.603Z WARN  gresse::replica] replica 178835836089858603 deferred pull request to peer 178835836195161504: channel closed
[2026-09-02T14:48:37.087Z WARN  gresse::replica] replica 178835836089858603 deferred pull request to peer 178835836297161905: channel closed
[2026-09-02T14:48:38.087Z WARN  gresse::network] peer connection write failed: Broken pipe (os error 32)
[2026-09-02T14:48:39.087Z WARN  gresse::replica] replica 178835836089858603 deferred pull request to peer 178835836128988905: channel closed
[2026-09-02T14:48:41.087Z WARN  gresse::replica] replica 178835836089858603 deferred pull request to peer 178835836128991902: channel closed
[2026-09-02T14:48:42.087Z WARN  gresse::replica] replica 178835836089858603 deferred pull request to peer 178835836297160905: channel closed
[2026-09-02T14:48:43.087Z WARN  gresse::replica] replica 178835836089858603 deferred pull request to peer 178835836195163502: channel closed
[2026-09-02T14:49:34.646Z INFO  gresse::network] replica 178835836089858603 registered bidirectional network channel for replica 178835836089859606
[2026-09-02T14:49:34.646Z INFO  gresse::replica] replica 178835836089858603 established peer replication connection with replica 178835836089859606
[2026-09-02T14:49:35.421Z INFO  gresse::network] replica 178835836089858603 registered bidirectional network channel for replica 178835836089860606
[2026-09-02T14:49:35.421Z INFO  gresse::replica] replica 178835836089858603 established peer replication connection with replica 178835836089860606
[2026-09-02T14:49:36.052Z INFO  gresse::network] replica 178835836089858603 discovered network member NetworkMember { pid: 178835836089861606, address: 13.48.31.196:19084, final_counter: None }
[2026-09-02T14:49:36.118Z INFO  gresse::network] replica 178835836089858603 registered bidirectional network channel for replica 178835836089861606
[2026-09-02T14:49:36.118Z INFO  gresse::replica] replica 178835836089858603 established peer replication connection with replica 178835836089861606
[2026-09-02T14:50:36.062Z INFO  gresse::replica] replica 178835836089858603 observed shutdown descriptor for replica 178835836128991902 with final counter Some(3799)
[2026-09-02T14:50:36.329Z INFO  gresse::replica] replica 178835836089858603 observed shutdown descriptor for replica 178835836128992905 with final counter Some(1022)
[2026-09-02T14:50:36.495Z INFO  gresse::replica] replica 178835836089858603 observed shutdown descriptor for replica 178835836195159505 with final counter Some(848)
[2026-09-02T14:50:36.727Z INFO  gresse::replica] replica 178835836089858603 gc departed_pids=None updated_stable=DotSet { set: {178835836374681604: -1, 178835836297162902: -1, 178835836297159905: -1, 178835836297161905: -1, 178835836374679604: -1, 178835836089861604: -1, 178835836195161503: -1, 178835836374680605: -1, 178835836297161901: -1, 178835836297163902: -1, 178835836089860606: -1, 178835836089860601: -1, 178835836195160501: -1, 178835836297162901: -1, 178835836089861601: -1, 178835836195160503: -1, 178835836374680601: -1, 178835836128988901: -1, 178835836128990903: -1, 178835836297162904: -1, 178835836297160901: -1, 178835836089860605: -1, 178835836374681603: -1, 178835836089861606: -1, 178835836089857604: -1, 178835836195161504: -1, 178835836374680603: -1, 178835836089857601: -1, 178835836374679605: -1, 178835836089861605: -1, 178835836089858602: -1, 178835836128989902: -1, 178835836128992905: -1, 178835836128991901: -1, 178835836374678601: -1, 178835836374677601: -1, 178835836195162502: -1, 178835836089857602: -1, 178835836195161501: -1, 178835836089857603: -1, 178835836128988903: -1, 178835836128989904: -1, 178835836128991902: -1, 178835836297159901: -1, 178835836128990901: -1, 178835836297163901: -1, 178835836195163501: -1, 178835836195160505: -1, 178835836089859601: -1, 178835836128988904: -1, 178835836128989903: -1, 178835836297161904: -1, 178835836374681601: -1, 178835836195163502: -1, 178835836195162501: -1, 178835836297161903: -1, 178835836195159501: -1, 178835836128988905: -1, 178835836089859606: -1, 178835836195160504: -1, 178835836374680604: -1, 178835836374681602: -1, 178835836374677602: -1, 178835836297160905: -1, 0: 0, 178835836374679601: -1, 178835836297163903: -1, 178835836297162903: -1, 178835836089858603: -1, 178835836089859602: -1, 178835836374678605: -1, 178835836128990902: -1, 178835836195159505: -1, 178835836089858601: -1, 178835836195162503: -1, 178835836195159504: -1, 178835836297160904: -1, 178835836195161502: -1, 178835836128989901: -1, 178835836128992901: -1} }
[2026-09-02T14:50:37.640Z INFO  gresse::replica] replica 178835836089858603 completed gc round
[2026-09-02T14:51:35.439Z INFO  gresse::network] replica 178835836089858603 registered bidirectional network channel for replica 178835836128991906
[2026-09-02T14:51:35.439Z INFO  gresse::replica] replica 178835836089858603 established peer replication connection with replica 178835836128991906
[2026-09-02T14:51:35.623Z INFO  gresse::network] replica 178835836089858603 registered bidirectional network channel for replica 178835836195159506
[2026-09-02T14:51:35.623Z INFO  gresse::replica] replica 178835836089858603 established peer replication connection with replica 178835836195159506
[2026-09-02T14:51:36.048Z INFO  gresse::network] replica 178835836089858603 discovered network member NetworkMember { pid: 178835836128992906, address: 3.71.184.22:19084, final_counter: None }
[2026-09-02T14:51:36.745Z INFO  gresse::network] replica 178835836089858603 registered bidirectional network channel for replica 178835836128992906
[2026-09-02T14:51:36.745Z INFO  gresse::replica] replica 178835836089858603 established peer replication connection with replica 178835836128992906
[2026-09-02T14:52:36.057Z INFO  gresse::replica] replica 178835836089858603 observed shutdown descriptor for replica 178835836195163502 with final counter Some(4103)
[2026-09-02T14:52:36.334Z INFO  gresse::replica] replica 178835836089858603 observed shutdown descriptor for replica 178835836297159905 with final counter Some(852)
[2026-09-02T14:52:36.620Z INFO  gresse::replica] replica 178835836089858603 observed shutdown descriptor for replica 178835836297160905 with final counter Some(840)
[2026-09-02T14:53:35.253Z INFO  gresse::network] replica 178835836089858603 registered bidirectional network channel for replica 178835836297159906
[2026-09-02T14:53:35.253Z INFO  gresse::replica] replica 178835836089858603 established peer replication connection with replica 178835836297159906
[2026-09-02T14:53:35.675Z INFO  gresse::network] replica 178835836089858603 registered bidirectional network channel for replica 178835836195163506
[2026-09-02T14:53:35.675Z INFO  gresse::replica] replica 178835836089858603 established peer replication connection with replica 178835836195163506
[2026-09-02T14:53:36.049Z INFO  gresse::network] replica 178835836089858603 discovered network member NetworkMember { pid: 178835836297160906, address: 18.169.194.24:19081, final_counter: None }
[2026-09-02T14:53:36.418Z INFO  gresse::network] replica 178835836089858603 registered bidirectional network channel for replica 178835836297160906
[2026-09-02T14:53:36.418Z INFO  gresse::replica] replica 178835836089858603 established peer replication connection with replica 178835836297160906
[2026-09-02T14:54:36.052Z INFO  gresse::replica] replica 178835836089858603 observed shutdown descriptor for replica 178835836374677602 with final counter Some(4375)
[2026-09-02T14:54:36.251Z INFO  gresse::replica] replica 178835836089858603 observed shutdown descriptor for replica 178835836374678605 with final counter Some(845)
[2026-09-02T14:54:41.057Z INFO  gresse::replica] replica 178835836089858603 observed shutdown descriptor for replica 178835836374679605 with final counter Some(842)
[2026-09-02T14:54:53.086Z WARN  gresse::network] peer connection write failed: Broken pipe (os error 32)
[2026-09-02T14:55:15.086Z WARN  gresse::replica] replica 178835836089858603 deferred pull request to peer 178835836089857604: channel closed
[2026-09-02T14:55:21.087Z WARN  gresse::network] peer connection write failed: Broken pipe (os error 32)
[2026-09-02T14:55:34.087Z WARN  gresse::replica] replica 178835836089858603 deferred pull request to peer 178835836374681604: channel closed
[2026-09-02T14:55:35.159Z INFO  gresse::network] replica 178835836089858603 registered bidirectional network channel for replica 178835836374677606
[2026-09-02T14:55:35.159Z INFO  gresse::replica] replica 178835836089858603 established peer replication connection with replica 178835836374677606
[2026-09-02T14:55:36.056Z INFO  gresse::network] replica 178835836089858603 discovered network member NetworkMember { pid: 178835836374678606, address: 13.38.27.31:19081, final_counter: None }
[2026-09-02T14:55:36.257Z INFO  gresse::network] replica 178835836089858603 registered bidirectional network channel for replica 178835836374678606
[2026-09-02T14:55:36.257Z INFO  gresse::replica] replica 178835836089858603 established peer replication connection with replica 178835836374678606
[2026-09-02T14:55:37.487Z INFO  gresse::network] replica 178835836089858603 registered bidirectional network channel for replica 178835836374679606
[2026-09-02T14:55:37.487Z INFO  gresse::replica] replica 178835836089858603 established peer replication connection with replica 178835836374679606
[2026-09-02T14:55:45.087Z WARN  gresse::network] peer connection write failed: Broken pipe (os error 32)
[2026-09-02T14:55:56.087Z WARN  gresse::replica] replica 178835836089858603 deferred pull request to peer 178835836374680605: channel closed
[2026-09-02T14:56:34.070Z INFO  gresse::replica] shutdown signal received for replica 178835836089858603
[2026-09-02T14:56:34.070Z INFO  gresse::replica] replica 178835836089858603 shutting down with 12 connected writers
[2026-09-02T14:56:34.386Z INFO  gresse::http_server] http server received shutdown signal
[2026-09-02T14:56:34.386Z INFO  gresse::http_server] http server shutdown complete
[2026-09-02T14:56:34.386Z INFO  gresse::network] network manager for replica 178835836089858603 shutdown complete
