[2026-09-01T09:31:42.502Z INFO  gresse::http_server] running CRDT HTTP server
[2026-09-01T09:31:42.502Z INFO  gresse::http_server] listening for HTTP on 0.0.0.0:18082
[2026-09-01T09:31:42.547Z INFO  gresse::replica] replica 178825480759181602 initiating runtime at bind_http=0.0.0.0:18082 bind_internal=0.0.0.0:19082 advertised_internal=3.68.220.182:19082
[2026-09-01T09:31:42.648Z INFO  gresse::object_storage] object storage connection established: backend=s3, bucket=gresse-geo-035351467464-20260901084800-ec90d0, region=eu-north-1, endpoint=AWS default endpoint resolution, first_operation=put-create, object_path=acm-sec-geo-churn-20260901T092623Z-21106dd4/membership/178825480759181602,3.68.220.182:19082,0
[2026-09-01T09:31:42.919Z INFO  gresse::replica] replica 178825480759181602 discovered 39 membership descriptors during init
[2026-09-01T09:31:42.919Z INFO  gresse::replica] replica 178825480759181602 startup completed
[2026-09-01T09:31:42.919Z INFO  gresse::network] replica 178825480759181602 registered bidirectional network channel for replica 178825480843463702
[2026-09-01T09:31:42.920Z INFO  gresse::network] replica 178825480759181602 registered bidirectional network channel for replica 178825480957160901
[2026-09-01T09:31:42.920Z INFO  gresse::network] replica 178825480759181602 registered bidirectional network channel for replica 178825480714267202
[2026-09-01T09:31:42.920Z INFO  gresse::network] replica 178825480759181602 registered bidirectional network channel for replica 178825480843464701
[2026-09-01T09:31:42.920Z INFO  gresse::network] replica 178825480759181602 registered bidirectional network channel for replica 178825481046241401
[2026-09-01T09:31:42.920Z INFO  gresse::network] replica 178825480759181602 discovered network member NetworkMember { pid: 178825480714263202, address: 16.170.108.158:19080, final_counter: None }
[2026-09-01T09:31:42.920Z INFO  gresse::network] replica 178825480759181602 discovered network member NetworkMember { pid: 178825480714264202, address: 16.170.108.158:19081, final_counter: None }
[2026-09-01T09:31:42.920Z INFO  gresse::network] replica 178825480759181602 discovered network member NetworkMember { pid: 178825480714265202, address: 16.170.108.158:19082, final_counter: None }
[2026-09-01T09:31:42.920Z INFO  gresse::network] replica 178825480759181602 discovered network member NetworkMember { pid: 178825480714266202, address: 16.170.108.158:19083, final_counter: None }
[2026-09-01T09:31:42.920Z INFO  gresse::network] replica 178825480759181602 discovered network member NetworkMember { pid: 178825480759179602, address: 3.68.220.182:19080, final_counter: None }
[2026-09-01T09:31:42.920Z INFO  gresse::network] replica 178825480759181602 discovered network member NetworkMember { pid: 178825480759180602, address: 3.68.220.182:19081, final_counter: None }
[2026-09-01T09:31:42.921Z INFO  gresse::network] replica 178825480759181602 discovered network member NetworkMember { pid: 178825480759183601, address: 3.68.220.182:19084, final_counter: None }
[2026-09-01T09:31:42.921Z INFO  gresse::network] replica 178825480759181602 discovered network member NetworkMember { pid: 178825480843462702, address: 34.245.195.69:19080, final_counter: None }
[2026-09-01T09:31:42.921Z WARN  gresse::network] replica 178825480759181602 peer connection attempt failed: could not connect to 3.68.220.182:19084: Connection refused (os error 111)
[2026-09-01T09:31:42.921Z INFO  gresse::network] replica 178825480759181602 registered bidirectional network channel for replica 178825480759179602
[2026-09-01T09:31:42.921Z INFO  gresse::network] replica 178825480759181602 discovered network member NetworkMember { pid: 178825480843463701, address: 34.245.195.69:19081, final_counter: None }
[2026-09-01T09:31:42.921Z INFO  gresse::network] replica 178825480759181602 discovered network member NetworkMember { pid: 178825480843465701, address: 34.245.195.69:19083, final_counter: None }
[2026-09-01T09:31:42.921Z INFO  gresse::network] replica 178825480759181602 registered bidirectional network channel for replica 178825480759180602
[2026-09-01T09:31:42.921Z INFO  gresse::network] replica 178825480759181602 discovered network member NetworkMember { pid: 178825480843466701, address: 34.245.195.69:19084, final_counter: None }
[2026-09-01T09:31:42.921Z INFO  gresse::network] replica 178825480759181602 discovered network member NetworkMember { pid: 178825480957157901, address: 18.130.228.25:19080, final_counter: None }
[2026-09-01T09:31:42.921Z INFO  gresse::network] replica 178825480759181602 discovered network member NetworkMember { pid: 178825480957158901, address: 18.130.228.25:19081, final_counter: None }
[2026-09-01T09:31:42.921Z INFO  gresse::network] replica 178825480759181602 discovered network member NetworkMember { pid: 178825480957159901, address: 18.130.228.25:19082, final_counter: None }
[2026-09-01T09:31:42.921Z INFO  gresse::network] replica 178825480759181602 discovered network member NetworkMember { pid: 178825480957161901, address: 18.130.228.25:19084, final_counter: None }
[2026-09-01T09:31:42.921Z INFO  gresse::network] replica 178825480759181602 discovered network member NetworkMember { pid: 178825481046239401, address: 13.38.41.188:19080, final_counter: None }
[2026-09-01T09:31:42.921Z INFO  gresse::network] replica 178825480759181602 discovered network member NetworkMember { pid: 178825481046240401, address: 13.38.41.188:19081, final_counter: None }
[2026-09-01T09:31:42.922Z INFO  gresse::network] replica 178825480759181602 discovered network member NetworkMember { pid: 178825481046242401, address: 13.38.41.188:19083, final_counter: None }
[2026-09-01T09:31:42.922Z INFO  gresse::network] replica 178825480759181602 discovered network member NetworkMember { pid: 178825481046243401, address: 13.38.41.188:19084, final_counter: None }
[2026-09-01T09:31:42.922Z INFO  gresse::replica] replica 178825480759181602 established peer replication connection with replica 178825480843463702
[2026-09-01T09:31:42.922Z INFO  gresse::replica] replica 178825480759181602 established peer replication connection with replica 178825480957160901
[2026-09-01T09:31:42.922Z INFO  gresse::replica] replica 178825480759181602 established peer replication connection with replica 178825480714267202
[2026-09-01T09:31:42.922Z INFO  gresse::replica] replica 178825480759181602 established peer replication connection with replica 178825480843464701
[2026-09-01T09:31:42.922Z INFO  gresse::replica] replica 178825480759181602 established peer replication connection with replica 178825481046241401
[2026-09-01T09:31:42.922Z INFO  gresse::replica] replica 178825480759181602 established peer replication connection with replica 178825480759179602
[2026-09-01T09:31:42.922Z INFO  gresse::replica] replica 178825480759181602 established peer replication connection with replica 178825480759180602
[2026-09-01T09:31:42.937Z INFO  gresse::network] replica 178825480759181602 registered bidirectional network channel for replica 178825481046243401
[2026-09-01T09:31:42.938Z INFO  gresse::replica] replica 178825480759181602 established peer replication connection with replica 178825481046243401
[2026-09-01T09:31:42.938Z INFO  gresse::network] replica 178825480759181602 registered bidirectional network channel for replica 178825481046239401
[2026-09-01T09:31:42.938Z INFO  gresse::replica] replica 178825480759181602 established peer replication connection with replica 178825481046239401
[2026-09-01T09:31:42.938Z INFO  gresse::network] replica 178825480759181602 registered bidirectional network channel for replica 178825481046242401
[2026-09-01T09:31:42.938Z INFO  gresse::replica] replica 178825480759181602 established peer replication connection with replica 178825481046242401
[2026-09-01T09:31:42.938Z INFO  gresse::network] replica 178825480759181602 registered bidirectional network channel for replica 178825481046240401
[2026-09-01T09:31:42.938Z INFO  gresse::replica] replica 178825480759181602 established peer replication connection with replica 178825481046240401
[2026-09-01T09:31:42.944Z INFO  gresse::network] replica 178825480759181602 registered bidirectional network channel for replica 178825480957159901
[2026-09-01T09:31:42.944Z INFO  gresse::replica] replica 178825480759181602 established peer replication connection with replica 178825480957159901
[2026-09-01T09:31:42.946Z INFO  gresse::network] replica 178825480759181602 registered bidirectional network channel for replica 178825480957157901
[2026-09-01T09:31:42.946Z INFO  gresse::replica] replica 178825480759181602 established peer replication connection with replica 178825480957157901
[2026-09-01T09:31:42.946Z INFO  gresse::network] replica 178825480759181602 registered bidirectional network channel for replica 178825480957158901
[2026-09-01T09:31:42.946Z INFO  gresse::replica] replica 178825480759181602 established peer replication connection with replica 178825480957158901
[2026-09-01T09:31:42.946Z INFO  gresse::network] replica 178825480759181602 registered bidirectional network channel for replica 178825480957161901
[2026-09-01T09:31:42.946Z INFO  gresse::replica] replica 178825480759181602 established peer replication connection with replica 178825480957161901
[2026-09-01T09:31:42.960Z WARN  gresse::network] replica 178825480759181602 rejected peer handshake: expected 178825480843463701, received 178825480843463702
[2026-09-01T09:31:42.961Z INFO  gresse::network] replica 178825480759181602 registered bidirectional network channel for replica 178825480843466701
[2026-09-01T09:31:42.961Z INFO  gresse::replica] replica 178825480759181602 established peer replication connection with replica 178825480843466701
[2026-09-01T09:31:42.961Z INFO  gresse::network] replica 178825480759181602 registered bidirectional network channel for replica 178825480843462702
[2026-09-01T09:31:42.961Z INFO  gresse::replica] replica 178825480759181602 established peer replication connection with replica 178825480843462702
[2026-09-01T09:31:42.961Z INFO  gresse::network] replica 178825480759181602 registered bidirectional network channel for replica 178825480843465701
[2026-09-01T09:31:42.961Z INFO  gresse::replica] replica 178825480759181602 established peer replication connection with replica 178825480843465701
[2026-09-01T09:31:42.968Z INFO  gresse::network] replica 178825480759181602 registered bidirectional network channel for replica 178825480714265202
[2026-09-01T09:31:42.968Z INFO  gresse::replica] replica 178825480759181602 established peer replication connection with replica 178825480714265202
[2026-09-01T09:31:42.968Z INFO  gresse::network] replica 178825480759181602 registered bidirectional network channel for replica 178825480714264202
[2026-09-01T09:31:42.968Z INFO  gresse::network] replica 178825480759181602 registered bidirectional network channel for replica 178825480714266202
[2026-09-01T09:31:42.968Z INFO  gresse::replica] replica 178825480759181602 established peer replication connection with replica 178825480714264202
[2026-09-01T09:31:42.968Z INFO  gresse::replica] replica 178825480759181602 established peer replication connection with replica 178825480714266202
[2026-09-01T09:31:42.968Z INFO  gresse::network] replica 178825480759181602 registered bidirectional network channel for replica 178825480714263202
[2026-09-01T09:31:42.968Z INFO  gresse::replica] replica 178825480759181602 established peer replication connection with replica 178825480714263202
[2026-09-01T09:31:43.409Z INFO  gresse::network] replica 178825480759181602 registered bidirectional network channel for replica 178825480759182602
[2026-09-01T09:31:43.409Z INFO  gresse::replica] replica 178825480759181602 established peer replication connection with replica 178825480759182602
[2026-09-01T09:31:43.714Z INFO  gresse::network] replica 178825480759181602 registered bidirectional network channel for replica 178825480759183602
[2026-09-01T09:31:43.714Z INFO  gresse::replica] replica 178825480759181602 established peer replication connection with replica 178825480759183602
[2026-09-01T09:31:47.591Z INFO  gresse::replica] replica 178825480759181602 observed shutdown descriptor for replica 178825480759180601 with final counter Some(326)
[2026-09-01T09:31:47.675Z INFO  gresse::replica] replica 178825480759181602 observed shutdown descriptor for replica 178825480759181601 with final counter Some(326)
[2026-09-01T09:31:47.733Z INFO  gresse::replica] replica 178825480759181602 observed shutdown descriptor for replica 178825480759182601 with final counter Some(327)
[2026-09-01T09:32:42.831Z INFO  gresse::replica] replica 178825480759181602 observed shutdown descriptor for replica 178825480843464701 with final counter Some(616)
[2026-09-01T09:32:47.592Z INFO  gresse::replica] replica 178825480759181602 observed shutdown descriptor for replica 178825480843465701 with final counter Some(618)
[2026-09-01T09:32:47.679Z INFO  gresse::replica] replica 178825480759181602 observed shutdown descriptor for replica 178825480843466701 with final counter Some(619)
[2026-09-01T09:33:00.923Z WARN  gresse::network] peer connection write failed: Broken pipe (os error 32)
[2026-09-01T09:33:02.923Z WARN  gresse::network] peer connection write failed: Broken pipe (os error 32)
[2026-09-01T09:33:07.923Z WARN  gresse::network] peer connection write failed: Broken pipe (os error 32)
[2026-09-01T09:33:08.923Z WARN  gresse::replica] replica 178825480759181602 deferred pull request to peer 178825480957158901: channel closed
[2026-09-01T09:33:16.923Z WARN  gresse::replica] replica 178825480759181602 deferred pull request to peer 178825480957157901: channel closed
[2026-09-01T09:33:18.923Z WARN  gresse::replica] replica 178825480759181602 deferred pull request to peer 178825480957159901: channel closed
[2026-09-01T09:33:42.368Z INFO  gresse::network] replica 178825480759181602 registered bidirectional network channel for replica 178825480957157902
[2026-09-01T09:33:42.368Z INFO  gresse::replica] replica 178825480759181602 established peer replication connection with replica 178825480957157902
[2026-09-01T09:33:42.587Z INFO  gresse::network] replica 178825480759181602 discovered network member NetworkMember { pid: 178825480843464702, address: 34.245.195.69:19082, final_counter: None }
[2026-09-01T09:33:42.587Z INFO  gresse::network] replica 178825480759181602 discovered network member NetworkMember { pid: 178825480957158902, address: 18.130.228.25:19081, final_counter: None }
[2026-09-01T09:33:42.633Z INFO  gresse::network] replica 178825480759181602 registered bidirectional network channel for replica 178825480843464702
[2026-09-01T09:33:42.633Z INFO  gresse::replica] replica 178825480759181602 established peer replication connection with replica 178825480843464702
[2026-09-01T09:33:42.659Z INFO  gresse::network] replica 178825480759181602 registered bidirectional network channel for replica 178825480957158902
[2026-09-01T09:33:42.659Z INFO  gresse::replica] replica 178825480759181602 established peer replication connection with replica 178825480957158902
[2026-09-01T09:33:43.056Z INFO  gresse::network] replica 178825480759181602 registered bidirectional network channel for replica 178825480957159902
[2026-09-01T09:33:43.056Z INFO  gresse::replica] replica 178825480759181602 established peer replication connection with replica 178825480957159902
[2026-09-01T09:33:43.243Z INFO  gresse::network] replica 178825480759181602 registered bidirectional network channel for replica 178825480843465702
[2026-09-01T09:33:43.243Z INFO  gresse::replica] replica 178825480759181602 established peer replication connection with replica 178825480843465702
[2026-09-01T09:33:43.878Z INFO  gresse::network] replica 178825480759181602 registered bidirectional network channel for replica 178825480843466702
[2026-09-01T09:33:43.878Z INFO  gresse::replica] replica 178825480759181602 established peer replication connection with replica 178825480843466702
[2026-09-01T09:34:42.605Z INFO  gresse::replica] replica 178825480759181602 observed shutdown descriptor for replica 178825480957160901 with final counter Some(959)
[2026-09-01T09:34:42.701Z INFO  gresse::replica] replica 178825480759181602 observed shutdown descriptor for replica 178825481046239401 with final counter Some(777)
[2026-09-01T09:34:47.590Z INFO  gresse::replica] replica 178825480759181602 observed shutdown descriptor for replica 178825480957161901 with final counter Some(957)
[2026-09-01T09:34:50.923Z WARN  gresse::network] peer connection write failed: Broken pipe (os error 32)
[2026-09-01T09:35:02.922Z WARN  gresse::replica] replica 178825480759181602 deferred pull request to peer 178825481046242401: channel closed
[2026-09-01T09:35:05.923Z WARN  gresse::network] peer connection write failed: Broken pipe (os error 32)
[2026-09-01T09:35:23.923Z WARN  gresse::network] peer connection write failed: Broken pipe (os error 32)
[2026-09-01T09:35:42.489Z INFO  gresse::network] replica 178825480759181602 registered bidirectional network channel for replica 178825480957160902
[2026-09-01T09:35:42.489Z INFO  gresse::replica] replica 178825480759181602 established peer replication connection with replica 178825480957160902
[2026-09-01T09:35:42.504Z INFO  gresse::network] replica 178825480759181602 registered bidirectional network channel for replica 178825481046239402
[2026-09-01T09:35:42.504Z INFO  gresse::replica] replica 178825480759181602 established peer replication connection with replica 178825481046239402
[2026-09-01T09:35:42.919Z INFO  gresse::network] replica 178825480759181602 registered bidirectional network channel for replica 178825480957161902
[2026-09-01T09:35:42.919Z INFO  gresse::replica] replica 178825480759181602 established peer replication connection with replica 178825480957161902
[2026-09-01T09:35:42.950Z INFO  gresse::network] replica 178825480759181602 registered bidirectional network channel for replica 178825481046240402
[2026-09-01T09:35:42.950Z INFO  gresse::replica] replica 178825480759181602 established peer replication connection with replica 178825481046240402
[2026-09-01T09:35:43.503Z INFO  gresse::network] replica 178825480759181602 registered bidirectional network channel for replica 178825481046241402
[2026-09-01T09:35:43.503Z INFO  gresse::replica] replica 178825480759181602 established peer replication connection with replica 178825481046241402
[2026-09-01T09:35:44.156Z INFO  gresse::network] replica 178825480759181602 registered bidirectional network channel for replica 178825481046242402
[2026-09-01T09:35:44.156Z INFO  gresse::replica] replica 178825480759181602 established peer replication connection with replica 178825481046242402
[2026-09-01T09:35:48.923Z WARN  gresse::replica] replica 178825480759181602 deferred pull request to peer 178825481046241401: channel closed
[2026-09-01T09:36:18.923Z WARN  gresse::replica] replica 178825480759181602 deferred pull request to peer 178825481046240401: channel closed
[2026-09-01T09:36:42.656Z INFO  gresse::replica] replica 178825480759181602 observed shutdown descriptor for replica 178825480714263202 with final counter Some(841)
[2026-09-01T09:36:42.903Z INFO  gresse::replica] replica 178825480759181602 observed shutdown descriptor for replica 178825480714264202 with final counter Some(840)
[2026-09-01T09:36:43.011Z INFO  gresse::replica] replica 178825480759181602 observed shutdown descriptor for replica 178825481046243401 with final counter Some(1496)
[2026-09-01T09:37:15.923Z WARN  gresse::network] peer connection write failed: Broken pipe (os error 32)
[2026-09-01T09:37:32.923Z WARN  gresse::network] peer connection write failed: Broken pipe (os error 32)
[2026-09-01T09:37:40.852Z INFO  gresse::replica] replica 178825480759181602 gc departed_pids=None updated_stable=DotSet { set: {178825480843463702: -1, 178825481046242401: -1, 178825480759181602: -1, 178825480957159902: -1, 178825480957160901: -1, 178825480714267201: -1, 178825480843465702: -1, 178825480759183602: -1, 178825480714266201: -1, 178825480843466702: -1, 178825480957159901: -1, 178825480714265202: -1, 178825480714263201: -1, 178825480843462702: -1, 178825481046241401: -1, 178825480957160902: -1, 178825480759180601: -1, 178825480759182601: -1, 178825481046241402: -1, 178825480843465701: -1, 178825480759179601: -1, 178825480759181601: -1, 178825480759180602: -1, 178825480714263202: -1, 178825480714267202: -1, 178825480759182602: -1, 178825481046240402: -1, 178825480957161901: -1, 178825480957161902: -1, 178825481046239402: -1, 178825481046240401: -1, 178825480714265201: -1, 178825481046239401: -1, 178825481046242402: -1, 178825480759179602: -1, 178825480843462701: -1, 178825480957158901: -1, 178825480759183601: -1, 178825480714264202: -1, 178825480957157901: -1, 178825480843466701: -1, 178825480843464702: -1, 178825480957157902: -1, 178825480714266202: -1, 178825480957158902: -1, 178825480843464701: -1, 178825481046243401: -1, 178825480843463701: -1, 178825480714264201: 22} }
[2026-09-01T09:37:41.391Z INFO  gresse::replica] replica 178825480759181602 completed gc round
[2026-09-01T09:37:41.443Z WARN  gresse::replica] replica 178825480759181602 deferred pull request to peer 178825480714266202: channel closed
[2026-09-01T09:37:42.344Z INFO  gresse::network] replica 178825480759181602 registered bidirectional network channel for replica 178825480714263203
[2026-09-01T09:37:42.344Z INFO  gresse::replica] replica 178825480759181602 established peer replication connection with replica 178825480714263203
[2026-09-01T09:37:42.553Z INFO  gresse::network] replica 178825480759181602 registered bidirectional network channel for replica 178825481046243402
[2026-09-01T09:37:42.553Z INFO  gresse::replica] replica 178825480759181602 established peer replication connection with replica 178825481046243402
[2026-09-01T09:37:42.620Z INFO  gresse::network] replica 178825480759181602 registered bidirectional network channel for replica 178825480714264203
[2026-09-01T09:37:42.620Z INFO  gresse::replica] replica 178825480759181602 established peer replication connection with replica 178825480714264203
[2026-09-01T09:37:42.924Z INFO  gresse::network] replica 178825480759181602 registered bidirectional network channel for replica 178825480714265203
[2026-09-01T09:37:42.924Z INFO  gresse::replica] replica 178825480759181602 established peer replication connection with replica 178825480714265203
[2026-09-01T09:37:43.254Z INFO  gresse::network] replica 178825480759181602 registered bidirectional network channel for replica 178825480714266203
[2026-09-01T09:37:43.254Z INFO  gresse::replica] replica 178825480759181602 established peer replication connection with replica 178825480714266203
[2026-09-01T09:37:43.560Z INFO  gresse::network] replica 178825480759181602 registered bidirectional network channel for replica 178825480714267203
[2026-09-01T09:37:43.560Z INFO  gresse::replica] replica 178825480759181602 established peer replication connection with replica 178825480714267203
[2026-09-01T09:37:54.922Z WARN  gresse::replica] replica 178825480759181602 deferred pull request to peer 178825480714265202: channel closed
[2026-09-01T09:37:59.923Z WARN  gresse::network] peer connection write failed: Broken pipe (os error 32)
[2026-09-01T09:38:09.923Z WARN  gresse::replica] replica 178825480759181602 deferred pull request to peer 178825480714267202: channel closed
[2026-09-01T09:38:42.590Z INFO  gresse::replica] replica 178825480759181602 observed shutdown descriptor for replica 178825480759179602 with final counter Some(1557)
[2026-09-01T09:38:42.898Z INFO  gresse::replica] shutdown signal received for replica 178825480759181602
[2026-09-01T09:38:42.898Z INFO  gresse::replica] replica 178825480759181602 shutting down with 23 connected writers
[2026-09-01T09:38:43.251Z INFO  gresse::http_server] http server received shutdown signal
[2026-09-01T09:38:43.251Z INFO  gresse::http_server] http server shutdown complete
[2026-09-01T09:38:43.251Z INFO  gresse::network] network manager for replica 178825480759181602 shutdown complete
