[2026-09-01T10:07:47.683Z INFO  gresse::http_server] running CRDT HTTP server
[2026-09-01T10:07:47.683Z INFO  gresse::http_server] listening for HTTP on 0.0.0.0:18084
[2026-09-01T10:07:47.720Z INFO  gresse::replica] replica 178825480957161906 initiating runtime at bind_http=0.0.0.0:18084 bind_internal=0.0.0.0:19084 advertised_internal=18.130.228.25:19084
[2026-09-01T10:07:47.846Z INFO  gresse::object_storage] object storage connection established: backend=s3, bucket=gresse-geo-035351467464-20260901084800-ec90d0, region=eu-north-1, endpoint=AWS default endpoint resolution, first_operation=put-create, object_path=acm-sec-geo-churn-20260901T092623Z-21106dd4/membership/178825480957161906,18.130.228.25:19084,13
[2026-09-01T10:07:47.983Z INFO  gresse::replica] replica 178825480957161906 restored local state from durability journal before startup
[2026-09-01T10:07:47.983Z INFO  gresse::replica] replica 178825480957161906 discovered 154 membership descriptors during init
[2026-09-01T10:07:47.983Z INFO  gresse::replica] replica 178825480957161906 startup completed
[2026-09-01T10:07:47.983Z INFO  gresse::network] replica 178825480957161906 discovered network member NetworkMember { pid: 178825480714263206, address: 16.170.108.158:19080, final_counter: None }
[2026-09-01T10:07:47.983Z INFO  gresse::network] replica 178825480957161906 discovered network member NetworkMember { pid: 178825480714264206, address: 16.170.108.158:19081, final_counter: None }
[2026-09-01T10:07:47.983Z INFO  gresse::network] replica 178825480957161906 discovered network member NetworkMember { pid: 178825480714265206, address: 16.170.108.158:19082, final_counter: None }
[2026-09-01T10:07:47.983Z INFO  gresse::network] replica 178825480957161906 discovered network member NetworkMember { pid: 178825480714266206, address: 16.170.108.158:19083, final_counter: None }
[2026-09-01T10:07:47.983Z INFO  gresse::network] replica 178825480957161906 discovered network member NetworkMember { pid: 178825480714267206, address: 16.170.108.158:19084, final_counter: None }
[2026-09-01T10:07:47.983Z INFO  gresse::network] replica 178825480957161906 discovered network member NetworkMember { pid: 178825480759179606, address: 3.68.220.182:19080, final_counter: None }
[2026-09-01T10:07:47.984Z INFO  gresse::network] replica 178825480957161906 discovered network member NetworkMember { pid: 178825480759180606, address: 3.68.220.182:19081, final_counter: None }
[2026-09-01T10:07:47.984Z INFO  gresse::network] replica 178825480957161906 discovered network member NetworkMember { pid: 178825480759181606, address: 3.68.220.182:19082, final_counter: None }
[2026-09-01T10:07:47.984Z INFO  gresse::network] replica 178825480957161906 discovered network member NetworkMember { pid: 178825480759182606, address: 3.68.220.182:19083, final_counter: None }
[2026-09-01T10:07:47.984Z INFO  gresse::network] replica 178825480957161906 discovered network member NetworkMember { pid: 178825480759183606, address: 3.68.220.182:19084, final_counter: None }
[2026-09-01T10:07:47.984Z INFO  gresse::network] replica 178825480957161906 discovered network member NetworkMember { pid: 178825480843462706, address: 34.245.195.69:19080, final_counter: None }
[2026-09-01T10:07:47.984Z INFO  gresse::network] replica 178825480957161906 discovered network member NetworkMember { pid: 178825480843463706, address: 34.245.195.69:19081, final_counter: None }
[2026-09-01T10:07:47.984Z INFO  gresse::network] replica 178825480957161906 discovered network member NetworkMember { pid: 178825480843464706, address: 34.245.195.69:19082, final_counter: None }
[2026-09-01T10:07:47.984Z INFO  gresse::network] replica 178825480957161906 discovered network member NetworkMember { pid: 178825480843465706, address: 34.245.195.69:19083, final_counter: None }
[2026-09-01T10:07:47.984Z INFO  gresse::network] replica 178825480957161906 discovered network member NetworkMember { pid: 178825480843466706, address: 34.245.195.69:19084, final_counter: None }
[2026-09-01T10:07:47.984Z INFO  gresse::network] replica 178825480957161906 discovered network member NetworkMember { pid: 178825480957157906, address: 18.130.228.25:19080, final_counter: None }
[2026-09-01T10:07:47.984Z INFO  gresse::network] replica 178825480957161906 discovered network member NetworkMember { pid: 178825480957158906, address: 18.130.228.25:19081, final_counter: None }
[2026-09-01T10:07:47.984Z INFO  gresse::network] replica 178825480957161906 discovered network member NetworkMember { pid: 178825480957159906, address: 18.130.228.25:19082, final_counter: None }
[2026-09-01T10:07:47.984Z INFO  gresse::network] replica 178825480957161906 discovered network member NetworkMember { pid: 178825480957160906, address: 18.130.228.25:19083, final_counter: None }
[2026-09-01T10:07:47.984Z INFO  gresse::network] replica 178825480957161906 discovered network member NetworkMember { pid: 178825480957161905, address: 18.130.228.25:19084, final_counter: None }
[2026-09-01T10:07:47.984Z INFO  gresse::network] replica 178825480957161906 discovered network member NetworkMember { pid: 178825481046239405, address: 13.38.41.188:19080, final_counter: None }
[2026-09-01T10:07:47.984Z INFO  gresse::network] replica 178825480957161906 discovered network member NetworkMember { pid: 178825481046240405, address: 13.38.41.188:19081, final_counter: None }
[2026-09-01T10:07:47.984Z INFO  gresse::network] replica 178825480957161906 discovered network member NetworkMember { pid: 178825481046241405, address: 13.38.41.188:19082, final_counter: None }
[2026-09-01T10:07:47.984Z INFO  gresse::network] replica 178825480957161906 discovered network member NetworkMember { pid: 178825481046242405, address: 13.38.41.188:19083, final_counter: None }
[2026-09-01T10:07:47.984Z INFO  gresse::network] replica 178825480957161906 discovered network member NetworkMember { pid: 178825481046243405, address: 13.38.41.188:19084, final_counter: None }
[2026-09-01T10:07:47.985Z INFO  gresse::network] replica 178825480957161906 registered bidirectional network channel for replica 178825480957158906
[2026-09-01T10:07:47.985Z INFO  gresse::replica] replica 178825480957161906 established peer replication connection with replica 178825480957158906
[2026-09-01T10:07:47.985Z INFO  gresse::network] replica 178825480957161906 registered bidirectional network channel for replica 178825480714267206
[2026-09-01T10:07:47.985Z INFO  gresse::replica] replica 178825480957161906 established peer replication connection with replica 178825480714267206
[2026-09-01T10:07:47.986Z INFO  gresse::network] replica 178825480957161906 registered bidirectional network channel for replica 178825480957157906
[2026-09-01T10:07:47.986Z INFO  gresse::replica] replica 178825480957161906 established peer replication connection with replica 178825480957157906
[2026-09-01T10:07:47.986Z INFO  gresse::network] replica 178825480957161906 registered bidirectional network channel for replica 178825480957159906
[2026-09-01T10:07:47.986Z INFO  gresse::replica] replica 178825480957161906 established peer replication connection with replica 178825480957159906
[2026-09-01T10:07:47.987Z INFO  gresse::network] replica 178825480957161906 registered bidirectional network channel for replica 178825480957161906
[2026-09-01T10:07:47.987Z INFO  gresse::replica] replica 178825480957161906 established peer replication connection with replica 178825480957161906
[2026-09-01T10:07:47.987Z INFO  gresse::network] replica 178825480957161906 registered bidirectional network channel for replica 178825480957160906
[2026-09-01T10:07:47.987Z INFO  gresse::replica] replica 178825480957161906 established peer replication connection with replica 178825480957160906
[2026-09-01T10:07:47.988Z WARN  gresse::network] replica 178825480957161906 rejected peer handshake: expected 178825480957161905, received 178825480957161906
[2026-09-01T10:07:47.999Z INFO  gresse::network] replica 178825480957161906 registered bidirectional network channel for replica 178825481046239405
[2026-09-01T10:07:47.999Z INFO  gresse::replica] replica 178825480957161906 established peer replication connection with replica 178825481046239405
[2026-09-01T10:07:47.999Z INFO  gresse::network] replica 178825480957161906 registered bidirectional network channel for replica 178825481046240405
[2026-09-01T10:07:47.999Z INFO  gresse::replica] replica 178825480957161906 established peer replication connection with replica 178825481046240405
[2026-09-01T10:07:48.000Z INFO  gresse::network] replica 178825480957161906 registered bidirectional network channel for replica 178825481046243405
[2026-09-01T10:07:48.000Z INFO  gresse::replica] replica 178825480957161906 established peer replication connection with replica 178825481046243405
[2026-09-01T10:07:48.001Z INFO  gresse::network] replica 178825480957161906 registered bidirectional network channel for replica 178825481046241405
[2026-09-01T10:07:48.001Z INFO  gresse::replica] replica 178825480957161906 established peer replication connection with replica 178825481046241405
[2026-09-01T10:07:48.001Z INFO  gresse::network] replica 178825480957161906 registered bidirectional network channel for replica 178825481046242405
[2026-09-01T10:07:48.001Z INFO  gresse::replica] replica 178825480957161906 established peer replication connection with replica 178825481046242405
[2026-09-01T10:07:48.004Z INFO  gresse::network] replica 178825480957161906 registered bidirectional network channel for replica 178825480843464706
[2026-09-01T10:07:48.004Z INFO  gresse::replica] replica 178825480957161906 established peer replication connection with replica 178825480843464706
[2026-09-01T10:07:48.004Z INFO  gresse::network] replica 178825480957161906 registered bidirectional network channel for replica 178825480843465706
[2026-09-01T10:07:48.004Z INFO  gresse::replica] replica 178825480957161906 established peer replication connection with replica 178825480843465706
[2026-09-01T10:07:48.004Z INFO  gresse::network] replica 178825480957161906 registered bidirectional network channel for replica 178825480843462706
[2026-09-01T10:07:48.004Z INFO  gresse::replica] replica 178825480957161906 established peer replication connection with replica 178825480843462706
[2026-09-01T10:07:48.004Z INFO  gresse::network] replica 178825480957161906 registered bidirectional network channel for replica 178825480843466706
[2026-09-01T10:07:48.004Z INFO  gresse::replica] replica 178825480957161906 established peer replication connection with replica 178825480843466706
[2026-09-01T10:07:48.006Z INFO  gresse::network] replica 178825480957161906 registered bidirectional network channel for replica 178825480843463706
[2026-09-01T10:07:48.006Z INFO  gresse::replica] replica 178825480957161906 established peer replication connection with replica 178825480843463706
[2026-09-01T10:07:48.007Z INFO  gresse::network] replica 178825480957161906 registered bidirectional network channel for replica 178825480759181606
[2026-09-01T10:07:48.007Z INFO  gresse::replica] replica 178825480957161906 established peer replication connection with replica 178825480759181606
[2026-09-01T10:07:48.007Z INFO  gresse::network] replica 178825480957161906 registered bidirectional network channel for replica 178825480759180606
[2026-09-01T10:07:48.007Z INFO  gresse::replica] replica 178825480957161906 established peer replication connection with replica 178825480759180606
[2026-09-01T10:07:48.008Z INFO  gresse::network] replica 178825480957161906 registered bidirectional network channel for replica 178825480759183606
[2026-09-01T10:07:48.008Z INFO  gresse::replica] replica 178825480957161906 established peer replication connection with replica 178825480759183606
[2026-09-01T10:07:48.013Z INFO  gresse::network] replica 178825480957161906 registered bidirectional network channel for replica 178825480759182606
[2026-09-01T10:07:48.013Z INFO  gresse::replica] replica 178825480957161906 established peer replication connection with replica 178825480759182606
[2026-09-01T10:07:48.013Z INFO  gresse::network] replica 178825480957161906 registered bidirectional network channel for replica 178825480759179606
[2026-09-01T10:07:48.013Z INFO  gresse::replica] replica 178825480957161906 established peer replication connection with replica 178825480759179606
[2026-09-01T10:07:48.039Z INFO  gresse::network] replica 178825480957161906 registered bidirectional network channel for replica 178825480714264206
[2026-09-01T10:07:48.039Z INFO  gresse::replica] replica 178825480957161906 established peer replication connection with replica 178825480714264206
[2026-09-01T10:07:48.039Z INFO  gresse::network] replica 178825480957161906 registered bidirectional network channel for replica 178825480714265206
[2026-09-01T10:07:48.039Z INFO  gresse::replica] replica 178825480957161906 established peer replication connection with replica 178825480714265206
[2026-09-01T10:07:48.041Z INFO  gresse::network] replica 178825480957161906 registered bidirectional network channel for replica 178825480714263206
[2026-09-01T10:07:48.041Z INFO  gresse::replica] replica 178825480957161906 established peer replication connection with replica 178825480714263206
[2026-09-01T10:07:48.042Z INFO  gresse::network] replica 178825480957161906 registered bidirectional network channel for replica 178825480714266206
[2026-09-01T10:07:48.042Z INFO  gresse::replica] replica 178825480957161906 established peer replication connection with replica 178825480714266206
[2026-09-01T10:07:52.863Z INFO  gresse::replica] replica 178825480957161906 observed shutdown descriptor for replica 178825480714265205 with final counter Some(1237)
[2026-09-01T10:07:53.627Z INFO  gresse::replica] replica 178825480957161906 observed shutdown descriptor for replica 178825480714266205 with final counter Some(921)
[2026-09-01T10:07:54.024Z INFO  gresse::replica] replica 178825480957161906 observed shutdown descriptor for replica 178825480714267205 with final counter Some(921)
[2026-09-01T10:07:54.368Z INFO  gresse::replica] replica 178825480957161906 observed shutdown descriptor for replica 178825480759182605 with final counter Some(1290)
[2026-09-01T10:07:54.878Z INFO  gresse::replica] replica 178825480957161906 observed shutdown descriptor for replica 178825480759183605 with final counter Some(1022)
[2026-09-01T10:07:55.457Z INFO  gresse::replica] replica 178825480957161906 observed shutdown descriptor for replica 178825480843462705 with final counter Some(849)
[2026-09-01T10:07:55.990Z INFO  gresse::replica] replica 178825480957161906 observed shutdown descriptor for replica 178825480843466705 with final counter Some(1553)
[2026-09-01T10:07:56.627Z INFO  gresse::replica] replica 178825480957161906 observed shutdown descriptor for replica 178825480957157904 with final counter Some(1552)
[2026-09-01T10:07:57.052Z INFO  gresse::replica] replica 178825480957161906 observed shutdown descriptor for replica 178825480957157905 with final counter Some(847)
[2026-09-01T10:07:57.554Z INFO  gresse::replica] replica 178825480957161906 observed shutdown descriptor for replica 178825480957158904 with final counter Some(841)
[2026-09-01T10:07:57.910Z INFO  gresse::replica] replica 178825480957161906 observed shutdown descriptor for replica 178825480957158905 with final counter Some(842)
[2026-09-01T10:07:58.352Z INFO  gresse::replica] replica 178825480957161906 observed shutdown descriptor for replica 178825480957159904 with final counter Some(839)
[2026-09-01T10:07:58.729Z INFO  gresse::replica] replica 178825480957161906 observed shutdown descriptor for replica 178825481046240404 with final counter Some(1284)
[2026-09-01T10:07:59.120Z INFO  gresse::replica] replica 178825480957161906 observed shutdown descriptor for replica 178825481046241404 with final counter Some(871)
[2026-09-01T10:07:59.443Z INFO  gresse::replica] replica 178825480957161906 observed shutdown descriptor for replica 178825481046242404 with final counter Some(871)
[2026-09-01T10:08:33.985Z WARN  gresse::network] peer connection write failed: Broken pipe (os error 32)
[2026-09-01T10:08:34.984Z WARN  gresse::replica] replica 178825480957161906 deferred pull request to peer 178825480957161906: channel closed
[2026-09-01T10:08:42.070Z WARN  gresse::network] peer connection read failed: Connection reset by peer (os error 104)
[2026-09-01T10:08:42.767Z INFO  gresse::replica] replica 178825480957161906 observed shutdown descriptor for replica 178825481046239405 with final counter Some(1550)
[2026-09-01T10:08:47.765Z INFO  gresse::replica] replica 178825480957161906 observed shutdown descriptor for replica 178825481046240405 with final counter Some(843)
[2026-09-01T10:08:48.460Z INFO  gresse::replica] replica 178825480957161906 observed shutdown descriptor for replica 178825481046241405 with final counter Some(840)
[2026-09-01T10:08:53.984Z WARN  gresse::network] peer connection write failed: Broken pipe (os error 32)
[2026-09-01T10:09:05.984Z WARN  gresse::network] peer connection write failed: Broken pipe (os error 32)
[2026-09-01T10:09:13.984Z WARN  gresse::network] peer connection write failed: Broken pipe (os error 32)
[2026-09-01T10:09:15.985Z WARN  gresse::network] peer connection write failed: Broken pipe (os error 32)
[2026-09-01T10:09:20.984Z WARN  gresse::replica] replica 178825480957161906 deferred pull request to peer 178825481046242405: channel closed
[2026-09-01T10:09:21.985Z WARN  gresse::replica] replica 178825480957161906 deferred pull request to peer 178825481046243405: channel closed
[2026-09-01T10:09:38.984Z WARN  gresse::replica] replica 178825480957161906 deferred pull request to peer 178825480957158906: channel closed
[2026-09-01T10:09:42.764Z INFO  gresse::network] replica 178825480957161906 discovered network member NetworkMember { pid: 178825481046239406, address: 13.38.41.188:19080, final_counter: None }
[2026-09-01T10:09:42.803Z INFO  gresse::network] replica 178825480957161906 registered bidirectional network channel for replica 178825481046239406
[2026-09-01T10:09:42.803Z INFO  gresse::replica] replica 178825480957161906 established peer replication connection with replica 178825481046239406
[2026-09-01T10:09:42.984Z WARN  gresse::replica] replica 178825480957161906 deferred pull request to peer 178825480714263206: channel closed
[2026-09-01T10:09:43.386Z INFO  gresse::network] replica 178825480957161906 registered bidirectional network channel for replica 178825480714263207
[2026-09-01T10:09:43.386Z INFO  gresse::replica] replica 178825480957161906 established peer replication connection with replica 178825480714263207
[2026-09-01T10:09:43.695Z INFO  gresse::network] replica 178825480957161906 registered bidirectional network channel for replica 178825481046240406
[2026-09-01T10:09:43.695Z INFO  gresse::replica] replica 178825480957161906 established peer replication connection with replica 178825481046240406
[2026-09-01T10:09:44.810Z INFO  gresse::network] replica 178825480957161906 registered bidirectional network channel for replica 178825481046241406
[2026-09-01T10:09:44.810Z INFO  gresse::replica] replica 178825480957161906 established peer replication connection with replica 178825481046241406
[2026-09-01T10:09:47.644Z INFO  gresse::network] replica 178825480957161906 registered bidirectional network channel for replica 178825481046242406
[2026-09-01T10:09:47.644Z INFO  gresse::replica] replica 178825480957161906 established peer replication connection with replica 178825481046242406
[2026-09-01T10:09:50.372Z INFO  gresse::network] replica 178825480957161906 registered bidirectional network channel for replica 178825481046243406
[2026-09-01T10:09:50.372Z INFO  gresse::replica] replica 178825480957161906 established peer replication connection with replica 178825481046243406
[2026-09-01T10:10:42.766Z INFO  gresse::replica] replica 178825480957161906 observed shutdown descriptor for replica 178825480714264206 with final counter Some(1285)
[2026-09-01T10:10:47.770Z INFO  gresse::replica] replica 178825480957161906 observed shutdown descriptor for replica 178825480714265206 with final counter Some(870)
[2026-09-01T10:10:48.489Z INFO  gresse::replica] replica 178825480957161906 observed shutdown descriptor for replica 178825480714266206 with final counter Some(871)
[2026-09-01T10:11:04.984Z WARN  gresse::network] peer connection write failed: Broken pipe (os error 32)
[2026-09-01T10:11:07.984Z WARN  gresse::replica] replica 178825480957161906 deferred pull request to peer 178825480759180606: channel closed
[2026-09-01T10:11:42.532Z INFO  gresse::network] replica 178825480957161906 registered bidirectional network channel for replica 178825480714264207
[2026-09-01T10:11:42.532Z INFO  gresse::replica] replica 178825480957161906 established peer replication connection with replica 178825480714264207
[2026-09-01T10:11:42.758Z INFO  gresse::network] replica 178825480957161906 discovered network member NetworkMember { pid: 178825480714265207, address: 16.170.108.158:19082, final_counter: None }
[2026-09-01T10:11:42.901Z INFO  gresse::network] replica 178825480957161906 registered bidirectional network channel for replica 178825480714265207
[2026-09-01T10:11:42.901Z INFO  gresse::replica] replica 178825480957161906 established peer replication connection with replica 178825480714265207
[2026-09-01T10:11:42.984Z WARN  gresse::network] peer connection write failed: Broken pipe (os error 32)
[2026-09-01T10:11:43.077Z INFO  gresse::network] replica 178825480957161906 registered bidirectional network channel for replica 178825480759179607
[2026-09-01T10:11:43.078Z INFO  gresse::replica] replica 178825480957161906 established peer replication connection with replica 178825480759179607
[2026-09-01T10:11:43.459Z INFO  gresse::network] replica 178825480957161906 registered bidirectional network channel for replica 178825480714266207
[2026-09-01T10:11:43.459Z INFO  gresse::replica] replica 178825480957161906 established peer replication connection with replica 178825480714266207
[2026-09-01T10:11:44.091Z INFO  gresse::network] replica 178825480957161906 registered bidirectional network channel for replica 178825480759180607
[2026-09-01T10:11:44.091Z INFO  gresse::replica] replica 178825480957161906 established peer replication connection with replica 178825480759180607
[2026-09-01T10:11:44.965Z INFO  gresse::network] replica 178825480957161906 registered bidirectional network channel for replica 178825480714267207
[2026-09-01T10:11:44.965Z INFO  gresse::replica] replica 178825480957161906 established peer replication connection with replica 178825480714267207
[2026-09-01T10:11:52.984Z WARN  gresse::replica] replica 178825480957161906 deferred pull request to peer 178825480714267206: channel closed
[2026-09-01T10:11:58.985Z WARN  gresse::network] peer connection write failed: Broken pipe (os error 32)
[2026-09-01T10:12:05.984Z WARN  gresse::replica] replica 178825480957161906 deferred pull request to peer 178825480759179606: channel closed
[2026-09-01T10:12:47.775Z INFO  gresse::replica] replica 178825480957161906 observed shutdown descriptor for replica 178825480759181606 with final counter Some(1235)
[2026-09-01T10:12:48.864Z WARN  gresse::object_storage] slow object storage download: path=acm-sec-geo-churn-20260901T092623Z-21106dd4/membership/178825480759181606,3.68.220.182:19082,13,1235, bytes=22374854, etag=Some("\"9aeff309c5a15ae242d06fb12454e289\""), version=None, get_elapsed_ms=48, body_elapsed_ms=430, decode_elapsed_ms=609, total_elapsed_ms=1088
[2026-09-01T10:12:48.915Z INFO  gresse::replica] replica 178825480957161906 observed shutdown descriptor for replica 178825480759182606 with final counter Some(919)
[2026-09-01T10:12:49.610Z INFO  gresse::replica] replica 178825480957161906 observed shutdown descriptor for replica 178825480759183606 with final counter Some(922)
[2026-09-01T10:13:00.984Z WARN  gresse::network] peer connection write failed: Broken pipe (os error 32)
[2026-09-01T10:13:05.985Z WARN  gresse::network] peer connection write failed: Broken pipe (os error 32)
[2026-09-01T10:13:13.984Z WARN  gresse::replica] replica 178825480957161906 deferred pull request to peer 178825480843463706: channel closed
[2026-09-01T10:13:22.984Z WARN  gresse::replica] replica 178825480957161906 deferred pull request to peer 178825480843464706: channel closed
[2026-09-01T10:13:26.985Z WARN  gresse::network] peer connection write failed: Broken pipe (os error 32)
[2026-09-01T10:13:42.766Z INFO  gresse::network] replica 178825480957161906 discovered network member NetworkMember { pid: 178825480759181607, address: 3.68.220.182:19082, final_counter: None }
[2026-09-01T10:13:42.817Z INFO  gresse::network] replica 178825480957161906 registered bidirectional network channel for replica 178825480759181607
[2026-09-01T10:13:42.817Z INFO  gresse::replica] replica 178825480957161906 established peer replication connection with replica 178825480759181607
[2026-09-01T10:13:43.410Z INFO  gresse::network] replica 178825480957161906 registered bidirectional network channel for replica 178825480843462707
[2026-09-01T10:13:43.410Z INFO  gresse::replica] replica 178825480957161906 established peer replication connection with replica 178825480843462707
[2026-09-01T10:13:43.583Z INFO  gresse::network] replica 178825480957161906 registered bidirectional network channel for replica 178825480759182607
[2026-09-01T10:13:43.583Z INFO  gresse::replica] replica 178825480957161906 established peer replication connection with replica 178825480759182607
[2026-09-01T10:13:44.286Z INFO  gresse::network] replica 178825480957161906 registered bidirectional network channel for replica 178825480759183607
[2026-09-01T10:13:44.286Z INFO  gresse::replica] replica 178825480957161906 established peer replication connection with replica 178825480759183607
[2026-09-01T10:13:44.985Z WARN  gresse::replica] replica 178825480957161906 deferred pull request to peer 178825480843462706: channel closed
[2026-09-01T10:13:45.016Z INFO  gresse::network] replica 178825480957161906 registered bidirectional network channel for replica 178825480843463707
[2026-09-01T10:13:45.016Z INFO  gresse::replica] replica 178825480957161906 established peer replication connection with replica 178825480843463707
[2026-09-01T10:13:46.830Z INFO  gresse::network] replica 178825480957161906 registered bidirectional network channel for replica 178825480843464707
[2026-09-01T10:13:46.830Z INFO  gresse::replica] replica 178825480957161906 established peer replication connection with replica 178825480843464707
[2026-09-01T10:14:42.775Z INFO  gresse::replica] replica 178825480957161906 observed shutdown descriptor for replica 178825480957157906 with final counter Some(849)
[2026-09-01T10:14:47.770Z INFO  gresse::replica] replica 178825480957161906 observed shutdown descriptor for replica 178825480843465706 with final counter Some(1287)
[2026-09-01T10:14:48.327Z INFO  gresse::replica] replica 178825480957161906 observed shutdown descriptor for replica 178825480843466706 with final counter Some(1025)
[2026-09-01T10:14:54.984Z WARN  gresse::network] peer connection write failed: Broken pipe (os error 32)
[2026-09-01T10:14:59.984Z WARN  gresse::network] peer connection write failed: Broken pipe (os error 32)
[2026-09-01T10:15:02.985Z WARN  gresse::replica] replica 178825480957161906 deferred pull request to peer 178825480957160906: channel closed
[2026-09-01T10:15:08.984Z WARN  gresse::replica] replica 178825480957161906 deferred pull request to peer 178825480957159906: channel closed
[2026-09-01T10:15:42.757Z INFO  gresse::network] replica 178825480957161906 registered bidirectional network channel for replica 178825480957157907
[2026-09-01T10:15:42.757Z INFO  gresse::replica] replica 178825480957161906 established peer replication connection with replica 178825480957157907
[2026-09-01T10:15:42.764Z INFO  gresse::network] replica 178825480957161906 discovered network member NetworkMember { pid: 178825480843465707, address: 34.245.195.69:19083, final_counter: None }
[2026-09-01T10:15:43.024Z INFO  gresse::network] replica 178825480957161906 registered bidirectional network channel for replica 178825480843465707
[2026-09-01T10:15:43.024Z INFO  gresse::replica] replica 178825480957161906 established peer replication connection with replica 178825480843465707
[2026-09-01T10:15:44.189Z INFO  gresse::network] replica 178825480957161906 registered bidirectional network channel for replica 178825480843466707
[2026-09-01T10:15:44.189Z INFO  gresse::replica] replica 178825480957161906 established peer replication connection with replica 178825480843466707
[2026-09-01T10:15:44.403Z INFO  gresse::network] replica 178825480957161906 registered bidirectional network channel for replica 178825480957158907
[2026-09-01T10:15:44.403Z INFO  gresse::replica] replica 178825480957161906 established peer replication connection with replica 178825480957158907
[2026-09-01T10:15:45.582Z INFO  gresse::network] replica 178825480957161906 registered bidirectional network channel for replica 178825480957159907
[2026-09-01T10:15:45.582Z INFO  gresse::replica] replica 178825480957161906 established peer replication connection with replica 178825480957159907
[2026-09-01T10:15:46.944Z INFO  gresse::network] replica 178825480957161906 registered bidirectional network channel for replica 178825480957160907
[2026-09-01T10:15:46.944Z INFO  gresse::replica] replica 178825480957161906 established peer replication connection with replica 178825480957160907
[2026-09-01T10:16:42.009Z INFO  gresse::replica] shutdown signal received for replica 178825480957161906
[2026-09-01T10:16:42.009Z INFO  gresse::replica] replica 178825480957161906 shutting down with 24 connected writers
[2026-09-01T10:16:42.899Z INFO  gresse::network] network manager for replica 178825480957161906 shutdown complete
[2026-09-01T10:16:42.899Z INFO  gresse::http_server] http server received shutdown signal
[2026-09-01T10:16:42.899Z INFO  gresse::http_server] http server shutdown complete
