[2026-09-03T10:41:01.346Z INFO  gresse::http_server] running CRDT HTTP server
[2026-09-03T10:41:01.346Z INFO  gresse::http_server] listening for HTTP on 0.0.0.0:18082
[2026-09-03T10:41:01.382Z INFO  gresse::replica] replica 178842683956183209 initiating runtime at bind_http=0.0.0.0:18082 bind_internal=0.0.0.0:19082 advertised_internal=52.59.198.67:19082
[2026-09-03T10:41:01.485Z INFO  gresse::object_storage] object storage connection established: backend=s3, bucket=gresse-geo-035351467464-20260903085118-6fb999, region=eu-north-1, endpoint=AWS default endpoint resolution, first_operation=put-create, object_path=acm-sec-geo-churn-20260903T091329Z-d96b4f84/membership/178842683956183209,52.59.198.67:19082,50
[2026-09-03T10:41:01.589Z INFO  gresse::replica] replica 178842683956183209 restored local state from durability journal before startup
[2026-09-03T10:41:01.589Z INFO  gresse::replica] replica 178842683956183209 discovered 237 membership descriptors during init
[2026-09-03T10:41:01.589Z INFO  gresse::replica] replica 178842683956183209 startup completed
[2026-09-03T10:41:01.589Z INFO  gresse::network] replica 178842683956183209 discovered network member NetworkMember { pid: 178842683849154810, address: 13.53.121.51:19080, final_counter: None }
[2026-09-03T10:41:01.589Z INFO  gresse::network] replica 178842683956183209 discovered network member NetworkMember { pid: 178842683849155809, address: 13.53.121.51:19081, final_counter: None }
[2026-09-03T10:41:01.589Z INFO  gresse::network] replica 178842683956183209 discovered network member NetworkMember { pid: 178842683849156812, address: 13.53.121.51:19082, final_counter: None }
[2026-09-03T10:41:01.589Z INFO  gresse::network] replica 178842683956183209 discovered network member NetworkMember { pid: 178842683849157812, address: 13.53.121.51:19083, final_counter: None }
[2026-09-03T10:41:01.589Z INFO  gresse::network] replica 178842683956183209 discovered network member NetworkMember { pid: 178842683956181211, address: 52.59.198.67:19080, final_counter: None }
[2026-09-03T10:41:01.589Z INFO  gresse::network] replica 178842683956183209 discovered network member NetworkMember { pid: 178842683956182210, address: 52.59.198.67:19081, final_counter: None }
[2026-09-03T10:41:01.589Z INFO  gresse::network] replica 178842683956183209 discovered network member NetworkMember { pid: 178842683956184208, address: 52.59.198.67:19083, final_counter: None }
[2026-09-03T10:41:01.589Z INFO  gresse::network] replica 178842683956183209 discovered network member NetworkMember { pid: 178842683956185211, address: 52.59.198.67:19084, final_counter: None }
[2026-09-03T10:41:01.589Z INFO  gresse::network] replica 178842683956183209 discovered network member NetworkMember { pid: 178842684114090211, address: 34.246.191.174:19080, final_counter: None }
[2026-09-03T10:41:01.589Z INFO  gresse::network] replica 178842683956183209 discovered network member NetworkMember { pid: 178842684114091211, address: 34.246.191.174:19081, final_counter: None }
[2026-09-03T10:41:01.589Z INFO  gresse::network] replica 178842683956183209 discovered network member NetworkMember { pid: 178842684114092210, address: 34.246.191.174:19082, final_counter: None }
[2026-09-03T10:41:01.589Z INFO  gresse::network] replica 178842683956183209 discovered network member NetworkMember { pid: 178842684114093209, address: 34.246.191.174:19083, final_counter: None }
[2026-09-03T10:41:01.589Z INFO  gresse::network] replica 178842683956183209 discovered network member NetworkMember { pid: 178842684114094208, address: 34.246.191.174:19084, final_counter: None }
[2026-09-03T10:41:01.589Z INFO  gresse::network] replica 178842683956183209 discovered network member NetworkMember { pid: 178842684286993611, address: 35.179.101.242:19080, final_counter: None }
[2026-09-03T10:41:01.589Z INFO  gresse::network] replica 178842683956183209 discovered network member NetworkMember { pid: 178842684286994611, address: 35.179.101.242:19081, final_counter: None }
[2026-09-03T10:41:01.589Z INFO  gresse::network] replica 178842683956183209 discovered network member NetworkMember { pid: 178842684286995611, address: 35.179.101.242:19082, final_counter: None }
[2026-09-03T10:41:01.589Z INFO  gresse::network] replica 178842683956183209 discovered network member NetworkMember { pid: 178842684286996610, address: 35.179.101.242:19083, final_counter: None }
[2026-09-03T10:41:01.589Z INFO  gresse::network] replica 178842683956183209 discovered network member NetworkMember { pid: 178842684286997609, address: 35.179.101.242:19084, final_counter: None }
[2026-09-03T10:41:01.589Z INFO  gresse::network] replica 178842683956183209 discovered network member NetworkMember { pid: 178842684426432108, address: 13.38.47.15:19080, final_counter: None }
[2026-09-03T10:41:01.589Z INFO  gresse::network] replica 178842683956183209 discovered network member NetworkMember { pid: 178842684426433111, address: 13.38.47.15:19081, final_counter: None }
[2026-09-03T10:41:01.589Z INFO  gresse::network] replica 178842683956183209 discovered network member NetworkMember { pid: 178842684426434111, address: 13.38.47.15:19082, final_counter: None }
[2026-09-03T10:41:01.589Z INFO  gresse::network] replica 178842683956183209 discovered network member NetworkMember { pid: 178842684426435111, address: 13.38.47.15:19083, final_counter: None }
[2026-09-03T10:41:01.589Z INFO  gresse::network] replica 178842683956183209 discovered network member NetworkMember { pid: 178842684426436110, address: 13.38.47.15:19084, final_counter: None }
[2026-09-03T10:41:01.590Z INFO  gresse::network] replica 178842683956183209 registered bidirectional network channel for replica 178842683956181211
[2026-09-03T10:41:01.590Z INFO  gresse::replica] replica 178842683956183209 established peer replication connection with replica 178842683956181211
[2026-09-03T10:41:01.590Z INFO  gresse::network] replica 178842683956183209 registered bidirectional network channel for replica 178842683956185211
[2026-09-03T10:41:01.590Z INFO  gresse::replica] replica 178842683956183209 established peer replication connection with replica 178842683956185211
[2026-09-03T10:41:01.591Z INFO  gresse::network] replica 178842683956183209 registered bidirectional network channel for replica 178842683956184208
[2026-09-03T10:41:01.591Z INFO  gresse::replica] replica 178842683956183209 established peer replication connection with replica 178842683956184208
[2026-09-03T10:41:01.591Z INFO  gresse::network] replica 178842683956183209 registered bidirectional network channel for replica 178842683956182210
[2026-09-03T10:41:01.591Z INFO  gresse::replica] replica 178842683956183209 established peer replication connection with replica 178842683956182210
[2026-09-03T10:41:01.606Z INFO  gresse::network] replica 178842683956183209 registered bidirectional network channel for replica 178842684426434111
[2026-09-03T10:41:01.606Z INFO  gresse::replica] replica 178842683956183209 established peer replication connection with replica 178842684426434111
[2026-09-03T10:41:01.606Z INFO  gresse::network] replica 178842683956183209 registered bidirectional network channel for replica 178842684426432108
[2026-09-03T10:41:01.606Z INFO  gresse::replica] replica 178842683956183209 established peer replication connection with replica 178842684426432108
[2026-09-03T10:41:01.606Z INFO  gresse::network] replica 178842683956183209 registered bidirectional network channel for replica 178842684426436110
[2026-09-03T10:41:01.606Z INFO  gresse::replica] replica 178842683956183209 established peer replication connection with replica 178842684426436110
[2026-09-03T10:41:01.606Z INFO  gresse::network] replica 178842683956183209 registered bidirectional network channel for replica 178842684426433111
[2026-09-03T10:41:01.606Z INFO  gresse::replica] replica 178842683956183209 established peer replication connection with replica 178842684426433111
[2026-09-03T10:41:01.606Z INFO  gresse::network] replica 178842683956183209 registered bidirectional network channel for replica 178842684426435111
[2026-09-03T10:41:01.606Z INFO  gresse::replica] replica 178842683956183209 established peer replication connection with replica 178842684426435111
[2026-09-03T10:41:01.612Z INFO  gresse::network] replica 178842683956183209 registered bidirectional network channel for replica 178842684286995611
[2026-09-03T10:41:01.612Z INFO  gresse::network] replica 178842683956183209 registered bidirectional network channel for replica 178842684286996610
[2026-09-03T10:41:01.612Z INFO  gresse::replica] replica 178842683956183209 established peer replication connection with replica 178842684286995611
[2026-09-03T10:41:01.613Z INFO  gresse::replica] replica 178842683956183209 established peer replication connection with replica 178842684286996610
[2026-09-03T10:41:01.613Z INFO  gresse::network] replica 178842683956183209 registered bidirectional network channel for replica 178842684286994611
[2026-09-03T10:41:01.613Z INFO  gresse::replica] replica 178842683956183209 established peer replication connection with replica 178842684286994611
[2026-09-03T10:41:01.614Z INFO  gresse::network] replica 178842683956183209 registered bidirectional network channel for replica 178842684286993611
[2026-09-03T10:41:01.614Z INFO  gresse::replica] replica 178842683956183209 established peer replication connection with replica 178842684286993611
[2026-09-03T10:41:01.614Z INFO  gresse::network] replica 178842683956183209 registered bidirectional network channel for replica 178842684286997609
[2026-09-03T10:41:01.614Z INFO  gresse::replica] replica 178842683956183209 established peer replication connection with replica 178842684286997609
[2026-09-03T10:41:01.629Z INFO  gresse::network] replica 178842683956183209 registered bidirectional network channel for replica 178842684114090211
[2026-09-03T10:41:01.629Z INFO  gresse::replica] replica 178842683956183209 established peer replication connection with replica 178842684114090211
[2026-09-03T10:41:01.629Z INFO  gresse::network] replica 178842683956183209 registered bidirectional network channel for replica 178842684114093209
[2026-09-03T10:41:01.629Z INFO  gresse::replica] replica 178842683956183209 established peer replication connection with replica 178842684114093209
[2026-09-03T10:41:01.629Z INFO  gresse::network] replica 178842683956183209 registered bidirectional network channel for replica 178842684114094208
[2026-09-03T10:41:01.629Z INFO  gresse::replica] replica 178842683956183209 established peer replication connection with replica 178842684114094208
[2026-09-03T10:41:01.629Z INFO  gresse::network] replica 178842683956183209 registered bidirectional network channel for replica 178842684114092210
[2026-09-03T10:41:01.629Z INFO  gresse::replica] replica 178842683956183209 established peer replication connection with replica 178842684114092210
[2026-09-03T10:41:01.629Z INFO  gresse::network] replica 178842683956183209 registered bidirectional network channel for replica 178842684114091211
[2026-09-03T10:41:01.629Z INFO  gresse::replica] replica 178842683956183209 established peer replication connection with replica 178842684114091211
[2026-09-03T10:41:01.638Z INFO  gresse::network] replica 178842683956183209 registered bidirectional network channel for replica 178842683849155809
[2026-09-03T10:41:01.638Z INFO  gresse::replica] replica 178842683956183209 established peer replication connection with replica 178842683849155809
[2026-09-03T10:41:01.638Z INFO  gresse::network] replica 178842683956183209 registered bidirectional network channel for replica 178842683849154810
[2026-09-03T10:41:01.638Z INFO  gresse::replica] replica 178842683956183209 established peer replication connection with replica 178842683849154810
[2026-09-03T10:41:01.638Z INFO  gresse::network] replica 178842683956183209 registered bidirectional network channel for replica 178842683849156812
[2026-09-03T10:41:01.638Z INFO  gresse::replica] replica 178842683956183209 established peer replication connection with replica 178842683849156812
[2026-09-03T10:41:02.465Z INFO  gresse::network] replica 178842683956183209 registered bidirectional network channel for replica 178842683849157812
[2026-09-03T10:41:02.465Z INFO  gresse::replica] replica 178842683956183209 established peer replication connection with replica 178842683849157812
[2026-09-03T10:41:04.762Z INFO  gresse::network] replica 178842683956183209 registered bidirectional network channel for replica 178842683849158812
[2026-09-03T10:41:04.762Z INFO  gresse::replica] replica 178842683956183209 established peer replication connection with replica 178842683849158812
[2026-09-03T10:41:06.456Z INFO  gresse::replica] replica 178842683956183209 observed shutdown descriptor for replica 178842683849156808 with final counter Some(3772)
[2026-09-03T10:41:06.916Z INFO  gresse::replica] replica 178842683956183209 observed shutdown descriptor for replica 178842683849157811 with final counter Some(923)
[2026-09-03T10:41:07.236Z INFO  gresse::replica] replica 178842683956183209 observed shutdown descriptor for replica 178842683849158811 with final counter Some(920)
[2026-09-03T10:41:08.591Z WARN  gresse::network] peer connection write failed: Broken pipe (os error 32)
[2026-09-03T10:41:12.591Z WARN  gresse::network] peer connection write failed: Broken pipe (os error 32)
[2026-09-03T10:41:16.591Z WARN  gresse::network] peer connection write failed: Broken pipe (os error 32)
[2026-09-03T10:41:17.591Z WARN  gresse::network] peer connection write failed: Broken pipe (os error 32)
[2026-09-03T10:41:18.590Z WARN  gresse::network] peer connection write failed: Broken pipe (os error 32)
[2026-09-03T10:41:21.591Z WARN  gresse::network] peer connection write failed: Broken pipe (os error 32)
[2026-09-03T10:41:22.590Z WARN  gresse::replica] replica 178842683956183209 deferred pull request to peer 178842684426432108: channel closed
[2026-09-03T10:41:23.590Z WARN  gresse::replica] replica 178842683956183209 deferred pull request to peer 178842684114093209: channel closed
[2026-09-03T10:41:26.591Z WARN  gresse::replica] replica 178842683956183209 deferred pull request to peer 178842684286993611: channel closed
[2026-09-03T10:41:29.590Z WARN  gresse::replica] replica 178842683956183209 deferred pull request to peer 178842684286994611: channel closed
[2026-09-03T10:41:32.590Z WARN  gresse::network] peer connection write failed: Broken pipe (os error 32)
[2026-09-03T10:41:33.590Z WARN  gresse::replica] replica 178842683956183209 deferred pull request to peer 178842684426435111: channel closed
[2026-09-03T10:41:34.591Z WARN  gresse::network] peer connection write failed: Broken pipe (os error 32)
[2026-09-03T10:41:35.591Z WARN  gresse::replica] replica 178842683956183209 deferred pull request to peer 178842683849155809: channel closed
[2026-09-03T10:41:36.591Z WARN  gresse::network] peer connection write failed: Broken pipe (os error 32)
[2026-09-03T10:41:40.590Z WARN  gresse::network] peer connection write failed: Broken pipe (os error 32)
[2026-09-03T10:41:46.590Z WARN  gresse::replica] replica 178842683956183209 deferred pull request to peer 178842684114090211: channel closed
[2026-09-03T10:41:47.591Z WARN  gresse::network] peer connection write failed: Broken pipe (os error 32)
[2026-09-03T10:41:48.590Z WARN  gresse::replica] replica 178842683956183209 deferred pull request to peer 178842684286996610: channel closed
[2026-09-03T10:41:49.591Z WARN  gresse::network] peer connection write failed: Broken pipe (os error 32)
[2026-09-03T10:41:50.590Z WARN  gresse::replica] replica 178842683956183209 deferred pull request to peer 178842684114094208: channel closed
[2026-09-03T10:41:52.591Z WARN  gresse::network] peer connection write failed: Broken pipe (os error 32)
[2026-09-03T10:41:54.590Z WARN  gresse::replica] replica 178842683956183209 deferred pull request to peer 178842683956185211: channel closed
[2026-09-03T10:41:56.591Z WARN  gresse::replica] replica 178842683956183209 deferred pull request to peer 178842684426433111: channel closed
[2026-09-03T10:41:59.591Z WARN  gresse::network] peer connection write failed: Broken pipe (os error 32)
[2026-09-03T10:42:01.436Z INFO  gresse::replica] replica 178842683956183209 observed shutdown descriptor for replica 178842683956184208 with final counter Some(3781)
[2026-09-03T10:42:01.770Z INFO  gresse::replica] replica 178842683956183209 observed shutdown descriptor for replica 178842683956185211 with final counter Some(1022)
[2026-09-03T10:42:02.278Z INFO  gresse::replica] replica 178842683956183209 observed shutdown descriptor for replica 178842684114090211 with final counter Some(858)
[2026-09-03T10:42:02.781Z WARN  gresse::replica] replica 178842683956183209 deferred pull request to peer 178842684114092210: channel closed
[2026-09-03T10:42:02.781Z WARN  gresse::network] peer connection write failed: Broken pipe (os error 32)
[2026-09-03T10:42:04.590Z WARN  gresse::network] peer connection write failed: Broken pipe (os error 32)
[2026-09-03T10:42:06.590Z WARN  gresse::network] peer connection write failed: Broken pipe (os error 32)
[2026-09-03T10:42:10.591Z WARN  gresse::replica] replica 178842683956183209 deferred pull request to peer 178842684426434111: channel closed
[2026-09-03T10:42:12.591Z WARN  gresse::replica] replica 178842683956183209 deferred pull request to peer 178842684286997609: channel closed
[2026-09-03T10:42:15.591Z WARN  gresse::replica] replica 178842683956183209 deferred pull request to peer 178842683849154810: channel closed
[2026-09-03T10:42:19.590Z WARN  gresse::network] peer connection write failed: Broken pipe (os error 32)
[2026-09-03T10:42:22.590Z WARN  gresse::replica] replica 178842683956183209 deferred pull request to peer 178842684114091211: channel closed
[2026-09-03T10:42:25.590Z WARN  gresse::replica] replica 178842683956183209 deferred pull request to peer 178842684286995611: channel closed
[2026-09-03T10:42:59.891Z INFO  gresse::network] replica 178842683956183209 registered bidirectional network channel for replica 178842683956184212
[2026-09-03T10:42:59.891Z INFO  gresse::replica] replica 178842683956183209 established peer replication connection with replica 178842683956184212
[2026-09-03T10:43:00.091Z INFO  gresse::replica] replica 178842683956183209 established peer replication connection with replica 178842684114090212
[2026-09-03T10:43:00.091Z INFO  gresse::network] replica 178842683956183209 registered bidirectional network channel for replica 178842684114090212
[2026-09-03T10:43:01.434Z INFO  gresse::network] replica 178842683956183209 discovered network member NetworkMember { pid: 178842683956185212, address: 52.59.198.67:19084, final_counter: None }
[2026-09-03T10:43:01.717Z INFO  gresse::network] replica 178842683956183209 registered bidirectional network channel for replica 178842683956185212
[2026-09-03T10:43:01.717Z INFO  gresse::replica] replica 178842683956183209 established peer replication connection with replica 178842683956185212
[2026-09-03T10:44:01.458Z INFO  gresse::replica] replica 178842683956183209 observed shutdown descriptor for replica 178842684114094208 with final counter Some(4091)
[2026-09-03T10:44:02.342Z INFO  gresse::replica] replica 178842683956183209 observed shutdown descriptor for replica 178842684286993611 with final counter Some(859)
[2026-09-03T10:44:02.897Z INFO  gresse::replica] replica 178842683956183209 observed shutdown descriptor for replica 178842684286994611 with final counter Some(843)
[2026-09-03T10:44:59.484Z INFO  gresse::network] replica 178842683956183209 registered bidirectional network channel for replica 178842684286993612
[2026-09-03T10:44:59.484Z INFO  gresse::replica] replica 178842683956183209 established peer replication connection with replica 178842684286993612
[2026-09-03T10:44:59.559Z INFO  gresse::replica] replica 178842683956183209 established peer replication connection with replica 178842684114094212
[2026-09-03T10:44:59.559Z INFO  gresse::network] replica 178842683956183209 registered bidirectional network channel for replica 178842684114094212
[2026-09-03T10:45:01.159Z INFO  gresse::replica] replica 178842683956183209 established peer replication connection with replica 178842684286994612
[2026-09-03T10:45:01.159Z INFO  gresse::network] replica 178842683956183209 registered bidirectional network channel for replica 178842684286994612
[2026-09-03T10:46:01.440Z INFO  gresse::replica] replica 178842683956183209 observed shutdown descriptor for replica 178842684426432108 with final counter Some(4371)
[2026-09-03T10:46:02.025Z INFO  gresse::replica] replica 178842683956183209 observed shutdown descriptor for replica 178842684426433111 with final counter Some(845)
[2026-09-03T10:46:02.382Z INFO  gresse::replica] replica 178842683956183209 observed shutdown descriptor for replica 178842684426434111 with final counter Some(840)
[2026-09-03T10:46:59.493Z INFO  gresse::network] replica 178842683956183209 registered bidirectional network channel for replica 178842684426432112
[2026-09-03T10:46:59.493Z INFO  gresse::replica] replica 178842683956183209 established peer replication connection with replica 178842684426432112
[2026-09-03T10:47:00.780Z INFO  gresse::network] replica 178842683956183209 registered bidirectional network channel for replica 178842684426433112
[2026-09-03T10:47:00.780Z INFO  gresse::replica] replica 178842683956183209 established peer replication connection with replica 178842684426433112
[2026-09-03T10:47:01.429Z INFO  gresse::network] replica 178842683956183209 discovered network member NetworkMember { pid: 178842684426434112, address: 13.38.47.15:19082, final_counter: None }
[2026-09-03T10:47:02.127Z INFO  gresse::network] replica 178842683956183209 registered bidirectional network channel for replica 178842684426434112
[2026-09-03T10:47:02.127Z INFO  gresse::replica] replica 178842683956183209 established peer replication connection with replica 178842684426434112
[2026-09-03T10:48:01.451Z INFO  gresse::replica] replica 178842683956183209 observed shutdown descriptor for replica 178842683849155809 with final counter Some(3920)
[2026-09-03T10:48:02.116Z INFO  gresse::replica] replica 178842683956183209 observed shutdown descriptor for replica 178842683849156812 with final counter Some(871)
[2026-09-03T10:48:02.661Z INFO  gresse::replica] replica 178842683956183209 observed shutdown descriptor for replica 178842683849157812 with final counter Some(864)
[2026-09-03T10:48:04.590Z WARN  gresse::network] peer connection write failed: Broken pipe (os error 32)
[2026-09-03T10:48:08.590Z WARN  gresse::network] peer connection write failed: Broken pipe (os error 32)
[2026-09-03T10:48:09.591Z WARN  gresse::replica] replica 178842683956183209 deferred pull request to peer 178842683849158812: channel closed
[2026-09-03T10:48:22.590Z WARN  gresse::network] peer connection write failed: Broken pipe (os error 32)
[2026-09-03T10:48:33.590Z WARN  gresse::replica] replica 178842683956183209 deferred pull request to peer 178842683956181211: channel closed
[2026-09-03T10:48:34.591Z WARN  gresse::replica] replica 178842683956183209 deferred pull request to peer 178842683956182210: channel closed
[2026-09-03T10:49:01.434Z INFO  gresse::network] replica 178842683956183209 discovered network member NetworkMember { pid: 178842683849155813, address: 13.53.121.51:19081, final_counter: None }
[2026-09-03T10:49:01.668Z INFO  gresse::network] replica 178842683956183209 registered bidirectional network channel for replica 178842683849155813
[2026-09-03T10:49:01.668Z INFO  gresse::replica] replica 178842683956183209 established peer replication connection with replica 178842683849155813
[2026-09-03T10:49:05.491Z INFO  gresse::network] replica 178842683956183209 registered bidirectional network channel for replica 178842683849156813
[2026-09-03T10:49:05.492Z INFO  gresse::replica] replica 178842683956183209 established peer replication connection with replica 178842683849156813
[2026-09-03T10:49:06.437Z INFO  gresse::network] replica 178842683956183209 discovered network member NetworkMember { pid: 178842683849157813, address: 13.53.121.51:19083, final_counter: None }
[2026-09-03T10:49:08.713Z INFO  gresse::network] replica 178842683956183209 registered bidirectional network channel for replica 178842683849157813
[2026-09-03T10:49:08.713Z INFO  gresse::replica] replica 178842683956183209 established peer replication connection with replica 178842683849157813
[2026-09-03T10:49:58.080Z INFO  gresse::replica] shutdown signal received for replica 178842683956183209
[2026-09-03T10:49:58.080Z INFO  gresse::replica] replica 178842683956183209 shutting down with 13 connected writers
[2026-09-03T10:49:58.638Z INFO  gresse::http_server] http server received shutdown signal
[2026-09-03T10:49:58.638Z INFO  gresse::http_server] http server shutdown complete
[2026-09-03T10:49:58.639Z INFO  gresse::network] network manager for replica 178842683956183209 shutdown complete
