[2026-09-01T09:31:42.089Z INFO  gresse::http_server] running CRDT HTTP server
[2026-09-01T09:31:42.089Z INFO  gresse::http_server] listening for HTTP on 0.0.0.0:18080
[2026-09-01T09:31:42.116Z INFO  gresse::replica] replica 178825480843462702 initiating runtime at bind_http=0.0.0.0:18080 bind_internal=0.0.0.0:19080 advertised_internal=34.245.195.69:19080
[2026-09-01T09:31:42.279Z INFO  gresse::object_storage] object storage connection established: backend=s3, bucket=gresse-geo-035351467464-20260901084800-ec90d0, region=eu-north-1, endpoint=AWS default endpoint resolution, first_operation=put-create, object_path=acm-sec-geo-churn-20260901T092623Z-21106dd4/membership/178825480843462702,34.245.195.69:19080,2
[2026-09-01T09:31:42.411Z INFO  gresse::replica] replica 178825480843462702 restored local state from durability journal before startup
[2026-09-01T09:31:42.411Z INFO  gresse::replica] replica 178825480843462702 discovered 38 membership descriptors during init
[2026-09-01T09:31:42.411Z INFO  gresse::replica] replica 178825480843462702 startup completed
[2026-09-01T09:31:42.411Z INFO  gresse::network] replica 178825480843462702 discovered network member NetworkMember { pid: 178825480714263202, address: 16.170.108.158:19080, final_counter: None }
[2026-09-01T09:31:42.411Z INFO  gresse::network] replica 178825480843462702 discovered network member NetworkMember { pid: 178825480714264202, address: 16.170.108.158:19081, final_counter: None }
[2026-09-01T09:31:42.411Z INFO  gresse::network] replica 178825480843462702 registered bidirectional network channel for replica 178825480714264202
[2026-09-01T09:31:42.411Z INFO  gresse::network] replica 178825480843462702 discovered network member NetworkMember { pid: 178825480714265202, address: 16.170.108.158:19082, final_counter: None }
[2026-09-01T09:31:42.411Z INFO  gresse::network] replica 178825480843462702 discovered network member NetworkMember { pid: 178825480714266202, address: 16.170.108.158:19083, final_counter: None }
[2026-09-01T09:31:42.411Z INFO  gresse::network] replica 178825480843462702 discovered network member NetworkMember { pid: 178825480714267202, address: 16.170.108.158:19084, final_counter: None }
[2026-09-01T09:31:42.411Z INFO  gresse::network] replica 178825480843462702 discovered network member NetworkMember { pid: 178825480759179602, address: 3.68.220.182:19080, final_counter: None }
[2026-09-01T09:31:42.411Z INFO  gresse::replica] replica 178825480843462702 established peer replication connection with replica 178825480714264202
[2026-09-01T09:31:42.411Z INFO  gresse::network] replica 178825480843462702 discovered network member NetworkMember { pid: 178825480759180602, address: 3.68.220.182:19081, final_counter: None }
[2026-09-01T09:31:42.411Z INFO  gresse::network] replica 178825480843462702 discovered network member NetworkMember { pid: 178825480759183601, address: 3.68.220.182:19084, final_counter: None }
[2026-09-01T09:31:42.411Z INFO  gresse::network] replica 178825480843462702 discovered network member NetworkMember { pid: 178825480843462701, address: 34.245.195.69:19080, final_counter: None }
[2026-09-01T09:31:42.411Z INFO  gresse::network] replica 178825480843462702 discovered network member NetworkMember { pid: 178825480843463701, address: 34.245.195.69:19081, final_counter: None }
[2026-09-01T09:31:42.411Z INFO  gresse::network] replica 178825480843462702 discovered network member NetworkMember { pid: 178825480843464701, address: 34.245.195.69:19082, final_counter: None }
[2026-09-01T09:31:42.411Z INFO  gresse::network] replica 178825480843462702 discovered network member NetworkMember { pid: 178825480843465701, address: 34.245.195.69:19083, final_counter: None }
[2026-09-01T09:31:42.411Z INFO  gresse::network] replica 178825480843462702 discovered network member NetworkMember { pid: 178825480843466701, address: 34.245.195.69:19084, final_counter: None }
[2026-09-01T09:31:42.411Z INFO  gresse::network] replica 178825480843462702 discovered network member NetworkMember { pid: 178825480957157901, address: 18.130.228.25:19080, final_counter: None }
[2026-09-01T09:31:42.411Z INFO  gresse::network] replica 178825480843462702 discovered network member NetworkMember { pid: 178825480957158901, address: 18.130.228.25:19081, final_counter: None }
[2026-09-01T09:31:42.411Z INFO  gresse::network] replica 178825480843462702 discovered network member NetworkMember { pid: 178825480957159901, address: 18.130.228.25:19082, final_counter: None }
[2026-09-01T09:31:42.411Z INFO  gresse::network] replica 178825480843462702 discovered network member NetworkMember { pid: 178825480957160901, address: 18.130.228.25:19083, final_counter: None }
[2026-09-01T09:31:42.411Z INFO  gresse::network] replica 178825480843462702 discovered network member NetworkMember { pid: 178825480957161901, address: 18.130.228.25:19084, final_counter: None }
[2026-09-01T09:31:42.411Z INFO  gresse::network] replica 178825480843462702 discovered network member NetworkMember { pid: 178825481046239401, address: 13.38.41.188:19080, final_counter: None }
[2026-09-01T09:31:42.411Z INFO  gresse::network] replica 178825480843462702 discovered network member NetworkMember { pid: 178825481046240401, address: 13.38.41.188:19081, final_counter: None }
[2026-09-01T09:31:42.411Z INFO  gresse::network] replica 178825480843462702 discovered network member NetworkMember { pid: 178825481046241401, address: 13.38.41.188:19082, final_counter: None }
[2026-09-01T09:31:42.411Z INFO  gresse::network] replica 178825480843462702 discovered network member NetworkMember { pid: 178825481046242401, address: 13.38.41.188:19083, final_counter: None }
[2026-09-01T09:31:42.411Z INFO  gresse::network] replica 178825480843462702 discovered network member NetworkMember { pid: 178825481046243401, address: 13.38.41.188:19084, final_counter: None }
[2026-09-01T09:31:42.411Z INFO  gresse::network] replica 178825480843462702 registered bidirectional network channel for replica 178825480957158901
[2026-09-01T09:31:42.411Z INFO  gresse::replica] replica 178825480843462702 established peer replication connection with replica 178825480957158901
[2026-09-01T09:31:42.411Z WARN  gresse::network] replica 178825480843462702 peer connection attempt failed: could not connect to 34.245.195.69:19081: Connection refused (os error 111)
[2026-09-01T09:31:42.411Z INFO  gresse::network] replica 178825480843462702 registered bidirectional network channel for replica 178825481046240401
[2026-09-01T09:31:42.411Z INFO  gresse::replica] replica 178825480843462702 established peer replication connection with replica 178825481046240401
[2026-09-01T09:31:42.411Z INFO  gresse::network] replica 178825480843462702 registered bidirectional network channel for replica 178825480843462702
[2026-09-01T09:31:42.411Z INFO  gresse::replica] replica 178825480843462702 established peer replication connection with replica 178825480843462702
[2026-09-01T09:31:42.411Z INFO  gresse::network] replica 178825480843462702 registered bidirectional network channel for replica 178825480843464701
[2026-09-01T09:31:42.411Z INFO  gresse::replica] replica 178825480843462702 established peer replication connection with replica 178825480843464701
[2026-09-01T09:31:42.412Z INFO  gresse::network] replica 178825480843462702 registered bidirectional network channel for replica 178825480843465701
[2026-09-01T09:31:42.412Z INFO  gresse::replica] replica 178825480843462702 established peer replication connection with replica 178825480843465701
[2026-09-01T09:31:42.412Z INFO  gresse::network] replica 178825480843462702 registered bidirectional network channel for replica 178825480843466701
[2026-09-01T09:31:42.412Z INFO  gresse::replica] replica 178825480843462702 established peer replication connection with replica 178825480843466701
[2026-09-01T09:31:42.412Z WARN  gresse::network] replica 178825480843462702 rejected peer handshake: expected 178825480843462701, received 178825480843462702
[2026-09-01T09:31:42.430Z INFO  gresse::network] replica 178825480843462702 registered bidirectional network channel for replica 178825480957160901
[2026-09-01T09:31:42.430Z INFO  gresse::replica] replica 178825480843462702 established peer replication connection with replica 178825480957160901
[2026-09-01T09:31:42.430Z INFO  gresse::network] replica 178825480843462702 registered bidirectional network channel for replica 178825480957159901
[2026-09-01T09:31:42.430Z INFO  gresse::replica] replica 178825480843462702 established peer replication connection with replica 178825480957159901
[2026-09-01T09:31:42.430Z INFO  gresse::network] replica 178825480843462702 registered bidirectional network channel for replica 178825480957157901
[2026-09-01T09:31:42.430Z INFO  gresse::replica] replica 178825480843462702 established peer replication connection with replica 178825480957157901
[2026-09-01T09:31:42.430Z INFO  gresse::network] replica 178825480843462702 registered bidirectional network channel for replica 178825480957161901
[2026-09-01T09:31:42.430Z INFO  gresse::replica] replica 178825480843462702 established peer replication connection with replica 178825480957161901
[2026-09-01T09:31:42.431Z WARN  gresse::network] replica 178825480843462702 peer connection attempt failed: could not connect to 3.68.220.182:19084: Connection refused (os error 111)
[2026-09-01T09:31:42.445Z INFO  gresse::network] replica 178825480843462702 registered bidirectional network channel for replica 178825481046239401
[2026-09-01T09:31:42.445Z INFO  gresse::replica] replica 178825480843462702 established peer replication connection with replica 178825481046239401
[2026-09-01T09:31:42.445Z INFO  gresse::network] replica 178825480843462702 registered bidirectional network channel for replica 178825481046243401
[2026-09-01T09:31:42.445Z INFO  gresse::replica] replica 178825480843462702 established peer replication connection with replica 178825481046243401
[2026-09-01T09:31:42.445Z INFO  gresse::network] replica 178825480843462702 registered bidirectional network channel for replica 178825481046242401
[2026-09-01T09:31:42.445Z INFO  gresse::replica] replica 178825480843462702 established peer replication connection with replica 178825481046242401
[2026-09-01T09:31:42.446Z INFO  gresse::network] replica 178825480843462702 registered bidirectional network channel for replica 178825481046241401
[2026-09-01T09:31:42.446Z INFO  gresse::replica] replica 178825480843462702 established peer replication connection with replica 178825481046241401
[2026-09-01T09:31:42.452Z INFO  gresse::network] replica 178825480843462702 registered bidirectional network channel for replica 178825480759179602
[2026-09-01T09:31:42.452Z INFO  gresse::replica] replica 178825480843462702 established peer replication connection with replica 178825480759179602
[2026-09-01T09:31:42.491Z INFO  gresse::network] replica 178825480843462702 registered bidirectional network channel for replica 178825480759180602
[2026-09-01T09:31:42.491Z INFO  gresse::replica] replica 178825480843462702 established peer replication connection with replica 178825480759180602
[2026-09-01T09:31:42.495Z INFO  gresse::network] replica 178825480843462702 registered bidirectional network channel for replica 178825480714263202
[2026-09-01T09:31:42.496Z INFO  gresse::replica] replica 178825480843462702 established peer replication connection with replica 178825480714263202
[2026-09-01T09:31:42.496Z INFO  gresse::network] replica 178825480843462702 registered bidirectional network channel for replica 178825480714265202
[2026-09-01T09:31:42.496Z INFO  gresse::replica] replica 178825480843462702 established peer replication connection with replica 178825480714265202
[2026-09-01T09:31:42.496Z INFO  gresse::network] replica 178825480843462702 registered bidirectional network channel for replica 178825480714266202
[2026-09-01T09:31:42.496Z INFO  gresse::replica] replica 178825480843462702 established peer replication connection with replica 178825480714266202
[2026-09-01T09:31:42.496Z INFO  gresse::network] replica 178825480843462702 registered bidirectional network channel for replica 178825480714267202
[2026-09-01T09:31:42.496Z INFO  gresse::replica] replica 178825480843462702 established peer replication connection with replica 178825480714267202
[2026-09-01T09:31:42.824Z INFO  gresse::network] replica 178825480843462702 registered bidirectional network channel for replica 178825480843463702
[2026-09-01T09:31:42.951Z INFO  gresse::network] replica 178825480843462702 registered bidirectional network channel for replica 178825480759181602
[2026-09-01T09:31:43.024Z INFO  gresse::replica] replica 178825480843462702 established peer replication connection with replica 178825480843463702
[2026-09-01T09:31:43.024Z INFO  gresse::replica] replica 178825480843462702 established peer replication connection with replica 178825480759181602
[2026-09-01T09:31:43.435Z INFO  gresse::network] replica 178825480843462702 registered bidirectional network channel for replica 178825480759182602
[2026-09-01T09:31:43.435Z INFO  gresse::replica] replica 178825480843462702 established peer replication connection with replica 178825480759182602
[2026-09-01T09:31:43.744Z INFO  gresse::network] replica 178825480843462702 registered bidirectional network channel for replica 178825480759183602
[2026-09-01T09:31:43.744Z INFO  gresse::replica] replica 178825480843462702 established peer replication connection with replica 178825480759183602
[2026-09-01T09:31:47.268Z INFO  gresse::replica] replica 178825480843462702 observed shutdown descriptor for replica 178825480759180601 with final counter Some(326)
[2026-09-01T09:31:47.534Z INFO  gresse::replica] replica 178825480843462702 observed shutdown descriptor for replica 178825480759181601 with final counter Some(326)
[2026-09-01T09:31:47.648Z INFO  gresse::replica] replica 178825480843462702 observed shutdown descriptor for replica 178825480759182601 with final counter Some(327)
[2026-09-01T09:32:29.412Z WARN  gresse::network] peer connection write failed: Broken pipe (os error 32)
[2026-09-01T09:32:47.174Z INFO  gresse::replica] replica 178825480843462702 observed shutdown descriptor for replica 178825480843464701 with final counter Some(616)
[2026-09-01T09:32:47.540Z INFO  gresse::replica] replica 178825480843462702 observed shutdown descriptor for replica 178825480843465701 with final counter Some(618)
[2026-09-01T09:32:47.658Z INFO  gresse::replica] replica 178825480843462702 observed shutdown descriptor for replica 178825480843466701 with final counter Some(619)
[2026-09-01T09:32:56.411Z WARN  gresse::network] peer connection write failed: Broken pipe (os error 32)
[2026-09-01T09:33:06.411Z WARN  gresse::replica] replica 178825480843462702 deferred pull request to peer 178825480843462702: channel closed
[2026-09-01T09:33:17.412Z WARN  gresse::network] peer connection write failed: Broken pipe (os error 32)
[2026-09-01T09:33:29.411Z WARN  gresse::network] peer connection write failed: Broken pipe (os error 32)
[2026-09-01T09:33:33.411Z WARN  gresse::replica] replica 178825480843462702 deferred pull request to peer 178825480957157901: channel closed
[2026-09-01T09:33:42.364Z INFO  gresse::network] replica 178825480843462702 registered bidirectional network channel for replica 178825480957157902
[2026-09-01T09:33:42.364Z INFO  gresse::replica] replica 178825480843462702 established peer replication connection with replica 178825480957157902
[2026-09-01T09:33:42.624Z INFO  gresse::replica] replica 178825480843462702 established peer replication connection with replica 178825480843464702
[2026-09-01T09:33:42.624Z INFO  gresse::network] replica 178825480843462702 registered bidirectional network channel for replica 178825480843464702
[2026-09-01T09:33:42.665Z INFO  gresse::network] replica 178825480843462702 registered bidirectional network channel for replica 178825480957158902
[2026-09-01T09:33:42.665Z INFO  gresse::replica] replica 178825480843462702 established peer replication connection with replica 178825480957158902
[2026-09-01T09:33:43.049Z INFO  gresse::network] replica 178825480843462702 registered bidirectional network channel for replica 178825480957159902
[2026-09-01T09:33:43.049Z INFO  gresse::replica] replica 178825480843462702 established peer replication connection with replica 178825480957159902
[2026-09-01T09:33:43.214Z INFO  gresse::network] replica 178825480843462702 registered bidirectional network channel for replica 178825480843465702
[2026-09-01T09:33:43.214Z INFO  gresse::replica] replica 178825480843462702 established peer replication connection with replica 178825480843465702
[2026-09-01T09:33:43.849Z INFO  gresse::network] replica 178825480843462702 registered bidirectional network channel for replica 178825480843466702
[2026-09-01T09:33:43.849Z INFO  gresse::replica] replica 178825480843462702 established peer replication connection with replica 178825480843466702
[2026-09-01T09:33:50.412Z WARN  gresse::replica] replica 178825480843462702 deferred pull request to peer 178825480957159901: channel closed
[2026-09-01T09:33:52.412Z WARN  gresse::replica] replica 178825480843462702 deferred pull request to peer 178825480957158901: channel closed
[2026-09-01T09:34:47.175Z INFO  gresse::replica] replica 178825480843462702 observed shutdown descriptor for replica 178825480957160901 with final counter Some(959)
[2026-09-01T09:34:47.510Z INFO  gresse::replica] replica 178825480843462702 observed shutdown descriptor for replica 178825480957161901 with final counter Some(957)
[2026-09-01T09:34:47.641Z INFO  gresse::replica] replica 178825480843462702 observed shutdown descriptor for replica 178825481046239401 with final counter Some(777)
[2026-09-01T09:34:52.411Z WARN  gresse::network] peer connection write failed: Broken pipe (os error 32)
[2026-09-01T09:34:58.412Z WARN  gresse::network] peer connection write failed: Broken pipe (os error 32)
[2026-09-01T09:35:05.412Z WARN  gresse::replica] replica 178825480843462702 deferred pull request to peer 178825481046241401: channel closed
[2026-09-01T09:35:32.412Z WARN  gresse::network] peer connection write failed: Broken pipe (os error 32)
[2026-09-01T09:35:33.412Z WARN  gresse::replica] replica 178825480843462702 deferred pull request to peer 178825481046242401: channel closed
[2026-09-01T09:35:41.412Z WARN  gresse::replica] replica 178825480843462702 deferred pull request to peer 178825481046240401: channel closed
[2026-09-01T09:35:42.486Z INFO  gresse::network] replica 178825480843462702 registered bidirectional network channel for replica 178825480957160902
[2026-09-01T09:35:42.486Z INFO  gresse::replica] replica 178825480843462702 established peer replication connection with replica 178825480957160902
[2026-09-01T09:35:42.517Z INFO  gresse::replica] replica 178825480843462702 established peer replication connection with replica 178825481046239402
[2026-09-01T09:35:42.517Z INFO  gresse::network] replica 178825480843462702 registered bidirectional network channel for replica 178825481046239402
[2026-09-01T09:35:42.918Z INFO  gresse::network] replica 178825480843462702 registered bidirectional network channel for replica 178825480957161902
[2026-09-01T09:35:42.918Z INFO  gresse::replica] replica 178825480843462702 established peer replication connection with replica 178825480957161902
[2026-09-01T09:35:42.963Z INFO  gresse::network] replica 178825480843462702 registered bidirectional network channel for replica 178825481046240402
[2026-09-01T09:35:42.963Z INFO  gresse::replica] replica 178825480843462702 established peer replication connection with replica 178825481046240402
[2026-09-01T09:35:43.517Z INFO  gresse::network] replica 178825480843462702 registered bidirectional network channel for replica 178825481046241402
[2026-09-01T09:35:43.517Z INFO  gresse::replica] replica 178825480843462702 established peer replication connection with replica 178825481046241402
[2026-09-01T09:35:44.170Z INFO  gresse::network] replica 178825480843462702 registered bidirectional network channel for replica 178825481046242402
[2026-09-01T09:35:44.170Z INFO  gresse::replica] replica 178825480843462702 established peer replication connection with replica 178825481046242402
[2026-09-01T09:36:42.175Z INFO  gresse::replica] replica 178825480843462702 observed shutdown descriptor for replica 178825480714263202 with final counter Some(841)
[2026-09-01T09:36:42.456Z WARN  gresse::network] peer connection read failed: Connection reset by peer (os error 104)
[2026-09-01T09:36:47.182Z INFO  gresse::replica] replica 178825480843462702 observed shutdown descriptor for replica 178825480714264202 with final counter Some(840)
[2026-09-01T09:36:47.328Z INFO  gresse::replica] replica 178825480843462702 observed shutdown descriptor for replica 178825481046243401 with final counter Some(1496)
[2026-09-01T09:36:52.411Z WARN  gresse::network] peer connection write failed: Broken pipe (os error 32)
[2026-09-01T09:37:11.412Z WARN  gresse::replica] replica 178825480843462702 deferred pull request to peer 178825480714265202: channel closed
[2026-09-01T09:37:30.412Z WARN  gresse::network] peer connection write failed: Broken pipe (os error 32)
[2026-09-01T09:37:39.411Z WARN  gresse::replica] replica 178825480843462702 deferred pull request to peer 178825480714266202: channel closed
[2026-09-01T09:37:42.372Z INFO  gresse::network] replica 178825480843462702 registered bidirectional network channel for replica 178825480714263203
[2026-09-01T09:37:42.372Z INFO  gresse::replica] replica 178825480843462702 established peer replication connection with replica 178825480714263203
[2026-09-01T09:37:42.566Z INFO  gresse::network] replica 178825480843462702 registered bidirectional network channel for replica 178825481046243402
[2026-09-01T09:37:42.566Z INFO  gresse::replica] replica 178825480843462702 established peer replication connection with replica 178825481046243402
[2026-09-01T09:37:42.648Z INFO  gresse::network] replica 178825480843462702 registered bidirectional network channel for replica 178825480714264203
[2026-09-01T09:37:42.648Z INFO  gresse::replica] replica 178825480843462702 established peer replication connection with replica 178825480714264203
[2026-09-01T09:37:42.951Z INFO  gresse::network] replica 178825480843462702 registered bidirectional network channel for replica 178825480714265203
[2026-09-01T09:37:42.951Z INFO  gresse::replica] replica 178825480843462702 established peer replication connection with replica 178825480714265203
[2026-09-01T09:37:43.282Z INFO  gresse::replica] replica 178825480843462702 established peer replication connection with replica 178825480714266203
[2026-09-01T09:37:43.282Z INFO  gresse::network] replica 178825480843462702 registered bidirectional network channel for replica 178825480714266203
[2026-09-01T09:37:43.588Z INFO  gresse::network] replica 178825480843462702 registered bidirectional network channel for replica 178825480714267203
[2026-09-01T09:37:43.634Z INFO  gresse::replica] replica 178825480843462702 established peer replication connection with replica 178825480714267203
[2026-09-01T09:38:07.412Z WARN  gresse::network] peer connection write failed: Broken pipe (os error 32)
[2026-09-01T09:38:22.411Z WARN  gresse::replica] replica 178825480843462702 deferred pull request to peer 178825480714267202: channel closed
