[2026-09-03T09:51:02.850Z INFO  gresse::http_server] running CRDT HTTP server
[2026-09-03T09:51:02.850Z INFO  gresse::http_server] listening for HTTP on 0.0.0.0:18082
[2026-09-03T09:51:02.888Z INFO  gresse::replica] replica 178842683956183203 initiating runtime at bind_http=0.0.0.0:18082 bind_internal=0.0.0.0:19082 advertised_internal=52.59.198.67:19082
[2026-09-03T09:51:02.995Z INFO  gresse::object_storage] object storage connection established: backend=s3, bucket=gresse-geo-035351467464-20260903085118-6fb999, region=eu-north-1, endpoint=AWS default endpoint resolution, first_operation=put-create, object_path=acm-sec-geo-churn-20260903T091329Z-d96b4f84/membership/178842683956183203,52.59.198.67:19082,22
[2026-09-03T09:51:03.063Z INFO  gresse::replica] replica 178842683956183203 restored local state from durability journal before startup
[2026-09-03T09:51:03.063Z INFO  gresse::replica] replica 178842683956183203 discovered 191 membership descriptors during init
[2026-09-03T09:51:03.063Z INFO  gresse::replica] replica 178842683956183203 startup completed
[2026-09-03T09:51:03.063Z INFO  gresse::network] replica 178842683956183203 discovered network member NetworkMember { pid: 178842683849154804, address: 13.53.121.51:19080, final_counter: None }
[2026-09-03T09:51:03.063Z INFO  gresse::network] replica 178842683956183203 discovered network member NetworkMember { pid: 178842683849155803, address: 13.53.121.51:19081, final_counter: None }
[2026-09-03T09:51:03.063Z INFO  gresse::network] replica 178842683956183203 discovered network member NetworkMember { pid: 178842683849156806, address: 13.53.121.51:19082, final_counter: None }
[2026-09-03T09:51:03.063Z INFO  gresse::network] replica 178842683956183203 discovered network member NetworkMember { pid: 178842683849157806, address: 13.53.121.51:19083, final_counter: None }
[2026-09-03T09:51:03.063Z INFO  gresse::network] replica 178842683956183203 discovered network member NetworkMember { pid: 178842683849158806, address: 13.53.121.51:19084, final_counter: None }
[2026-09-03T09:51:03.063Z INFO  gresse::network] replica 178842683956183203 discovered network member NetworkMember { pid: 178842683956181205, address: 52.59.198.67:19080, final_counter: None }
[2026-09-03T09:51:03.063Z INFO  gresse::network] replica 178842683956183203 discovered network member NetworkMember { pid: 178842683956182204, address: 52.59.198.67:19081, final_counter: None }
[2026-09-03T09:51:03.063Z INFO  gresse::network] replica 178842683956183203 discovered network member NetworkMember { pid: 178842683956184202, address: 52.59.198.67:19083, final_counter: None }
[2026-09-03T09:51:03.063Z INFO  gresse::network] replica 178842683956183203 discovered network member NetworkMember { pid: 178842683956185205, address: 52.59.198.67:19084, final_counter: None }
[2026-09-03T09:51:03.063Z INFO  gresse::network] replica 178842683956183203 discovered network member NetworkMember { pid: 178842684114090205, address: 34.246.191.174:19080, final_counter: None }
[2026-09-03T09:51:03.063Z INFO  gresse::network] replica 178842683956183203 discovered network member NetworkMember { pid: 178842684114091205, address: 34.246.191.174:19081, final_counter: None }
[2026-09-03T09:51:03.063Z INFO  gresse::network] replica 178842683956183203 discovered network member NetworkMember { pid: 178842684114092204, address: 34.246.191.174:19082, final_counter: None }
[2026-09-03T09:51:03.063Z INFO  gresse::network] replica 178842683956183203 discovered network member NetworkMember { pid: 178842684114093203, address: 34.246.191.174:19083, final_counter: None }
[2026-09-03T09:51:03.064Z INFO  gresse::network] replica 178842683956183203 discovered network member NetworkMember { pid: 178842684114094202, address: 34.246.191.174:19084, final_counter: None }
[2026-09-03T09:51:03.064Z INFO  gresse::network] replica 178842683956183203 discovered network member NetworkMember { pid: 178842684286993605, address: 35.179.101.242:19080, final_counter: None }
[2026-09-03T09:51:03.064Z INFO  gresse::network] replica 178842683956183203 discovered network member NetworkMember { pid: 178842684286994605, address: 35.179.101.242:19081, final_counter: None }
[2026-09-03T09:51:03.064Z INFO  gresse::network] replica 178842683956183203 discovered network member NetworkMember { pid: 178842684286995605, address: 35.179.101.242:19082, final_counter: None }
[2026-09-03T09:51:03.064Z INFO  gresse::network] replica 178842683956183203 discovered network member NetworkMember { pid: 178842684286996604, address: 35.179.101.242:19083, final_counter: None }
[2026-09-03T09:51:03.064Z INFO  gresse::network] replica 178842683956183203 discovered network member NetworkMember { pid: 178842684286997603, address: 35.179.101.242:19084, final_counter: None }
[2026-09-03T09:51:03.064Z INFO  gresse::network] replica 178842683956183203 discovered network member NetworkMember { pid: 178842684426432102, address: 13.38.47.15:19080, final_counter: None }
[2026-09-03T09:51:03.064Z INFO  gresse::network] replica 178842683956183203 discovered network member NetworkMember { pid: 178842684426433105, address: 13.38.47.15:19081, final_counter: None }
[2026-09-03T09:51:03.064Z INFO  gresse::network] replica 178842683956183203 discovered network member NetworkMember { pid: 178842684426434105, address: 13.38.47.15:19082, final_counter: None }
[2026-09-03T09:51:03.064Z INFO  gresse::network] replica 178842683956183203 discovered network member NetworkMember { pid: 178842684426435105, address: 13.38.47.15:19083, final_counter: None }
[2026-09-03T09:51:03.064Z INFO  gresse::network] replica 178842683956183203 discovered network member NetworkMember { pid: 178842684426436104, address: 13.38.47.15:19084, final_counter: None }
[2026-09-03T09:51:03.064Z INFO  gresse::network] replica 178842683956183203 registered bidirectional network channel for replica 178842683956184202
[2026-09-03T09:51:03.064Z INFO  gresse::replica] replica 178842683956183203 established peer replication connection with replica 178842683956184202
[2026-09-03T09:51:03.064Z INFO  gresse::network] replica 178842683956183203 registered bidirectional network channel for replica 178842683956185205
[2026-09-03T09:51:03.064Z INFO  gresse::replica] replica 178842683956183203 established peer replication connection with replica 178842683956185205
[2026-09-03T09:51:03.065Z INFO  gresse::network] replica 178842683956183203 registered bidirectional network channel for replica 178842683956182204
[2026-09-03T09:51:03.065Z INFO  gresse::replica] replica 178842683956183203 established peer replication connection with replica 178842683956182204
[2026-09-03T09:51:03.065Z INFO  gresse::network] replica 178842683956183203 registered bidirectional network channel for replica 178842683956181205
[2026-09-03T09:51:03.065Z INFO  gresse::replica] replica 178842683956183203 established peer replication connection with replica 178842683956181205
[2026-09-03T09:51:03.080Z INFO  gresse::network] replica 178842683956183203 registered bidirectional network channel for replica 178842684426432102
[2026-09-03T09:51:03.080Z INFO  gresse::replica] replica 178842683956183203 established peer replication connection with replica 178842684426432102
[2026-09-03T09:51:03.080Z INFO  gresse::network] replica 178842683956183203 registered bidirectional network channel for replica 178842684426435105
[2026-09-03T09:51:03.080Z INFO  gresse::replica] replica 178842683956183203 established peer replication connection with replica 178842684426435105
[2026-09-03T09:51:03.080Z INFO  gresse::network] replica 178842683956183203 registered bidirectional network channel for replica 178842684426436104
[2026-09-03T09:51:03.080Z INFO  gresse::replica] replica 178842683956183203 established peer replication connection with replica 178842684426436104
[2026-09-03T09:51:03.080Z INFO  gresse::network] replica 178842683956183203 registered bidirectional network channel for replica 178842684426434105
[2026-09-03T09:51:03.080Z INFO  gresse::replica] replica 178842683956183203 established peer replication connection with replica 178842684426434105
[2026-09-03T09:51:03.080Z INFO  gresse::network] replica 178842683956183203 registered bidirectional network channel for replica 178842684426433105
[2026-09-03T09:51:03.080Z INFO  gresse::replica] replica 178842683956183203 established peer replication connection with replica 178842684426433105
[2026-09-03T09:51:03.089Z INFO  gresse::network] replica 178842683956183203 registered bidirectional network channel for replica 178842684286994605
[2026-09-03T09:51:03.089Z INFO  gresse::replica] replica 178842683956183203 established peer replication connection with replica 178842684286994605
[2026-09-03T09:51:03.089Z INFO  gresse::network] replica 178842683956183203 registered bidirectional network channel for replica 178842684286997603
[2026-09-03T09:51:03.089Z INFO  gresse::replica] replica 178842683956183203 established peer replication connection with replica 178842684286997603
[2026-09-03T09:51:03.089Z INFO  gresse::network] replica 178842683956183203 registered bidirectional network channel for replica 178842684286996604
[2026-09-03T09:51:03.089Z INFO  gresse::replica] replica 178842683956183203 established peer replication connection with replica 178842684286996604
[2026-09-03T09:51:03.089Z INFO  gresse::network] replica 178842683956183203 registered bidirectional network channel for replica 178842684286993605
[2026-09-03T09:51:03.089Z INFO  gresse::replica] replica 178842683956183203 established peer replication connection with replica 178842684286993605
[2026-09-03T09:51:03.091Z INFO  gresse::network] replica 178842683956183203 registered bidirectional network channel for replica 178842684286995605
[2026-09-03T09:51:03.091Z INFO  gresse::replica] replica 178842683956183203 established peer replication connection with replica 178842684286995605
[2026-09-03T09:51:03.103Z INFO  gresse::network] replica 178842683956183203 registered bidirectional network channel for replica 178842684114093203
[2026-09-03T09:51:03.103Z INFO  gresse::replica] replica 178842683956183203 established peer replication connection with replica 178842684114093203
[2026-09-03T09:51:03.103Z INFO  gresse::network] replica 178842683956183203 registered bidirectional network channel for replica 178842684114092204
[2026-09-03T09:51:03.104Z INFO  gresse::replica] replica 178842683956183203 established peer replication connection with replica 178842684114092204
[2026-09-03T09:51:03.104Z INFO  gresse::network] replica 178842683956183203 registered bidirectional network channel for replica 178842684114090205
[2026-09-03T09:51:03.104Z INFO  gresse::replica] replica 178842683956183203 established peer replication connection with replica 178842684114090205
[2026-09-03T09:51:03.104Z INFO  gresse::network] replica 178842683956183203 registered bidirectional network channel for replica 178842684114094202
[2026-09-03T09:51:03.104Z INFO  gresse::replica] replica 178842683956183203 established peer replication connection with replica 178842684114094202
[2026-09-03T09:51:03.104Z INFO  gresse::network] replica 178842683956183203 registered bidirectional network channel for replica 178842684114091205
[2026-09-03T09:51:03.104Z INFO  gresse::replica] replica 178842683956183203 established peer replication connection with replica 178842684114091205
[2026-09-03T09:51:03.112Z INFO  gresse::network] replica 178842683956183203 registered bidirectional network channel for replica 178842683849155803
[2026-09-03T09:51:03.113Z INFO  gresse::network] replica 178842683956183203 registered bidirectional network channel for replica 178842683849157806
[2026-09-03T09:51:03.113Z INFO  gresse::replica] replica 178842683956183203 established peer replication connection with replica 178842683849155803
[2026-09-03T09:51:03.113Z INFO  gresse::network] replica 178842683956183203 registered bidirectional network channel for replica 178842683849154804
[2026-09-03T09:51:03.113Z INFO  gresse::replica] replica 178842683956183203 established peer replication connection with replica 178842683849157806
[2026-09-03T09:51:03.113Z INFO  gresse::replica] replica 178842683956183203 established peer replication connection with replica 178842683849154804
[2026-09-03T09:51:03.113Z INFO  gresse::network] replica 178842683956183203 registered bidirectional network channel for replica 178842683849156806
[2026-09-03T09:51:03.113Z INFO  gresse::network] replica 178842683956183203 registered bidirectional network channel for replica 178842683849158806
[2026-09-03T09:51:03.113Z INFO  gresse::replica] replica 178842683956183203 established peer replication connection with replica 178842683849156806
[2026-09-03T09:51:03.119Z INFO  gresse::replica] replica 178842683956183203 established peer replication connection with replica 178842683849158806
[2026-09-03T09:51:07.065Z WARN  gresse::network] peer connection write failed: Broken pipe (os error 32)
[2026-09-03T09:51:07.934Z INFO  gresse::replica] replica 178842683956183203 observed shutdown descriptor for replica 178842683849156802 with final counter Some(3786)
[2026-09-03T09:51:08.429Z INFO  gresse::replica] replica 178842683956183203 observed shutdown descriptor for replica 178842683849157805 with final counter Some(925)
[2026-09-03T09:51:08.794Z INFO  gresse::replica] replica 178842683956183203 observed shutdown descriptor for replica 178842683849158805 with final counter Some(924)
[2026-09-03T09:51:10.064Z WARN  gresse::network] peer connection write failed: Broken pipe (os error 32)
[2026-09-03T09:51:13.064Z WARN  gresse::network] peer connection write failed: Broken pipe (os error 32)
[2026-09-03T09:51:15.064Z WARN  gresse::network] peer connection write failed: Broken pipe (os error 32)
[2026-09-03T09:51:16.065Z WARN  gresse::replica] replica 178842683956183203 deferred pull request to peer 178842683849154804: channel closed
[2026-09-03T09:51:23.065Z WARN  gresse::network] peer connection write failed: Broken pipe (os error 32)
[2026-09-03T09:51:24.065Z WARN  gresse::replica] replica 178842683956183203 deferred pull request to peer 178842684426433105: channel closed
[2026-09-03T09:51:25.065Z WARN  gresse::network] peer connection write failed: Broken pipe (os error 32)
[2026-09-03T09:51:28.064Z WARN  gresse::network] peer connection write failed: Broken pipe (os error 32)
[2026-09-03T09:51:30.065Z WARN  gresse::network] peer connection write failed: Broken pipe (os error 32)
[2026-09-03T09:51:35.064Z WARN  gresse::replica] replica 178842683956183203 deferred pull request to peer 178842683956185205: channel closed
[2026-09-03T09:51:38.065Z WARN  gresse::network] peer connection write failed: Broken pipe (os error 32)
[2026-09-03T09:51:39.064Z WARN  gresse::replica] replica 178842683956183203 deferred pull request to peer 178842683849155803: channel closed
[2026-09-03T09:51:40.065Z WARN  gresse::network] peer connection write failed: Broken pipe (os error 32)
[2026-09-03T09:51:42.065Z WARN  gresse::network] peer connection write failed: Broken pipe (os error 32)
[2026-09-03T09:51:43.065Z WARN  gresse::network] peer connection write failed: Broken pipe (os error 32)
[2026-09-03T09:51:45.065Z WARN  gresse::replica] replica 178842683956183203 deferred pull request to peer 178842684114093203: channel closed
[2026-09-03T09:51:49.065Z WARN  gresse::replica] replica 178842683956183203 deferred pull request to peer 178842684426432102: channel closed
[2026-09-03T09:51:50.065Z WARN  gresse::replica] replica 178842683956183203 deferred pull request to peer 178842684286997603: channel closed
[2026-09-03T09:51:53.066Z WARN  gresse::network] peer connection write failed: Broken pipe (os error 32)
[2026-09-03T09:51:54.064Z WARN  gresse::network] peer connection write failed: Broken pipe (os error 32)
[2026-09-03T09:51:56.064Z WARN  gresse::replica] replica 178842683956183203 deferred pull request to peer 178842684426436104: channel closed
[2026-09-03T09:51:59.064Z WARN  gresse::replica] replica 178842683956183203 deferred pull request to peer 178842684286994605: channel closed
[2026-09-03T09:52:00.064Z WARN  gresse::network] peer connection write failed: Broken pipe (os error 32)
[2026-09-03T09:52:02.064Z WARN  gresse::network] peer connection write failed: Broken pipe (os error 32)
[2026-09-03T09:52:02.936Z INFO  gresse::replica] replica 178842683956183203 observed shutdown descriptor for replica 178842683956184202 with final counter Some(3797)
[2026-09-03T09:52:03.195Z INFO  gresse::replica] replica 178842683956183203 observed shutdown descriptor for replica 178842683956185205 with final counter Some(1027)
[2026-09-03T09:52:03.500Z INFO  gresse::replica] replica 178842683956183203 observed shutdown descriptor for replica 178842684114090205 with final counter Some(852)
[2026-09-03T09:52:03.755Z WARN  gresse::replica] replica 178842683956183203 deferred pull request to peer 178842684286996604: channel closed
[2026-09-03T09:52:08.064Z WARN  gresse::replica] replica 178842683956183203 deferred pull request to peer 178842684114091205: channel closed
[2026-09-03T09:52:09.064Z WARN  gresse::replica] replica 178842683956183203 deferred pull request to peer 178842684114094202: channel closed
[2026-09-03T09:52:10.065Z WARN  gresse::replica] replica 178842683956183203 deferred pull request to peer 178842684426434105: channel closed
[2026-09-03T09:52:12.064Z WARN  gresse::network] peer connection write failed: Broken pipe (os error 32)
[2026-09-03T09:52:16.064Z WARN  gresse::replica] replica 178842683956183203 deferred pull request to peer 178842684114092204: channel closed
[2026-09-03T09:52:22.064Z WARN  gresse::replica] replica 178842683956183203 deferred pull request to peer 178842684286993605: channel closed
[2026-09-03T09:52:24.065Z WARN  gresse::replica] replica 178842683956183203 deferred pull request to peer 178842684286995605: channel closed
[2026-09-03T09:52:59.269Z INFO  gresse::network] replica 178842683956183203 registered bidirectional network channel for replica 178842683956184206
[2026-09-03T09:52:59.269Z INFO  gresse::replica] replica 178842683956183203 established peer replication connection with replica 178842683956184206
[2026-09-03T09:52:59.385Z INFO  gresse::network] replica 178842683956183203 registered bidirectional network channel for replica 178842684114090206
[2026-09-03T09:52:59.385Z INFO  gresse::replica] replica 178842683956183203 established peer replication connection with replica 178842684114090206
[2026-09-03T09:53:00.311Z INFO  gresse::network] replica 178842683956183203 registered bidirectional network channel for replica 178842683956185206
[2026-09-03T09:53:00.311Z INFO  gresse::replica] replica 178842683956183203 established peer replication connection with replica 178842683956185206
[2026-09-03T09:54:02.933Z INFO  gresse::replica] replica 178842683956183203 observed shutdown descriptor for replica 178842684114094202 with final counter Some(4097)
[2026-09-03T09:54:03.338Z INFO  gresse::replica] replica 178842683956183203 observed shutdown descriptor for replica 178842684286993605 with final counter Some(855)
[2026-09-03T09:54:03.773Z INFO  gresse::replica] replica 178842683956183203 observed shutdown descriptor for replica 178842684286994605 with final counter Some(842)
[2026-09-03T09:54:59.405Z INFO  gresse::network] replica 178842683956183203 registered bidirectional network channel for replica 178842684114094206
[2026-09-03T09:54:59.405Z INFO  gresse::replica] replica 178842683956183203 established peer replication connection with replica 178842684114094206
[2026-09-03T09:54:59.431Z INFO  gresse::network] replica 178842683956183203 registered bidirectional network channel for replica 178842684286993606
[2026-09-03T09:54:59.431Z INFO  gresse::replica] replica 178842683956183203 established peer replication connection with replica 178842684286993606
[2026-09-03T09:55:00.021Z INFO  gresse::network] replica 178842683956183203 registered bidirectional network channel for replica 178842684286994606
[2026-09-03T09:55:00.021Z INFO  gresse::replica] replica 178842683956183203 established peer replication connection with replica 178842684286994606
[2026-09-03T09:56:02.925Z INFO  gresse::replica] replica 178842683956183203 observed shutdown descriptor for replica 178842684426432102 with final counter Some(4372)
[2026-09-03T09:56:03.331Z INFO  gresse::replica] replica 178842683956183203 observed shutdown descriptor for replica 178842684426433105 with final counter Some(842)
[2026-09-03T09:56:03.570Z INFO  gresse::replica] replica 178842683956183203 observed shutdown descriptor for replica 178842684426434105 with final counter Some(839)
[2026-09-03T09:56:58.984Z INFO  gresse::network] replica 178842683956183203 registered bidirectional network channel for replica 178842684426432106
[2026-09-03T09:56:58.984Z INFO  gresse::replica] replica 178842683956183203 established peer replication connection with replica 178842684426432106
[2026-09-03T09:56:59.839Z INFO  gresse::network] replica 178842683956183203 registered bidirectional network channel for replica 178842684426433106
[2026-09-03T09:56:59.839Z INFO  gresse::replica] replica 178842683956183203 established peer replication connection with replica 178842684426433106
[2026-09-03T09:57:00.774Z INFO  gresse::network] replica 178842683956183203 registered bidirectional network channel for replica 178842684426434106
[2026-09-03T09:57:00.774Z INFO  gresse::replica] replica 178842683956183203 established peer replication connection with replica 178842684426434106
[2026-09-03T09:58:02.951Z INFO  gresse::replica] replica 178842683956183203 observed shutdown descriptor for replica 178842683849155803 with final counter Some(3906)
[2026-09-03T09:58:03.316Z INFO  gresse::replica] replica 178842683956183203 observed shutdown descriptor for replica 178842683849156806 with final counter Some(870)
[2026-09-03T09:58:03.519Z INFO  gresse::replica] replica 178842683956183203 observed shutdown descriptor for replica 178842683849157806 with final counter Some(867)
[2026-09-03T09:58:03.724Z WARN  gresse::network] peer connection write failed: Broken pipe (os error 32)
[2026-09-03T09:58:05.065Z WARN  gresse::replica] replica 178842683956183203 deferred pull request to peer 178842683956182204: channel closed
[2026-09-03T09:58:25.065Z WARN  gresse::network] peer connection write failed: Broken pipe (os error 32)
[2026-09-03T09:58:43.064Z WARN  gresse::replica] replica 178842683956183203 deferred pull request to peer 178842683849158806: channel closed
[2026-09-03T09:58:50.065Z WARN  gresse::network] peer connection write failed: Broken pipe (os error 32)
[2026-09-03T09:58:59.014Z INFO  gresse::network] replica 178842683956183203 registered bidirectional network channel for replica 178842683849155807
[2026-09-03T09:58:59.014Z INFO  gresse::replica] replica 178842683956183203 established peer replication connection with replica 178842683849155807
[2026-09-03T09:58:59.940Z INFO  gresse::network] replica 178842683956183203 registered bidirectional network channel for replica 178842683849156807
[2026-09-03T09:58:59.940Z INFO  gresse::replica] replica 178842683956183203 established peer replication connection with replica 178842683849156807
[2026-09-03T09:59:00.922Z INFO  gresse::network] replica 178842683956183203 registered bidirectional network channel for replica 178842683849157807
[2026-09-03T09:59:00.922Z INFO  gresse::replica] replica 178842683956183203 established peer replication connection with replica 178842683849157807
[2026-09-03T09:59:40.064Z WARN  gresse::replica] replica 178842683956183203 deferred pull request to peer 178842683956181205: channel closed
[2026-09-03T09:59:58.091Z INFO  gresse::replica] shutdown signal received for replica 178842683956183203
[2026-09-03T09:59:58.092Z INFO  gresse::replica] replica 178842683956183203 shutting down with 13 connected writers
[2026-09-03T09:59:58.511Z INFO  gresse::http_server] http server received shutdown signal
[2026-09-03T09:59:58.511Z INFO  gresse::http_server] http server shutdown complete
[2026-09-03T09:59:58.511Z INFO  gresse::network] network manager for replica 178842683956183203 shutdown complete
