[2026-04-30T13:04:24.415Z INFO  gresse::http_server] running CRDT HTTP server
[2026-04-30T13:04:24.415Z INFO  gresse::http_server] listening for HTTP on 127.0.0.1:18786
[2026-04-30T13:04:24.430Z INFO  gresse::replica] replica 6 initiating runtime at http=127.0.0.1:18786 internal=127.0.0.1:19786
[2026-04-30T13:04:24.491Z INFO  gresse::object_storage] object storage connection established: bucket=gresse, region=us-east-1, endpoint=http://127.0.0.1:9000, first_operation=put-create, object_path=experiment1/replicas_7/membership/6,127.0.0.1:19786,0
[2026-04-30T13:04:24.599Z INFO  gresse::replica] replica 6 discovered 6 membership descriptors during init
[2026-04-30T13:04:24.599Z INFO  gresse::replica] replica 6 startup completed
[2026-04-30T13:04:24.685Z INFO  gresse::network] replica 6 completed network handshake with replica 2
[2026-04-30T13:04:24.685Z INFO  gresse::network] replica 6 registered bidirectional network channel for replica 2
[2026-04-30T13:04:24.685Z INFO  gresse::replica] replica 6 established peer replication connection with replica 2
[2026-04-30T13:04:24.941Z INFO  gresse::network] replica 6 completed network handshake with replica 3
[2026-04-30T13:04:24.941Z INFO  gresse::network] replica 6 registered bidirectional network channel for replica 3
[2026-04-30T13:04:24.941Z INFO  gresse::replica] replica 6 established peer replication connection with replica 3
[2026-04-30T13:04:25.230Z INFO  gresse::network] replica 6 completed network handshake with replica 4
[2026-04-30T13:04:25.230Z INFO  gresse::network] replica 6 registered bidirectional network channel for replica 4
[2026-04-30T13:04:25.230Z INFO  gresse::replica] replica 6 established peer replication connection with replica 4
[2026-04-30T13:04:25.354Z INFO  gresse::network] replica 6 completed network handshake with replica 5
[2026-04-30T13:04:25.354Z INFO  gresse::network] replica 6 registered bidirectional network channel for replica 5
[2026-04-30T13:04:25.354Z INFO  gresse::replica] replica 6 established peer replication connection with replica 5
[2026-04-30T13:04:25.457Z INFO  gresse::network] replica 6 completed network handshake with replica 1
[2026-04-30T13:04:25.457Z INFO  gresse::network] replica 6 registered bidirectional network channel for replica 1
[2026-04-30T13:04:25.487Z INFO  gresse::replica] replica 6 established peer replication connection with replica 1
[2026-04-30T13:04:26.488Z INFO  gresse::network] replica 6 discovered network member NetworkMember { pid: 7, address: 127.0.0.1:19787, final_counter: None }
[2026-04-30T13:04:26.488Z INFO  gresse::network] replica 6 completed network handshake with replica 7
[2026-04-30T13:04:26.488Z INFO  gresse::network] replica 6 registered bidirectional network channel for replica 7
[2026-04-30T13:04:26.490Z INFO  gresse::replica] replica 6 established peer replication connection with replica 7
[2026-04-30T13:05:56.502Z INFO  gresse::replica] replica 6 observed shutdown descriptor for replica 1 with final counter Some(14475)
[2026-04-30T13:05:56.639Z INFO  gresse::replica] replica 6 observed shutdown descriptor for replica 2 with final counter Some(12934)

thread 'tokio-rt-worker' (4115116) panicked at /home/adamhass/Gresse/src/network.rs:261:22:
Failed to send message: Os { code: 32, kind: BrokenPipe, message: "Broken pipe" }
note: run with `RUST_BACKTRACE=1` environment variable to display a backtrace
[2026-04-30T13:05:57.293Z INFO  gresse::replica] shutdown signal received for replica 6
[2026-04-30T13:05:57.293Z INFO  gresse::replica] replica 6 shutting down with 4 connected writers
[2026-04-30T13:05:57.449Z INFO  gresse::http_server] http server received shutdown signal
[2026-04-30T13:05:57.449Z INFO  gresse::http_server] http server shutdown complete
[2026-04-30T13:05:57.449Z INFO  gresse::network] network manager for replica 6 shutdown complete
