[2026-04-30T13:04:25.586Z INFO  gresse::http_server] running CRDT HTTP server
[2026-04-30T13:04:25.587Z INFO  gresse::http_server] listening for HTTP on 127.0.0.1:18787
[2026-04-30T13:04:25.595Z INFO  gresse::replica] replica 7 initiating runtime at http=127.0.0.1:18787 internal=127.0.0.1:19787
[2026-04-30T13:04:25.656Z INFO  gresse::object_storage] object storage connection established: bucket=gresse, region=us-east-1, endpoint=http://127.0.0.1:9000, first_operation=put-create, object_path=experiment1/replicas_7/membership/7,127.0.0.1:19787,0
[2026-04-30T13:04:25.687Z INFO  gresse::network] replica 7 completed network handshake with replica 2
[2026-04-30T13:04:25.687Z INFO  gresse::network] replica 7 registered bidirectional network channel for replica 2
[2026-04-30T13:04:25.766Z INFO  gresse::replica] replica 7 discovered 7 membership descriptors during init
[2026-04-30T13:04:25.766Z INFO  gresse::replica] replica 7 startup completed
[2026-04-30T13:04:25.766Z INFO  gresse::replica] replica 7 established peer replication connection with replica 2
[2026-04-30T13:04:25.940Z INFO  gresse::network] replica 7 completed network handshake with replica 3
[2026-04-30T13:04:25.940Z INFO  gresse::network] replica 7 registered bidirectional network channel for replica 3
[2026-04-30T13:04:25.940Z INFO  gresse::replica] replica 7 established peer replication connection with replica 3
[2026-04-30T13:04:26.230Z INFO  gresse::network] replica 7 completed network handshake with replica 4
[2026-04-30T13:04:26.230Z INFO  gresse::network] replica 7 registered bidirectional network channel for replica 4
[2026-04-30T13:04:26.231Z INFO  gresse::replica] replica 7 established peer replication connection with replica 4
[2026-04-30T13:04:26.355Z INFO  gresse::network] replica 7 completed network handshake with replica 5
[2026-04-30T13:04:26.355Z INFO  gresse::network] replica 7 registered bidirectional network channel for replica 5
[2026-04-30T13:04:26.355Z INFO  gresse::replica] replica 7 established peer replication connection with replica 5
[2026-04-30T13:04:26.456Z INFO  gresse::network] replica 7 completed network handshake with replica 1
[2026-04-30T13:04:26.456Z INFO  gresse::network] replica 7 registered bidirectional network channel for replica 1
[2026-04-30T13:04:26.457Z INFO  gresse::replica] replica 7 established peer replication connection with replica 1
[2026-04-30T13:04:26.488Z INFO  gresse::network] replica 7 completed network handshake with replica 6
[2026-04-30T13:04:26.488Z INFO  gresse::network] replica 7 registered bidirectional network channel for replica 6
[2026-04-30T13:04:26.488Z INFO  gresse::replica] replica 7 established peer replication connection with replica 6
[2026-04-30T13:05:56.677Z INFO  gresse::replica] replica 7 observed shutdown descriptor for replica 1 with final counter Some(14475)
[2026-04-30T13:05:56.808Z INFO  gresse::replica] replica 7 observed shutdown descriptor for replica 2 with final counter Some(12934)
[2026-04-30T13:05:56.944Z INFO  gresse::replica] replica 7 observed shutdown descriptor for replica 3 with final counter Some(13160)
[2026-04-30T13:05:57.567Z INFO  gresse::replica] shutdown signal received for replica 7
[2026-04-30T13:05:57.568Z INFO  gresse::replica] replica 7 shutting down with 3 connected writers
[2026-04-30T13:05:57.718Z INFO  gresse::network] network manager for replica 7 shutdown complete
[2026-04-30T13:05:57.718Z INFO  gresse::http_server] http server received shutdown signal
[2026-04-30T13:05:57.718Z INFO  gresse::http_server] http server shutdown complete
