[2026-09-03T10:19:01.904Z INFO  gresse::http_server] running CRDT HTTP server
[2026-09-03T10:19:01.904Z INFO  gresse::http_server] listening for HTTP on 0.0.0.0:18083
[2026-09-03T10:19:01.932Z INFO  gresse::replica] replica 178842684114093209 initiating runtime at bind_http=0.0.0.0:18083 bind_internal=0.0.0.0:19083 advertised_internal=34.246.191.174:19083
[2026-09-03T10:19:02.104Z INFO  gresse::object_storage] object storage connection established: backend=s3, bucket=gresse-geo-035351467464-20260903085118-6fb999, region=eu-north-1, endpoint=AWS default endpoint resolution, first_operation=get, object_path=acm-sec-geo-churn-20260903T091329Z-d96b4f84/persistent.json
[2026-09-03T10:19:03.822Z INFO  gresse::replica] replica 178842684114093209 discovered 207 membership descriptors during init
[2026-09-03T10:19:03.822Z INFO  gresse::replica] replica 178842684114093209 startup completed
[2026-09-03T10:19:03.823Z INFO  gresse::network] replica 178842684114093209 registered bidirectional network channel for replica 178842684426435105
[2026-09-03T10:19:03.823Z INFO  gresse::network] replica 178842684114093209 registered bidirectional network channel for replica 178842684286995605
[2026-09-03T10:19:03.823Z INFO  gresse::network] replica 178842684114093209 registered bidirectional network channel for replica 178842684426432108
[2026-09-03T10:19:03.823Z INFO  gresse::network] replica 178842684114093209 registered bidirectional network channel for replica 178842684286996608
[2026-09-03T10:19:03.823Z INFO  gresse::network] replica 178842684114093209 registered bidirectional network channel for replica 178842684114091209
[2026-09-03T10:19:03.823Z INFO  gresse::network] replica 178842684114093209 registered bidirectional network channel for replica 178842683849154809
[2026-09-03T10:19:03.823Z INFO  gresse::network] replica 178842684114093209 registered bidirectional network channel for replica 178842683956181209
[2026-09-03T10:19:03.823Z INFO  gresse::network] replica 178842684114093209 registered bidirectional network channel for replica 178842684426436108
[2026-09-03T10:19:03.823Z INFO  gresse::network] replica 178842684114093209 registered bidirectional network channel for replica 178842683849156808
[2026-09-03T10:19:03.823Z INFO  gresse::replica] replica 178842684114093209 established peer replication connection with replica 178842684426435105
[2026-09-03T10:19:03.823Z INFO  gresse::replica] replica 178842684114093209 established peer replication connection with replica 178842684286995605
[2026-09-03T10:19:03.823Z INFO  gresse::replica] replica 178842684114093209 established peer replication connection with replica 178842684426432108
[2026-09-03T10:19:03.823Z INFO  gresse::replica] replica 178842684114093209 established peer replication connection with replica 178842684286996608
[2026-09-03T10:19:03.823Z INFO  gresse::replica] replica 178842684114093209 established peer replication connection with replica 178842684114091209
[2026-09-03T10:19:03.823Z INFO  gresse::replica] replica 178842684114093209 established peer replication connection with replica 178842683849154809
[2026-09-03T10:19:03.823Z INFO  gresse::replica] replica 178842684114093209 established peer replication connection with replica 178842683956181209
[2026-09-03T10:19:03.823Z INFO  gresse::replica] replica 178842684114093209 established peer replication connection with replica 178842684426436108
[2026-09-03T10:19:03.823Z INFO  gresse::replica] replica 178842684114093209 established peer replication connection with replica 178842683849156808
[2026-09-03T10:19:03.823Z INFO  gresse::network] replica 178842684114093209 discovered network member NetworkMember { pid: 178842683849155809, address: 13.53.121.51:19081, final_counter: None }
[2026-09-03T10:19:03.823Z INFO  gresse::network] replica 178842684114093209 discovered network member NetworkMember { pid: 178842683849157807, address: 13.53.121.51:19083, final_counter: None }
[2026-09-03T10:19:03.823Z INFO  gresse::network] replica 178842684114093209 discovered network member NetworkMember { pid: 178842683849158806, address: 13.53.121.51:19084, final_counter: None }
[2026-09-03T10:19:03.823Z INFO  gresse::network] replica 178842684114093209 discovered network member NetworkMember { pid: 178842683956182209, address: 52.59.198.67:19081, final_counter: None }
[2026-09-03T10:19:03.823Z INFO  gresse::network] replica 178842684114093209 discovered network member NetworkMember { pid: 178842683956183209, address: 52.59.198.67:19082, final_counter: None }
[2026-09-03T10:19:03.823Z INFO  gresse::network] replica 178842684114093209 discovered network member NetworkMember { pid: 178842683956184208, address: 52.59.198.67:19083, final_counter: None }
[2026-09-03T10:19:03.823Z INFO  gresse::network] replica 178842684114093209 discovered network member NetworkMember { pid: 178842683956185207, address: 52.59.198.67:19084, final_counter: None }
[2026-09-03T10:19:03.823Z INFO  gresse::network] replica 178842684114093209 discovered network member NetworkMember { pid: 178842684114090206, address: 34.246.191.174:19080, final_counter: None }
[2026-09-03T10:19:03.823Z INFO  gresse::network] replica 178842684114093209 discovered network member NetworkMember { pid: 178842684114092209, address: 34.246.191.174:19082, final_counter: None }
[2026-09-03T10:19:03.823Z INFO  gresse::network] replica 178842684114093209 discovered network member NetworkMember { pid: 178842684114094208, address: 34.246.191.174:19084, final_counter: None }
[2026-09-03T10:19:03.823Z INFO  gresse::network] replica 178842684114093209 discovered network member NetworkMember { pid: 178842684286993607, address: 35.179.101.242:19080, final_counter: None }
[2026-09-03T10:19:03.823Z INFO  gresse::network] replica 178842684114093209 discovered network member NetworkMember { pid: 178842684286994606, address: 35.179.101.242:19081, final_counter: None }
[2026-09-03T10:19:03.823Z INFO  gresse::network] replica 178842684114093209 discovered network member NetworkMember { pid: 178842684286997608, address: 35.179.101.242:19084, final_counter: None }
[2026-09-03T10:19:03.823Z INFO  gresse::network] replica 178842684114093209 discovered network member NetworkMember { pid: 178842684426433107, address: 13.38.47.15:19081, final_counter: None }
[2026-09-03T10:19:03.823Z INFO  gresse::network] replica 178842684114093209 discovered network member NetworkMember { pid: 178842684426434106, address: 13.38.47.15:19082, final_counter: None }
[2026-09-03T10:19:03.824Z WARN  gresse::network] replica 178842684114093209 peer connection attempt failed: could not connect to 34.246.191.174:19084: Connection refused (os error 111)
[2026-09-03T10:19:03.824Z INFO  gresse::network] replica 178842684114093209 registered bidirectional network channel for replica 178842684114090206
[2026-09-03T10:19:03.824Z INFO  gresse::replica] replica 178842684114093209 established peer replication connection with replica 178842684114090206
[2026-09-03T10:19:03.824Z INFO  gresse::network] replica 178842684114093209 registered bidirectional network channel for replica 178842684114092209
[2026-09-03T10:19:03.824Z INFO  gresse::replica] replica 178842684114093209 established peer replication connection with replica 178842684114092209
[2026-09-03T10:19:03.843Z INFO  gresse::network] replica 178842684114093209 registered bidirectional network channel for replica 178842684286997608
[2026-09-03T10:19:03.843Z INFO  gresse::replica] replica 178842684114093209 established peer replication connection with replica 178842684286997608
[2026-09-03T10:19:03.843Z INFO  gresse::network] replica 178842684114093209 registered bidirectional network channel for replica 178842684286994606
[2026-09-03T10:19:03.843Z INFO  gresse::replica] replica 178842684114093209 established peer replication connection with replica 178842684286994606
[2026-09-03T10:19:03.843Z INFO  gresse::network] replica 178842684114093209 registered bidirectional network channel for replica 178842684286993607
[2026-09-03T10:19:03.843Z INFO  gresse::replica] replica 178842684114093209 established peer replication connection with replica 178842684286993607
[2026-09-03T10:19:03.857Z INFO  gresse::network] replica 178842684114093209 registered bidirectional network channel for replica 178842684426434106
[2026-09-03T10:19:03.857Z INFO  gresse::replica] replica 178842684114093209 established peer replication connection with replica 178842684426434106
[2026-09-03T10:19:03.857Z INFO  gresse::network] replica 178842684114093209 registered bidirectional network channel for replica 178842684426433107
[2026-09-03T10:19:03.857Z INFO  gresse::replica] replica 178842684114093209 established peer replication connection with replica 178842684426433107
[2026-09-03T10:19:03.863Z INFO  gresse::network] replica 178842684114093209 registered bidirectional network channel for replica 178842683956185207
[2026-09-03T10:19:03.863Z INFO  gresse::replica] replica 178842684114093209 established peer replication connection with replica 178842683956185207
[2026-09-03T10:19:03.863Z INFO  gresse::network] replica 178842684114093209 registered bidirectional network channel for replica 178842683956184208
[2026-09-03T10:19:03.863Z INFO  gresse::replica] replica 178842684114093209 established peer replication connection with replica 178842683956184208
[2026-09-03T10:19:03.863Z INFO  gresse::network] replica 178842684114093209 registered bidirectional network channel for replica 178842683956183209
[2026-09-03T10:19:03.863Z INFO  gresse::replica] replica 178842684114093209 established peer replication connection with replica 178842683956183209
[2026-09-03T10:19:03.863Z INFO  gresse::network] replica 178842684114093209 registered bidirectional network channel for replica 178842683956182209
[2026-09-03T10:19:03.863Z INFO  gresse::replica] replica 178842684114093209 established peer replication connection with replica 178842683956182209
[2026-09-03T10:19:03.909Z INFO  gresse::network] replica 178842684114093209 registered bidirectional network channel for replica 178842683849157807
[2026-09-03T10:19:03.909Z INFO  gresse::replica] replica 178842684114093209 established peer replication connection with replica 178842683849157807
[2026-09-03T10:19:03.909Z INFO  gresse::network] replica 178842684114093209 registered bidirectional network channel for replica 178842683849155809
[2026-09-03T10:19:03.909Z INFO  gresse::replica] replica 178842684114093209 established peer replication connection with replica 178842683849155809
[2026-09-03T10:19:03.910Z INFO  gresse::replica] replica 178842684114093209 established peer replication connection with replica 178842683849158806
[2026-09-03T10:19:03.910Z INFO  gresse::network] replica 178842684114093209 registered bidirectional network channel for replica 178842683849158806
[2026-09-03T10:19:05.650Z INFO  gresse::network] replica 178842684114093209 registered bidirectional network channel for replica 178842684114094208
[2026-09-03T10:19:05.650Z INFO  gresse::replica] replica 178842684114093209 established peer replication connection with replica 178842684114094208
[2026-09-03T10:19:07.006Z INFO  gresse::replica] replica 178842684114093209 observed shutdown descriptor for replica 178842684114091205 with final counter Some(3912)
[2026-09-03T10:19:07.641Z INFO  gresse::replica] replica 178842684114093209 observed shutdown descriptor for replica 178842684114092208 with final counter Some(870)
[2026-09-03T10:19:08.286Z INFO  gresse::replica] replica 178842684114093209 observed shutdown descriptor for replica 178842684114093208 with final counter Some(871)
[2026-09-03T10:20:02.013Z INFO  gresse::replica] replica 178842684114093209 observed shutdown descriptor for replica 178842684286995605 with final counter Some(3773)
[2026-09-03T10:20:02.816Z INFO  gresse::replica] replica 178842684114093209 observed shutdown descriptor for replica 178842684286996608 with final counter Some(921)
[2026-09-03T10:20:03.464Z INFO  gresse::replica] replica 178842684114093209 observed shutdown descriptor for replica 178842684286997608 with final counter Some(919)
[2026-09-03T10:20:24.824Z WARN  gresse::network] peer connection write failed: Broken pipe (os error 32)
[2026-09-03T10:20:26.824Z WARN  gresse::replica] replica 178842684114093209 deferred pull request to peer 178842684426433107: channel closed
[2026-09-03T10:20:39.825Z WARN  gresse::network] peer connection write failed: Broken pipe (os error 32)
[2026-09-03T10:20:59.903Z INFO  gresse::network] replica 178842684114093209 registered bidirectional network channel for replica 178842684286995609
[2026-09-03T10:20:59.903Z INFO  gresse::replica] replica 178842684114093209 established peer replication connection with replica 178842684286995609
[2026-09-03T10:21:02.007Z INFO  gresse::network] replica 178842684114093209 discovered network member NetworkMember { pid: 178842684286996609, address: 35.179.101.242:19083, final_counter: None }
[2026-09-03T10:21:02.042Z INFO  gresse::network] replica 178842684114093209 registered bidirectional network channel for replica 178842684286996609
[2026-09-03T10:21:02.042Z INFO  gresse::replica] replica 178842684114093209 established peer replication connection with replica 178842684286996609
[2026-09-03T10:21:04.090Z INFO  gresse::network] replica 178842684114093209 registered bidirectional network channel for replica 178842684286997609
[2026-09-03T10:21:04.090Z INFO  gresse::replica] replica 178842684114093209 established peer replication connection with replica 178842684286997609
[2026-09-03T10:21:28.825Z WARN  gresse::replica] replica 178842684114093209 deferred pull request to peer 178842684426432108: channel closed
[2026-09-03T10:21:35.825Z WARN  gresse::network] peer connection write failed: Broken pipe (os error 32)
[2026-09-03T10:21:44.824Z WARN  gresse::replica] replica 178842684114093209 deferred pull request to peer 178842684426434106: channel closed
[2026-09-03T10:22:02.380Z INFO  gresse::replica] replica 178842684114093209 observed shutdown descriptor for replica 178842683849154809 with final counter Some(858)
[2026-09-03T10:22:03.334Z INFO  gresse::replica] replica 178842684114093209 observed shutdown descriptor for replica 178842684426435105 with final counter Some(3794)
[2026-09-03T10:22:04.120Z INFO  gresse::replica] replica 178842684114093209 observed shutdown descriptor for replica 178842684426436108 with final counter Some(1025)
[2026-09-03T10:22:05.391Z WARN  gresse::object_storage] slow object storage download: path=acm-sec-geo-churn-20260903T091329Z-d96b4f84/membership/178842684426436108,13.38.47.15:19084,40,1025, bytes=20553720, etag=Some("\"367e7c6396a21dd347dc92a06ae75499\""), version=None, get_elapsed_ms=59, body_elapsed_ms=913, decode_elapsed_ms=297, total_elapsed_ms=1270
[2026-09-03T10:22:22.824Z WARN  gresse::network] peer connection write failed: Broken pipe (os error 32)
[2026-09-03T10:22:26.825Z WARN  gresse::replica] replica 178842684114093209 deferred pull request to peer 178842683849155809: channel closed
[2026-09-03T10:22:36.824Z WARN  gresse::network] peer connection write failed: Broken pipe (os error 32)
[2026-09-03T10:22:45.825Z WARN  gresse::network] peer connection write failed: Broken pipe (os error 32)
[2026-09-03T10:22:50.824Z WARN  gresse::replica] replica 178842684114093209 deferred pull request to peer 178842683849157807: channel closed
[2026-09-03T10:22:59.459Z INFO  gresse::network] replica 178842684114093209 registered bidirectional network channel for replica 178842683849154810
[2026-09-03T10:22:59.459Z INFO  gresse::replica] replica 178842684114093209 established peer replication connection with replica 178842683849154810
[2026-09-03T10:22:59.664Z INFO  gresse::network] replica 178842684114093209 registered bidirectional network channel for replica 178842684426435109
[2026-09-03T10:22:59.664Z INFO  gresse::replica] replica 178842684114093209 established peer replication connection with replica 178842684426435109
[2026-09-03T10:23:01.304Z INFO  gresse::network] replica 178842684114093209 registered bidirectional network channel for replica 178842684426436109
[2026-09-03T10:23:01.304Z INFO  gresse::replica] replica 178842684114093209 established peer replication connection with replica 178842684426436109
[2026-09-03T10:23:17.824Z WARN  gresse::replica] replica 178842684114093209 deferred pull request to peer 178842683849156808: channel closed
[2026-09-03T10:24:02.052Z INFO  gresse::replica] replica 178842684114093209 observed shutdown descriptor for replica 178842683849158806 with final counter Some(4079)
[2026-09-03T10:24:02.931Z INFO  gresse::replica] replica 178842684114093209 observed shutdown descriptor for replica 178842683956181209 with final counter Some(857)
[2026-09-03T10:24:03.580Z INFO  gresse::replica] replica 178842684114093209 observed shutdown descriptor for replica 178842683956182209 with final counter Some(843)
[2026-09-03T10:24:26.824Z WARN  gresse::network] peer connection write failed: Broken pipe (os error 32)
[2026-09-03T10:24:27.824Z WARN  gresse::replica] replica 178842684114093209 deferred pull request to peer 178842683956183209: channel closed
[2026-09-03T10:24:31.825Z WARN  gresse::network] peer connection write failed: Broken pipe (os error 32)
[2026-09-03T10:24:35.824Z WARN  gresse::replica] replica 178842684114093209 deferred pull request to peer 178842683956185207: channel closed
[2026-09-03T10:24:37.824Z WARN  gresse::network] peer connection write failed: Broken pipe (os error 32)
[2026-09-03T10:24:51.825Z WARN  gresse::replica] replica 178842684114093209 deferred pull request to peer 178842683956184208: channel closed
[2026-09-03T10:24:59.650Z INFO  gresse::network] replica 178842684114093209 registered bidirectional network channel for replica 178842683849158810
[2026-09-03T10:24:59.650Z INFO  gresse::replica] replica 178842684114093209 established peer replication connection with replica 178842683849158810
[2026-09-03T10:24:59.935Z INFO  gresse::network] replica 178842684114093209 registered bidirectional network channel for replica 178842683956181210
[2026-09-03T10:24:59.935Z INFO  gresse::replica] replica 178842684114093209 established peer replication connection with replica 178842683956181210
[2026-09-03T10:25:01.950Z INFO  gresse::network] replica 178842684114093209 registered bidirectional network channel for replica 178842683956182210
[2026-09-03T10:25:01.950Z INFO  gresse::replica] replica 178842684114093209 established peer replication connection with replica 178842683956182210
[2026-09-03T10:26:02.061Z INFO  gresse::replica] replica 178842684114093209 observed shutdown descriptor for replica 178842684114090206 with final counter Some(4370)
