[2026-09-02T14:27:34.727Z INFO  gresse::http_server] running CRDT HTTP server
[2026-09-02T14:27:34.727Z INFO  gresse::http_server] listening for HTTP on 0.0.0.0:18081
[2026-09-02T14:27:34.755Z INFO  gresse::replica] replica 178835836297160901 initiating runtime at bind_http=0.0.0.0:18081 bind_internal=0.0.0.0:19081 advertised_internal=18.169.194.24:19081
[2026-09-02T14:27:34.876Z INFO  gresse::object_storage] object storage connection established: backend=s3, bucket=gresse-geo-035351467464-20260902122609-1c973c, region=eu-north-1, endpoint=AWS default endpoint resolution, first_operation=put-create, object_path=acm-sec-geo-churn-20260902T141220Z-2ff0c4b6/membership/178835836297160901,18.169.194.24:19081,7
[2026-09-02T14:27:34.958Z INFO  gresse::replica] replica 178835836297160901 restored local state from durability journal before startup
[2026-09-02T14:27:34.958Z INFO  gresse::replica] replica 178835836297160901 discovered 76 membership descriptors during init
[2026-09-02T14:27:34.958Z INFO  gresse::replica] replica 178835836297160901 startup completed
[2026-09-02T14:27:34.958Z INFO  gresse::network] replica 178835836297160901 discovered network member NetworkMember { pid: 178835836089857603, address: 13.48.31.196:19080, final_counter: None }
[2026-09-02T14:27:34.958Z INFO  gresse::network] replica 178835836297160901 discovered network member NetworkMember { pid: 178835836089858603, address: 13.48.31.196:19081, final_counter: None }
[2026-09-02T14:27:34.958Z INFO  gresse::network] replica 178835836297160901 discovered network member NetworkMember { pid: 178835836089859602, address: 13.48.31.196:19082, final_counter: None }
[2026-09-02T14:27:34.958Z INFO  gresse::network] replica 178835836297160901 discovered network member NetworkMember { pid: 178835836089860601, address: 13.48.31.196:19083, final_counter: None }
[2026-09-02T14:27:34.958Z INFO  gresse::network] replica 178835836297160901 discovered network member NetworkMember { pid: 178835836089861601, address: 13.48.31.196:19084, final_counter: None }
[2026-09-02T14:27:34.958Z INFO  gresse::network] replica 178835836297160901 discovered network member NetworkMember { pid: 178835836128988903, address: 3.71.184.22:19080, final_counter: None }
[2026-09-02T14:27:34.958Z INFO  gresse::network] replica 178835836297160901 discovered network member NetworkMember { pid: 178835836128989903, address: 3.71.184.22:19081, final_counter: None }
[2026-09-02T14:27:34.958Z INFO  gresse::network] replica 178835836297160901 discovered network member NetworkMember { pid: 178835836128990903, address: 3.71.184.22:19082, final_counter: None }
[2026-09-02T14:27:34.958Z INFO  gresse::network] replica 178835836297160901 discovered network member NetworkMember { pid: 178835836128991902, address: 3.71.184.22:19083, final_counter: None }
[2026-09-02T14:27:34.958Z INFO  gresse::network] replica 178835836297160901 discovered network member NetworkMember { pid: 178835836128992901, address: 3.71.184.22:19084, final_counter: None }
[2026-09-02T14:27:34.958Z INFO  gresse::network] replica 178835836297160901 discovered network member NetworkMember { pid: 178835836195159501, address: 63.33.67.241:19080, final_counter: None }
[2026-09-02T14:27:34.958Z INFO  gresse::network] replica 178835836297160901 discovered network member NetworkMember { pid: 178835836195160503, address: 63.33.67.241:19081, final_counter: None }
[2026-09-02T14:27:34.958Z INFO  gresse::network] replica 178835836297160901 discovered network member NetworkMember { pid: 178835836195163502, address: 63.33.67.241:19084, final_counter: None }
[2026-09-02T14:27:34.958Z INFO  gresse::network] replica 178835836297160901 discovered network member NetworkMember { pid: 178835836297159901, address: 18.169.194.24:19080, final_counter: None }
[2026-09-02T14:27:34.958Z INFO  gresse::network] replica 178835836297160901 discovered network member NetworkMember { pid: 178835836297161901, address: 18.169.194.24:19082, final_counter: None }
[2026-09-02T14:27:34.958Z INFO  gresse::network] replica 178835836297160901 discovered network member NetworkMember { pid: 178835836297162902, address: 18.169.194.24:19083, final_counter: None }
[2026-09-02T14:27:34.958Z INFO  gresse::network] replica 178835836297160901 discovered network member NetworkMember { pid: 178835836297163902, address: 18.169.194.24:19084, final_counter: None }
[2026-09-02T14:27:34.958Z INFO  gresse::network] replica 178835836297160901 discovered network member NetworkMember { pid: 178835836374677602, address: 13.38.27.31:19080, final_counter: None }
[2026-09-02T14:27:34.958Z INFO  gresse::network] replica 178835836297160901 discovered network member NetworkMember { pid: 178835836374678601, address: 13.38.27.31:19081, final_counter: None }
[2026-09-02T14:27:34.958Z INFO  gresse::network] replica 178835836297160901 discovered network member NetworkMember { pid: 178835836374679601, address: 13.38.27.31:19082, final_counter: None }
[2026-09-02T14:27:34.958Z INFO  gresse::network] replica 178835836297160901 discovered network member NetworkMember { pid: 178835836374680601, address: 13.38.27.31:19083, final_counter: None }
[2026-09-02T14:27:34.958Z INFO  gresse::network] replica 178835836297160901 discovered network member NetworkMember { pid: 178835836374681602, address: 13.38.27.31:19084, final_counter: None }
[2026-09-02T14:27:34.959Z INFO  gresse::network] replica 178835836297160901 registered bidirectional network channel for replica 178835836297162902
[2026-09-02T14:27:34.959Z INFO  gresse::replica] replica 178835836297160901 established peer replication connection with replica 178835836297162902
[2026-09-02T14:27:34.959Z INFO  gresse::network] replica 178835836297160901 registered bidirectional network channel for replica 178835836297161901
[2026-09-02T14:27:34.959Z INFO  gresse::replica] replica 178835836297160901 established peer replication connection with replica 178835836297161901
[2026-09-02T14:27:34.959Z INFO  gresse::network] replica 178835836297160901 registered bidirectional network channel for replica 178835836297163902
[2026-09-02T14:27:34.959Z INFO  gresse::replica] replica 178835836297160901 established peer replication connection with replica 178835836297163902
[2026-09-02T14:27:34.959Z INFO  gresse::network] replica 178835836297160901 registered bidirectional network channel for replica 178835836297159901
[2026-09-02T14:27:34.959Z INFO  gresse::replica] replica 178835836297160901 established peer replication connection with replica 178835836297159901
[2026-09-02T14:27:34.968Z WARN  gresse::network] replica 178835836297160901 peer connection attempt failed: could not connect to 63.33.67.241:19084: Connection refused (os error 111)
[2026-09-02T14:27:34.972Z INFO  gresse::replica] replica 178835836297160901 established peer replication connection with replica 178835836374679601
[2026-09-02T14:27:34.972Z INFO  gresse::network] replica 178835836297160901 registered bidirectional network channel for replica 178835836374679601
[2026-09-02T14:27:34.972Z INFO  gresse::network] replica 178835836297160901 registered bidirectional network channel for replica 178835836374677602
[2026-09-02T14:27:34.972Z INFO  gresse::replica] replica 178835836297160901 established peer replication connection with replica 178835836374677602
[2026-09-02T14:27:34.972Z INFO  gresse::network] replica 178835836297160901 registered bidirectional network channel for replica 178835836374681602
[2026-09-02T14:27:34.972Z INFO  gresse::replica] replica 178835836297160901 established peer replication connection with replica 178835836374681602
[2026-09-02T14:27:34.972Z INFO  gresse::network] replica 178835836297160901 registered bidirectional network channel for replica 178835836374678601
[2026-09-02T14:27:34.973Z INFO  gresse::replica] replica 178835836297160901 established peer replication connection with replica 178835836374678601
[2026-09-02T14:27:34.973Z INFO  gresse::network] replica 178835836297160901 registered bidirectional network channel for replica 178835836374680601
[2026-09-02T14:27:34.973Z INFO  gresse::replica] replica 178835836297160901 established peer replication connection with replica 178835836374680601
[2026-09-02T14:27:34.978Z INFO  gresse::network] replica 178835836297160901 registered bidirectional network channel for replica 178835836195159501
[2026-09-02T14:27:34.978Z INFO  gresse::replica] replica 178835836297160901 established peer replication connection with replica 178835836195159501
[2026-09-02T14:27:34.978Z INFO  gresse::network] replica 178835836297160901 registered bidirectional network channel for replica 178835836195160503
[2026-09-02T14:27:34.978Z INFO  gresse::replica] replica 178835836297160901 established peer replication connection with replica 178835836195160503
[2026-09-02T14:27:34.981Z INFO  gresse::network] replica 178835836297160901 registered bidirectional network channel for replica 178835836128989903
[2026-09-02T14:27:34.981Z INFO  gresse::replica] replica 178835836297160901 established peer replication connection with replica 178835836128989903
[2026-09-02T14:27:34.981Z INFO  gresse::network] replica 178835836297160901 registered bidirectional network channel for replica 178835836128991902
[2026-09-02T14:27:34.981Z INFO  gresse::replica] replica 178835836297160901 established peer replication connection with replica 178835836128991902
[2026-09-02T14:27:34.982Z INFO  gresse::network] replica 178835836297160901 registered bidirectional network channel for replica 178835836128992901
[2026-09-02T14:27:34.982Z INFO  gresse::replica] replica 178835836297160901 established peer replication connection with replica 178835836128992901
[2026-09-02T14:27:34.982Z INFO  gresse::network] replica 178835836297160901 registered bidirectional network channel for replica 178835836128988903
[2026-09-02T14:27:34.982Z INFO  gresse::replica] replica 178835836297160901 established peer replication connection with replica 178835836128988903
[2026-09-02T14:27:34.983Z INFO  gresse::network] replica 178835836297160901 registered bidirectional network channel for replica 178835836128990903
[2026-09-02T14:27:34.983Z INFO  gresse::replica] replica 178835836297160901 established peer replication connection with replica 178835836128990903
[2026-09-02T14:27:35.014Z INFO  gresse::network] replica 178835836297160901 registered bidirectional network channel for replica 178835836089859602
[2026-09-02T14:27:35.014Z INFO  gresse::replica] replica 178835836297160901 established peer replication connection with replica 178835836089859602
[2026-09-02T14:27:35.014Z INFO  gresse::network] replica 178835836297160901 registered bidirectional network channel for replica 178835836089861601
[2026-09-02T14:27:35.014Z INFO  gresse::replica] replica 178835836297160901 established peer replication connection with replica 178835836089861601
[2026-09-02T14:27:35.014Z INFO  gresse::network] replica 178835836297160901 registered bidirectional network channel for replica 178835836089857603
[2026-09-02T14:27:35.014Z INFO  gresse::replica] replica 178835836297160901 established peer replication connection with replica 178835836089857603
[2026-09-02T14:27:35.016Z INFO  gresse::network] replica 178835836297160901 registered bidirectional network channel for replica 178835836089860601
[2026-09-02T14:27:35.016Z INFO  gresse::replica] replica 178835836297160901 established peer replication connection with replica 178835836089860601
[2026-09-02T14:27:35.016Z INFO  gresse::network] replica 178835836297160901 registered bidirectional network channel for replica 178835836089858603
[2026-09-02T14:27:35.016Z INFO  gresse::replica] replica 178835836297160901 established peer replication connection with replica 178835836089858603
[2026-09-02T14:27:35.433Z INFO  gresse::network] replica 178835836297160901 registered bidirectional network channel for replica 178835836195161503
[2026-09-02T14:27:35.433Z INFO  gresse::replica] replica 178835836297160901 established peer replication connection with replica 178835836195161503
[2026-09-02T14:27:36.162Z INFO  gresse::network] replica 178835836297160901 registered bidirectional network channel for replica 178835836195162503
[2026-09-02T14:27:36.162Z INFO  gresse::replica] replica 178835836297160901 established peer replication connection with replica 178835836195162503
[2026-09-02T14:27:36.736Z INFO  gresse::replica] replica 178835836297160901 established peer replication connection with replica 178835836195163502
[2026-09-02T14:27:36.736Z INFO  gresse::network] replica 178835836297160901 registered bidirectional network channel for replica 178835836195163502
[2026-09-02T14:27:36.960Z WARN  gresse::network] peer connection write failed: Broken pipe (os error 32)
[2026-09-02T14:27:39.800Z INFO  gresse::replica] replica 178835836297160901 observed shutdown descriptor for replica 178835836128988901 with final counter Some(1612)
[2026-09-02T14:27:40.030Z INFO  gresse::replica] replica 178835836297160901 observed shutdown descriptor for replica 178835836128989902 with final counter Some(840)
[2026-09-02T14:27:40.142Z INFO  gresse::replica] replica 178835836297160901 observed shutdown descriptor for replica 178835836128990902 with final counter Some(841)
[2026-09-02T14:27:40.236Z INFO  gresse::replica] replica 178835836297160901 observed shutdown descriptor for replica 178835836195160501 with final counter Some(1584)
[2026-09-02T14:27:40.347Z INFO  gresse::replica] replica 178835836297160901 observed shutdown descriptor for replica 178835836195161502 with final counter Some(870)
[2026-09-02T14:27:40.451Z INFO  gresse::replica] replica 178835836297160901 observed shutdown descriptor for replica 178835836195162502 with final counter Some(868)
[2026-09-02T14:27:50.959Z WARN  gresse::replica] replica 178835836297160901 deferred pull request to peer 178835836128988903: channel closed
[2026-09-02T14:27:51.960Z WARN  gresse::network] peer connection write failed: Broken pipe (os error 32)
[2026-09-02T14:27:55.960Z WARN  gresse::network] peer connection write failed: Broken pipe (os error 32)
[2026-09-02T14:27:56.960Z WARN  gresse::network] peer connection write failed: Broken pipe (os error 32)
[2026-09-02T14:27:58.960Z WARN  gresse::network] peer connection write failed: Broken pipe (os error 32)
[2026-09-02T14:27:59.960Z WARN  gresse::network] peer connection write failed: Broken pipe (os error 32)
[2026-09-02T14:28:02.960Z WARN  gresse::network] peer connection write failed: Broken pipe (os error 32)
[2026-09-02T14:28:03.960Z WARN  gresse::network] peer connection write failed: Broken pipe (os error 32)
[2026-09-02T14:28:04.960Z WARN  gresse::replica] replica 178835836297160901 deferred pull request to peer 178835836374679601: channel closed
[2026-09-02T14:28:05.960Z WARN  gresse::network] peer connection write failed: Broken pipe (os error 32)
[2026-09-02T14:28:06.960Z WARN  gresse::network] peer connection write failed: Broken pipe (os error 32)
[2026-09-02T14:28:07.960Z WARN  gresse::replica] replica 178835836297160901 deferred pull request to peer 178835836374677602: channel closed
[2026-09-02T14:28:13.960Z WARN  gresse::network] peer connection write failed: Broken pipe (os error 32)
[2026-09-02T14:28:14.960Z WARN  gresse::network] peer connection write failed: Broken pipe (os error 32)
[2026-09-02T14:28:15.960Z WARN  gresse::replica] replica 178835836297160901 deferred pull request to peer 178835836128990903: channel closed
[2026-09-02T14:28:17.960Z WARN  gresse::network] peer connection write failed: Broken pipe (os error 32)
[2026-09-02T14:28:18.960Z WARN  gresse::replica] replica 178835836297160901 deferred pull request to peer 178835836128992901: channel closed
[2026-09-02T14:28:19.960Z WARN  gresse::replica] replica 178835836297160901 deferred pull request to peer 178835836195159501: channel closed
[2026-09-02T14:28:21.960Z WARN  gresse::network] peer connection write failed: Broken pipe (os error 32)
[2026-09-02T14:28:22.960Z WARN  gresse::network] peer connection write failed: Broken pipe (os error 32)
[2026-09-02T14:28:23.960Z WARN  gresse::replica] replica 178835836297160901 deferred pull request to peer 178835836089860601: channel closed
[2026-09-02T14:28:24.960Z WARN  gresse::replica] replica 178835836297160901 deferred pull request to peer 178835836297161901: channel closed
[2026-09-02T14:28:26.960Z WARN  gresse::replica] replica 178835836297160901 deferred pull request to peer 178835836089861601: channel closed
[2026-09-02T14:28:27.960Z WARN  gresse::replica] replica 178835836297160901 deferred pull request to peer 178835836297162902: channel closed
[2026-09-02T14:28:28.960Z WARN  gresse::network] peer connection write failed: Broken pipe (os error 32)
[2026-09-02T14:28:29.960Z WARN  gresse::replica] replica 178835836297160901 deferred pull request to peer 178835836374678601: channel closed
[2026-09-02T14:28:30.960Z WARN  gresse::replica] replica 178835836297160901 deferred pull request to peer 178835836297163902: channel closed
[2026-09-02T14:28:33.960Z WARN  gresse::replica] replica 178835836297160901 deferred pull request to peer 178835836374680601: channel closed
[2026-09-02T14:28:34.802Z INFO  gresse::replica] replica 178835836297160901 observed shutdown descriptor for replica 178835836297161901 with final counter Some(1775)
[2026-09-02T14:28:34.947Z INFO  gresse::replica] replica 178835836297160901 observed shutdown descriptor for replica 178835836297162902 with final counter Some(918)
[2026-09-02T14:28:37.960Z WARN  gresse::replica] replica 178835836297160901 deferred pull request to peer 178835836089858603: channel closed
[2026-09-02T14:28:38.960Z WARN  gresse::network] peer connection write failed: Broken pipe (os error 32)
[2026-09-02T14:28:39.802Z INFO  gresse::replica] replica 178835836297160901 observed shutdown descriptor for replica 178835836297163902 with final counter Some(920)
[2026-09-02T14:28:40.132Z WARN  gresse::network] peer connection write failed: Broken pipe (os error 32)
[2026-09-02T14:28:40.960Z WARN  gresse::replica] replica 178835836297160901 deferred pull request to peer 178835836374681602: channel closed
[2026-09-02T14:28:44.960Z WARN  gresse::replica] replica 178835836297160901 deferred pull request to peer 178835836128991902: channel closed
[2026-09-02T14:28:46.960Z WARN  gresse::replica] replica 178835836297160901 deferred pull request to peer 178835836128989903: channel closed
[2026-09-02T14:28:52.959Z WARN  gresse::replica] replica 178835836297160901 deferred pull request to peer 178835836089859602: channel closed
[2026-09-02T14:29:34.710Z INFO  gresse::network] replica 178835836297160901 registered bidirectional network channel for replica 178835836297161903
[2026-09-02T14:29:34.710Z INFO  gresse::replica] replica 178835836297160901 established peer replication connection with replica 178835836297161903
[2026-09-02T14:29:35.431Z INFO  gresse::network] replica 178835836297160901 registered bidirectional network channel for replica 178835836297162903
[2026-09-02T14:29:35.431Z INFO  gresse::replica] replica 178835836297160901 established peer replication connection with replica 178835836297162903
[2026-09-02T14:29:36.087Z INFO  gresse::network] replica 178835836297160901 registered bidirectional network channel for replica 178835836297163903
[2026-09-02T14:29:36.087Z INFO  gresse::replica] replica 178835836297160901 established peer replication connection with replica 178835836297163903
[2026-09-02T14:30:34.801Z INFO  gresse::replica] replica 178835836297160901 observed shutdown descriptor for replica 178835836089857603 with final counter Some(843)
[2026-09-02T14:30:34.938Z INFO  gresse::replica] replica 178835836297160901 observed shutdown descriptor for replica 178835836374680601 with final counter Some(2066)
[2026-09-02T14:30:39.803Z INFO  gresse::replica] replica 178835836297160901 observed shutdown descriptor for replica 178835836374681602 with final counter Some(1023)
[2026-09-02T14:31:34.539Z INFO  gresse::network] replica 178835836297160901 registered bidirectional network channel for replica 178835836089857604
[2026-09-02T14:31:34.539Z INFO  gresse::replica] replica 178835836297160901 established peer replication connection with replica 178835836089857604
[2026-09-02T14:31:34.766Z INFO  gresse::network] replica 178835836297160901 registered bidirectional network channel for replica 178835836374680603
[2026-09-02T14:31:34.766Z INFO  gresse::replica] replica 178835836297160901 established peer replication connection with replica 178835836374680603
[2026-09-02T14:31:35.498Z INFO  gresse::network] replica 178835836297160901 registered bidirectional network channel for replica 178835836374681603
[2026-09-02T14:31:35.498Z INFO  gresse::replica] replica 178835836297160901 established peer replication connection with replica 178835836374681603
[2026-09-02T14:32:34.895Z INFO  gresse::replica] replica 178835836297160901 observed shutdown descriptor for replica 178835836089861601 with final counter Some(2454)
[2026-09-02T14:32:35.206Z INFO  gresse::replica] replica 178835836297160901 observed shutdown descriptor for replica 178835836128988903 with final counter Some(847)
[2026-09-02T14:32:35.376Z INFO  gresse::replica] replica 178835836297160901 observed shutdown descriptor for replica 178835836128989903 with final counter Some(840)
[2026-09-02T14:33:34.452Z INFO  gresse::network] replica 178835836297160901 registered bidirectional network channel for replica 178835836089861604
[2026-09-02T14:33:34.452Z INFO  gresse::replica] replica 178835836297160901 established peer replication connection with replica 178835836089861604
[2026-09-02T14:33:34.727Z INFO  gresse::network] replica 178835836297160901 registered bidirectional network channel for replica 178835836128988904
[2026-09-02T14:33:34.727Z INFO  gresse::replica] replica 178835836297160901 established peer replication connection with replica 178835836128988904
[2026-09-02T14:33:35.589Z INFO  gresse::network] replica 178835836297160901 registered bidirectional network channel for replica 178835836128989904
[2026-09-02T14:33:35.589Z INFO  gresse::replica] replica 178835836297160901 established peer replication connection with replica 178835836128989904
[2026-09-02T14:34:34.824Z INFO  gresse::replica] replica 178835836297160901 observed shutdown descriptor for replica 178835836195159501 with final counter Some(2870)
[2026-09-02T14:34:39.809Z INFO  gresse::replica] replica 178835836297160901 observed shutdown descriptor for replica 178835836195160503 with final counter Some(842)
[2026-09-02T14:34:39.972Z INFO  gresse::replica] replica 178835836297160901 observed shutdown descriptor for replica 178835836195161503 with final counter Some(839)
[2026-09-02T14:34:45.960Z WARN  gresse::network] peer connection write failed: Broken pipe (os error 32)
[2026-09-02T14:34:49.960Z WARN  gresse::replica] replica 178835836297160901 deferred pull request to peer 178835836297159901: channel closed
[2026-09-02T14:34:55.960Z WARN  gresse::network] peer connection write failed: Broken pipe (os error 32)
[2026-09-02T14:35:06.960Z WARN  gresse::replica] replica 178835836297160901 deferred pull request to peer 178835836195163502: channel closed
[2026-09-02T14:35:08.960Z WARN  gresse::network] peer connection write failed: Broken pipe (os error 32)
[2026-09-02T14:35:10.960Z WARN  gresse::replica] replica 178835836297160901 deferred pull request to peer 178835836195162503: channel closed
[2026-09-02T14:35:34.801Z INFO  gresse::network] replica 178835836297160901 discovered network member NetworkMember { pid: 178835836195159504, address: 63.33.67.241:19080, final_counter: None }
[2026-09-02T14:35:34.998Z INFO  gresse::network] replica 178835836297160901 registered bidirectional network channel for replica 178835836195159504
[2026-09-02T14:35:34.998Z INFO  gresse::replica] replica 178835836297160901 established peer replication connection with replica 178835836195159504
[2026-09-02T14:35:35.993Z INFO  gresse::network] replica 178835836297160901 registered bidirectional network channel for replica 178835836195160504
[2026-09-02T14:35:35.993Z INFO  gresse::replica] replica 178835836297160901 established peer replication connection with replica 178835836195160504
[2026-09-02T14:35:36.982Z INFO  gresse::network] replica 178835836297160901 registered bidirectional network channel for replica 178835836195161504
[2026-09-02T14:35:36.982Z INFO  gresse::replica] replica 178835836297160901 established peer replication connection with replica 178835836195161504
[2026-09-02T14:36:34.243Z INFO  gresse::replica] shutdown signal received for replica 178835836297160901
[2026-09-02T14:36:34.243Z INFO  gresse::replica] replica 178835836297160901 shutting down with 12 connected writers
[2026-09-02T14:36:34.669Z INFO  gresse::http_server] http server received shutdown signal
[2026-09-02T14:36:34.669Z INFO  gresse::http_server] http server shutdown complete
[2026-09-02T14:36:34.669Z INFO  gresse::network] network manager for replica 178835836297160901 shutdown complete
