[2026-08-28T14:04:53.144Z INFO  gresse::http_server] running CRDT HTTP server
[2026-08-28T14:04:53.144Z INFO  gresse::http_server] listening for HTTP on 0.0.0.0:18084
[2026-08-28T14:04:53.180Z INFO  gresse::replica] replica 178792343513168006 initiating runtime at bind_http=0.0.0.0:18084 bind_internal=0.0.0.0:19084 advertised_internal=3.8.155.72:19084
[2026-08-28T14:04:53.293Z INFO  gresse::object_storage] object storage connection established: backend=s3, bucket=gresse-geo-035351467464-20260828124038-be821e, region=eu-north-1, endpoint=AWS default endpoint resolution, first_operation=put-create, object_path=acm-sec-geo-churn-20260828T132329Z-550e9e91/membership/178792343513168006,3.8.155.72:19084,20
[2026-08-28T14:04:53.549Z INFO  gresse::replica] replica 178792343513168006 restored local state from durability journal before startup
[2026-08-28T14:04:53.549Z INFO  gresse::replica] replica 178792343513168006 discovered 392 membership descriptors during init
[2026-08-28T14:04:53.549Z INFO  gresse::replica] replica 178792343513168006 startup completed
[2026-08-28T14:04:53.549Z INFO  gresse::network] replica 178792343513168006 discovered network member NetworkMember { pid: 178792343266886006, address: 16.192.159.169:19080, final_counter: None }
[2026-08-28T14:04:53.549Z INFO  gresse::network] replica 178792343513168006 discovered network member NetworkMember { pid: 178792343266887006, address: 16.192.159.169:19081, final_counter: None }
[2026-08-28T14:04:53.549Z INFO  gresse::network] replica 178792343513168006 discovered network member NetworkMember { pid: 178792343266888006, address: 16.192.159.169:19082, final_counter: None }
[2026-08-28T14:04:53.549Z INFO  gresse::network] replica 178792343513168006 discovered network member NetworkMember { pid: 178792343266889006, address: 16.192.159.169:19083, final_counter: None }
[2026-08-28T14:04:53.549Z INFO  gresse::network] replica 178792343513168006 discovered network member NetworkMember { pid: 178792343266890006, address: 16.192.159.169:19084, final_counter: None }
[2026-08-28T14:04:53.549Z INFO  gresse::network] replica 178792343513168006 discovered network member NetworkMember { pid: 178792343327013806, address: 3.121.180.49:19080, final_counter: None }
[2026-08-28T14:04:53.549Z INFO  gresse::network] replica 178792343513168006 discovered network member NetworkMember { pid: 178792343327014806, address: 3.121.180.49:19081, final_counter: None }
[2026-08-28T14:04:53.549Z INFO  gresse::network] replica 178792343513168006 discovered network member NetworkMember { pid: 178792343327015806, address: 3.121.180.49:19082, final_counter: None }
[2026-08-28T14:04:53.549Z INFO  gresse::network] replica 178792343513168006 discovered network member NetworkMember { pid: 178792343327016806, address: 3.121.180.49:19083, final_counter: None }
[2026-08-28T14:04:53.549Z INFO  gresse::network] replica 178792343513168006 discovered network member NetworkMember { pid: 178792343327017806, address: 3.121.180.49:19084, final_counter: None }
[2026-08-28T14:04:53.549Z INFO  gresse::network] replica 178792343513168006 discovered network member NetworkMember { pid: 178792343404851506, address: 52.17.146.22:19080, final_counter: None }
[2026-08-28T14:04:53.549Z INFO  gresse::network] replica 178792343513168006 discovered network member NetworkMember { pid: 178792343404852506, address: 52.17.146.22:19081, final_counter: None }
[2026-08-28T14:04:53.549Z INFO  gresse::network] replica 178792343513168006 discovered network member NetworkMember { pid: 178792343404853506, address: 52.17.146.22:19082, final_counter: None }
[2026-08-28T14:04:53.549Z INFO  gresse::network] replica 178792343513168006 discovered network member NetworkMember { pid: 178792343404854506, address: 52.17.146.22:19083, final_counter: None }
[2026-08-28T14:04:53.549Z INFO  gresse::network] replica 178792343513168006 discovered network member NetworkMember { pid: 178792343404855506, address: 52.17.146.22:19084, final_counter: None }
[2026-08-28T14:04:53.549Z INFO  gresse::network] replica 178792343513168006 discovered network member NetworkMember { pid: 178792343513164006, address: 3.8.155.72:19080, final_counter: None }
[2026-08-28T14:04:53.549Z INFO  gresse::network] replica 178792343513168006 discovered network member NetworkMember { pid: 178792343513165006, address: 3.8.155.72:19081, final_counter: None }
[2026-08-28T14:04:53.549Z INFO  gresse::network] replica 178792343513168006 discovered network member NetworkMember { pid: 178792343513166006, address: 3.8.155.72:19082, final_counter: None }
[2026-08-28T14:04:53.549Z INFO  gresse::network] replica 178792343513168006 discovered network member NetworkMember { pid: 178792343513167006, address: 3.8.155.72:19083, final_counter: None }
[2026-08-28T14:04:53.549Z INFO  gresse::network] replica 178792343513168006 discovered network member NetworkMember { pid: 178792343513168005, address: 3.8.155.72:19084, final_counter: None }
[2026-08-28T14:04:53.549Z INFO  gresse::network] replica 178792343513168006 discovered network member NetworkMember { pid: 178792343597981005, address: 13.37.225.238:19080, final_counter: None }
[2026-08-28T14:04:53.549Z INFO  gresse::network] replica 178792343513168006 discovered network member NetworkMember { pid: 178792343597982005, address: 13.37.225.238:19081, final_counter: None }
[2026-08-28T14:04:53.549Z INFO  gresse::network] replica 178792343513168006 discovered network member NetworkMember { pid: 178792343597983005, address: 13.37.225.238:19082, final_counter: None }
[2026-08-28T14:04:53.549Z INFO  gresse::network] replica 178792343513168006 discovered network member NetworkMember { pid: 178792343597984005, address: 13.37.225.238:19083, final_counter: None }
[2026-08-28T14:04:53.549Z INFO  gresse::network] replica 178792343513168006 discovered network member NetworkMember { pid: 178792343597985005, address: 13.37.225.238:19084, final_counter: None }
[2026-08-28T14:04:53.550Z INFO  gresse::network] replica 178792343513168006 registered bidirectional network channel for replica 178792343513164006
[2026-08-28T14:04:53.550Z INFO  gresse::replica] replica 178792343513168006 established peer replication connection with replica 178792343513164006
[2026-08-28T14:04:53.550Z INFO  gresse::network] replica 178792343513168006 registered bidirectional network channel for replica 178792343404855506
[2026-08-28T14:04:53.550Z INFO  gresse::replica] replica 178792343513168006 established peer replication connection with replica 178792343404855506
[2026-08-28T14:04:53.550Z INFO  gresse::network] replica 178792343513168006 registered bidirectional network channel for replica 178792343513166006
[2026-08-28T14:04:53.550Z INFO  gresse::replica] replica 178792343513168006 established peer replication connection with replica 178792343513166006
[2026-08-28T14:04:53.550Z INFO  gresse::network] replica 178792343513168006 registered bidirectional network channel for replica 178792343513168006
[2026-08-28T14:04:53.550Z INFO  gresse::replica] replica 178792343513168006 established peer replication connection with replica 178792343513168006
[2026-08-28T14:04:53.551Z INFO  gresse::network] replica 178792343513168006 registered bidirectional network channel for replica 178792343513165006
[2026-08-28T14:04:53.551Z INFO  gresse::replica] replica 178792343513168006 established peer replication connection with replica 178792343513165006
[2026-08-28T14:04:53.551Z WARN  gresse::network] replica 178792343513168006 rejected peer handshake: expected 178792343513168005, received 178792343513168006
[2026-08-28T14:04:53.551Z INFO  gresse::network] replica 178792343513168006 registered bidirectional network channel for replica 178792343513167006
[2026-08-28T14:04:53.551Z INFO  gresse::replica] replica 178792343513168006 established peer replication connection with replica 178792343513167006
[2026-08-28T14:04:53.564Z INFO  gresse::network] replica 178792343513168006 registered bidirectional network channel for replica 178792343597981005
[2026-08-28T14:04:53.564Z INFO  gresse::replica] replica 178792343513168006 established peer replication connection with replica 178792343597981005
[2026-08-28T14:04:53.564Z INFO  gresse::network] replica 178792343513168006 registered bidirectional network channel for replica 178792343597984005
[2026-08-28T14:04:53.564Z INFO  gresse::replica] replica 178792343513168006 established peer replication connection with replica 178792343597984005
[2026-08-28T14:04:53.565Z INFO  gresse::network] replica 178792343513168006 registered bidirectional network channel for replica 178792343597985005
[2026-08-28T14:04:53.565Z INFO  gresse::replica] replica 178792343513168006 established peer replication connection with replica 178792343597985005
[2026-08-28T14:04:53.566Z INFO  gresse::network] replica 178792343513168006 registered bidirectional network channel for replica 178792343597982005
[2026-08-28T14:04:53.566Z INFO  gresse::replica] replica 178792343513168006 established peer replication connection with replica 178792343597982005
[2026-08-28T14:04:53.566Z INFO  gresse::network] replica 178792343513168006 registered bidirectional network channel for replica 178792343597983005
[2026-08-28T14:04:53.566Z INFO  gresse::replica] replica 178792343513168006 established peer replication connection with replica 178792343597983005
[2026-08-28T14:04:53.568Z INFO  gresse::network] replica 178792343513168006 registered bidirectional network channel for replica 178792343404853506
[2026-08-28T14:04:53.568Z INFO  gresse::replica] replica 178792343513168006 established peer replication connection with replica 178792343404853506
[2026-08-28T14:04:53.569Z INFO  gresse::network] replica 178792343513168006 registered bidirectional network channel for replica 178792343404854506
[2026-08-28T14:04:53.569Z INFO  gresse::replica] replica 178792343513168006 established peer replication connection with replica 178792343404854506
[2026-08-28T14:04:53.569Z INFO  gresse::network] replica 178792343513168006 registered bidirectional network channel for replica 178792343404851506
[2026-08-28T14:04:53.569Z INFO  gresse::replica] replica 178792343513168006 established peer replication connection with replica 178792343404851506
[2026-08-28T14:04:53.569Z INFO  gresse::network] replica 178792343513168006 registered bidirectional network channel for replica 178792343404852506
[2026-08-28T14:04:53.569Z INFO  gresse::replica] replica 178792343513168006 established peer replication connection with replica 178792343404852506
[2026-08-28T14:04:53.574Z INFO  gresse::network] replica 178792343513168006 registered bidirectional network channel for replica 178792343327014806
[2026-08-28T14:04:53.574Z INFO  gresse::replica] replica 178792343513168006 established peer replication connection with replica 178792343327014806
[2026-08-28T14:04:53.574Z INFO  gresse::network] replica 178792343513168006 registered bidirectional network channel for replica 178792343327016806
[2026-08-28T14:04:53.574Z INFO  gresse::replica] replica 178792343513168006 established peer replication connection with replica 178792343327016806
[2026-08-28T14:04:53.574Z INFO  gresse::network] replica 178792343513168006 registered bidirectional network channel for replica 178792343327013806
[2026-08-28T14:04:53.574Z INFO  gresse::replica] replica 178792343513168006 established peer replication connection with replica 178792343327013806
[2026-08-28T14:04:53.574Z INFO  gresse::network] replica 178792343513168006 registered bidirectional network channel for replica 178792343327015806
[2026-08-28T14:04:53.574Z INFO  gresse::replica] replica 178792343513168006 established peer replication connection with replica 178792343327015806
[2026-08-28T14:04:53.574Z INFO  gresse::network] replica 178792343513168006 registered bidirectional network channel for replica 178792343327017806
[2026-08-28T14:04:53.574Z INFO  gresse::replica] replica 178792343513168006 established peer replication connection with replica 178792343327017806
[2026-08-28T14:04:53.604Z INFO  gresse::network] replica 178792343513168006 registered bidirectional network channel for replica 178792343266886006
[2026-08-28T14:04:53.604Z INFO  gresse::replica] replica 178792343513168006 established peer replication connection with replica 178792343266886006
[2026-08-28T14:04:53.606Z INFO  gresse::network] replica 178792343513168006 registered bidirectional network channel for replica 178792343266887006
[2026-08-28T14:04:53.606Z INFO  gresse::replica] replica 178792343513168006 established peer replication connection with replica 178792343266887006
[2026-08-28T14:04:53.606Z INFO  gresse::network] replica 178792343513168006 registered bidirectional network channel for replica 178792343266888006
[2026-08-28T14:04:53.606Z INFO  gresse::replica] replica 178792343513168006 established peer replication connection with replica 178792343266888006
[2026-08-28T14:04:53.607Z INFO  gresse::network] replica 178792343513168006 registered bidirectional network channel for replica 178792343266890006
[2026-08-28T14:04:53.607Z INFO  gresse::replica] replica 178792343513168006 established peer replication connection with replica 178792343266890006
[2026-08-28T14:04:53.607Z INFO  gresse::network] replica 178792343513168006 registered bidirectional network channel for replica 178792343266889006
[2026-08-28T14:04:53.607Z INFO  gresse::replica] replica 178792343513168006 established peer replication connection with replica 178792343266889006
[2026-08-28T14:04:58.292Z INFO  gresse::replica] replica 178792343513168006 observed shutdown descriptor for replica 178792343404855505 with final counter Some(1552)
[2026-08-28T14:04:58.930Z INFO  gresse::replica] replica 178792343513168006 observed shutdown descriptor for replica 178792343513164005 with final counter Some(848)
[2026-08-28T14:04:59.455Z INFO  gresse::replica] replica 178792343513168006 observed shutdown descriptor for replica 178792343513165005 with final counter Some(841)
[2026-08-28T14:05:36.550Z WARN  gresse::network] peer connection write failed: Broken pipe (os error 32)
[2026-08-28T14:05:39.549Z WARN  gresse::replica] replica 178792343513168006 deferred pull request to peer 178792343513164006: channel closed
[2026-08-28T14:05:47.550Z WARN  gresse::network] peer connection write failed: Broken pipe (os error 32)
[2026-08-28T14:05:49.550Z WARN  gresse::network] peer connection write failed: Broken pipe (os error 32)
[2026-08-28T14:05:51.550Z WARN  gresse::replica] replica 178792343513168006 deferred pull request to peer 178792343513168006: channel closed
[2026-08-28T14:05:53.245Z INFO  gresse::replica] replica 178792343513168006 observed shutdown descriptor for replica 178792343597981005 with final counter Some(1549)
[2026-08-28T14:05:53.820Z INFO  gresse::replica] replica 178792343513168006 observed shutdown descriptor for replica 178792343597982005 with final counter Some(843)
[2026-08-28T14:05:54.529Z INFO  gresse::replica] replica 178792343513168006 observed shutdown descriptor for replica 178792343597983005 with final counter Some(842)
[2026-08-28T14:05:55.195Z WARN  gresse::replica] replica 178792343513168006 deferred pull request to peer 178792343404855506: channel closed
[2026-08-28T14:06:10.550Z WARN  gresse::network] peer connection write failed: Broken pipe (os error 32)
[2026-08-28T14:06:11.550Z WARN  gresse::replica] replica 178792343513168006 deferred pull request to peer 178792343597984005: channel closed
[2026-08-28T14:06:39.550Z WARN  gresse::network] peer connection write failed: Broken pipe (os error 32)
[2026-08-28T14:06:42.549Z WARN  gresse::replica] replica 178792343513168006 deferred pull request to peer 178792343266886006: channel closed
[2026-08-28T14:06:44.550Z WARN  gresse::network] peer connection write failed: Broken pipe (os error 32)
[2026-08-28T14:06:48.938Z INFO  gresse::network] replica 178792343513168006 registered bidirectional network channel for replica 178792343597981006
[2026-08-28T14:06:48.938Z INFO  gresse::replica] replica 178792343513168006 established peer replication connection with replica 178792343597981006
[2026-08-28T14:06:49.110Z INFO  gresse::replica] replica 178792343513168006 established peer replication connection with replica 178792343266886007
[2026-08-28T14:06:49.110Z INFO  gresse::network] replica 178792343513168006 registered bidirectional network channel for replica 178792343266886007
[2026-08-28T14:06:49.792Z INFO  gresse::network] replica 178792343513168006 registered bidirectional network channel for replica 178792343597982006
[2026-08-28T14:06:49.792Z INFO  gresse::replica] replica 178792343513168006 established peer replication connection with replica 178792343597982006
[2026-08-28T14:06:50.677Z INFO  gresse::network] replica 178792343513168006 registered bidirectional network channel for replica 178792343597983006
[2026-08-28T14:06:50.677Z INFO  gresse::replica] replica 178792343513168006 established peer replication connection with replica 178792343597983006
[2026-08-28T14:06:51.934Z INFO  gresse::network] replica 178792343513168006 registered bidirectional network channel for replica 178792343597984006
[2026-08-28T14:06:51.934Z INFO  gresse::replica] replica 178792343513168006 established peer replication connection with replica 178792343597984006
[2026-08-28T14:06:53.173Z INFO  gresse::network] replica 178792343513168006 registered bidirectional network channel for replica 178792343597985006
[2026-08-28T14:06:53.173Z INFO  gresse::replica] replica 178792343513168006 established peer replication connection with replica 178792343597985006
[2026-08-28T14:07:02.550Z WARN  gresse::replica] replica 178792343513168006 deferred pull request to peer 178792343597985005: channel closed
[2026-08-28T14:07:53.241Z INFO  gresse::replica] replica 178792343513168006 observed shutdown descriptor for replica 178792343266887006 with final counter Some(1283)
[2026-08-28T14:07:54.158Z INFO  gresse::replica] replica 178792343513168006 observed shutdown descriptor for replica 178792343266888006 with final counter Some(869)
[2026-08-28T14:07:54.934Z INFO  gresse::replica] replica 178792343513168006 observed shutdown descriptor for replica 178792343266889006 with final counter Some(872)
[2026-08-28T14:08:13.550Z WARN  gresse::network] peer connection write failed: Broken pipe (os error 32)
[2026-08-28T14:08:15.550Z WARN  gresse::network] peer connection write failed: Broken pipe (os error 32)
[2026-08-28T14:08:21.550Z WARN  gresse::replica] replica 178792343513168006 deferred pull request to peer 178792343327014806: channel closed
[2026-08-28T14:08:30.550Z WARN  gresse::network] peer connection write failed: Broken pipe (os error 32)
[2026-08-28T14:08:43.550Z WARN  gresse::replica] replica 178792343513168006 deferred pull request to peer 178792343327013806: channel closed
[2026-08-28T14:08:48.228Z INFO  gresse::network] replica 178792343513168006 discovered network member NetworkMember { pid: 178792343266887007, address: 16.192.159.169:19081, final_counter: None }
[2026-08-28T14:08:48.484Z INFO  gresse::network] replica 178792343513168006 registered bidirectional network channel for replica 178792343266887007
[2026-08-28T14:08:48.484Z INFO  gresse::replica] replica 178792343513168006 established peer replication connection with replica 178792343266887007
[2026-08-28T14:08:49.089Z INFO  gresse::network] replica 178792343513168006 registered bidirectional network channel for replica 178792343266888007
[2026-08-28T14:08:49.089Z INFO  gresse::replica] replica 178792343513168006 established peer replication connection with replica 178792343266888007
[2026-08-28T14:08:49.178Z INFO  gresse::network] replica 178792343513168006 registered bidirectional network channel for replica 178792343327013807
[2026-08-28T14:08:49.178Z INFO  gresse::replica] replica 178792343513168006 established peer replication connection with replica 178792343327013807
[2026-08-28T14:08:49.672Z INFO  gresse::network] replica 178792343513168006 registered bidirectional network channel for replica 178792343266889007
[2026-08-28T14:08:49.672Z INFO  gresse::replica] replica 178792343513168006 established peer replication connection with replica 178792343266889007
[2026-08-28T14:08:50.334Z INFO  gresse::network] replica 178792343513168006 registered bidirectional network channel for replica 178792343327014807
[2026-08-28T14:08:50.334Z INFO  gresse::replica] replica 178792343513168006 established peer replication connection with replica 178792343327014807
[2026-08-28T14:08:50.791Z INFO  gresse::network] replica 178792343513168006 registered bidirectional network channel for replica 178792343266890007
[2026-08-28T14:08:50.791Z INFO  gresse::replica] replica 178792343513168006 established peer replication connection with replica 178792343266890007
[2026-08-28T14:09:05.550Z WARN  gresse::replica] replica 178792343513168006 deferred pull request to peer 178792343266890006: channel closed
[2026-08-28T14:09:53.263Z INFO  gresse::replica] replica 178792343513168006 observed shutdown descriptor for replica 178792343327015806 with final counter Some(1235)
[2026-08-28T14:09:54.037Z INFO  gresse::replica] replica 178792343513168006 observed shutdown descriptor for replica 178792343327016806 with final counter Some(923)
[2026-08-28T14:09:54.776Z INFO  gresse::replica] replica 178792343513168006 observed shutdown descriptor for replica 178792343327017806 with final counter Some(921)
[2026-08-28T14:09:55.550Z WARN  gresse::network] peer connection write failed: Broken pipe (os error 32)
[2026-08-28T14:10:17.549Z WARN  gresse::replica] replica 178792343513168006 deferred pull request to peer 178792343404852506: channel closed
[2026-08-28T14:10:25.550Z WARN  gresse::network] peer connection write failed: Broken pipe (os error 32)
[2026-08-28T14:10:34.550Z WARN  gresse::replica] replica 178792343513168006 deferred pull request to peer 178792343404851506: channel closed
[2026-08-28T14:10:48.239Z INFO  gresse::network] replica 178792343513168006 discovered network member NetworkMember { pid: 178792343327015807, address: 3.121.180.49:19082, final_counter: None }
[2026-08-28T14:10:48.709Z INFO  gresse::network] replica 178792343513168006 registered bidirectional network channel for replica 178792343327015807
[2026-08-28T14:10:48.709Z INFO  gresse::replica] replica 178792343513168006 established peer replication connection with replica 178792343327015807
[2026-08-28T14:10:49.402Z INFO  gresse::network] replica 178792343513168006 registered bidirectional network channel for replica 178792343327016807
[2026-08-28T14:10:49.402Z INFO  gresse::replica] replica 178792343513168006 established peer replication connection with replica 178792343327016807
[2026-08-28T14:10:49.489Z INFO  gresse::network] replica 178792343513168006 registered bidirectional network channel for replica 178792343404851507
[2026-08-28T14:10:49.489Z INFO  gresse::replica] replica 178792343513168006 established peer replication connection with replica 178792343404851507
[2026-08-28T14:10:50.038Z INFO  gresse::network] replica 178792343513168006 registered bidirectional network channel for replica 178792343327017807
[2026-08-28T14:10:50.038Z INFO  gresse::replica] replica 178792343513168006 established peer replication connection with replica 178792343327017807
[2026-08-28T14:10:51.227Z INFO  gresse::network] replica 178792343513168006 registered bidirectional network channel for replica 178792343404852507
[2026-08-28T14:10:51.227Z INFO  gresse::replica] replica 178792343513168006 established peer replication connection with replica 178792343404852507
[2026-08-28T14:10:52.757Z INFO  gresse::network] replica 178792343513168006 registered bidirectional network channel for replica 178792343404853507
[2026-08-28T14:10:52.757Z INFO  gresse::replica] replica 178792343513168006 established peer replication connection with replica 178792343404853507
[2026-08-28T14:10:59.550Z WARN  gresse::network] peer connection write failed: Broken pipe (os error 32)
[2026-08-28T14:11:15.550Z WARN  gresse::replica] replica 178792343513168006 deferred pull request to peer 178792343404853506: channel closed
[2026-08-28T14:11:53.244Z INFO  gresse::replica] replica 178792343513168006 observed shutdown descriptor for replica 178792343404854506 with final counter Some(1286)
[2026-08-28T14:11:54.111Z INFO  gresse::replica] replica 178792343513168006 observed shutdown descriptor for replica 178792343404855506 with final counter Some(1026)
[2026-08-28T14:11:54.951Z INFO  gresse::replica] replica 178792343513168006 observed shutdown descriptor for replica 178792343513164006 with final counter Some(849)
[2026-08-28T14:12:33.550Z WARN  gresse::network] peer connection write failed: Broken pipe (os error 32)
[2026-08-28T14:12:42.550Z WARN  gresse::network] peer connection write failed: Broken pipe (os error 32)
[2026-08-28T14:12:47.550Z WARN  gresse::replica] replica 178792343513168006 deferred pull request to peer 178792343513165006: channel closed
[2026-08-28T14:12:48.242Z INFO  gresse::network] replica 178792343513168006 discovered network member NetworkMember { pid: 178792343513164007, address: 3.8.155.72:19080, final_counter: None }
[2026-08-28T14:12:48.838Z INFO  gresse::network] replica 178792343513168006 registered bidirectional network channel for replica 178792343513164007
[2026-08-28T14:12:48.838Z INFO  gresse::replica] replica 178792343513168006 established peer replication connection with replica 178792343513164007
[2026-08-28T14:12:49.347Z INFO  gresse::replica] replica 178792343513168006 established peer replication connection with replica 178792343404854507
[2026-08-28T14:12:49.347Z INFO  gresse::network] replica 178792343513168006 registered bidirectional network channel for replica 178792343404854507
[2026-08-28T14:12:49.550Z WARN  gresse::network] peer connection write failed: Broken pipe (os error 32)
[2026-08-28T14:12:50.283Z INFO  gresse::network] replica 178792343513168006 registered bidirectional network channel for replica 178792343513165007
[2026-08-28T14:12:50.283Z INFO  gresse::replica] replica 178792343513168006 established peer replication connection with replica 178792343513165007
[2026-08-28T14:12:50.829Z INFO  gresse::replica] replica 178792343513168006 established peer replication connection with replica 178792343404855507
[2026-08-28T14:12:50.829Z INFO  gresse::network] replica 178792343513168006 registered bidirectional network channel for replica 178792343404855507
[2026-08-28T14:12:51.550Z WARN  gresse::replica] replica 178792343513168006 deferred pull request to peer 178792343513166006: channel closed
[2026-08-28T14:12:51.732Z INFO  gresse::network] replica 178792343513168006 registered bidirectional network channel for replica 178792343513166007
[2026-08-28T14:12:51.732Z INFO  gresse::replica] replica 178792343513168006 established peer replication connection with replica 178792343513166007
[2026-08-28T14:12:53.257Z INFO  gresse::network] replica 178792343513168006 discovered network member NetworkMember { pid: 178792343513167007, address: 3.8.155.72:19083, final_counter: None }
[2026-08-28T14:12:53.485Z INFO  gresse::network] replica 178792343513168006 registered bidirectional network channel for replica 178792343513167007
[2026-08-28T14:12:53.485Z INFO  gresse::replica] replica 178792343513168006 established peer replication connection with replica 178792343513167007
[2026-08-28T14:12:56.550Z WARN  gresse::replica] replica 178792343513168006 deferred pull request to peer 178792343513167006: channel closed
[2026-08-28T14:13:48.001Z INFO  gresse::replica] shutdown signal received for replica 178792343513168006
[2026-08-28T14:13:48.001Z INFO  gresse::replica] replica 178792343513168006 shutting down with 24 connected writers
[2026-08-28T14:13:48.742Z INFO  gresse::http_server] http server received shutdown signal
[2026-08-28T14:13:48.742Z INFO  gresse::http_server] http server shutdown complete
[2026-08-28T14:13:48.743Z INFO  gresse::network] network manager for replica 178792343513168006 shutdown complete
