[2026-09-02T14:13:34.309Z INFO  gresse::http_server] running CRDT HTTP server
[2026-09-02T14:13:34.309Z INFO  gresse::http_server] listening for HTTP on 0.0.0.0:18081
[2026-09-02T14:13:34.335Z INFO  gresse::replica] replica 178835836195160501 initiating runtime at bind_http=0.0.0.0:18081 bind_internal=0.0.0.0:19081 advertised_internal=63.33.67.241:19081
[2026-09-02T14:13:34.489Z INFO  gresse::object_storage] object storage connection established: backend=s3, bucket=gresse-geo-035351467464-20260902122609-1c973c, region=eu-north-1, endpoint=AWS default endpoint resolution, first_operation=get, object_path=acm-sec-geo-churn-20260902T141220Z-2ff0c4b6/persistent.json
[2026-09-02T14:13:34.556Z INFO  gresse::replica] replica 178835836195160501 discovered 11 membership descriptors during init
[2026-09-02T14:13:34.556Z INFO  gresse::replica] replica 178835836195160501 startup completed
[2026-09-02T14:13:34.556Z INFO  gresse::network] replica 178835836195160501 discovered network member NetworkMember { pid: 178835836089857601, address: 13.48.31.196:19080, final_counter: None }
[2026-09-02T14:13:34.556Z INFO  gresse::network] replica 178835836195160501 discovered network member NetworkMember { pid: 178835836089858601, address: 13.48.31.196:19081, final_counter: None }
[2026-09-02T14:13:34.556Z INFO  gresse::network] replica 178835836195160501 discovered network member NetworkMember { pid: 178835836089859601, address: 13.48.31.196:19082, final_counter: None }
[2026-09-02T14:13:34.556Z INFO  gresse::network] replica 178835836195160501 discovered network member NetworkMember { pid: 178835836128988901, address: 3.71.184.22:19080, final_counter: None }
[2026-09-02T14:13:34.556Z INFO  gresse::network] replica 178835836195160501 discovered network member NetworkMember { pid: 178835836128989901, address: 3.71.184.22:19081, final_counter: None }
[2026-09-02T14:13:34.556Z INFO  gresse::network] replica 178835836195160501 registered bidirectional network channel for replica 178835836374678601
[2026-09-02T14:13:34.556Z INFO  gresse::network] replica 178835836195160501 discovered network member NetworkMember { pid: 178835836195159501, address: 63.33.67.241:19080, final_counter: None }
[2026-09-02T14:13:34.556Z INFO  gresse::network] replica 178835836195160501 discovered network member NetworkMember { pid: 178835836297159901, address: 18.169.194.24:19080, final_counter: None }
[2026-09-02T14:13:34.556Z INFO  gresse::network] replica 178835836195160501 discovered network member NetworkMember { pid: 178835836297160901, address: 18.169.194.24:19081, final_counter: None }
[2026-09-02T14:13:34.556Z INFO  gresse::network] replica 178835836195160501 discovered network member NetworkMember { pid: 178835836374677601, address: 13.38.27.31:19080, final_counter: None }
[2026-09-02T14:13:34.556Z INFO  gresse::replica] replica 178835836195160501 established peer replication connection with replica 178835836374678601
[2026-09-02T14:13:34.556Z INFO  gresse::network] replica 178835836195160501 registered bidirectional network channel for replica 178835836195159501
[2026-09-02T14:13:34.556Z INFO  gresse::replica] replica 178835836195160501 established peer replication connection with replica 178835836195159501
[2026-09-02T14:13:34.563Z INFO  gresse::network] replica 178835836195160501 registered bidirectional network channel for replica 178835836089859601
[2026-09-02T14:13:34.563Z INFO  gresse::replica] replica 178835836195160501 established peer replication connection with replica 178835836089859601
[2026-09-02T14:13:34.575Z INFO  gresse::network] replica 178835836195160501 registered bidirectional network channel for replica 178835836297160901
[2026-09-02T14:13:34.575Z INFO  gresse::replica] replica 178835836195160501 established peer replication connection with replica 178835836297160901
[2026-09-02T14:13:34.575Z INFO  gresse::network] replica 178835836195160501 registered bidirectional network channel for replica 178835836297159901
[2026-09-02T14:13:34.575Z INFO  gresse::replica] replica 178835836195160501 established peer replication connection with replica 178835836297159901
[2026-09-02T14:13:34.590Z INFO  gresse::network] replica 178835836195160501 registered bidirectional network channel for replica 178835836374677601
[2026-09-02T14:13:34.590Z INFO  gresse::replica] replica 178835836195160501 established peer replication connection with replica 178835836374677601
[2026-09-02T14:13:34.596Z INFO  gresse::network] replica 178835836195160501 registered bidirectional network channel for replica 178835836128989901
[2026-09-02T14:13:34.596Z INFO  gresse::replica] replica 178835836195160501 established peer replication connection with replica 178835836128989901
[2026-09-02T14:13:34.596Z INFO  gresse::network] replica 178835836195160501 registered bidirectional network channel for replica 178835836128988901
[2026-09-02T14:13:34.596Z INFO  gresse::replica] replica 178835836195160501 established peer replication connection with replica 178835836128988901
[2026-09-02T14:13:34.625Z INFO  gresse::network] replica 178835836195160501 registered bidirectional network channel for replica 178835836297161901
[2026-09-02T14:13:34.625Z INFO  gresse::replica] replica 178835836195160501 established peer replication connection with replica 178835836297161901
[2026-09-02T14:13:34.636Z INFO  gresse::replica] replica 178835836195160501 established peer replication connection with replica 178835836128990901
[2026-09-02T14:13:34.636Z INFO  gresse::network] replica 178835836195160501 registered bidirectional network channel for replica 178835836128990901
[2026-09-02T14:13:34.641Z INFO  gresse::network] replica 178835836195160501 registered bidirectional network channel for replica 178835836089858601
[2026-09-02T14:13:34.641Z INFO  gresse::replica] replica 178835836195160501 established peer replication connection with replica 178835836089858601
[2026-09-02T14:13:34.641Z INFO  gresse::network] replica 178835836195160501 registered bidirectional network channel for replica 178835836089857601
[2026-09-02T14:13:34.641Z INFO  gresse::replica] replica 178835836195160501 established peer replication connection with replica 178835836089857601
[2026-09-02T14:13:34.666Z INFO  gresse::network] replica 178835836195160501 registered bidirectional network channel for replica 178835836089860601
[2026-09-02T14:13:34.666Z INFO  gresse::replica] replica 178835836195160501 established peer replication connection with replica 178835836089860601
[2026-09-02T14:13:34.769Z INFO  gresse::network] replica 178835836195160501 registered bidirectional network channel for replica 178835836089861601
[2026-09-02T14:13:34.769Z INFO  gresse::replica] replica 178835836195160501 established peer replication connection with replica 178835836089861601
[2026-09-02T14:13:34.828Z INFO  gresse::network] replica 178835836195160501 registered bidirectional network channel for replica 178835836297162901
[2026-09-02T14:13:34.828Z INFO  gresse::replica] replica 178835836195160501 established peer replication connection with replica 178835836297162901
[2026-09-02T14:13:34.833Z INFO  gresse::replica] replica 178835836195160501 established peer replication connection with replica 178835836128991901
[2026-09-02T14:13:34.833Z INFO  gresse::network] replica 178835836195160501 registered bidirectional network channel for replica 178835836128991901
[2026-09-02T14:13:34.862Z INFO  gresse::network] replica 178835836195160501 registered bidirectional network channel for replica 178835836195161501
[2026-09-02T14:13:34.862Z INFO  gresse::replica] replica 178835836195160501 established peer replication connection with replica 178835836195161501
[2026-09-02T14:13:34.882Z INFO  gresse::replica] replica 178835836195160501 established peer replication connection with replica 178835836374679601
[2026-09-02T14:13:34.882Z INFO  gresse::network] replica 178835836195160501 registered bidirectional network channel for replica 178835836374679601
[2026-09-02T14:13:35.024Z INFO  gresse::network] replica 178835836195160501 registered bidirectional network channel for replica 178835836297163901
[2026-09-02T14:13:35.024Z INFO  gresse::replica] replica 178835836195160501 established peer replication connection with replica 178835836297163901
[2026-09-02T14:13:35.031Z INFO  gresse::network] replica 178835836195160501 registered bidirectional network channel for replica 178835836128992901
[2026-09-02T14:13:35.031Z INFO  gresse::replica] replica 178835836195160501 established peer replication connection with replica 178835836128992901
[2026-09-02T14:13:35.155Z INFO  gresse::network] replica 178835836195160501 registered bidirectional network channel for replica 178835836195162501
[2026-09-02T14:13:35.155Z INFO  gresse::replica] replica 178835836195160501 established peer replication connection with replica 178835836195162501
[2026-09-02T14:13:35.158Z INFO  gresse::network] replica 178835836195160501 registered bidirectional network channel for replica 178835836374680601
[2026-09-02T14:13:35.158Z INFO  gresse::replica] replica 178835836195160501 established peer replication connection with replica 178835836374680601
[2026-09-02T14:13:35.462Z INFO  gresse::network] replica 178835836195160501 registered bidirectional network channel for replica 178835836374681601
[2026-09-02T14:13:35.462Z INFO  gresse::replica] replica 178835836195160501 established peer replication connection with replica 178835836374681601
[2026-09-02T14:13:35.469Z INFO  gresse::network] replica 178835836195160501 registered bidirectional network channel for replica 178835836195163501
[2026-09-02T14:13:35.469Z INFO  gresse::replica] replica 178835836195160501 established peer replication connection with replica 178835836195163501
[2026-09-02T14:14:34.395Z INFO  gresse::replica] replica 178835836195160501 observed shutdown descriptor for replica 178835836089857601 with final counter Some(58)
[2026-09-02T14:14:34.589Z INFO  gresse::replica] replica 178835836195160501 observed shutdown descriptor for replica 178835836089858601 with final counter Some(58)
[2026-09-02T14:14:34.704Z INFO  gresse::replica] replica 178835836195160501 observed shutdown descriptor for replica 178835836089859601 with final counter Some(58)
[2026-09-02T14:14:46.557Z WARN  gresse::network] peer connection write failed: Broken pipe (os error 32)
[2026-09-02T14:14:52.558Z WARN  gresse::network] peer connection write failed: Broken pipe (os error 32)
[2026-09-02T14:15:17.557Z WARN  gresse::replica] replica 178835836195160501 deferred pull request to peer 178835836089861601: channel closed
[2026-09-02T14:15:33.557Z WARN  gresse::network] peer connection write failed: Broken pipe (os error 32)
[2026-09-02T14:15:34.222Z INFO  gresse::network] replica 178835836195160501 registered bidirectional network channel for replica 178835836089857602
[2026-09-02T14:15:34.222Z INFO  gresse::replica] replica 178835836195160501 established peer replication connection with replica 178835836089857602
[2026-09-02T14:15:34.343Z INFO  gresse::network] replica 178835836195160501 registered bidirectional network channel for replica 178835836089858602
[2026-09-02T14:15:34.343Z INFO  gresse::replica] replica 178835836195160501 established peer replication connection with replica 178835836089858602
[2026-09-02T14:15:34.532Z INFO  gresse::network] replica 178835836195160501 registered bidirectional network channel for replica 178835836089859602
[2026-09-02T14:15:34.532Z INFO  gresse::replica] replica 178835836195160501 established peer replication connection with replica 178835836089859602
[2026-09-02T14:15:40.557Z WARN  gresse::replica] replica 178835836195160501 deferred pull request to peer 178835836089860601: channel closed
[2026-09-02T14:15:50.557Z WARN  gresse::replica] replica 178835836195160501 deferred pull request to peer 178835836128988901: channel closed
