[2026-04-30T11:13:00.382Z INFO  gresse::http_server] running CRDT HTTP server
[2026-04-30T11:13:00.383Z INFO  gresse::http_server] listening for HTTP on 127.0.0.1:18885
[2026-04-30T11:13:00.911Z INFO  gresse::replica] replica 5 initiating runtime at http=127.0.0.1:18885 internal=127.0.0.1:19885
[2026-04-30T11:13:00.983Z INFO  gresse::object_storage] object storage connection established: bucket=gresse, region=us-east-1, endpoint=http://127.0.0.1:9000, first_operation=put-create, object_path=experiment1/replicas_8/membership/5,127.0.0.1:19885,0
[2026-04-30T11:13:01.097Z INFO  gresse::replica] replica 5 discovered 5 membership descriptors during init
[2026-04-30T11:13:01.098Z INFO  gresse::replica] replica 5 startup completed
[2026-04-30T11:13:01.162Z INFO  gresse::network] replica 5 completed network handshake with replica 1
[2026-04-30T11:13:01.162Z INFO  gresse::network] replica 5 registered bidirectional network channel for replica 1
[2026-04-30T11:13:01.162Z INFO  gresse::replica] replica 5 established peer replication connection with replica 1
[2026-04-30T11:13:01.250Z INFO  gresse::network] replica 5 completed network handshake with replica 2
[2026-04-30T11:13:01.250Z INFO  gresse::network] replica 5 registered bidirectional network channel for replica 2
[2026-04-30T11:13:01.250Z INFO  gresse::replica] replica 5 established peer replication connection with replica 2
[2026-04-30T11:13:01.452Z INFO  gresse::network] replica 5 completed network handshake with replica 3
[2026-04-30T11:13:01.452Z INFO  gresse::network] replica 5 registered bidirectional network channel for replica 3
[2026-04-30T11:13:01.452Z INFO  gresse::replica] replica 5 established peer replication connection with replica 3
[2026-04-30T11:13:01.686Z INFO  gresse::network] replica 5 completed network handshake with replica 4
[2026-04-30T11:13:01.686Z INFO  gresse::network] replica 5 registered bidirectional network channel for replica 4
[2026-04-30T11:13:01.686Z INFO  gresse::replica] replica 5 established peer replication connection with replica 4
[2026-04-30T11:13:02.970Z INFO  gresse::network] replica 5 discovered network member NetworkMember { pid: 6, address: 127.0.0.1:19886, final_counter: None }
[2026-04-30T11:13:02.970Z INFO  gresse::network] replica 5 completed network handshake with replica 6
[2026-04-30T11:13:02.971Z INFO  gresse::network] replica 5 registered bidirectional network channel for replica 6
[2026-04-30T11:13:02.972Z INFO  gresse::replica] replica 5 established peer replication connection with replica 6
[2026-04-30T11:13:03.970Z INFO  gresse::network] replica 5 discovered network member NetworkMember { pid: 7, address: 127.0.0.1:19887, final_counter: None }
[2026-04-30T11:13:03.970Z INFO  gresse::network] replica 5 completed network handshake with replica 7
[2026-04-30T11:13:03.970Z INFO  gresse::network] replica 5 registered bidirectional network channel for replica 7
[2026-04-30T11:13:03.972Z INFO  gresse::replica] replica 5 established peer replication connection with replica 7
[2026-04-30T11:13:04.972Z INFO  gresse::network] replica 5 discovered network member NetworkMember { pid: 8, address: 127.0.0.1:19888, final_counter: None }
[2026-04-30T11:13:04.972Z INFO  gresse::network] replica 5 completed network handshake with replica 8
[2026-04-30T11:13:04.972Z INFO  gresse::network] replica 5 registered bidirectional network channel for replica 8
[2026-04-30T11:13:04.979Z INFO  gresse::replica] replica 5 established peer replication connection with replica 8
[2026-04-30T11:13:14.722Z ERROR gresse::http_server] http server connection error for 127.0.0.1:61398
[2026-04-30T11:13:15.890Z ERROR gresse::http_server] http server connection error for 127.0.0.1:59177

thread 'tokio-rt-worker' (7167518) panicked at src/replica.rs:777:14:
failed to send confirmation: Ok(Ok(Acknowledged))
note: run with `RUST_BACKTRACE=1` environment variable to display a backtrace

thread 'tokio-rt-worker' (7167510) panicked at src/http_server.rs:146:27:
Server failed to handle the message: RecvError(())

thread 'tokio-rt-worker' (7167514) panicked at src/http_server.rs:146:27:
Server failed to handle the message: RecvError(())

thread 'tokio-rt-worker' (7167505) panicked at src/http_server.rs:146:27:
Server failed to handle the message: RecvError(())

thread 'tokio-rt-worker' (7167516) panicked at src/http_server.rs:146:27:
Server failed to handle the message: RecvError(())

thread 'tokio-rt-worker' (7167517) panicked at src/http_server.rs:146:27:
Server failed to handle the message: RecvError(())

thread 'tokio-rt-worker' (7167513) panicked at src/http_server.rs:146:27:
Server failed to handle the message: RecvError(())

thread 'tokio-rt-worker' (7167515) panicked at src/http_server.rs:146:27:
Server failed to handle the message: RecvError(())

thread 'tokio-rt-worker' (7167512) panicked at src/http_server.rs:146:27:
Server failed to handle the message: RecvError(())
[2026-04-30T11:13:17.179Z INFO  gresse::http_server] http server received shutdown signal
[2026-04-30T11:13:17.179Z INFO  gresse::http_server] http server shutdown complete
Error: JoinError::Panic(Id(28), "failed to send confirmation: Ok(Ok(Acknowledged))", ...)
