[2026-04-30T11:13:04.037Z INFO  gresse::http_server] running CRDT HTTP server
[2026-04-30T11:13:04.037Z INFO  gresse::http_server] listening for HTTP on 127.0.0.1:18888
[2026-04-30T11:13:04.687Z INFO  gresse::replica] replica 8 initiating runtime at http=127.0.0.1:18888 internal=127.0.0.1:19888
[2026-04-30T11:13:04.759Z INFO  gresse::object_storage] object storage connection established: bucket=gresse, region=us-east-1, endpoint=http://127.0.0.1:9000, first_operation=put-create, object_path=experiment1/replicas_8/membership/8,127.0.0.1:19888,0
[2026-04-30T11:13:04.878Z INFO  gresse::replica] replica 8 discovered 8 membership descriptors during init
[2026-04-30T11:13:04.878Z INFO  gresse::replica] replica 8 startup completed
[2026-04-30T11:13:04.972Z INFO  gresse::network] replica 8 completed network handshake with replica 5
[2026-04-30T11:13:04.973Z INFO  gresse::network] replica 8 registered bidirectional network channel for replica 5
[2026-04-30T11:13:04.973Z INFO  gresse::replica] replica 8 established peer replication connection with replica 5
[2026-04-30T11:13:17.136Z ERROR gresse::http_server] http server connection error for 127.0.0.1:51012

thread 'tokio-rt-worker' (7167702) panicked at src/replica.rs:777:14:
failed to send confirmation: Ok(Ok(Acknowledged))
note: run with `RUST_BACKTRACE=1` environment variable to display a backtrace

thread 'tokio-rt-worker' (7167700) panicked at src/http_server.rs:146:27:
Server failed to handle the message: RecvError(())

thread 'tokio-rt-worker' (7167697) panicked at src/http_server.rs:146:27:
Server failed to handle the message: RecvError(())

thread 'tokio-rt-worker' (7167689) panicked at src/http_server.rs:146:27:
Server failed to handle the message: RecvError(())

thread 'tokio-rt-worker' (7167696) panicked at src/http_server.rs:146:27:
Server failed to handle the message: RecvError(())

thread 'tokio-rt-worker' (7167699) panicked at src/http_server.rs:146:27:
Server failed to handle the message: RecvError(())

thread 'tokio-rt-worker' (7167698) panicked at src/http_server.rs:146:27:
Server failed to handle the message: RecvError(())

thread 'tokio-rt-worker' (7167693) panicked at src/http_server.rs:146:27:
Server failed to handle the message: RecvError(())
[2026-04-30T11:13:17.235Z INFO  gresse::http_server] http server received shutdown signal
[2026-04-30T11:13:17.235Z INFO  gresse::http_server] http server shutdown complete
Error: JoinError::Panic(Id(28), "failed to send confirmation: Ok(Ok(Acknowledged))", ...)
