[2026-04-30T11:12:56.635Z INFO  gresse::http_server] running CRDT HTTP server
[2026-04-30T11:12:56.636Z INFO  gresse::http_server] listening for HTTP on 127.0.0.1:18882
[2026-04-30T11:12:57.147Z INFO  gresse::replica] replica 2 initiating runtime at http=127.0.0.1:18882 internal=127.0.0.1:19882
[2026-04-30T11:12:57.213Z INFO  gresse::object_storage] object storage connection established: bucket=gresse, region=us-east-1, endpoint=http://127.0.0.1:9000, first_operation=put-create, object_path=experiment1/replicas_8/membership/2,127.0.0.1:19882,0
[2026-04-30T11:12:57.330Z INFO  gresse::replica] replica 2 discovered 2 membership descriptors during init
[2026-04-30T11:12:57.330Z INFO  gresse::replica] replica 2 startup completed
[2026-04-30T11:12:58.161Z INFO  gresse::network] replica 2 completed network handshake with replica 1
[2026-04-30T11:12:58.161Z INFO  gresse::network] replica 2 registered bidirectional network channel for replica 1
[2026-04-30T11:12:58.205Z INFO  gresse::replica] replica 2 established peer replication connection with replica 1
[2026-04-30T11:12:59.204Z INFO  gresse::network] replica 2 discovered network member NetworkMember { pid: 3, address: 127.0.0.1:19883, final_counter: None }
[2026-04-30T11:12:59.205Z INFO  gresse::network] replica 2 completed network handshake with replica 3
[2026-04-30T11:12:59.205Z INFO  gresse::network] replica 2 registered bidirectional network channel for replica 3
[2026-04-30T11:12:59.205Z INFO  gresse::replica] replica 2 established peer replication connection with replica 3
[2026-04-30T11:13:00.205Z INFO  gresse::network] replica 2 discovered network member NetworkMember { pid: 4, address: 127.0.0.1:19884, final_counter: None }
[2026-04-30T11:13:00.206Z INFO  gresse::network] replica 2 completed network handshake with replica 4
[2026-04-30T11:13:00.206Z INFO  gresse::network] replica 2 registered bidirectional network channel for replica 4
[2026-04-30T11:13:00.206Z INFO  gresse::replica] replica 2 established peer replication connection with replica 4
[2026-04-30T11:13:01.249Z INFO  gresse::network] replica 2 discovered network member NetworkMember { pid: 5, address: 127.0.0.1:19885, final_counter: None }
[2026-04-30T11:13:01.250Z INFO  gresse::network] replica 2 completed network handshake with replica 5
[2026-04-30T11:13:01.250Z INFO  gresse::network] replica 2 registered bidirectional network channel for replica 5
[2026-04-30T11:13:01.252Z INFO  gresse::replica] replica 2 established peer replication connection with replica 5
[2026-04-30T11:13:03.205Z INFO  gresse::network] replica 2 discovered network member NetworkMember { pid: 6, address: 127.0.0.1:19886, final_counter: None }
[2026-04-30T11:13:03.205Z INFO  gresse::network] replica 2 completed network handshake with replica 6
[2026-04-30T11:13:03.205Z INFO  gresse::network] replica 2 registered bidirectional network channel for replica 6
[2026-04-30T11:13:03.207Z INFO  gresse::replica] replica 2 established peer replication connection with replica 6
[2026-04-30T11:13:04.210Z INFO  gresse::network] replica 2 discovered network member NetworkMember { pid: 7, address: 127.0.0.1:19887, final_counter: None }
[2026-04-30T11:13:04.210Z INFO  gresse::network] replica 2 completed network handshake with replica 7
[2026-04-30T11:13:04.210Z INFO  gresse::network] replica 2 registered bidirectional network channel for replica 7
[2026-04-30T11:13:04.213Z INFO  gresse::replica] replica 2 established peer replication connection with replica 7
[2026-04-30T11:13:06.785Z INFO  gresse::network] replica 2 discovered network member NetworkMember { pid: 8, address: 127.0.0.1:19888, final_counter: None }

thread 'tokio-rt-worker' (7167271) panicked at src/network.rs:177:14:
Failed to connect to new address: Os { code: 49, kind: AddrNotAvailable, message: "Can't assign requested address" }
note: run with `RUST_BACKTRACE=1` environment variable to display a backtrace

thread 'tokio-rt-worker' (7167286) panicked at src/replica.rs:531:18:
Failed to send network member: SendError { .. }

thread 'tokio-rt-worker' (7167282) panicked at src/http_server.rs:146:27:
Server failed to handle the message: RecvError(())

thread 'tokio-rt-worker' (7167279) panicked at src/http_server.rs:146:27:
Server failed to handle the message: RecvError(())

thread 'tokio-rt-worker' (7167271) panicked at src/http_server.rs:146:27:
Server failed to handle the message: RecvError(())

thread 'tokio-rt-worker' (7167281) panicked at src/http_server.rs:146:27:
Server failed to handle the message: RecvError(())

thread 'tokio-rt-worker' (7167285) panicked at src/http_server.rs:146:27:
Server failed to handle the message: RecvError(())

thread 'tokio-rt-worker' (7167276) panicked at src/http_server.rs:146:27:
Server failed to handle the message: RecvError(())
[2026-04-30T11:13:07.640Z INFO  gresse::http_server] http server received shutdown signal
[2026-04-30T11:13:07.640Z INFO  gresse::http_server] http server shutdown complete
Error: JoinError::Panic(Id(28), "Failed to send network member: SendError { .. }", ...)
