[2026-09-01T09:39:42.188Z INFO  gresse::http_server] running CRDT HTTP server
[2026-09-01T09:39:42.188Z INFO  gresse::http_server] listening for HTTP on 0.0.0.0:18080
[2026-09-01T09:39:42.216Z INFO  gresse::replica] replica 178825480843462703 initiating runtime at bind_http=0.0.0.0:18080 bind_internal=0.0.0.0:19080 advertised_internal=34.245.195.69:19080
[2026-09-01T09:39:42.381Z INFO  gresse::object_storage] object storage connection established: backend=s3, bucket=gresse-geo-035351467464-20260901084800-ec90d0, region=eu-north-1, endpoint=AWS default endpoint resolution, first_operation=put-create, object_path=acm-sec-geo-churn-20260901T092623Z-21106dd4/membership/178825480843462703,34.245.195.69:19080,6
[2026-09-01T09:39:42.554Z INFO  gresse::replica] replica 178825480843462703 restored local state from durability journal before startup
[2026-09-01T09:39:42.554Z INFO  gresse::replica] replica 178825480843462703 discovered 66 membership descriptors during init
[2026-09-01T09:39:42.554Z INFO  gresse::replica] replica 178825480843462703 startup completed
[2026-09-01T09:39:42.554Z INFO  gresse::network] replica 178825480843462703 discovered network member NetworkMember { pid: 178825480714263203, address: 16.170.108.158:19080, final_counter: None }
[2026-09-01T09:39:42.554Z INFO  gresse::network] replica 178825480843462703 discovered network member NetworkMember { pid: 178825480714264203, address: 16.170.108.158:19081, final_counter: None }
[2026-09-01T09:39:42.554Z INFO  gresse::network] replica 178825480843462703 discovered network member NetworkMember { pid: 178825480714265203, address: 16.170.108.158:19082, final_counter: None }
[2026-09-01T09:39:42.554Z INFO  gresse::network] replica 178825480843462703 discovered network member NetworkMember { pid: 178825480714266203, address: 16.170.108.158:19083, final_counter: None }
[2026-09-01T09:39:42.554Z INFO  gresse::network] replica 178825480843462703 discovered network member NetworkMember { pid: 178825480714267203, address: 16.170.108.158:19084, final_counter: None }
[2026-09-01T09:39:42.554Z INFO  gresse::network] replica 178825480843462703 discovered network member NetworkMember { pid: 178825480759179603, address: 3.68.220.182:19080, final_counter: None }
[2026-09-01T09:39:42.554Z INFO  gresse::network] replica 178825480843462703 discovered network member NetworkMember { pid: 178825480759182602, address: 3.68.220.182:19083, final_counter: None }
[2026-09-01T09:39:42.554Z INFO  gresse::network] replica 178825480843462703 discovered network member NetworkMember { pid: 178825480759183602, address: 3.68.220.182:19084, final_counter: None }
[2026-09-01T09:39:42.554Z INFO  gresse::network] replica 178825480843462703 discovered network member NetworkMember { pid: 178825480843462702, address: 34.245.195.69:19080, final_counter: None }
[2026-09-01T09:39:42.554Z INFO  gresse::network] replica 178825480843462703 discovered network member NetworkMember { pid: 178825480843463702, address: 34.245.195.69:19081, final_counter: None }
[2026-09-01T09:39:42.554Z INFO  gresse::network] replica 178825480843462703 discovered network member NetworkMember { pid: 178825480843464702, address: 34.245.195.69:19082, final_counter: None }
[2026-09-01T09:39:42.554Z INFO  gresse::network] replica 178825480843462703 discovered network member NetworkMember { pid: 178825480843465702, address: 34.245.195.69:19083, final_counter: None }
[2026-09-01T09:39:42.554Z INFO  gresse::network] replica 178825480843462703 registered bidirectional network channel for replica 178825480957158902
[2026-09-01T09:39:42.554Z INFO  gresse::network] replica 178825480843462703 discovered network member NetworkMember { pid: 178825480843466702, address: 34.245.195.69:19084, final_counter: None }
[2026-09-01T09:39:42.554Z INFO  gresse::network] replica 178825480843462703 discovered network member NetworkMember { pid: 178825480957157902, address: 18.130.228.25:19080, final_counter: None }
[2026-09-01T09:39:42.554Z INFO  gresse::network] replica 178825480843462703 discovered network member NetworkMember { pid: 178825480957159902, address: 18.130.228.25:19082, final_counter: None }
[2026-09-01T09:39:42.554Z INFO  gresse::network] replica 178825480843462703 discovered network member NetworkMember { pid: 178825480957160902, address: 18.130.228.25:19083, final_counter: None }
[2026-09-01T09:39:42.554Z INFO  gresse::network] replica 178825480843462703 discovered network member NetworkMember { pid: 178825480957161902, address: 18.130.228.25:19084, final_counter: None }
[2026-09-01T09:39:42.554Z INFO  gresse::network] replica 178825480843462703 discovered network member NetworkMember { pid: 178825481046239402, address: 13.38.41.188:19080, final_counter: None }
[2026-09-01T09:39:42.554Z INFO  gresse::network] replica 178825480843462703 discovered network member NetworkMember { pid: 178825481046240402, address: 13.38.41.188:19081, final_counter: None }
[2026-09-01T09:39:42.554Z INFO  gresse::network] replica 178825480843462703 discovered network member NetworkMember { pid: 178825481046241402, address: 13.38.41.188:19082, final_counter: None }
[2026-09-01T09:39:42.555Z INFO  gresse::network] replica 178825480843462703 discovered network member NetworkMember { pid: 178825481046242402, address: 13.38.41.188:19083, final_counter: None }
[2026-09-01T09:39:42.555Z INFO  gresse::network] replica 178825480843462703 registered bidirectional network channel for replica 178825480714264203
[2026-09-01T09:39:42.555Z INFO  gresse::network] replica 178825480843462703 discovered network member NetworkMember { pid: 178825481046243402, address: 13.38.41.188:19084, final_counter: None }
[2026-09-01T09:39:42.555Z INFO  gresse::replica] replica 178825480843462703 established peer replication connection with replica 178825480957158902
[2026-09-01T09:39:42.555Z INFO  gresse::replica] replica 178825480843462703 established peer replication connection with replica 178825480714264203
[2026-09-01T09:39:42.555Z INFO  gresse::network] replica 178825480843462703 registered bidirectional network channel for replica 178825480759179603
[2026-09-01T09:39:42.555Z INFO  gresse::replica] replica 178825480843462703 established peer replication connection with replica 178825480759179603
[2026-09-01T09:39:42.555Z INFO  gresse::network] replica 178825480843462703 registered bidirectional network channel for replica 178825480843462703
[2026-09-01T09:39:42.555Z INFO  gresse::replica] replica 178825480843462703 established peer replication connection with replica 178825480843462703
[2026-09-01T09:39:42.555Z WARN  gresse::network] replica 178825480843462703 rejected peer handshake: expected 178825480843462702, received 178825480843462703
[2026-09-01T09:39:42.555Z INFO  gresse::network] replica 178825480843462703 registered bidirectional network channel for replica 178825480843463702
[2026-09-01T09:39:42.555Z INFO  gresse::replica] replica 178825480843462703 established peer replication connection with replica 178825480843463702
[2026-09-01T09:39:42.555Z INFO  gresse::network] replica 178825480843462703 registered bidirectional network channel for replica 178825480843465702
[2026-09-01T09:39:42.555Z INFO  gresse::replica] replica 178825480843462703 established peer replication connection with replica 178825480843465702
[2026-09-01T09:39:42.556Z INFO  gresse::network] replica 178825480843462703 registered bidirectional network channel for replica 178825480843466702
[2026-09-01T09:39:42.556Z INFO  gresse::network] replica 178825480843462703 registered bidirectional network channel for replica 178825480843464702
[2026-09-01T09:39:42.556Z INFO  gresse::replica] replica 178825480843462703 established peer replication connection with replica 178825480843466702
[2026-09-01T09:39:42.556Z INFO  gresse::replica] replica 178825480843462703 established peer replication connection with replica 178825480843464702
[2026-09-01T09:39:42.574Z INFO  gresse::network] replica 178825480843462703 registered bidirectional network channel for replica 178825480957161902
[2026-09-01T09:39:42.574Z INFO  gresse::replica] replica 178825480843462703 established peer replication connection with replica 178825480957161902
[2026-09-01T09:39:42.574Z INFO  gresse::network] replica 178825480843462703 registered bidirectional network channel for replica 178825480957157902
[2026-09-01T09:39:42.574Z INFO  gresse::replica] replica 178825480843462703 established peer replication connection with replica 178825480957157902
[2026-09-01T09:39:42.574Z WARN  gresse::network] replica 178825480843462703 peer connection attempt failed: could not connect to 3.68.220.182:19083: Connection refused (os error 111)
[2026-09-01T09:39:42.574Z WARN  gresse::network] replica 178825480843462703 peer connection attempt failed: could not connect to 3.68.220.182:19084: Connection refused (os error 111)
[2026-09-01T09:39:42.576Z INFO  gresse::network] replica 178825480843462703 registered bidirectional network channel for replica 178825480957159902
[2026-09-01T09:39:42.576Z INFO  gresse::replica] replica 178825480843462703 established peer replication connection with replica 178825480957159902
[2026-09-01T09:39:42.576Z INFO  gresse::network] replica 178825480843462703 registered bidirectional network channel for replica 178825480957160902
[2026-09-01T09:39:42.576Z INFO  gresse::replica] replica 178825480843462703 established peer replication connection with replica 178825480957160902
[2026-09-01T09:39:42.589Z INFO  gresse::network] replica 178825480843462703 registered bidirectional network channel for replica 178825481046243402
[2026-09-01T09:39:42.589Z INFO  gresse::replica] replica 178825480843462703 established peer replication connection with replica 178825481046243402
[2026-09-01T09:39:42.589Z INFO  gresse::network] replica 178825480843462703 registered bidirectional network channel for replica 178825481046240402
[2026-09-01T09:39:42.589Z INFO  gresse::replica] replica 178825480843462703 established peer replication connection with replica 178825481046240402
[2026-09-01T09:39:42.589Z INFO  gresse::network] replica 178825480843462703 registered bidirectional network channel for replica 178825481046241402
[2026-09-01T09:39:42.589Z INFO  gresse::replica] replica 178825480843462703 established peer replication connection with replica 178825481046241402
[2026-09-01T09:39:42.589Z INFO  gresse::network] replica 178825480843462703 registered bidirectional network channel for replica 178825481046239402
[2026-09-01T09:39:42.589Z INFO  gresse::replica] replica 178825480843462703 established peer replication connection with replica 178825481046239402
[2026-09-01T09:39:42.589Z INFO  gresse::network] replica 178825480843462703 registered bidirectional network channel for replica 178825481046242402
[2026-09-01T09:39:42.589Z INFO  gresse::replica] replica 178825480843462703 established peer replication connection with replica 178825481046242402
[2026-09-01T09:39:42.639Z INFO  gresse::network] replica 178825480843462703 registered bidirectional network channel for replica 178825480714263203
[2026-09-01T09:39:42.639Z INFO  gresse::replica] replica 178825480843462703 established peer replication connection with replica 178825480714263203
[2026-09-01T09:39:42.639Z INFO  gresse::network] replica 178825480843462703 registered bidirectional network channel for replica 178825480714265203
[2026-09-01T09:39:42.639Z INFO  gresse::replica] replica 178825480843462703 established peer replication connection with replica 178825480714265203
[2026-09-01T09:39:42.639Z INFO  gresse::network] replica 178825480843462703 registered bidirectional network channel for replica 178825480714266203
[2026-09-01T09:39:42.639Z INFO  gresse::replica] replica 178825480843462703 established peer replication connection with replica 178825480714266203
[2026-09-01T09:39:42.640Z INFO  gresse::network] replica 178825480843462703 registered bidirectional network channel for replica 178825480714267203
[2026-09-01T09:39:42.640Z INFO  gresse::replica] replica 178825480843462703 established peer replication connection with replica 178825480714267203
[2026-09-01T09:39:43.031Z INFO  gresse::network] replica 178825480843462703 registered bidirectional network channel for replica 178825480759180603
[2026-09-01T09:39:43.031Z INFO  gresse::replica] replica 178825480843462703 established peer replication connection with replica 178825480759180603
[2026-09-01T09:39:43.668Z INFO  gresse::network] replica 178825480843462703 registered bidirectional network channel for replica 178825480759181603
[2026-09-01T09:39:43.668Z INFO  gresse::replica] replica 178825480843462703 established peer replication connection with replica 178825480759181603
[2026-09-01T09:39:44.278Z INFO  gresse::network] replica 178825480843462703 registered bidirectional network channel for replica 178825480759182603
[2026-09-01T09:39:44.278Z INFO  gresse::replica] replica 178825480843462703 established peer replication connection with replica 178825480759182603
[2026-09-01T09:39:44.802Z INFO  gresse::network] replica 178825480843462703 registered bidirectional network channel for replica 178825480759183603
[2026-09-01T09:39:44.802Z INFO  gresse::replica] replica 178825480843462703 established peer replication connection with replica 178825480759183603
[2026-09-01T09:39:47.412Z INFO  gresse::replica] replica 178825480843462703 observed shutdown descriptor for replica 178825480759179602 with final counter Some(1557)
[2026-09-01T09:39:47.840Z INFO  gresse::replica] replica 178825480843462703 observed shutdown descriptor for replica 178825480759180602 with final counter Some(841)
[2026-09-01T09:39:47.987Z INFO  gresse::replica] replica 178825480843462703 observed shutdown descriptor for replica 178825480759181602 with final counter Some(839)
[2026-09-01T09:39:55.555Z WARN  gresse::network] peer connection write failed: Broken pipe (os error 32)
[2026-09-01T09:40:47.277Z INFO  gresse::replica] replica 178825480843462703 observed shutdown descriptor for replica 178825480843463702 with final counter Some(1287)
[2026-09-01T09:40:47.427Z INFO  gresse::replica] replica 178825480843462703 observed shutdown descriptor for replica 178825480843464702 with final counter Some(870)
[2026-09-01T09:40:47.578Z INFO  gresse::replica] replica 178825480843462703 observed shutdown descriptor for replica 178825480843465702 with final counter Some(869)
[2026-09-01T09:40:49.555Z WARN  gresse::network] peer connection write failed: Broken pipe (os error 32)
[2026-09-01T09:40:53.555Z WARN  gresse::replica] replica 178825480843462703 deferred pull request to peer 178825480843462703: channel closed
[2026-09-01T09:41:00.555Z WARN  gresse::network] peer connection write failed: Broken pipe (os error 32)
[2026-09-01T09:41:03.555Z WARN  gresse::replica] replica 178825480843462703 deferred pull request to peer 178825480843466702: channel closed
[2026-09-01T09:41:07.555Z WARN  gresse::replica] replica 178825480843462703 deferred pull request to peer 178825480759179603: channel closed
[2026-09-01T09:41:36.555Z WARN  gresse::network] peer connection write failed: Broken pipe (os error 32)
[2026-09-01T09:41:42.276Z INFO  gresse::network] replica 178825480843462703 discovered network member NetworkMember { pid: 178825480843463703, address: 34.245.195.69:19081, final_counter: None }
[2026-09-01T09:41:42.493Z INFO  gresse::network] replica 178825480843462703 registered bidirectional network channel for replica 178825480957157903
[2026-09-01T09:41:42.493Z INFO  gresse::replica] replica 178825480843462703 established peer replication connection with replica 178825480957157903
[2026-09-01T09:41:42.691Z INFO  gresse::network] replica 178825480843462703 registered bidirectional network channel for replica 178825480843463703
[2026-09-01T09:41:42.691Z INFO  gresse::replica] replica 178825480843462703 established peer replication connection with replica 178825480843463703
[2026-09-01T09:41:42.981Z INFO  gresse::network] replica 178825480843462703 registered bidirectional network channel for replica 178825480957158903
[2026-09-01T09:41:42.981Z INFO  gresse::replica] replica 178825480843462703 established peer replication connection with replica 178825480957158903
[2026-09-01T09:41:43.392Z INFO  gresse::network] replica 178825480843462703 registered bidirectional network channel for replica 178825480843464703
[2026-09-01T09:41:43.392Z INFO  gresse::replica] replica 178825480843462703 established peer replication connection with replica 178825480843464703
[2026-09-01T09:41:44.100Z INFO  gresse::network] replica 178825480843462703 registered bidirectional network channel for replica 178825480843465703
[2026-09-01T09:41:44.101Z INFO  gresse::replica] replica 178825480843462703 established peer replication connection with replica 178825480843465703
[2026-09-01T09:41:44.783Z INFO  gresse::network] replica 178825480843462703 registered bidirectional network channel for replica 178825480843466703
[2026-09-01T09:41:44.783Z INFO  gresse::replica] replica 178825480843462703 established peer replication connection with replica 178825480843466703
[2026-09-01T09:42:07.555Z WARN  gresse::replica] replica 178825480843462703 deferred pull request to peer 178825480957158902: channel closed
[2026-09-01T09:42:24.555Z WARN  gresse::network] peer connection write failed: Broken pipe (os error 32)
[2026-09-01T09:42:42.555Z WARN  gresse::replica] replica 178825480843462703 deferred pull request to peer 178825480957157902: channel closed
[2026-09-01T09:42:47.276Z INFO  gresse::replica] replica 178825480843462703 observed shutdown descriptor for replica 178825480957159902 with final counter Some(1237)
[2026-09-01T09:42:47.733Z INFO  gresse::replica] replica 178825480843462703 observed shutdown descriptor for replica 178825480957160902 with final counter Some(920)
[2026-09-01T09:42:48.012Z INFO  gresse::replica] replica 178825480843462703 observed shutdown descriptor for replica 178825480957161902 with final counter Some(923)
[2026-09-01T09:42:59.555Z WARN  gresse::network] peer connection write failed: Broken pipe (os error 32)
[2026-09-01T09:43:01.555Z WARN  gresse::network] peer connection write failed: Broken pipe (os error 32)
[2026-09-01T09:43:03.555Z WARN  gresse::replica] replica 178825480843462703 deferred pull request to peer 178825481046239402: channel closed
[2026-09-01T09:43:06.555Z WARN  gresse::network] peer connection write failed: Broken pipe (os error 32)
[2026-09-01T09:43:07.555Z WARN  gresse::replica] replica 178825480843462703 deferred pull request to peer 178825481046241402: channel closed
[2026-09-01T09:43:42.276Z INFO  gresse::network] replica 178825480843462703 discovered network member NetworkMember { pid: 178825480957159903, address: 18.130.228.25:19082, final_counter: None }
[2026-09-01T09:43:42.505Z INFO  gresse::network] replica 178825480843462703 registered bidirectional network channel for replica 178825480957159903
[2026-09-01T09:43:42.505Z INFO  gresse::replica] replica 178825480843462703 established peer replication connection with replica 178825480957159903
[2026-09-01T09:43:42.611Z INFO  gresse::network] replica 178825480843462703 registered bidirectional network channel for replica 178825481046239403
[2026-09-01T09:43:42.611Z INFO  gresse::replica] replica 178825480843462703 established peer replication connection with replica 178825481046239403
[2026-09-01T09:43:42.972Z INFO  gresse::network] replica 178825480843462703 registered bidirectional network channel for replica 178825480957160903
[2026-09-01T09:43:42.972Z INFO  gresse::replica] replica 178825480843462703 established peer replication connection with replica 178825480957160903
[2026-09-01T09:43:43.191Z INFO  gresse::network] replica 178825480843462703 registered bidirectional network channel for replica 178825481046240403
[2026-09-01T09:43:43.191Z INFO  gresse::replica] replica 178825480843462703 established peer replication connection with replica 178825481046240403
[2026-09-01T09:43:43.516Z INFO  gresse::network] replica 178825480843462703 registered bidirectional network channel for replica 178825480957161903
[2026-09-01T09:43:43.516Z INFO  gresse::replica] replica 178825480843462703 established peer replication connection with replica 178825480957161903
[2026-09-01T09:43:43.817Z INFO  gresse::network] replica 178825480843462703 registered bidirectional network channel for replica 178825481046241403
[2026-09-01T09:43:43.817Z INFO  gresse::replica] replica 178825480843462703 established peer replication connection with replica 178825481046241403
[2026-09-01T09:44:07.555Z WARN  gresse::replica] replica 178825480843462703 deferred pull request to peer 178825481046240402: channel closed
[2026-09-01T09:44:42.274Z INFO  gresse::replica] replica 178825480843462703 observed shutdown descriptor for replica 178825480714263203 with final counter Some(841)
[2026-09-01T09:44:47.277Z INFO  gresse::replica] replica 178825480843462703 observed shutdown descriptor for replica 178825481046242402 with final counter Some(1286)
[2026-09-01T09:44:47.614Z INFO  gresse::replica] replica 178825480843462703 observed shutdown descriptor for replica 178825481046243402 with final counter Some(1023)
[2026-09-01T09:45:08.556Z WARN  gresse::network] peer connection write failed: Broken pipe (os error 32)
[2026-09-01T09:45:33.555Z WARN  gresse::network] peer connection write failed: Broken pipe (os error 32)
[2026-09-01T09:45:42.278Z INFO  gresse::network] replica 178825480843462703 discovered network member NetworkMember { pid: 178825480714263204, address: 16.170.108.158:19080, final_counter: None }
[2026-09-01T09:45:42.278Z INFO  gresse::network] replica 178825480843462703 discovered network member NetworkMember { pid: 178825481046242403, address: 13.38.41.188:19083, final_counter: None }
[2026-09-01T09:45:42.363Z INFO  gresse::network] replica 178825480843462703 registered bidirectional network channel for replica 178825480714263204
[2026-09-01T09:45:42.363Z INFO  gresse::replica] replica 178825480843462703 established peer replication connection with replica 178825480714263204
[2026-09-01T09:45:42.914Z INFO  gresse::network] replica 178825480843462703 registered bidirectional network channel for replica 178825481046242403
[2026-09-01T09:45:42.914Z INFO  gresse::replica] replica 178825480843462703 established peer replication connection with replica 178825481046242403
[2026-09-01T09:45:42.955Z INFO  gresse::network] replica 178825480843462703 registered bidirectional network channel for replica 178825480714264204
[2026-09-01T09:45:42.955Z INFO  gresse::replica] replica 178825480843462703 established peer replication connection with replica 178825480714264204
[2026-09-01T09:45:43.371Z INFO  gresse::network] replica 178825480843462703 registered bidirectional network channel for replica 178825480714265204
[2026-09-01T09:45:43.371Z INFO  gresse::replica] replica 178825480843462703 established peer replication connection with replica 178825480714265204
[2026-09-01T09:45:43.566Z INFO  gresse::network] replica 178825480843462703 registered bidirectional network channel for replica 178825481046243403
[2026-09-01T09:45:43.566Z INFO  gresse::replica] replica 178825480843462703 established peer replication connection with replica 178825481046243403
[2026-09-01T09:45:43.806Z INFO  gresse::replica] replica 178825480843462703 established peer replication connection with replica 178825480714266204
[2026-09-01T09:45:43.806Z INFO  gresse::network] replica 178825480843462703 registered bidirectional network channel for replica 178825480714266204
[2026-09-01T09:45:47.555Z WARN  gresse::network] peer connection write failed: Broken pipe (os error 32)
[2026-09-01T09:45:50.555Z WARN  gresse::replica] replica 178825480843462703 deferred pull request to peer 178825480714264203: channel closed
[2026-09-01T09:45:52.555Z WARN  gresse::replica] replica 178825480843462703 deferred pull request to peer 178825480714266203: channel closed
[2026-09-01T09:46:00.555Z WARN  gresse::replica] replica 178825480843462703 deferred pull request to peer 178825480714265203: channel closed
[2026-09-01T09:46:42.418Z INFO  gresse::replica] replica 178825480843462703 observed shutdown descriptor for replica 178825480714267203 with final counter Some(1557)
[2026-09-01T09:46:47.284Z INFO  gresse::replica] replica 178825480843462703 observed shutdown descriptor for replica 178825480759179603 with final counter Some(846)
[2026-09-01T09:46:47.499Z INFO  gresse::replica] replica 178825480843462703 observed shutdown descriptor for replica 178825480759180603 with final counter Some(840)
[2026-09-01T09:47:06.555Z WARN  gresse::network] peer connection write failed: Broken pipe (os error 32)
[2026-09-01T09:47:08.555Z WARN  gresse::replica] replica 178825480843462703 deferred pull request to peer 178825480759183603: channel closed
[2026-09-01T09:47:19.555Z WARN  gresse::network] peer connection write failed: Broken pipe (os error 32)
[2026-09-01T09:47:42.280Z INFO  gresse::network] replica 178825480843462703 discovered network member NetworkMember { pid: 178825480714267204, address: 16.170.108.158:19084, final_counter: None }
[2026-09-01T09:47:42.280Z INFO  gresse::network] replica 178825480843462703 discovered network member NetworkMember { pid: 178825480759179604, address: 3.68.220.182:19080, final_counter: None }
[2026-09-01T09:47:42.384Z INFO  gresse::network] replica 178825480843462703 registered bidirectional network channel for replica 178825480714267204
[2026-09-01T09:47:42.384Z INFO  gresse::replica] replica 178825480843462703 established peer replication connection with replica 178825480714267204
[2026-09-01T09:47:42.518Z INFO  gresse::network] replica 178825480843462703 registered bidirectional network channel for replica 178825480759179604
[2026-09-01T09:47:42.518Z INFO  gresse::replica] replica 178825480843462703 established peer replication connection with replica 178825480759179604
[2026-09-01T09:47:43.004Z INFO  gresse::network] replica 178825480843462703 registered bidirectional network channel for replica 178825480759180604
[2026-09-01T09:47:43.004Z INFO  gresse::replica] replica 178825480843462703 established peer replication connection with replica 178825480759180604
[2026-09-01T09:47:43.695Z INFO  gresse::network] replica 178825480843462703 registered bidirectional network channel for replica 178825480759181604
[2026-09-01T09:47:43.695Z INFO  gresse::replica] replica 178825480843462703 established peer replication connection with replica 178825480759181604
[2026-09-01T09:47:44.326Z INFO  gresse::network] replica 178825480843462703 registered bidirectional network channel for replica 178825480759182604
[2026-09-01T09:47:44.326Z INFO  gresse::replica] replica 178825480843462703 established peer replication connection with replica 178825480759182604
[2026-09-01T09:47:44.998Z INFO  gresse::network] replica 178825480843462703 registered bidirectional network channel for replica 178825480759183604
[2026-09-01T09:47:44.998Z INFO  gresse::replica] replica 178825480843462703 established peer replication connection with replica 178825480759183604
[2026-09-01T09:48:20.555Z WARN  gresse::replica] replica 178825480843462703 deferred pull request to peer 178825480759181603: channel closed
[2026-09-01T09:48:42.044Z INFO  gresse::replica] shutdown signal received for replica 178825480843462703
[2026-09-01T09:48:42.044Z INFO  gresse::replica] replica 178825480843462703 shutting down with 25 connected writers
[2026-09-01T09:48:42.714Z INFO  gresse::http_server] http server received shutdown signal
[2026-09-01T09:48:42.714Z INFO  gresse::http_server] http server shutdown complete
[2026-09-01T09:48:42.714Z INFO  gresse::network] network manager for replica 178825480843462703 shutdown complete
