[2026-08-28T13:12:51.624Z INFO  gresse::http_server] running CRDT HTTP server
[2026-08-28T13:12:51.624Z INFO  gresse::http_server] listening for HTTP on 0.0.0.0:18084
[2026-08-28T13:12:51.652Z INFO  gresse::replica] replica 178792271589812101 initiating runtime at bind_http=0.0.0.0:18084 bind_internal=0.0.0.0:19084 advertised_internal=16.192.159.169:19084
[2026-08-28T13:12:51.686Z INFO  gresse::object_storage] object storage connection established: backend=s3, bucket=gresse-geo-035351467464-20260828124038-be821e, region=eu-north-1, endpoint=AWS default endpoint resolution, first_operation=get, object_path=acm-sec-geo-churn-smoke-20260828T131133Z-6f49edb6/persistent.json
[2026-08-28T13:12:51.711Z INFO  gresse::replica] replica 178792271589812101 discovered 14 membership descriptors during init
[2026-08-28T13:12:51.712Z INFO  gresse::replica] replica 178792271589812101 startup completed
[2026-08-28T13:12:51.712Z INFO  gresse::network] replica 178792271589812101 discovered network member NetworkMember { pid: 178792271589808101, address: 16.192.159.169:19080, final_counter: None }
[2026-08-28T13:12:51.712Z INFO  gresse::network] replica 178792271589812101 discovered network member NetworkMember { pid: 178792271589809101, address: 16.192.159.169:19081, final_counter: None }
[2026-08-28T13:12:51.712Z INFO  gresse::network] replica 178792271589812101 discovered network member NetworkMember { pid: 178792271589810101, address: 16.192.159.169:19082, final_counter: None }
[2026-08-28T13:12:51.712Z INFO  gresse::network] replica 178792271589812101 discovered network member NetworkMember { pid: 178792271589811101, address: 16.192.159.169:19083, final_counter: None }
[2026-08-28T13:12:51.712Z INFO  gresse::network] replica 178792271589812101 discovered network member NetworkMember { pid: 178792271633862701, address: 3.121.180.49:19080, final_counter: None }
[2026-08-28T13:12:51.712Z INFO  gresse::network] replica 178792271589812101 discovered network member NetworkMember { pid: 178792271633863701, address: 3.121.180.49:19081, final_counter: None }
[2026-08-28T13:12:51.712Z INFO  gresse::network] replica 178792271589812101 discovered network member NetworkMember { pid: 178792271633864701, address: 3.121.180.49:19082, final_counter: None }
[2026-08-28T13:12:51.712Z INFO  gresse::network] replica 178792271589812101 discovered network member NetworkMember { pid: 178792271704341601, address: 52.17.146.22:19080, final_counter: None }
[2026-08-28T13:12:51.712Z INFO  gresse::network] replica 178792271589812101 discovered network member NetworkMember { pid: 178792271704342601, address: 52.17.146.22:19081, final_counter: None }
[2026-08-28T13:12:51.712Z INFO  gresse::network] replica 178792271589812101 discovered network member NetworkMember { pid: 178792271814539401, address: 3.8.155.72:19080, final_counter: None }
[2026-08-28T13:12:51.712Z INFO  gresse::network] replica 178792271589812101 discovered network member NetworkMember { pid: 178792271814540401, address: 3.8.155.72:19081, final_counter: None }
[2026-08-28T13:12:51.712Z INFO  gresse::network] replica 178792271589812101 discovered network member NetworkMember { pid: 178792271903524701, address: 13.37.225.238:19080, final_counter: None }
[2026-08-28T13:12:51.712Z INFO  gresse::network] replica 178792271589812101 discovered network member NetworkMember { pid: 178792271903525701, address: 13.37.225.238:19081, final_counter: None }
[2026-08-28T13:12:51.712Z INFO  gresse::network] replica 178792271589812101 registered bidirectional network channel for replica 178792271589808101
[2026-08-28T13:12:51.712Z INFO  gresse::replica] replica 178792271589812101 established peer replication connection with replica 178792271589808101
[2026-08-28T13:12:51.712Z INFO  gresse::network] replica 178792271589812101 registered bidirectional network channel for replica 178792271589809101
[2026-08-28T13:12:51.712Z INFO  gresse::replica] replica 178792271589812101 established peer replication connection with replica 178792271589809101
[2026-08-28T13:12:51.712Z INFO  gresse::network] replica 178792271589812101 registered bidirectional network channel for replica 178792271589811101
[2026-08-28T13:12:51.713Z INFO  gresse::replica] replica 178792271589812101 established peer replication connection with replica 178792271589811101
[2026-08-28T13:12:51.713Z INFO  gresse::network] replica 178792271589812101 registered bidirectional network channel for replica 178792271589810101
[2026-08-28T13:12:51.713Z INFO  gresse::replica] replica 178792271589812101 established peer replication connection with replica 178792271589810101
[2026-08-28T13:12:51.759Z INFO  gresse::network] replica 178792271589812101 registered bidirectional network channel for replica 178792271633863701
[2026-08-28T13:12:51.759Z INFO  gresse::replica] replica 178792271589812101 established peer replication connection with replica 178792271633863701
[2026-08-28T13:12:51.759Z INFO  gresse::network] replica 178792271589812101 registered bidirectional network channel for replica 178792271633864701
[2026-08-28T13:12:51.759Z INFO  gresse::replica] replica 178792271589812101 established peer replication connection with replica 178792271633864701
[2026-08-28T13:12:51.759Z INFO  gresse::network] replica 178792271589812101 registered bidirectional network channel for replica 178792271633862701
[2026-08-28T13:12:51.759Z INFO  gresse::replica] replica 178792271589812101 established peer replication connection with replica 178792271633862701
[2026-08-28T13:12:51.769Z INFO  gresse::network] replica 178792271589812101 registered bidirectional network channel for replica 178792271814539401
[2026-08-28T13:12:51.769Z INFO  gresse::replica] replica 178792271589812101 established peer replication connection with replica 178792271814539401
[2026-08-28T13:12:51.769Z INFO  gresse::network] replica 178792271589812101 registered bidirectional network channel for replica 178792271814540401
[2026-08-28T13:12:51.769Z INFO  gresse::replica] replica 178792271589812101 established peer replication connection with replica 178792271814540401
[2026-08-28T13:12:51.774Z INFO  gresse::network] replica 178792271589812101 registered bidirectional network channel for replica 178792271903524701
[2026-08-28T13:12:51.774Z INFO  gresse::network] replica 178792271589812101 registered bidirectional network channel for replica 178792271903525701
[2026-08-28T13:12:51.774Z INFO  gresse::replica] replica 178792271589812101 established peer replication connection with replica 178792271903524701
[2026-08-28T13:12:51.775Z INFO  gresse::replica] replica 178792271589812101 established peer replication connection with replica 178792271903525701
[2026-08-28T13:12:51.797Z INFO  gresse::replica] replica 178792271589812101 established peer replication connection with replica 178792271704342601
[2026-08-28T13:12:51.797Z INFO  gresse::network] replica 178792271589812101 registered bidirectional network channel for replica 178792271704342601
[2026-08-28T13:12:51.797Z INFO  gresse::network] replica 178792271589812101 registered bidirectional network channel for replica 178792271704341601
[2026-08-28T13:12:51.797Z INFO  gresse::replica] replica 178792271589812101 established peer replication connection with replica 178792271704341601
[2026-08-28T13:12:51.855Z INFO  gresse::network] replica 178792271589812101 registered bidirectional network channel for replica 178792271814541401
[2026-08-28T13:12:51.855Z INFO  gresse::replica] replica 178792271589812101 established peer replication connection with replica 178792271814541401
[2026-08-28T13:12:51.877Z INFO  gresse::network] replica 178792271589812101 registered bidirectional network channel for replica 178792271903526701
[2026-08-28T13:12:51.877Z INFO  gresse::replica] replica 178792271589812101 established peer replication connection with replica 178792271903526701
[2026-08-28T13:12:51.927Z INFO  gresse::network] replica 178792271589812101 registered bidirectional network channel for replica 178792271633865701
[2026-08-28T13:12:51.927Z INFO  gresse::replica] replica 178792271589812101 established peer replication connection with replica 178792271633865701
[2026-08-28T13:12:51.946Z INFO  gresse::replica] replica 178792271589812101 established peer replication connection with replica 178792271704343601
[2026-08-28T13:12:51.946Z INFO  gresse::network] replica 178792271589812101 registered bidirectional network channel for replica 178792271704343601
[2026-08-28T13:12:52.066Z INFO  gresse::network] replica 178792271589812101 registered bidirectional network channel for replica 178792271814542401
[2026-08-28T13:12:52.066Z INFO  gresse::replica] replica 178792271589812101 established peer replication connection with replica 178792271814542401
[2026-08-28T13:12:52.142Z INFO  gresse::network] replica 178792271589812101 registered bidirectional network channel for replica 178792271633866701
[2026-08-28T13:12:52.142Z INFO  gresse::replica] replica 178792271589812101 established peer replication connection with replica 178792271633866701
[2026-08-28T13:12:52.171Z INFO  gresse::network] replica 178792271589812101 registered bidirectional network channel for replica 178792271903527701
[2026-08-28T13:12:52.171Z INFO  gresse::replica] replica 178792271589812101 established peer replication connection with replica 178792271903527701
[2026-08-28T13:12:52.260Z INFO  gresse::network] replica 178792271589812101 registered bidirectional network channel for replica 178792271704344601
[2026-08-28T13:12:52.260Z INFO  gresse::replica] replica 178792271589812101 established peer replication connection with replica 178792271704344601
[2026-08-28T13:12:52.375Z INFO  gresse::network] replica 178792271589812101 registered bidirectional network channel for replica 178792271814543401
[2026-08-28T13:12:52.375Z INFO  gresse::replica] replica 178792271589812101 established peer replication connection with replica 178792271814543401
[2026-08-28T13:12:52.479Z INFO  gresse::network] replica 178792271589812101 registered bidirectional network channel for replica 178792271903528701
[2026-08-28T13:12:52.479Z INFO  gresse::replica] replica 178792271589812101 established peer replication connection with replica 178792271903528701
[2026-08-28T13:12:52.566Z INFO  gresse::network] replica 178792271589812101 registered bidirectional network channel for replica 178792271704345601
[2026-08-28T13:12:52.566Z INFO  gresse::replica] replica 178792271589812101 established peer replication connection with replica 178792271704345601
[2026-08-28T13:13:51.853Z INFO  gresse::replica] replica 178792271589812101 gc departed_pids=None updated_stable=DotSet { set: {178792271814543401: -1, 178792271589808101: -1, 178792271633865701: -1, 178792271903528701: -1, 178792271903524701: -1, 178792271633866701: -1, 178792271903525701: -1, 178792271704342601: -1, 178792271633864701: -1, 178792271589809101: -1, 178792271903527701: -1, 178792271589812101: -1, 178792271633863701: -1, 178792271633862701: -1, 178792271814541401: -1, 178792271814540401: -1, 178792271704343601: -1, 178792271903526701: -1, 178792271589810101: -1, 178792271704345601: -1, 178792271589811101: -1, 178792271704344601: -1, 178792271814539401: -1, 178792271814542401: -1, 178792271704341601: -1} }
[2026-08-28T13:13:51.884Z INFO  gresse::replica] replica 178792271589812101 completed gc round
[2026-08-28T13:14:01.712Z WARN  gresse::network] peer connection write failed: Broken pipe (os error 32)
[2026-08-28T13:14:02.712Z WARN  gresse::replica] replica 178792271589812101 deferred pull request to peer 178792271589808101: channel closed
[2026-08-28T13:14:19.712Z WARN  gresse::network] peer connection write failed: Broken pipe (os error 32)
[2026-08-28T13:14:21.203Z INFO  gresse::network] replica 178792271589812101 registered bidirectional network channel for replica 178792271589808102
[2026-08-28T13:14:21.203Z INFO  gresse::replica] replica 178792271589812101 established peer replication connection with replica 178792271589808102
[2026-08-28T13:14:21.391Z INFO  gresse::network] replica 178792271589812101 registered bidirectional network channel for replica 178792271704343602
[2026-08-28T13:14:21.391Z INFO  gresse::replica] replica 178792271589812101 established peer replication connection with replica 178792271704343602
[2026-08-28T13:14:24.712Z WARN  gresse::replica] replica 178792271589812101 deferred pull request to peer 178792271704343601: channel closed
[2026-08-28T13:15:06.678Z INFO  gresse::replica] replica 178792271589812101 observed shutdown descriptor for replica 178792271633863701 with final counter Some(20)
[2026-08-28T13:15:06.706Z INFO  gresse::replica] replica 178792271589812101 observed shutdown descriptor for replica 178792271814542401 with final counter Some(20)
[2026-08-28T13:15:51.248Z INFO  gresse::network] replica 178792271589812101 registered bidirectional network channel for replica 178792271633863702
[2026-08-28T13:15:51.248Z INFO  gresse::replica] replica 178792271589812101 established peer replication connection with replica 178792271633863702
[2026-08-28T13:15:51.356Z INFO  gresse::network] replica 178792271589812101 registered bidirectional network channel for replica 178792271814542402
[2026-08-28T13:15:51.356Z INFO  gresse::replica] replica 178792271589812101 established peer replication connection with replica 178792271814542402
[2026-08-28T13:18:51.487Z INFO  gresse::replica] shutdown signal received for replica 178792271589812101
[2026-08-28T13:18:51.487Z INFO  gresse::replica] replica 178792271589812101 shutting down with 24 connected writers
[2026-08-28T13:18:51.528Z INFO  gresse::http_server] http server received shutdown signal
[2026-08-28T13:18:51.528Z INFO  gresse::http_server] http server shutdown complete
[2026-08-28T13:18:51.528Z INFO  gresse::network] network manager for replica 178792271589812101 shutdown complete
