[2026-09-03T10:19:01.518Z INFO  gresse::http_server] running CRDT HTTP server
[2026-09-03T10:19:01.518Z INFO  gresse::http_server] listening for HTTP on 0.0.0.0:18081
[2026-09-03T10:19:01.567Z INFO  gresse::replica] replica 178842684286994606 initiating runtime at bind_http=0.0.0.0:18081 bind_internal=0.0.0.0:19081 advertised_internal=35.179.101.242:19081
[2026-09-03T10:19:01.684Z INFO  gresse::object_storage] object storage connection established: backend=s3, bucket=gresse-geo-035351467464-20260903085118-6fb999, region=eu-north-1, endpoint=AWS default endpoint resolution, first_operation=put-create, object_path=acm-sec-geo-churn-20260903T091329Z-d96b4f84/membership/178842684286994606,35.179.101.242:19081,38
[2026-09-03T10:19:01.800Z INFO  gresse::replica] replica 178842684286994606 restored local state from durability journal before startup
[2026-09-03T10:19:01.800Z INFO  gresse::replica] replica 178842684286994606 discovered 206 membership descriptors during init
[2026-09-03T10:19:01.800Z INFO  gresse::replica] replica 178842684286994606 startup completed
[2026-09-03T10:19:01.800Z INFO  gresse::network] replica 178842684286994606 discovered network member NetworkMember { pid: 178842683849154809, address: 13.53.121.51:19080, final_counter: None }
[2026-09-03T10:19:01.800Z INFO  gresse::network] replica 178842684286994606 discovered network member NetworkMember { pid: 178842683849155809, address: 13.53.121.51:19081, final_counter: None }
[2026-09-03T10:19:01.800Z INFO  gresse::network] replica 178842684286994606 discovered network member NetworkMember { pid: 178842683849156808, address: 13.53.121.51:19082, final_counter: None }
[2026-09-03T10:19:01.800Z INFO  gresse::network] replica 178842684286994606 discovered network member NetworkMember { pid: 178842683849157807, address: 13.53.121.51:19083, final_counter: None }
[2026-09-03T10:19:01.800Z INFO  gresse::network] replica 178842684286994606 discovered network member NetworkMember { pid: 178842683849158806, address: 13.53.121.51:19084, final_counter: None }
[2026-09-03T10:19:01.800Z INFO  gresse::network] replica 178842684286994606 discovered network member NetworkMember { pid: 178842683956181209, address: 52.59.198.67:19080, final_counter: None }
[2026-09-03T10:19:01.800Z INFO  gresse::network] replica 178842684286994606 discovered network member NetworkMember { pid: 178842683956182209, address: 52.59.198.67:19081, final_counter: None }
[2026-09-03T10:19:01.800Z INFO  gresse::network] replica 178842684286994606 discovered network member NetworkMember { pid: 178842683956183209, address: 52.59.198.67:19082, final_counter: None }
[2026-09-03T10:19:01.800Z INFO  gresse::network] replica 178842684286994606 discovered network member NetworkMember { pid: 178842683956184208, address: 52.59.198.67:19083, final_counter: None }
[2026-09-03T10:19:01.800Z INFO  gresse::network] replica 178842684286994606 discovered network member NetworkMember { pid: 178842683956185207, address: 52.59.198.67:19084, final_counter: None }
[2026-09-03T10:19:01.800Z INFO  gresse::network] replica 178842684286994606 discovered network member NetworkMember { pid: 178842684114090206, address: 34.246.191.174:19080, final_counter: None }
[2026-09-03T10:19:01.800Z INFO  gresse::network] replica 178842684286994606 discovered network member NetworkMember { pid: 178842684114091209, address: 34.246.191.174:19081, final_counter: None }
[2026-09-03T10:19:01.800Z INFO  gresse::network] replica 178842684286994606 discovered network member NetworkMember { pid: 178842684114092209, address: 34.246.191.174:19082, final_counter: None }
[2026-09-03T10:19:01.800Z INFO  gresse::network] replica 178842684286994606 discovered network member NetworkMember { pid: 178842684114094208, address: 34.246.191.174:19084, final_counter: None }
[2026-09-03T10:19:01.800Z INFO  gresse::network] replica 178842684286994606 discovered network member NetworkMember { pid: 178842684286993607, address: 35.179.101.242:19080, final_counter: None }
[2026-09-03T10:19:01.800Z INFO  gresse::network] replica 178842684286994606 discovered network member NetworkMember { pid: 178842684286995605, address: 35.179.101.242:19082, final_counter: None }
[2026-09-03T10:19:01.800Z INFO  gresse::network] replica 178842684286994606 discovered network member NetworkMember { pid: 178842684286996608, address: 35.179.101.242:19083, final_counter: None }
[2026-09-03T10:19:01.800Z INFO  gresse::network] replica 178842684286994606 discovered network member NetworkMember { pid: 178842684286997608, address: 35.179.101.242:19084, final_counter: None }
[2026-09-03T10:19:01.800Z INFO  gresse::network] replica 178842684286994606 discovered network member NetworkMember { pid: 178842684426432108, address: 13.38.47.15:19080, final_counter: None }
[2026-09-03T10:19:01.800Z INFO  gresse::network] replica 178842684286994606 discovered network member NetworkMember { pid: 178842684426433107, address: 13.38.47.15:19081, final_counter: None }
[2026-09-03T10:19:01.800Z INFO  gresse::network] replica 178842684286994606 discovered network member NetworkMember { pid: 178842684426434106, address: 13.38.47.15:19082, final_counter: None }
[2026-09-03T10:19:01.800Z INFO  gresse::network] replica 178842684286994606 discovered network member NetworkMember { pid: 178842684426435105, address: 13.38.47.15:19083, final_counter: None }
[2026-09-03T10:19:01.800Z INFO  gresse::network] replica 178842684286994606 discovered network member NetworkMember { pid: 178842684426436108, address: 13.38.47.15:19084, final_counter: None }
[2026-09-03T10:19:01.801Z INFO  gresse::network] replica 178842684286994606 registered bidirectional network channel for replica 178842684286997608
[2026-09-03T10:19:01.801Z INFO  gresse::replica] replica 178842684286994606 established peer replication connection with replica 178842684286997608
[2026-09-03T10:19:01.801Z INFO  gresse::network] replica 178842684286994606 registered bidirectional network channel for replica 178842684286996608
[2026-09-03T10:19:01.801Z INFO  gresse::replica] replica 178842684286994606 established peer replication connection with replica 178842684286996608
[2026-09-03T10:19:01.801Z INFO  gresse::network] replica 178842684286994606 registered bidirectional network channel for replica 178842684286995605
[2026-09-03T10:19:01.801Z INFO  gresse::network] replica 178842684286994606 registered bidirectional network channel for replica 178842684286993607
[2026-09-03T10:19:01.801Z INFO  gresse::replica] replica 178842684286994606 established peer replication connection with replica 178842684286995605
[2026-09-03T10:19:01.801Z INFO  gresse::replica] replica 178842684286994606 established peer replication connection with replica 178842684286993607
[2026-09-03T10:19:01.810Z WARN  gresse::network] replica 178842684286994606 peer connection attempt failed: could not connect to 34.246.191.174:19084: Connection refused (os error 111)
[2026-09-03T10:19:01.814Z INFO  gresse::network] replica 178842684286994606 registered bidirectional network channel for replica 178842684426433107
[2026-09-03T10:19:01.814Z INFO  gresse::network] replica 178842684286994606 registered bidirectional network channel for replica 178842684426435105
[2026-09-03T10:19:01.814Z INFO  gresse::replica] replica 178842684286994606 established peer replication connection with replica 178842684426433107
[2026-09-03T10:19:01.814Z INFO  gresse::replica] replica 178842684286994606 established peer replication connection with replica 178842684426435105
[2026-09-03T10:19:01.816Z INFO  gresse::network] replica 178842684286994606 registered bidirectional network channel for replica 178842684426432108
[2026-09-03T10:19:01.816Z INFO  gresse::network] replica 178842684286994606 registered bidirectional network channel for replica 178842684426436108
[2026-09-03T10:19:01.816Z INFO  gresse::replica] replica 178842684286994606 established peer replication connection with replica 178842684426432108
[2026-09-03T10:19:01.816Z INFO  gresse::network] replica 178842684286994606 registered bidirectional network channel for replica 178842684426434106
[2026-09-03T10:19:01.816Z INFO  gresse::replica] replica 178842684286994606 established peer replication connection with replica 178842684426436108
[2026-09-03T10:19:01.816Z INFO  gresse::replica] replica 178842684286994606 established peer replication connection with replica 178842684426434106
[2026-09-03T10:19:01.820Z INFO  gresse::network] replica 178842684286994606 registered bidirectional network channel for replica 178842684114090206
[2026-09-03T10:19:01.820Z INFO  gresse::network] replica 178842684286994606 registered bidirectional network channel for replica 178842684114091209
[2026-09-03T10:19:01.820Z INFO  gresse::replica] replica 178842684286994606 established peer replication connection with replica 178842684114090206
[2026-09-03T10:19:01.820Z INFO  gresse::replica] replica 178842684286994606 established peer replication connection with replica 178842684114091209
[2026-09-03T10:19:01.824Z INFO  gresse::network] replica 178842684286994606 registered bidirectional network channel for replica 178842683956183209
[2026-09-03T10:19:01.824Z INFO  gresse::replica] replica 178842684286994606 established peer replication connection with replica 178842683956183209
[2026-09-03T10:19:01.824Z INFO  gresse::network] replica 178842684286994606 registered bidirectional network channel for replica 178842683956181209
[2026-09-03T10:19:01.824Z INFO  gresse::network] replica 178842684286994606 registered bidirectional network channel for replica 178842683956184208
[2026-09-03T10:19:01.824Z INFO  gresse::replica] replica 178842684286994606 established peer replication connection with replica 178842683956181209
[2026-09-03T10:19:01.824Z INFO  gresse::replica] replica 178842684286994606 established peer replication connection with replica 178842683956184208
[2026-09-03T10:19:01.824Z INFO  gresse::network] replica 178842684286994606 registered bidirectional network channel for replica 178842683956185207
[2026-09-03T10:19:01.824Z INFO  gresse::network] replica 178842684286994606 registered bidirectional network channel for replica 178842683956182209
[2026-09-03T10:19:01.824Z INFO  gresse::replica] replica 178842684286994606 established peer replication connection with replica 178842683956185207
[2026-09-03T10:19:01.824Z INFO  gresse::replica] replica 178842684286994606 established peer replication connection with replica 178842683956182209
[2026-09-03T10:19:01.856Z INFO  gresse::network] replica 178842684286994606 registered bidirectional network channel for replica 178842683849157807
[2026-09-03T10:19:01.856Z INFO  gresse::network] replica 178842684286994606 registered bidirectional network channel for replica 178842683849154809
[2026-09-03T10:19:01.856Z INFO  gresse::replica] replica 178842684286994606 established peer replication connection with replica 178842683849157807
[2026-09-03T10:19:01.856Z INFO  gresse::replica] replica 178842684286994606 established peer replication connection with replica 178842683849154809
[2026-09-03T10:19:01.858Z INFO  gresse::network] replica 178842684286994606 registered bidirectional network channel for replica 178842683849158806
[2026-09-03T10:19:01.858Z INFO  gresse::replica] replica 178842684286994606 established peer replication connection with replica 178842683849158806
[2026-09-03T10:19:01.858Z INFO  gresse::network] replica 178842684286994606 registered bidirectional network channel for replica 178842683849156808
[2026-09-03T10:19:01.858Z INFO  gresse::replica] replica 178842684286994606 established peer replication connection with replica 178842683849156808
[2026-09-03T10:19:01.858Z INFO  gresse::network] replica 178842684286994606 registered bidirectional network channel for replica 178842683849155809
[2026-09-03T10:19:01.858Z INFO  gresse::replica] replica 178842684286994606 established peer replication connection with replica 178842683849155809
[2026-09-03T10:19:01.865Z INFO  gresse::network] replica 178842684286994606 registered bidirectional network channel for replica 178842684114092209
[2026-09-03T10:19:01.865Z INFO  gresse::replica] replica 178842684286994606 established peer replication connection with replica 178842684114092209
[2026-09-03T10:19:03.839Z INFO  gresse::network] replica 178842684286994606 registered bidirectional network channel for replica 178842684114093209
[2026-09-03T10:19:03.839Z INFO  gresse::replica] replica 178842684286994606 established peer replication connection with replica 178842684114093209
[2026-09-03T10:19:05.665Z INFO  gresse::network] replica 178842684286994606 registered bidirectional network channel for replica 178842684114094208
[2026-09-03T10:19:05.665Z INFO  gresse::replica] replica 178842684286994606 established peer replication connection with replica 178842684114094208
[2026-09-03T10:19:06.616Z INFO  gresse::replica] replica 178842684286994606 observed shutdown descriptor for replica 178842684114091205 with final counter Some(3912)
[2026-09-03T10:19:07.354Z INFO  gresse::replica] replica 178842684286994606 observed shutdown descriptor for replica 178842684114092208 with final counter Some(870)
[2026-09-03T10:19:07.717Z INFO  gresse::replica] replica 178842684286994606 observed shutdown descriptor for replica 178842684114093208 with final counter Some(871)
[2026-09-03T10:19:17.800Z WARN  gresse::network] peer connection write failed: Broken pipe (os error 32)
[2026-09-03T10:19:18.801Z WARN  gresse::replica] replica 178842684286994606 deferred pull request to peer 178842684286997608: channel closed
[2026-09-03T10:19:19.801Z WARN  gresse::network] peer connection write failed: Broken pipe (os error 32)
[2026-09-03T10:19:25.800Z WARN  gresse::network] peer connection write failed: Broken pipe (os error 32)
[2026-09-03T10:19:26.800Z WARN  gresse::replica] replica 178842684286994606 deferred pull request to peer 178842683849155809: channel closed
[2026-09-03T10:19:30.800Z WARN  gresse::network] peer connection write failed: Broken pipe (os error 32)
[2026-09-03T10:19:32.801Z WARN  gresse::network] peer connection write failed: Broken pipe (os error 32)
[2026-09-03T10:19:35.801Z WARN  gresse::network] peer connection write failed: Broken pipe (os error 32)
[2026-09-03T10:19:36.800Z WARN  gresse::network] peer connection write failed: Broken pipe (os error 32)
[2026-09-03T10:19:38.800Z WARN  gresse::network] peer connection write failed: Broken pipe (os error 32)
[2026-09-03T10:19:41.800Z WARN  gresse::network] peer connection write failed: Broken pipe (os error 32)
[2026-09-03T10:19:42.800Z WARN  gresse::replica] replica 178842684286994606 deferred pull request to peer 178842684114090206: channel closed
[2026-09-03T10:19:44.800Z WARN  gresse::replica] replica 178842684286994606 deferred pull request to peer 178842684426433107: channel closed
[2026-09-03T10:19:46.800Z WARN  gresse::network] peer connection write failed: Broken pipe (os error 32)
[2026-09-03T10:19:48.800Z WARN  gresse::network] peer connection write failed: Broken pipe (os error 32)
[2026-09-03T10:19:49.800Z WARN  gresse::replica] replica 178842684286994606 deferred pull request to peer 178842684426436108: channel closed
[2026-09-03T10:19:50.801Z WARN  gresse::replica] replica 178842684286994606 deferred pull request to peer 178842683956183209: channel closed
[2026-09-03T10:19:51.800Z WARN  gresse::replica] replica 178842684286994606 deferred pull request to peer 178842684426434106: channel closed
[2026-09-03T10:19:52.800Z WARN  gresse::network] peer connection write failed: Broken pipe (os error 32)
[2026-09-03T10:19:54.801Z WARN  gresse::network] peer connection write failed: Broken pipe (os error 32)
[2026-09-03T10:19:55.800Z WARN  gresse::replica] replica 178842684286994606 deferred pull request to peer 178842683849158806: channel closed
[2026-09-03T10:19:57.800Z WARN  gresse::replica] replica 178842684286994606 deferred pull request to peer 178842683849154809: channel closed
[2026-09-03T10:20:00.800Z WARN  gresse::replica] replica 178842684286994606 deferred pull request to peer 178842684286995605: channel closed
[2026-09-03T10:20:01.615Z INFO  gresse::replica] replica 178842684286994606 observed shutdown descriptor for replica 178842684286995605 with final counter Some(3773)
[2026-09-03T10:20:02.171Z INFO  gresse::replica] replica 178842684286994606 observed shutdown descriptor for replica 178842684286996608 with final counter Some(921)
[2026-09-03T10:20:02.588Z INFO  gresse::replica] replica 178842684286994606 observed shutdown descriptor for replica 178842684286997608 with final counter Some(919)
[2026-09-03T10:20:04.801Z WARN  gresse::network] peer connection write failed: Broken pipe (os error 32)
[2026-09-03T10:20:05.801Z WARN  gresse::network] peer connection write failed: Broken pipe (os error 32)
[2026-09-03T10:20:07.801Z WARN  gresse::replica] replica 178842684286994606 deferred pull request to peer 178842684426432108: channel closed
[2026-09-03T10:20:10.802Z WARN  gresse::replica] replica 178842684286994606 deferred pull request to peer 178842683956184208: channel closed
[2026-09-03T10:20:11.800Z WARN  gresse::network] peer connection write failed: Broken pipe (os error 32)
[2026-09-03T10:20:12.801Z WARN  gresse::replica] replica 178842684286994606 deferred pull request to peer 178842683956182209: channel closed
[2026-09-03T10:20:16.800Z WARN  gresse::replica] replica 178842684286994606 deferred pull request to peer 178842683849156808: channel closed
[2026-09-03T10:20:23.804Z WARN  gresse::replica] replica 178842684286994606 deferred pull request to peer 178842684426435105: channel closed
[2026-09-03T10:20:25.801Z WARN  gresse::network] peer connection write failed: Broken pipe (os error 32)
[2026-09-03T10:20:30.800Z WARN  gresse::replica] replica 178842684286994606 deferred pull request to peer 178842683956185207: channel closed
[2026-09-03T10:20:59.889Z INFO  gresse::network] replica 178842684286994606 registered bidirectional network channel for replica 178842684286995609
[2026-09-03T10:20:59.889Z INFO  gresse::replica] replica 178842684286994606 established peer replication connection with replica 178842684286995609
[2026-09-03T10:21:01.610Z INFO  gresse::network] replica 178842684286994606 discovered network member NetworkMember { pid: 178842684286996609, address: 35.179.101.242:19083, final_counter: None }
[2026-09-03T10:21:02.038Z INFO  gresse::network] replica 178842684286994606 registered bidirectional network channel for replica 178842684286996609
[2026-09-03T10:21:02.038Z INFO  gresse::replica] replica 178842684286994606 established peer replication connection with replica 178842684286996609
[2026-09-03T10:21:04.076Z INFO  gresse::network] replica 178842684286994606 registered bidirectional network channel for replica 178842684286997609
[2026-09-03T10:21:04.076Z INFO  gresse::replica] replica 178842684286994606 established peer replication connection with replica 178842684286997609
[2026-09-03T10:22:01.612Z INFO  gresse::replica] replica 178842684286994606 observed shutdown descriptor for replica 178842683849154809 with final counter Some(858)
[2026-09-03T10:22:02.064Z INFO  gresse::replica] replica 178842684286994606 observed shutdown descriptor for replica 178842684426435105 with final counter Some(3794)
[2026-09-03T10:22:02.541Z INFO  gresse::replica] replica 178842684286994606 observed shutdown descriptor for replica 178842684426436108 with final counter Some(1025)
[2026-09-03T10:22:59.439Z INFO  gresse::network] replica 178842684286994606 registered bidirectional network channel for replica 178842683849154810
[2026-09-03T10:22:59.439Z INFO  gresse::replica] replica 178842684286994606 established peer replication connection with replica 178842683849154810
[2026-09-03T10:22:59.649Z INFO  gresse::network] replica 178842684286994606 registered bidirectional network channel for replica 178842684426435109
[2026-09-03T10:22:59.649Z INFO  gresse::replica] replica 178842684286994606 established peer replication connection with replica 178842684426435109
[2026-09-03T10:23:01.290Z INFO  gresse::network] replica 178842684286994606 registered bidirectional network channel for replica 178842684426436109
[2026-09-03T10:23:01.290Z INFO  gresse::replica] replica 178842684286994606 established peer replication connection with replica 178842684426436109
[2026-09-03T10:23:57.469Z INFO  gresse::replica] replica 178842684286994606 gc departed_pids=None updated_stable=DotSet { set: {178842683956181205: -1, 178842684114091209: -1, 178842684114091204: -1, 178842684426432106: -1, 178842684286994605: -1, 178842684426432108: -1, 178842683849158801: -1, 178842684286997608: -1, 178842684426435109: -1, 178842683956182203: -1, 178842683849154804: -1, 178842683956181204: -1, 178842684286994601: -1, 178842684426436104: -1, 178842684426434105: -1, 178842684426436102: -1, 178842684286996609: -1, 178842684114094206: -1, 178842684286997609: -1, 178842683849158805: -1, 178842684426434104: -1, 178842684286993601: -1, 178842684286995605: -1, 178842683956185207: -1, 178842684286996604: -1, 178842684286996608: -1, 178842684114094208: -1, 178842684114091205: -1, 178842683849155807: -1, 178842683956184208: -1, 178842684114091203: -1, 178842684286997602: -1, 178842684426432107: -1, 178842683849154801: -1, 178842684114092209: -1, 178842684286995604: -1, 178842684286994604: -1, 178842683849155808: -1, 178842683956184201: -1, 178842683956182204: -1, 178842684426433105: -1, 178842684114092204: -1, 178842684286997603: -1, 178842683849155809: -1, 178842684426436103: -1, 178842684114090204: -1, 178842683956182208: -1, 178842684286996602: -1, 178842683849157801: -1, 178842684426433101: -1, 178842684426435103: -1, 178842684286996603: -1, 178842683849154809: -1, 178842683956183203: -1, 178842684114093209: -1, 178842683956185206: -1, 178842684426434106: -1, 178842684114090201: -1, 178842683956184206: -1, 178842683956183208: -1, 178842684426435104: -1, 178842683956184207: -1, 178842684286993607: -1, 178842683956181209: -1, 178842683956183209: -1, 178842684426433107: -1, 178842684426435101: -1, 178842684426434101: -1, 178842684286993605: -1, 178842683849157807: -1, 178842683956183201: -1, 178842684114092203: -1, 178842684114092208: -1, 178842684114094207: -1, 178842684426433106: -1, 178842683849154810: -1, 178842684114093208: -1, 178842683849156801: -1, 178842684426436109: -1, 178842683849154803: -1, 178842683849156807: -1, 178842683849155803: -1, 178842684286995609: -1, 178842683849157805: -1, 178842683849156802: -1, 178842684114090206: -1, 178842684286997607: -1, 178842683956181203: -1, 178842683956182209: -1, 178842684114090205: -1, 178842684426432102: -1, 178842683849155801: -1, 178842683849156806: -1, 178842683956182201: -1, 178842684426436108: -1, 178842683956185201: -1, 178842684114093203: -1, 178842683849156808: -1, 0: 0, 178842683849154808: -1, 178842683849157806: -1, 178842683849158806: -1, 178842684286993606: -1, 178842684114093207: -1, 178842684114094202: -1, 178842684286995603: -1, 178842683849158804: -1, 178842683956183207: -1, 178842684426435105: -1, 178842684286994606: -1, 178842683956184202: -1, 178842684286995601: -1, 178842683956185205: -1} }
[2026-09-03T10:23:59.381Z INFO  gresse::replica] replica 178842684286994606 completed gc round
[2026-09-03T10:24:01.691Z INFO  gresse::replica] replica 178842684286994606 observed shutdown descriptor for replica 178842683849158806 with final counter Some(4079)
[2026-09-03T10:24:02.268Z INFO  gresse::replica] replica 178842684286994606 observed shutdown descriptor for replica 178842683956181209 with final counter Some(857)
[2026-09-03T10:24:02.811Z INFO  gresse::replica] replica 178842684286994606 observed shutdown descriptor for replica 178842683956182209 with final counter Some(843)
[2026-09-03T10:24:59.628Z INFO  gresse::network] replica 178842684286994606 registered bidirectional network channel for replica 178842683849158810
[2026-09-03T10:24:59.628Z INFO  gresse::replica] replica 178842684286994606 established peer replication connection with replica 178842683849158810
[2026-09-03T10:24:59.922Z INFO  gresse::network] replica 178842684286994606 registered bidirectional network channel for replica 178842683956181210
[2026-09-03T10:24:59.922Z INFO  gresse::replica] replica 178842684286994606 established peer replication connection with replica 178842683956181210
[2026-09-03T10:25:01.625Z INFO  gresse::network] replica 178842684286994606 discovered network member NetworkMember { pid: 178842683956182210, address: 52.59.198.67:19081, final_counter: None }
[2026-09-03T10:25:01.926Z INFO  gresse::network] replica 178842684286994606 registered bidirectional network channel for replica 178842683956182210
[2026-09-03T10:25:01.926Z INFO  gresse::replica] replica 178842684286994606 established peer replication connection with replica 178842683956182210
[2026-09-03T10:26:00.801Z WARN  gresse::network] peer connection write failed: Broken pipe (os error 32)
[2026-09-03T10:26:01.616Z INFO  gresse::replica] replica 178842684286994606 observed shutdown descriptor for replica 178842684114090206 with final counter Some(4370)
[2026-09-03T10:26:06.614Z INFO  gresse::replica] replica 178842684286994606 observed shutdown descriptor for replica 178842684114091209 with final counter Some(851)
[2026-09-03T10:26:06.815Z INFO  gresse::replica] replica 178842684286994606 observed shutdown descriptor for replica 178842684114092209 with final counter Some(843)
[2026-09-03T10:26:12.800Z WARN  gresse::replica] replica 178842684286994606 deferred pull request to peer 178842684286993607: channel closed
[2026-09-03T10:26:34.801Z WARN  gresse::network] peer connection write failed: Broken pipe (os error 32)
[2026-09-03T10:26:37.801Z WARN  gresse::replica] replica 178842684286994606 deferred pull request to peer 178842684114094208: channel closed
[2026-09-03T10:26:40.801Z WARN  gresse::network] peer connection write failed: Broken pipe (os error 32)
[2026-09-03T10:26:44.801Z WARN  gresse::replica] replica 178842684286994606 deferred pull request to peer 178842684114093209: channel closed
[2026-09-03T10:26:59.177Z INFO  gresse::network] replica 178842684286994606 registered bidirectional network channel for replica 178842684114090210
[2026-09-03T10:26:59.177Z INFO  gresse::replica] replica 178842684286994606 established peer replication connection with replica 178842684114090210
[2026-09-03T10:27:00.424Z INFO  gresse::network] replica 178842684286994606 registered bidirectional network channel for replica 178842684114091210
[2026-09-03T10:27:00.424Z INFO  gresse::replica] replica 178842684286994606 established peer replication connection with replica 178842684114091210
[2026-09-03T10:27:01.611Z INFO  gresse::network] replica 178842684286994606 discovered network member NetworkMember { pid: 178842684114092210, address: 34.246.191.174:19082, final_counter: None }
[2026-09-03T10:27:01.675Z INFO  gresse::network] replica 178842684286994606 registered bidirectional network channel for replica 178842684114092210
[2026-09-03T10:27:01.675Z INFO  gresse::replica] replica 178842684286994606 established peer replication connection with replica 178842684114092210
[2026-09-03T10:27:58.003Z INFO  gresse::replica] shutdown signal received for replica 178842684286994606
[2026-09-03T10:27:58.003Z INFO  gresse::replica] replica 178842684286994606 shutting down with 13 connected writers
[2026-09-03T10:27:58.384Z INFO  gresse::http_server] http server received shutdown signal
[2026-09-03T10:27:58.384Z INFO  gresse::http_server] http server shutdown complete
[2026-09-03T10:27:58.385Z INFO  gresse::network] network manager for replica 178842684286994606 shutdown complete
