[2026-09-03T10:28:59.315Z INFO  gresse::http_server] running CRDT HTTP server
[2026-09-03T10:28:59.315Z INFO  gresse::http_server] listening for HTTP on 0.0.0.0:18081
[2026-09-03T10:28:59.343Z INFO  gresse::replica] replica 178842684426433107 initiating runtime at bind_http=0.0.0.0:18081 bind_internal=0.0.0.0:19081 advertised_internal=13.38.47.15:19081
[2026-09-03T10:28:59.488Z INFO  gresse::object_storage] object storage connection established: backend=s3, bucket=gresse-geo-035351467464-20260903085118-6fb999, region=eu-north-1, endpoint=AWS default endpoint resolution, first_operation=put-create, object_path=acm-sec-geo-churn-20260903T091329Z-d96b4f84/membership/178842684426433107,13.38.47.15:19081,44
[2026-09-03T10:28:59.618Z INFO  gresse::replica] replica 178842684426433107 restored local state from durability journal before startup
[2026-09-03T10:28:59.618Z INFO  gresse::replica] replica 178842684426433107 discovered 173 membership descriptors during init
[2026-09-03T10:28:59.618Z INFO  gresse::replica] replica 178842684426433107 startup completed
[2026-09-03T10:28:59.618Z INFO  gresse::network] replica 178842684426433107 discovered network member NetworkMember { pid: 178842683849154810, address: 13.53.121.51:19080, final_counter: None }
[2026-09-03T10:28:59.618Z INFO  gresse::network] replica 178842684426433107 discovered network member NetworkMember { pid: 178842683849155809, address: 13.53.121.51:19081, final_counter: None }
[2026-09-03T10:28:59.618Z INFO  gresse::network] replica 178842684426433107 discovered network member NetworkMember { pid: 178842683849156808, address: 13.53.121.51:19082, final_counter: None }
[2026-09-03T10:28:59.618Z INFO  gresse::network] replica 178842684426433107 discovered network member NetworkMember { pid: 178842683849157807, address: 13.53.121.51:19083, final_counter: None }
[2026-09-03T10:28:59.618Z INFO  gresse::network] replica 178842684426433107 discovered network member NetworkMember { pid: 178842683849158810, address: 13.53.121.51:19084, final_counter: None }
[2026-09-03T10:28:59.618Z INFO  gresse::network] replica 178842684426433107 registered bidirectional network channel for replica 178842684286994610
[2026-09-03T10:28:59.618Z INFO  gresse::network] replica 178842684426433107 discovered network member NetworkMember { pid: 178842683956181210, address: 52.59.198.67:19080, final_counter: None }
[2026-09-03T10:28:59.618Z INFO  gresse::network] replica 178842684426433107 discovered network member NetworkMember { pid: 178842683956182210, address: 52.59.198.67:19081, final_counter: None }
[2026-09-03T10:28:59.618Z INFO  gresse::network] replica 178842684426433107 discovered network member NetworkMember { pid: 178842683956183209, address: 52.59.198.67:19082, final_counter: None }
[2026-09-03T10:28:59.618Z INFO  gresse::network] replica 178842684426433107 discovered network member NetworkMember { pid: 178842683956184208, address: 52.59.198.67:19083, final_counter: None }
[2026-09-03T10:28:59.618Z INFO  gresse::network] replica 178842684426433107 discovered network member NetworkMember { pid: 178842683956185207, address: 52.59.198.67:19084, final_counter: None }
[2026-09-03T10:28:59.618Z INFO  gresse::network] replica 178842684426433107 discovered network member NetworkMember { pid: 178842684114090210, address: 34.246.191.174:19080, final_counter: None }
[2026-09-03T10:28:59.618Z INFO  gresse::network] replica 178842684426433107 discovered network member NetworkMember { pid: 178842684114091210, address: 34.246.191.174:19081, final_counter: None }
[2026-09-03T10:28:59.618Z INFO  gresse::network] replica 178842684426433107 discovered network member NetworkMember { pid: 178842684114092210, address: 34.246.191.174:19082, final_counter: None }
[2026-09-03T10:28:59.618Z INFO  gresse::network] replica 178842684426433107 discovered network member NetworkMember { pid: 178842684114093209, address: 34.246.191.174:19083, final_counter: None }
[2026-09-03T10:28:59.618Z INFO  gresse::network] replica 178842684426433107 discovered network member NetworkMember { pid: 178842684114094208, address: 34.246.191.174:19084, final_counter: None }
[2026-09-03T10:28:59.618Z INFO  gresse::network] replica 178842684426433107 discovered network member NetworkMember { pid: 178842684286993607, address: 35.179.101.242:19080, final_counter: None }
[2026-09-03T10:28:59.618Z INFO  gresse::network] replica 178842684426433107 discovered network member NetworkMember { pid: 178842684286997609, address: 35.179.101.242:19084, final_counter: None }
[2026-09-03T10:28:59.618Z INFO  gresse::network] replica 178842684426433107 discovered network member NetworkMember { pid: 178842684426432108, address: 13.38.47.15:19080, final_counter: None }
[2026-09-03T10:28:59.618Z INFO  gresse::network] replica 178842684426433107 discovered network member NetworkMember { pid: 178842684426434106, address: 13.38.47.15:19082, final_counter: None }
[2026-09-03T10:28:59.618Z INFO  gresse::network] replica 178842684426433107 discovered network member NetworkMember { pid: 178842684426435109, address: 13.38.47.15:19083, final_counter: None }
[2026-09-03T10:28:59.618Z INFO  gresse::network] replica 178842684426433107 discovered network member NetworkMember { pid: 178842684426436109, address: 13.38.47.15:19084, final_counter: None }
[2026-09-03T10:28:59.618Z INFO  gresse::replica] replica 178842684426433107 established peer replication connection with replica 178842684286994610
[2026-09-03T10:28:59.619Z INFO  gresse::network] replica 178842684426433107 registered bidirectional network channel for replica 178842684426436109
[2026-09-03T10:28:59.619Z INFO  gresse::replica] replica 178842684426433107 established peer replication connection with replica 178842684426436109
[2026-09-03T10:28:59.619Z INFO  gresse::network] replica 178842684426433107 registered bidirectional network channel for replica 178842684426435109
[2026-09-03T10:28:59.619Z INFO  gresse::replica] replica 178842684426433107 established peer replication connection with replica 178842684426435109
[2026-09-03T10:28:59.619Z INFO  gresse::network] replica 178842684426433107 registered bidirectional network channel for replica 178842684426434106
[2026-09-03T10:28:59.619Z INFO  gresse::replica] replica 178842684426433107 established peer replication connection with replica 178842684426434106
[2026-09-03T10:28:59.619Z INFO  gresse::network] replica 178842684426433107 registered bidirectional network channel for replica 178842684426432108
[2026-09-03T10:28:59.619Z INFO  gresse::replica] replica 178842684426433107 established peer replication connection with replica 178842684426432108
[2026-09-03T10:28:59.626Z WARN  gresse::network] replica 178842684426433107 peer connection attempt failed: could not connect to 35.179.101.242:19084: Connection refused (os error 111)
[2026-09-03T10:28:59.634Z INFO  gresse::network] replica 178842684426433107 registered bidirectional network channel for replica 178842683956185207
[2026-09-03T10:28:59.634Z INFO  gresse::replica] replica 178842684426433107 established peer replication connection with replica 178842683956185207
[2026-09-03T10:28:59.634Z INFO  gresse::network] replica 178842684426433107 registered bidirectional network channel for replica 178842683956181210
[2026-09-03T10:28:59.634Z INFO  gresse::replica] replica 178842684426433107 established peer replication connection with replica 178842683956181210
[2026-09-03T10:28:59.635Z INFO  gresse::network] replica 178842684426433107 registered bidirectional network channel for replica 178842683956184208
[2026-09-03T10:28:59.635Z INFO  gresse::network] replica 178842684426433107 registered bidirectional network channel for replica 178842683956183209
[2026-09-03T10:28:59.635Z INFO  gresse::replica] replica 178842684426433107 established peer replication connection with replica 178842683956184208
[2026-09-03T10:28:59.635Z INFO  gresse::replica] replica 178842684426433107 established peer replication connection with replica 178842683956183209
[2026-09-03T10:28:59.635Z INFO  gresse::network] replica 178842684426433107 registered bidirectional network channel for replica 178842683956182210
[2026-09-03T10:28:59.635Z INFO  gresse::replica] replica 178842684426433107 established peer replication connection with replica 178842683956182210
[2026-09-03T10:28:59.637Z INFO  gresse::network] replica 178842684426433107 registered bidirectional network channel for replica 178842684286993607
[2026-09-03T10:28:59.637Z INFO  gresse::replica] replica 178842684426433107 established peer replication connection with replica 178842684286993607
[2026-09-03T10:28:59.652Z INFO  gresse::network] replica 178842684426433107 registered bidirectional network channel for replica 178842684114093209
[2026-09-03T10:28:59.652Z INFO  gresse::replica] replica 178842684426433107 established peer replication connection with replica 178842684114093209
[2026-09-03T10:28:59.653Z INFO  gresse::network] replica 178842684426433107 registered bidirectional network channel for replica 178842684114091210
[2026-09-03T10:28:59.653Z INFO  gresse::replica] replica 178842684426433107 established peer replication connection with replica 178842684114091210
[2026-09-03T10:28:59.653Z INFO  gresse::network] replica 178842684426433107 registered bidirectional network channel for replica 178842684114090210
[2026-09-03T10:28:59.653Z INFO  gresse::network] replica 178842684426433107 registered bidirectional network channel for replica 178842684114094208
[2026-09-03T10:28:59.653Z INFO  gresse::replica] replica 178842684426433107 established peer replication connection with replica 178842684114090210
[2026-09-03T10:28:59.653Z INFO  gresse::replica] replica 178842684426433107 established peer replication connection with replica 178842684114094208
[2026-09-03T10:28:59.653Z INFO  gresse::network] replica 178842684426433107 registered bidirectional network channel for replica 178842684114092210
[2026-09-03T10:28:59.653Z INFO  gresse::replica] replica 178842684426433107 established peer replication connection with replica 178842684114092210
[2026-09-03T10:28:59.680Z INFO  gresse::network] replica 178842684426433107 registered bidirectional network channel for replica 178842683849154810
[2026-09-03T10:28:59.681Z INFO  gresse::network] replica 178842684426433107 registered bidirectional network channel for replica 178842683849157807
[2026-09-03T10:28:59.681Z INFO  gresse::network] replica 178842684426433107 registered bidirectional network channel for replica 178842683849158810
[2026-09-03T10:28:59.681Z INFO  gresse::network] replica 178842684426433107 registered bidirectional network channel for replica 178842683849156808
[2026-09-03T10:28:59.681Z INFO  gresse::network] replica 178842684426433107 registered bidirectional network channel for replica 178842683849155809
[2026-09-03T10:28:59.967Z INFO  gresse::replica] replica 178842684426433107 established peer replication connection with replica 178842683849154810
[2026-09-03T10:28:59.967Z INFO  gresse::replica] replica 178842684426433107 established peer replication connection with replica 178842683849157807
[2026-09-03T10:28:59.967Z INFO  gresse::replica] replica 178842684426433107 established peer replication connection with replica 178842683849158810
[2026-09-03T10:28:59.967Z INFO  gresse::replica] replica 178842684426433107 established peer replication connection with replica 178842683849156808
[2026-09-03T10:28:59.967Z INFO  gresse::replica] replica 178842684426433107 established peer replication connection with replica 178842683849155809
[2026-09-03T10:29:00.945Z INFO  gresse::network] replica 178842684426433107 registered bidirectional network channel for replica 178842684286995610
[2026-09-03T10:29:00.945Z INFO  gresse::replica] replica 178842684426433107 established peer replication connection with replica 178842684286995610
[2026-09-03T10:29:02.369Z INFO  gresse::network] replica 178842684426433107 registered bidirectional network channel for replica 178842684286996610
[2026-09-03T10:29:02.369Z INFO  gresse::replica] replica 178842684426433107 established peer replication connection with replica 178842684286996610
[2026-09-03T10:29:02.619Z WARN  gresse::network] peer connection write failed: Broken pipe (os error 32)
[2026-09-03T10:29:04.286Z INFO  gresse::network] replica 178842684426433107 registered bidirectional network channel for replica 178842684286997609
[2026-09-03T10:29:04.286Z INFO  gresse::replica] replica 178842684426433107 established peer replication connection with replica 178842684286997609
[2026-09-03T10:29:04.420Z INFO  gresse::replica] replica 178842684426433107 observed shutdown descriptor for replica 178842684286994606 with final counter Some(3916)
[2026-09-03T10:29:04.732Z INFO  gresse::replica] replica 178842684426433107 observed shutdown descriptor for replica 178842684286995609 with final counter Some(870)
[2026-09-03T10:29:05.059Z INFO  gresse::replica] replica 178842684426433107 observed shutdown descriptor for replica 178842684286996609 with final counter Some(865)
[2026-09-03T10:29:09.619Z WARN  gresse::network] peer connection write failed: Broken pipe (os error 32)
[2026-09-03T10:29:10.619Z WARN  gresse::network] peer connection write failed: Broken pipe (os error 32)
[2026-09-03T10:29:15.619Z WARN  gresse::network] peer connection write failed: Broken pipe (os error 32)
[2026-09-03T10:29:17.619Z WARN  gresse::replica] replica 178842684426433107 deferred pull request to peer 178842683956185207: channel closed
[2026-09-03T10:29:18.619Z WARN  gresse::network] peer connection write failed: Broken pipe (os error 32)
[2026-09-03T10:29:21.619Z WARN  gresse::replica] replica 178842684426433107 deferred pull request to peer 178842683956181210: channel closed
[2026-09-03T10:29:32.620Z WARN  gresse::network] peer connection write failed: Broken pipe (os error 32)
[2026-09-03T10:29:33.619Z WARN  gresse::replica] replica 178842684426433107 deferred pull request to peer 178842684426434106: channel closed
[2026-09-03T10:29:34.619Z WARN  gresse::network] peer connection write failed: Broken pipe (os error 32)
[2026-09-03T10:29:39.619Z WARN  gresse::network] peer connection write failed: Broken pipe (os error 32)
[2026-09-03T10:29:40.619Z WARN  gresse::replica] replica 178842684426433107 deferred pull request to peer 178842684286993607: channel closed
[2026-09-03T10:29:41.619Z WARN  gresse::replica] replica 178842684426433107 deferred pull request to peer 178842684426435109: channel closed
[2026-09-03T10:29:44.619Z WARN  gresse::network] peer connection write failed: Broken pipe (os error 32)
[2026-09-03T10:29:45.619Z WARN  gresse::network] peer connection write failed: Broken pipe (os error 32)
[2026-09-03T10:29:46.619Z WARN  gresse::network] peer connection write failed: Broken pipe (os error 32)
[2026-09-03T10:29:47.619Z WARN  gresse::replica] replica 178842684426433107 deferred pull request to peer 178842684114093209: channel closed
[2026-09-03T10:29:48.619Z WARN  gresse::replica] replica 178842684426433107 deferred pull request to peer 178842683956183209: channel closed
[2026-09-03T10:29:50.619Z WARN  gresse::network] peer connection write failed: Broken pipe (os error 32)
[2026-09-03T10:29:51.619Z WARN  gresse::network] peer connection write failed: Broken pipe (os error 32)
[2026-09-03T10:29:52.619Z WARN  gresse::replica] replica 178842684426433107 deferred pull request to peer 178842683956184208: channel closed
[2026-09-03T10:29:56.619Z WARN  gresse::network] peer connection write failed: Broken pipe (os error 32)
[2026-09-03T10:29:57.619Z WARN  gresse::replica] replica 178842684426433107 deferred pull request to peer 178842684114094208: channel closed
[2026-09-03T10:29:58.619Z WARN  gresse::network] peer connection write failed: Broken pipe (os error 32)
[2026-09-03T10:29:59.511Z INFO  gresse::replica] replica 178842684426433107 observed shutdown descriptor for replica 178842684426434106 with final counter Some(3772)
[2026-09-03T10:29:59.961Z WARN  gresse::replica] replica 178842684426433107 deferred pull request to peer 178842683956182210: channel closed
[2026-09-03T10:30:00.619Z WARN  gresse::replica] replica 178842684426433107 deferred pull request to peer 178842683849158810: channel closed
[2026-09-03T10:30:04.402Z INFO  gresse::replica] replica 178842684426433107 observed shutdown descriptor for replica 178842684426435109 with final counter Some(918)
[2026-09-03T10:30:05.024Z INFO  gresse::replica] replica 178842684426433107 observed shutdown descriptor for replica 178842684426436109 with final counter Some(917)
[2026-09-03T10:30:05.186Z WARN  gresse::replica] replica 178842684426433107 deferred pull request to peer 178842684114092210: channel closed
[2026-09-03T10:30:05.619Z WARN  gresse::replica] replica 178842684426433107 deferred pull request to peer 178842683849156808: channel closed
[2026-09-03T10:30:06.618Z WARN  gresse::replica] replica 178842684426433107 deferred pull request to peer 178842683849157807: channel closed
[2026-09-03T10:30:07.619Z WARN  gresse::network] peer connection write failed: Broken pipe (os error 32)
[2026-09-03T10:30:08.619Z WARN  gresse::replica] replica 178842684426433107 deferred pull request to peer 178842684114091210: channel closed
[2026-09-03T10:30:09.619Z WARN  gresse::replica] replica 178842684426433107 deferred pull request to peer 178842683849155809: channel closed
[2026-09-03T10:30:20.619Z WARN  gresse::network] peer connection write failed: Broken pipe (os error 32)
[2026-09-03T10:30:22.619Z WARN  gresse::replica] replica 178842684426433107 deferred pull request to peer 178842683849154810: channel closed
[2026-09-03T10:30:59.269Z INFO  gresse::replica] replica 178842684426433107 established peer replication connection with replica 178842684426434110
[2026-09-03T10:30:59.269Z INFO  gresse::network] replica 178842684426433107 registered bidirectional network channel for replica 178842684426434110
[2026-09-03T10:31:00.751Z INFO  gresse::network] replica 178842684426433107 registered bidirectional network channel for replica 178842684426435110
[2026-09-03T10:31:00.751Z INFO  gresse::replica] replica 178842684426433107 established peer replication connection with replica 178842684426435110
[2026-09-03T10:31:02.110Z INFO  gresse::network] replica 178842684426433107 registered bidirectional network channel for replica 178842684426436110
[2026-09-03T10:31:02.110Z INFO  gresse::replica] replica 178842684426433107 established peer replication connection with replica 178842684426436110
[2026-09-03T10:31:59.405Z INFO  gresse::replica] replica 178842684426433107 observed shutdown descriptor for replica 178842683849157807 with final counter Some(3777)
[2026-09-03T10:31:59.885Z INFO  gresse::replica] replica 178842684426433107 observed shutdown descriptor for replica 178842683849158810 with final counter Some(1022)
[2026-09-03T10:32:00.120Z INFO  gresse::replica] replica 178842684426433107 observed shutdown descriptor for replica 178842683956181210 with final counter Some(862)
[2026-09-03T10:32:04.972Z INFO  gresse::replica] replica 178842684426433107 gc departed_pids=None updated_stable=DotSet { set: {178842684286996608: -1, 178842684286997608: -1, 178842684286994601: -1, 178842684426432107: -1, 178842684286995610: -1, 178842684286997602: -1, 178842683849158805: -1, 178842683849156801: -1, 178842684114091205: -1, 178842684286995605: -1, 178842684286994604: -1, 178842684114094207: -1, 178842684286994610: -1, 178842684286996610: -1, 178842683956182210: -1, 178842683956184201: -1, 178842683956183207: -1, 178842683956182203: -1, 178842684114094202: -1, 178842684426433107: -1, 178842684114092208: -1, 178842684426433101: -1, 178842684286997609: -1, 178842684286996604: -1, 178842683849156807: -1, 178842684286993606: -1, 178842683956182208: -1, 178842684286994605: -1, 178842683956181209: -1, 178842683956182209: -1, 178842683849158806: -1, 178842684426436104: -1, 178842683849155809: -1, 178842683849155808: -1, 178842684426434110: -1, 178842684286993607: -1, 178842683956183208: -1, 178842683849157805: -1, 178842684114091210: -1, 178842684426436110: -1, 178842683956184202: -1, 178842684286996602: -1, 178842684426435101: -1, 178842684286995609: -1, 178842683956181203: -1, 178842684114090210: -1, 178842683849158810: -1, 178842684426432106: -1, 178842684286997603: -1, 178842684114093209: -1, 178842684114092209: -1, 178842684114094206: -1, 178842684286997607: -1, 178842683956185205: -1, 178842684426433105: -1, 178842684426432102: -1, 178842683849155807: -1, 178842683849156802: -1, 178842683849154803: -1, 178842683849154810: -1, 178842684426433106: -1, 178842683849156806: -1, 178842684286995604: -1, 178842684426436109: -1, 178842683956184208: -1, 178842684114090206: -1, 178842684114090205: -1, 178842684426434104: -1, 0: 0, 178842683849156808: -1, 178842684426434106: -1, 178842683849157806: -1, 178842684114091203: -1, 178842683956181204: -1, 178842684426432108: -1, 178842683849154804: -1, 178842684114090204: -1, 178842683849154809: -1, 178842684426435110: -1, 178842683849154808: -1, 178842684114093207: -1, 178842684286993605: -1, 178842684286995601: -1, 178842683956185206: -1, 178842684114092203: -1, 178842684426436103: -1, 178842684114090201: -1, 178842683849155803: -1, 178842684286993601: -1, 178842684114093203: -1, 178842684426434105: -1, 178842683849157801: -1, 178842683849157807: -1, 178842683956183209: -1, 178842683956182201: -1, 178842684114091209: -1, 178842683956182204: -1, 178842683849158801: -1, 178842684426435109: -1, 178842684114093208: -1, 178842684426435105: -1, 178842684286996609: -1, 178842683956183203: -1, 178842684426435103: -1, 178842684426436102: -1, 178842683956184207: -1, 178842683956184206: -1, 178842683849155801: -1, 178842684286994606: -1, 178842684426434101: -1, 178842684114092210: -1, 178842683956183201: -1, 178842684426436108: -1, 178842683956185201: -1, 178842684286995603: -1, 178842683956185207: -1, 178842684114091204: -1, 178842683849158804: -1, 178842684114092204: -1, 178842684286996603: -1, 178842683849154801: -1, 178842684114094208: -1, 178842683956181205: -1, 178842684426435104: -1, 178842683956181210: -1} }
[2026-09-03T10:32:05.994Z INFO  gresse::replica] replica 178842684426433107 completed gc round
[2026-09-03T10:32:58.839Z INFO  gresse::network] replica 178842684426433107 registered bidirectional network channel for replica 178842683849157811
[2026-09-03T10:32:58.839Z INFO  gresse::replica] replica 178842684426433107 established peer replication connection with replica 178842683849157811
[2026-09-03T10:32:59.004Z INFO  gresse::network] replica 178842684426433107 registered bidirectional network channel for replica 178842683956181211
[2026-09-03T10:32:59.004Z INFO  gresse::replica] replica 178842684426433107 established peer replication connection with replica 178842683956181211
[2026-09-03T10:32:59.392Z INFO  gresse::network] replica 178842684426433107 discovered network member NetworkMember { pid: 178842683849158811, address: 13.53.121.51:19084, final_counter: None }
[2026-09-03T10:32:59.605Z INFO  gresse::network] replica 178842684426433107 registered bidirectional network channel for replica 178842683849158811
[2026-09-03T10:32:59.605Z INFO  gresse::replica] replica 178842684426433107 established peer replication connection with replica 178842683849158811
[2026-09-03T10:33:59.418Z INFO  gresse::replica] replica 178842684426433107 observed shutdown descriptor for replica 178842683956185207 with final counter Some(4076)
[2026-09-03T10:33:59.787Z INFO  gresse::replica] replica 178842684426433107 observed shutdown descriptor for replica 178842684114090210 with final counter Some(854)
[2026-09-03T10:34:04.405Z INFO  gresse::replica] replica 178842684426433107 observed shutdown descriptor for replica 178842684114091210 with final counter Some(843)
[2026-09-03T10:34:59.399Z INFO  gresse::network] replica 178842684426433107 discovered network member NetworkMember { pid: 178842683956185211, address: 52.59.198.67:19084, final_counter: None }
[2026-09-03T10:34:59.399Z INFO  gresse::network] replica 178842684426433107 discovered network member NetworkMember { pid: 178842684114090211, address: 34.246.191.174:19080, final_counter: None }
[2026-09-03T10:34:59.612Z INFO  gresse::network] replica 178842684426433107 registered bidirectional network channel for replica 178842683956185211
[2026-09-03T10:34:59.612Z INFO  gresse::replica] replica 178842684426433107 established peer replication connection with replica 178842683956185211
[2026-09-03T10:35:00.070Z INFO  gresse::network] replica 178842684426433107 registered bidirectional network channel for replica 178842684114090211
[2026-09-03T10:35:00.070Z INFO  gresse::replica] replica 178842684426433107 established peer replication connection with replica 178842684114090211
[2026-09-03T10:35:01.860Z INFO  gresse::network] replica 178842684426433107 registered bidirectional network channel for replica 178842684114091211
[2026-09-03T10:35:01.860Z INFO  gresse::replica] replica 178842684426433107 established peer replication connection with replica 178842684114091211
[2026-09-03T10:35:59.399Z INFO  gresse::replica] replica 178842684426433107 observed shutdown descriptor for replica 178842684286993607 with final counter Some(4375)
[2026-09-03T10:36:01.619Z WARN  gresse::network] peer connection write failed: Broken pipe (os error 32)
[2026-09-03T10:36:03.619Z WARN  gresse::network] peer connection write failed: Broken pipe (os error 32)
[2026-09-03T10:36:04.525Z INFO  gresse::replica] replica 178842684426433107 observed shutdown descriptor for replica 178842684286994610 with final counter Some(846)
[2026-09-03T10:36:05.007Z INFO  gresse::replica] replica 178842684426433107 observed shutdown descriptor for replica 178842684286995610 with final counter Some(841)
[2026-09-03T10:36:09.619Z WARN  gresse::replica] replica 178842684426433107 deferred pull request to peer 178842684426432108: channel closed
[2026-09-03T10:36:18.619Z WARN  gresse::replica] replica 178842684426433107 deferred pull request to peer 178842684286996610: channel closed
[2026-09-03T10:36:25.619Z WARN  gresse::network] peer connection write failed: Broken pipe (os error 32)
[2026-09-03T10:36:33.619Z WARN  gresse::replica] replica 178842684426433107 deferred pull request to peer 178842684286997609: channel closed
[2026-09-03T10:36:59.434Z INFO  gresse::network] replica 178842684426433107 discovered network member NetworkMember { pid: 178842684286993611, address: 35.179.101.242:19080, final_counter: None }
[2026-09-03T10:36:59.600Z INFO  gresse::network] replica 178842684426433107 registered bidirectional network channel for replica 178842684286993611
[2026-09-03T10:36:59.600Z INFO  gresse::replica] replica 178842684426433107 established peer replication connection with replica 178842684286993611
[2026-09-03T10:37:01.423Z INFO  gresse::network] replica 178842684426433107 registered bidirectional network channel for replica 178842684286994611
[2026-09-03T10:37:01.423Z INFO  gresse::replica] replica 178842684426433107 established peer replication connection with replica 178842684286994611
[2026-09-03T10:37:03.065Z INFO  gresse::network] replica 178842684426433107 registered bidirectional network channel for replica 178842684286995611
[2026-09-03T10:37:03.065Z INFO  gresse::replica] replica 178842684426433107 established peer replication connection with replica 178842684286995611
[2026-09-03T10:37:58.008Z INFO  gresse::replica] shutdown signal received for replica 178842684426433107
[2026-09-03T10:37:58.008Z INFO  gresse::replica] replica 178842684426433107 shutting down with 12 connected writers
[2026-09-03T10:37:58.541Z INFO  gresse::http_server] http server received shutdown signal
[2026-09-03T10:37:58.541Z INFO  gresse::http_server] http server shutdown complete
[2026-09-03T10:37:58.542Z INFO  gresse::network] network manager for replica 178842684426433107 shutdown complete
