[2026-09-01T09:27:43.220Z INFO  gresse::http_server] running CRDT HTTP server
[2026-09-01T09:27:43.220Z INFO  gresse::http_server] listening for HTTP on 0.0.0.0:18084
[2026-09-01T09:27:43.247Z INFO  gresse::replica] replica 178825481046243401 initiating runtime at bind_http=0.0.0.0:18084 bind_internal=0.0.0.0:19084 advertised_internal=13.38.41.188:19084
[2026-09-01T09:27:43.383Z INFO  gresse::object_storage] object storage connection established: backend=s3, bucket=gresse-geo-035351467464-20260901084800-ec90d0, region=eu-north-1, endpoint=AWS default endpoint resolution, first_operation=get, object_path=acm-sec-geo-churn-20260901T092623Z-21106dd4/persistent.json
[2026-09-01T09:27:43.443Z INFO  gresse::replica] replica 178825481046243401 discovered 25 membership descriptors during init
[2026-09-01T09:27:43.443Z INFO  gresse::replica] replica 178825481046243401 startup completed
[2026-09-01T09:27:43.443Z INFO  gresse::network] replica 178825481046243401 discovered network member NetworkMember { pid: 178825480714263201, address: 16.170.108.158:19080, final_counter: None }
[2026-09-01T09:27:43.443Z INFO  gresse::network] replica 178825481046243401 discovered network member NetworkMember { pid: 178825480714264201, address: 16.170.108.158:19081, final_counter: None }
[2026-09-01T09:27:43.443Z INFO  gresse::network] replica 178825481046243401 discovered network member NetworkMember { pid: 178825480714265201, address: 16.170.108.158:19082, final_counter: None }
[2026-09-01T09:27:43.443Z INFO  gresse::network] replica 178825481046243401 discovered network member NetworkMember { pid: 178825480714266201, address: 16.170.108.158:19083, final_counter: None }
[2026-09-01T09:27:43.443Z INFO  gresse::network] replica 178825481046243401 discovered network member NetworkMember { pid: 178825480714267201, address: 16.170.108.158:19084, final_counter: None }
[2026-09-01T09:27:43.443Z INFO  gresse::network] replica 178825481046243401 discovered network member NetworkMember { pid: 178825480759179601, address: 3.68.220.182:19080, final_counter: None }
[2026-09-01T09:27:43.443Z INFO  gresse::network] replica 178825481046243401 discovered network member NetworkMember { pid: 178825480759180601, address: 3.68.220.182:19081, final_counter: None }
[2026-09-01T09:27:43.443Z INFO  gresse::network] replica 178825481046243401 discovered network member NetworkMember { pid: 178825480759181601, address: 3.68.220.182:19082, final_counter: None }
[2026-09-01T09:27:43.443Z INFO  gresse::network] replica 178825481046243401 discovered network member NetworkMember { pid: 178825480759182601, address: 3.68.220.182:19083, final_counter: None }
[2026-09-01T09:27:43.443Z INFO  gresse::network] replica 178825481046243401 discovered network member NetworkMember { pid: 178825480759183601, address: 3.68.220.182:19084, final_counter: None }
[2026-09-01T09:27:43.443Z INFO  gresse::network] replica 178825481046243401 discovered network member NetworkMember { pid: 178825480843462701, address: 34.245.195.69:19080, final_counter: None }
[2026-09-01T09:27:43.443Z INFO  gresse::network] replica 178825481046243401 discovered network member NetworkMember { pid: 178825480843463701, address: 34.245.195.69:19081, final_counter: None }
[2026-09-01T09:27:43.443Z INFO  gresse::network] replica 178825481046243401 discovered network member NetworkMember { pid: 178825480843464701, address: 34.245.195.69:19082, final_counter: None }
[2026-09-01T09:27:43.443Z INFO  gresse::network] replica 178825481046243401 discovered network member NetworkMember { pid: 178825480843465701, address: 34.245.195.69:19083, final_counter: None }
[2026-09-01T09:27:43.443Z INFO  gresse::network] replica 178825481046243401 discovered network member NetworkMember { pid: 178825480843466701, address: 34.245.195.69:19084, final_counter: None }
[2026-09-01T09:27:43.443Z INFO  gresse::network] replica 178825481046243401 discovered network member NetworkMember { pid: 178825480957157901, address: 18.130.228.25:19080, final_counter: None }
[2026-09-01T09:27:43.443Z INFO  gresse::network] replica 178825481046243401 discovered network member NetworkMember { pid: 178825480957158901, address: 18.130.228.25:19081, final_counter: None }
[2026-09-01T09:27:43.443Z INFO  gresse::network] replica 178825481046243401 discovered network member NetworkMember { pid: 178825480957159901, address: 18.130.228.25:19082, final_counter: None }
[2026-09-01T09:27:43.443Z INFO  gresse::network] replica 178825481046243401 discovered network member NetworkMember { pid: 178825480957160901, address: 18.130.228.25:19083, final_counter: None }
[2026-09-01T09:27:43.443Z INFO  gresse::network] replica 178825481046243401 discovered network member NetworkMember { pid: 178825480957161901, address: 18.130.228.25:19084, final_counter: None }
[2026-09-01T09:27:43.443Z INFO  gresse::network] replica 178825481046243401 discovered network member NetworkMember { pid: 178825481046239401, address: 13.38.41.188:19080, final_counter: None }
[2026-09-01T09:27:43.443Z INFO  gresse::network] replica 178825481046243401 discovered network member NetworkMember { pid: 178825481046240401, address: 13.38.41.188:19081, final_counter: None }
[2026-09-01T09:27:43.443Z INFO  gresse::network] replica 178825481046243401 discovered network member NetworkMember { pid: 178825481046241401, address: 13.38.41.188:19082, final_counter: None }
[2026-09-01T09:27:43.443Z INFO  gresse::network] replica 178825481046243401 discovered network member NetworkMember { pid: 178825481046242401, address: 13.38.41.188:19083, final_counter: None }
[2026-09-01T09:27:43.444Z INFO  gresse::network] replica 178825481046243401 registered bidirectional network channel for replica 178825481046242401
[2026-09-01T09:27:43.444Z INFO  gresse::replica] replica 178825481046243401 established peer replication connection with replica 178825481046242401
[2026-09-01T09:27:43.444Z INFO  gresse::network] replica 178825481046243401 registered bidirectional network channel for replica 178825481046241401
[2026-09-01T09:27:43.444Z INFO  gresse::replica] replica 178825481046243401 established peer replication connection with replica 178825481046241401
[2026-09-01T09:27:43.444Z INFO  gresse::network] replica 178825481046243401 registered bidirectional network channel for replica 178825481046240401
[2026-09-01T09:27:43.444Z INFO  gresse::replica] replica 178825481046243401 established peer replication connection with replica 178825481046240401
[2026-09-01T09:27:43.444Z INFO  gresse::network] replica 178825481046243401 registered bidirectional network channel for replica 178825481046239401
[2026-09-01T09:27:43.444Z INFO  gresse::replica] replica 178825481046243401 established peer replication connection with replica 178825481046239401
[2026-09-01T09:27:43.457Z INFO  gresse::network] replica 178825481046243401 registered bidirectional network channel for replica 178825480957159901
[2026-09-01T09:27:43.457Z INFO  gresse::replica] replica 178825481046243401 established peer replication connection with replica 178825480957159901
[2026-09-01T09:27:43.459Z INFO  gresse::network] replica 178825481046243401 registered bidirectional network channel for replica 178825480957161901
[2026-09-01T09:27:43.459Z INFO  gresse::replica] replica 178825481046243401 established peer replication connection with replica 178825480957161901
[2026-09-01T09:27:43.459Z INFO  gresse::network] replica 178825481046243401 registered bidirectional network channel for replica 178825480759181601
[2026-09-01T09:27:43.459Z INFO  gresse::replica] replica 178825481046243401 established peer replication connection with replica 178825480759181601
[2026-09-01T09:27:43.460Z INFO  gresse::network] replica 178825481046243401 registered bidirectional network channel for replica 178825480759183601
[2026-09-01T09:27:43.460Z INFO  gresse::network] replica 178825481046243401 registered bidirectional network channel for replica 178825480957157901
[2026-09-01T09:27:43.460Z INFO  gresse::replica] replica 178825481046243401 established peer replication connection with replica 178825480759183601
[2026-09-01T09:27:43.460Z INFO  gresse::replica] replica 178825481046243401 established peer replication connection with replica 178825480957157901
[2026-09-01T09:27:43.460Z INFO  gresse::network] replica 178825481046243401 registered bidirectional network channel for replica 178825480957158901
[2026-09-01T09:27:43.460Z INFO  gresse::replica] replica 178825481046243401 established peer replication connection with replica 178825480957158901
[2026-09-01T09:27:43.460Z INFO  gresse::network] replica 178825481046243401 registered bidirectional network channel for replica 178825480759179601
[2026-09-01T09:27:43.460Z INFO  gresse::replica] replica 178825481046243401 established peer replication connection with replica 178825480759179601
[2026-09-01T09:27:43.460Z INFO  gresse::network] replica 178825481046243401 registered bidirectional network channel for replica 178825480759182601
[2026-09-01T09:27:43.460Z INFO  gresse::replica] replica 178825481046243401 established peer replication connection with replica 178825480759182601
[2026-09-01T09:27:43.460Z INFO  gresse::network] replica 178825481046243401 registered bidirectional network channel for replica 178825480957160901
[2026-09-01T09:27:43.460Z INFO  gresse::replica] replica 178825481046243401 established peer replication connection with replica 178825480957160901
[2026-09-01T09:27:43.460Z INFO  gresse::replica] replica 178825481046243401 established peer replication connection with replica 178825480759180601
[2026-09-01T09:27:43.460Z INFO  gresse::network] replica 178825481046243401 registered bidirectional network channel for replica 178825480759180601
[2026-09-01T09:27:43.478Z INFO  gresse::network] replica 178825481046243401 registered bidirectional network channel for replica 178825480843465701
[2026-09-01T09:27:43.478Z INFO  gresse::replica] replica 178825481046243401 established peer replication connection with replica 178825480843465701
[2026-09-01T09:27:43.478Z INFO  gresse::network] replica 178825481046243401 registered bidirectional network channel for replica 178825480843462701
[2026-09-01T09:27:43.478Z INFO  gresse::replica] replica 178825481046243401 established peer replication connection with replica 178825480843462701
[2026-09-01T09:27:43.478Z INFO  gresse::network] replica 178825481046243401 registered bidirectional network channel for replica 178825480843464701
[2026-09-01T09:27:43.478Z INFO  gresse::replica] replica 178825481046243401 established peer replication connection with replica 178825480843464701
[2026-09-01T09:27:43.478Z INFO  gresse::network] replica 178825481046243401 registered bidirectional network channel for replica 178825480843463701
[2026-09-01T09:27:43.478Z INFO  gresse::replica] replica 178825481046243401 established peer replication connection with replica 178825480843463701
[2026-09-01T09:27:43.504Z INFO  gresse::network] replica 178825481046243401 registered bidirectional network channel for replica 178825480843466701
[2026-09-01T09:27:43.504Z INFO  gresse::replica] replica 178825481046243401 established peer replication connection with replica 178825480843466701
[2026-09-01T09:27:43.506Z INFO  gresse::network] replica 178825481046243401 registered bidirectional network channel for replica 178825480714267201
[2026-09-01T09:27:43.506Z INFO  gresse::replica] replica 178825481046243401 established peer replication connection with replica 178825480714267201
[2026-09-01T09:27:43.506Z INFO  gresse::network] replica 178825481046243401 registered bidirectional network channel for replica 178825480714263201
[2026-09-01T09:27:43.506Z INFO  gresse::replica] replica 178825481046243401 established peer replication connection with replica 178825480714263201
[2026-09-01T09:27:43.506Z INFO  gresse::network] replica 178825481046243401 registered bidirectional network channel for replica 178825480714265201
[2026-09-01T09:27:43.506Z INFO  gresse::replica] replica 178825481046243401 established peer replication connection with replica 178825480714265201
[2026-09-01T09:27:43.506Z INFO  gresse::network] replica 178825481046243401 registered bidirectional network channel for replica 178825480714266201
[2026-09-01T09:27:43.506Z INFO  gresse::replica] replica 178825481046243401 established peer replication connection with replica 178825480714266201
[2026-09-01T09:27:43.506Z INFO  gresse::network] replica 178825481046243401 registered bidirectional network channel for replica 178825480714264201
[2026-09-01T09:27:43.506Z INFO  gresse::replica] replica 178825481046243401 established peer replication connection with replica 178825480714264201
[2026-09-01T09:28:43.300Z INFO  gresse::replica] replica 178825481046243401 observed shutdown descriptor for replica 178825480714263201 with final counter Some(58)
[2026-09-01T09:28:43.448Z INFO  gresse::replica] replica 178825481046243401 observed shutdown descriptor for replica 178825480714264201 with final counter Some(59)
[2026-09-01T09:28:43.568Z INFO  gresse::replica] replica 178825481046243401 observed shutdown descriptor for replica 178825480714265201 with final counter Some(57)
[2026-09-01T09:28:53.445Z WARN  gresse::network] peer connection write failed: Broken pipe (os error 32)
[2026-09-01T09:29:15.444Z WARN  gresse::replica] replica 178825481046243401 deferred pull request to peer 178825480714266201: channel closed
[2026-09-01T09:29:27.445Z WARN  gresse::network] peer connection write failed: Broken pipe (os error 32)
[2026-09-01T09:29:35.445Z WARN  gresse::network] peer connection write failed: Broken pipe (os error 32)
[2026-09-01T09:29:42.207Z INFO  gresse::network] replica 178825481046243401 registered bidirectional network channel for replica 178825480714263202
[2026-09-01T09:29:42.207Z INFO  gresse::replica] replica 178825481046243401 established peer replication connection with replica 178825480714263202
[2026-09-01T09:29:42.318Z INFO  gresse::network] replica 178825481046243401 registered bidirectional network channel for replica 178825480759179602
[2026-09-01T09:29:42.318Z INFO  gresse::replica] replica 178825481046243401 established peer replication connection with replica 178825480759179602
[2026-09-01T09:29:42.384Z INFO  gresse::network] replica 178825481046243401 registered bidirectional network channel for replica 178825480714264202
[2026-09-01T09:29:42.384Z INFO  gresse::replica] replica 178825481046243401 established peer replication connection with replica 178825480714264202
[2026-09-01T09:29:42.565Z INFO  gresse::network] replica 178825481046243401 registered bidirectional network channel for replica 178825480714265202
[2026-09-01T09:29:42.565Z INFO  gresse::replica] replica 178825481046243401 established peer replication connection with replica 178825480714265202
[2026-09-01T09:29:42.707Z INFO  gresse::network] replica 178825481046243401 registered bidirectional network channel for replica 178825480714266202
[2026-09-01T09:29:42.707Z INFO  gresse::replica] replica 178825481046243401 established peer replication connection with replica 178825480714266202
[2026-09-01T09:29:42.902Z INFO  gresse::network] replica 178825481046243401 registered bidirectional network channel for replica 178825480714267202
[2026-09-01T09:29:42.902Z INFO  gresse::replica] replica 178825481046243401 established peer replication connection with replica 178825480714267202
[2026-09-01T09:29:50.444Z WARN  gresse::replica] replica 178825481046243401 deferred pull request to peer 178825480759179601: channel closed
[2026-09-01T09:30:38.444Z WARN  gresse::replica] replica 178825481046243401 deferred pull request to peer 178825480714267201: channel closed
[2026-09-01T09:30:43.296Z INFO  gresse::replica] replica 178825481046243401 observed shutdown descriptor for replica 178825480759180601 with final counter Some(326)
[2026-09-01T09:30:43.423Z INFO  gresse::replica] replica 178825481046243401 observed shutdown descriptor for replica 178825480759181601 with final counter Some(326)
[2026-09-01T09:30:43.506Z INFO  gresse::replica] replica 178825481046243401 observed shutdown descriptor for replica 178825480759182601 with final counter Some(327)
[2026-09-01T09:31:16.444Z WARN  gresse::network] peer connection write failed: Broken pipe (os error 32)
[2026-09-01T09:31:20.445Z WARN  gresse::replica] replica 178825481046243401 deferred pull request to peer 178825480759183601: channel closed
[2026-09-01T09:31:22.444Z WARN  gresse::network] peer connection write failed: Broken pipe (os error 32)
[2026-09-01T09:31:29.444Z WARN  gresse::replica] replica 178825481046243401 deferred pull request to peer 178825480843463701: channel closed
[2026-09-01T09:31:42.437Z INFO  gresse::network] replica 178825481046243401 registered bidirectional network channel for replica 178825480843462702
[2026-09-01T09:31:42.437Z INFO  gresse::replica] replica 178825481046243401 established peer replication connection with replica 178825480843462702
[2026-09-01T09:31:42.493Z INFO  gresse::network] replica 178825481046243401 registered bidirectional network channel for replica 178825480759180602
[2026-09-01T09:31:42.493Z INFO  gresse::replica] replica 178825481046243401 established peer replication connection with replica 178825480759180602
[2026-09-01T09:31:42.849Z INFO  gresse::replica] replica 178825481046243401 established peer replication connection with replica 178825480843463702
[2026-09-01T09:31:42.849Z INFO  gresse::network] replica 178825481046243401 registered bidirectional network channel for replica 178825480843463702
[2026-09-01T09:31:42.933Z INFO  gresse::network] replica 178825481046243401 registered bidirectional network channel for replica 178825480759181602
[2026-09-01T09:31:42.933Z INFO  gresse::replica] replica 178825481046243401 established peer replication connection with replica 178825480759181602
[2026-09-01T09:31:43.297Z INFO  gresse::network] replica 178825481046243401 discovered network member NetworkMember { pid: 178825480759182602, address: 3.68.220.182:19083, final_counter: None }
[2026-09-01T09:31:43.410Z INFO  gresse::network] replica 178825481046243401 registered bidirectional network channel for replica 178825480759182602
[2026-09-01T09:31:43.410Z INFO  gresse::replica] replica 178825481046243401 established peer replication connection with replica 178825480759182602
[2026-09-01T09:31:43.726Z INFO  gresse::network] replica 178825481046243401 registered bidirectional network channel for replica 178825480759183602
[2026-09-01T09:31:43.726Z INFO  gresse::replica] replica 178825481046243401 established peer replication connection with replica 178825480759183602
[2026-09-01T09:32:01.445Z WARN  gresse::network] peer connection write failed: Broken pipe (os error 32)
[2026-09-01T09:32:38.444Z WARN  gresse::replica] replica 178825481046243401 deferred pull request to peer 178825480843462701: channel closed
[2026-09-01T09:32:43.302Z INFO  gresse::replica] replica 178825481046243401 observed shutdown descriptor for replica 178825480843464701 with final counter Some(616)
[2026-09-01T09:32:43.617Z INFO  gresse::replica] replica 178825481046243401 observed shutdown descriptor for replica 178825480843465701 with final counter Some(618)
[2026-09-01T09:32:48.300Z INFO  gresse::replica] replica 178825481046243401 observed shutdown descriptor for replica 178825480843466701 with final counter Some(619)
[2026-09-01T09:33:05.444Z WARN  gresse::network] peer connection write failed: Broken pipe (os error 32)
[2026-09-01T09:33:14.444Z WARN  gresse::network] peer connection write failed: Broken pipe (os error 32)
[2026-09-01T09:33:22.444Z WARN  gresse::replica] replica 178825481046243401 deferred pull request to peer 178825480957158901: channel closed
[2026-09-01T09:33:41.445Z WARN  gresse::network] peer connection write failed: Broken pipe (os error 32)
[2026-09-01T09:33:42.363Z INFO  gresse::network] replica 178825481046243401 registered bidirectional network channel for replica 178825480957157902
[2026-09-01T09:33:42.363Z INFO  gresse::replica] replica 178825481046243401 established peer replication connection with replica 178825480957157902
[2026-09-01T09:33:42.649Z INFO  gresse::network] replica 178825481046243401 registered bidirectional network channel for replica 178825480843464702
[2026-09-01T09:33:42.649Z INFO  gresse::replica] replica 178825481046243401 established peer replication connection with replica 178825480843464702
[2026-09-01T09:33:42.663Z INFO  gresse::network] replica 178825481046243401 registered bidirectional network channel for replica 178825480957158902
[2026-09-01T09:33:42.663Z INFO  gresse::replica] replica 178825481046243401 established peer replication connection with replica 178825480957158902
[2026-09-01T09:33:43.047Z INFO  gresse::replica] replica 178825481046243401 established peer replication connection with replica 178825480957159902
[2026-09-01T09:33:43.047Z INFO  gresse::network] replica 178825481046243401 registered bidirectional network channel for replica 178825480957159902
[2026-09-01T09:33:43.239Z INFO  gresse::network] replica 178825481046243401 registered bidirectional network channel for replica 178825480843465702
[2026-09-01T09:33:43.239Z INFO  gresse::replica] replica 178825481046243401 established peer replication connection with replica 178825480843465702
[2026-09-01T09:33:43.874Z INFO  gresse::network] replica 178825481046243401 registered bidirectional network channel for replica 178825480843466702
[2026-09-01T09:33:43.874Z INFO  gresse::replica] replica 178825481046243401 established peer replication connection with replica 178825480843466702
[2026-09-01T09:33:52.444Z WARN  gresse::replica] replica 178825481046243401 deferred pull request to peer 178825480957159901: channel closed
[2026-09-01T09:34:43.300Z INFO  gresse::replica] replica 178825481046243401 observed shutdown descriptor for replica 178825480957160901 with final counter Some(959)
[2026-09-01T09:34:43.394Z INFO  gresse::replica] replica 178825481046243401 observed shutdown descriptor for replica 178825480957161901 with final counter Some(957)
[2026-09-01T09:34:43.485Z INFO  gresse::replica] replica 178825481046243401 observed shutdown descriptor for replica 178825481046239401 with final counter Some(777)
[2026-09-01T09:34:57.444Z WARN  gresse::network] peer connection write failed: Broken pipe (os error 32)
[2026-09-01T09:34:58.445Z WARN  gresse::network] peer connection write failed: Broken pipe (os error 32)
[2026-09-01T09:35:00.444Z WARN  gresse::replica] replica 178825481046243401 deferred pull request to peer 178825481046242401: channel closed
[2026-09-01T09:35:01.444Z WARN  gresse::replica] replica 178825481046243401 deferred pull request to peer 178825480957157901: channel closed
[2026-09-01T09:35:40.444Z WARN  gresse::network] peer connection write failed: Broken pipe (os error 32)
[2026-09-01T09:35:41.959Z INFO  gresse::replica] replica 178825481046243401 gc departed_pids=None updated_stable=DotSet { set: {178825480843466702: -1, 178825480957159901: -1, 178825480843465702: -1, 178825480714264202: -1, 178825480714267202: -1, 178825480759180601: -1, 178825480843463701: -1, 178825480957160901: -1, 178825480714267201: -1, 178825480843464702: -1, 178825481046242401: -1, 178825480843463702: -1, 178825480843462702: -1, 178825481046240401: -1, 178825480957159902: -1, 178825480759182602: -1, 178825480957161901: -1, 178825480957158901: -1, 178825480759181602: -1, 178825480957157901: -1, 178825481046239401: -1, 178825480759182601: -1, 178825480957157902: -1, 178825480843462701: -1, 178825480714263202: -1, 178825480759181601: -1, 178825480759180602: -1, 178825480714266201: -1, 178825480843464701: -1, 178825481046241401: -1, 178825480759183601: -1, 178825480714265202: -1, 178825480714263201: -1, 178825480714265201: -1, 178825480759179601: -1, 178825480843466701: -1, 178825480714264201: -1, 178825480759179602: -1, 178825481046243401: -1, 178825480957158902: -1, 178825480714266202: -1, 178825480759183602: -1, 178825480843465701: -1} }
[2026-09-01T09:35:42.476Z INFO  gresse::replica] replica 178825481046243401 completed gc round
[2026-09-01T09:35:42.486Z INFO  gresse::network] replica 178825481046243401 registered bidirectional network channel for replica 178825480957160902
[2026-09-01T09:35:42.492Z INFO  gresse::network] replica 178825481046243401 registered bidirectional network channel for replica 178825481046239402
[2026-09-01T09:35:42.537Z INFO  gresse::replica] replica 178825481046243401 established peer replication connection with replica 178825480957160902
[2026-09-01T09:35:42.537Z INFO  gresse::replica] replica 178825481046243401 established peer replication connection with replica 178825481046239402
[2026-09-01T09:35:42.913Z INFO  gresse::network] replica 178825481046243401 registered bidirectional network channel for replica 178825480957161902
[2026-09-01T09:35:42.913Z INFO  gresse::replica] replica 178825481046243401 established peer replication connection with replica 178825480957161902
[2026-09-01T09:35:42.938Z INFO  gresse::network] replica 178825481046243401 registered bidirectional network channel for replica 178825481046240402
[2026-09-01T09:35:42.938Z INFO  gresse::replica] replica 178825481046243401 established peer replication connection with replica 178825481046240402
[2026-09-01T09:35:43.374Z INFO  gresse::network] replica 178825481046243401 discovered network member NetworkMember { pid: 178825481046241402, address: 13.38.41.188:19082, final_counter: None }
[2026-09-01T09:35:43.444Z WARN  gresse::replica] replica 178825481046243401 deferred pull request to peer 178825481046240401: channel closed
[2026-09-01T09:35:43.491Z INFO  gresse::network] replica 178825481046243401 registered bidirectional network channel for replica 178825481046241402
[2026-09-01T09:35:43.491Z INFO  gresse::replica] replica 178825481046243401 established peer replication connection with replica 178825481046241402
[2026-09-01T09:35:44.144Z INFO  gresse::network] replica 178825481046243401 registered bidirectional network channel for replica 178825481046242402
[2026-09-01T09:35:44.144Z INFO  gresse::replica] replica 178825481046243401 established peer replication connection with replica 178825481046242402
[2026-09-01T09:35:56.444Z WARN  gresse::replica] replica 178825481046243401 deferred pull request to peer 178825481046241401: channel closed
[2026-09-01T09:36:42.072Z INFO  gresse::replica] shutdown signal received for replica 178825481046243401
[2026-09-01T09:36:42.072Z INFO  gresse::replica] replica 178825481046243401 shutting down with 24 connected writers
[2026-09-01T09:36:42.529Z INFO  gresse::http_server] http server received shutdown signal
[2026-09-01T09:36:42.529Z INFO  gresse::http_server] http server shutdown complete
[2026-09-01T09:36:42.529Z INFO  gresse::network] network manager for replica 178825481046243401 shutdown complete
