[2026-08-28T13:58:49.862Z INFO  gresse::http_server] running CRDT HTTP server
[2026-08-28T13:58:49.862Z INFO  gresse::http_server] listening for HTTP on 0.0.0.0:18081
[2026-08-28T13:58:49.913Z INFO  gresse::replica] replica 178792343266887006 initiating runtime at bind_http=0.0.0.0:18081 bind_internal=0.0.0.0:19081 advertised_internal=16.192.159.169:19081
[2026-08-28T13:58:49.961Z INFO  gresse::object_storage] object storage connection established: backend=s3, bucket=gresse-geo-035351467464-20260828124038-be821e, region=eu-north-1, endpoint=AWS default endpoint resolution, first_operation=put-create, object_path=acm-sec-geo-churn-20260828T132329Z-550e9e91/membership/178792343266887006,16.192.159.169:19081,17
[2026-08-28T13:58:50.062Z INFO  gresse::replica] replica 178792343266887006 restored local state from durability journal before startup
[2026-08-28T13:58:50.063Z INFO  gresse::replica] replica 178792343266887006 discovered 337 membership descriptors during init
[2026-08-28T13:58:50.063Z INFO  gresse::replica] replica 178792343266887006 startup completed
[2026-08-28T13:58:50.063Z INFO  gresse::network] replica 178792343266887006 discovered network member NetworkMember { pid: 178792343266886006, address: 16.192.159.169:19080, final_counter: None }
[2026-08-28T13:58:50.063Z INFO  gresse::network] replica 178792343266887006 discovered network member NetworkMember { pid: 178792343266887005, address: 16.192.159.169:19081, final_counter: None }
[2026-08-28T13:58:50.063Z INFO  gresse::network] replica 178792343266887006 discovered network member NetworkMember { pid: 178792343266888005, address: 16.192.159.169:19082, final_counter: None }
[2026-08-28T13:58:50.063Z INFO  gresse::network] replica 178792343266887006 discovered network member NetworkMember { pid: 178792343266889005, address: 16.192.159.169:19083, final_counter: None }
[2026-08-28T13:58:50.063Z INFO  gresse::network] replica 178792343266887006 discovered network member NetworkMember { pid: 178792343266890005, address: 16.192.159.169:19084, final_counter: None }
[2026-08-28T13:58:50.063Z INFO  gresse::network] replica 178792343266887006 discovered network member NetworkMember { pid: 178792343327013805, address: 3.121.180.49:19080, final_counter: None }
[2026-08-28T13:58:50.063Z INFO  gresse::network] replica 178792343266887006 discovered network member NetworkMember { pid: 178792343327014805, address: 3.121.180.49:19081, final_counter: None }
[2026-08-28T13:58:50.063Z INFO  gresse::network] replica 178792343266887006 discovered network member NetworkMember { pid: 178792343327015805, address: 3.121.180.49:19082, final_counter: None }
[2026-08-28T13:58:50.063Z INFO  gresse::network] replica 178792343266887006 discovered network member NetworkMember { pid: 178792343327016805, address: 3.121.180.49:19083, final_counter: None }
[2026-08-28T13:58:50.063Z INFO  gresse::network] replica 178792343266887006 discovered network member NetworkMember { pid: 178792343327017805, address: 3.121.180.49:19084, final_counter: None }
[2026-08-28T13:58:50.063Z INFO  gresse::network] replica 178792343266887006 discovered network member NetworkMember { pid: 178792343404851505, address: 52.17.146.22:19080, final_counter: None }
[2026-08-28T13:58:50.063Z INFO  gresse::network] replica 178792343266887006 discovered network member NetworkMember { pid: 178792343404852505, address: 52.17.146.22:19081, final_counter: None }
[2026-08-28T13:58:50.063Z INFO  gresse::network] replica 178792343266887006 discovered network member NetworkMember { pid: 178792343404853505, address: 52.17.146.22:19082, final_counter: None }
[2026-08-28T13:58:50.063Z INFO  gresse::network] replica 178792343266887006 discovered network member NetworkMember { pid: 178792343404854505, address: 52.17.146.22:19083, final_counter: None }
[2026-08-28T13:58:50.063Z INFO  gresse::network] replica 178792343266887006 discovered network member NetworkMember { pid: 178792343404855505, address: 52.17.146.22:19084, final_counter: None }
[2026-08-28T13:58:50.063Z INFO  gresse::network] replica 178792343266887006 discovered network member NetworkMember { pid: 178792343513164005, address: 3.8.155.72:19080, final_counter: None }
[2026-08-28T13:58:50.063Z INFO  gresse::network] replica 178792343266887006 discovered network member NetworkMember { pid: 178792343513165005, address: 3.8.155.72:19081, final_counter: None }
[2026-08-28T13:58:50.063Z INFO  gresse::network] replica 178792343266887006 discovered network member NetworkMember { pid: 178792343513166005, address: 3.8.155.72:19082, final_counter: None }
[2026-08-28T13:58:50.063Z INFO  gresse::network] replica 178792343266887006 discovered network member NetworkMember { pid: 178792343513167005, address: 3.8.155.72:19083, final_counter: None }
[2026-08-28T13:58:50.063Z INFO  gresse::network] replica 178792343266887006 discovered network member NetworkMember { pid: 178792343513168005, address: 3.8.155.72:19084, final_counter: None }
[2026-08-28T13:58:50.063Z INFO  gresse::network] replica 178792343266887006 discovered network member NetworkMember { pid: 178792343597981005, address: 13.37.225.238:19080, final_counter: None }
[2026-08-28T13:58:50.063Z INFO  gresse::network] replica 178792343266887006 discovered network member NetworkMember { pid: 178792343597982005, address: 13.37.225.238:19081, final_counter: None }
[2026-08-28T13:58:50.063Z INFO  gresse::network] replica 178792343266887006 discovered network member NetworkMember { pid: 178792343597983005, address: 13.37.225.238:19082, final_counter: None }
[2026-08-28T13:58:50.063Z INFO  gresse::network] replica 178792343266887006 discovered network member NetworkMember { pid: 178792343597984005, address: 13.37.225.238:19083, final_counter: None }
[2026-08-28T13:58:50.063Z INFO  gresse::network] replica 178792343266887006 discovered network member NetworkMember { pid: 178792343597985004, address: 13.37.225.238:19084, final_counter: None }
[2026-08-28T13:58:50.063Z INFO  gresse::network] replica 178792343266887006 registered bidirectional network channel for replica 178792343266888005
[2026-08-28T13:58:50.063Z INFO  gresse::replica] replica 178792343266887006 established peer replication connection with replica 178792343266888005
[2026-08-28T13:58:50.064Z INFO  gresse::network] replica 178792343266887006 registered bidirectional network channel for replica 178792343266890005
[2026-08-28T13:58:50.064Z INFO  gresse::replica] replica 178792343266887006 established peer replication connection with replica 178792343266890005
[2026-08-28T13:58:50.064Z INFO  gresse::network] replica 178792343266887006 registered bidirectional network channel for replica 178792343266887006
[2026-08-28T13:58:50.064Z INFO  gresse::network] replica 178792343266887006 registered bidirectional network channel for replica 178792343266889005
[2026-08-28T13:58:50.064Z INFO  gresse::replica] replica 178792343266887006 established peer replication connection with replica 178792343266887006
[2026-08-28T13:58:50.064Z INFO  gresse::replica] replica 178792343266887006 established peer replication connection with replica 178792343266889005
[2026-08-28T13:58:50.064Z INFO  gresse::network] replica 178792343266887006 registered bidirectional network channel for replica 178792343266886006
[2026-08-28T13:58:50.065Z WARN  gresse::network] replica 178792343266887006 rejected peer handshake: expected 178792343266887005, received 178792343266887006
[2026-08-28T13:58:50.065Z INFO  gresse::replica] replica 178792343266887006 established peer replication connection with replica 178792343266886006
[2026-08-28T13:58:50.094Z WARN  gresse::network] replica 178792343266887006 peer connection attempt failed: could not connect to 13.37.225.238:19084: Connection refused (os error 111)
[2026-08-28T13:58:50.111Z INFO  gresse::network] replica 178792343266887006 registered bidirectional network channel for replica 178792343327013805
[2026-08-28T13:58:50.111Z INFO  gresse::network] replica 178792343266887006 registered bidirectional network channel for replica 178792343327014805
[2026-08-28T13:58:50.111Z INFO  gresse::network] replica 178792343266887006 registered bidirectional network channel for replica 178792343327015805
[2026-08-28T13:58:50.111Z INFO  gresse::network] replica 178792343266887006 registered bidirectional network channel for replica 178792343327017805
[2026-08-28T13:58:50.111Z INFO  gresse::network] replica 178792343266887006 registered bidirectional network channel for replica 178792343327016805
[2026-08-28T13:58:50.119Z INFO  gresse::network] replica 178792343266887006 registered bidirectional network channel for replica 178792343513168005
[2026-08-28T13:58:50.121Z INFO  gresse::network] replica 178792343266887006 registered bidirectional network channel for replica 178792343513164005
[2026-08-28T13:58:50.121Z INFO  gresse::network] replica 178792343266887006 registered bidirectional network channel for replica 178792343513165005
[2026-08-28T13:58:50.121Z INFO  gresse::network] replica 178792343266887006 registered bidirectional network channel for replica 178792343513166005
[2026-08-28T13:58:50.121Z INFO  gresse::network] replica 178792343266887006 registered bidirectional network channel for replica 178792343513167005
[2026-08-28T13:58:50.126Z INFO  gresse::network] replica 178792343266887006 registered bidirectional network channel for replica 178792343597981005
[2026-08-28T13:58:50.126Z INFO  gresse::network] replica 178792343266887006 registered bidirectional network channel for replica 178792343597982005
[2026-08-28T13:58:50.126Z INFO  gresse::network] replica 178792343266887006 registered bidirectional network channel for replica 178792343597983005
[2026-08-28T13:58:50.148Z INFO  gresse::network] replica 178792343266887006 registered bidirectional network channel for replica 178792343404855505
[2026-08-28T13:58:50.148Z INFO  gresse::network] replica 178792343266887006 registered bidirectional network channel for replica 178792343404853505
[2026-08-28T13:58:50.148Z INFO  gresse::network] replica 178792343266887006 registered bidirectional network channel for replica 178792343404851505
[2026-08-28T13:58:50.148Z INFO  gresse::network] replica 178792343266887006 registered bidirectional network channel for replica 178792343404854505
[2026-08-28T13:58:50.149Z INFO  gresse::network] replica 178792343266887006 registered bidirectional network channel for replica 178792343404852505
[2026-08-28T13:58:50.382Z INFO  gresse::network] replica 178792343266887006 registered bidirectional network channel for replica 178792343597984005
[2026-08-28T13:58:51.493Z INFO  gresse::replica] replica 178792343266887006 established peer replication connection with replica 178792343327013805
[2026-08-28T13:58:51.493Z INFO  gresse::replica] replica 178792343266887006 established peer replication connection with replica 178792343327014805
[2026-08-28T13:58:51.493Z INFO  gresse::replica] replica 178792343266887006 established peer replication connection with replica 178792343327015805
[2026-08-28T13:58:51.493Z INFO  gresse::replica] replica 178792343266887006 established peer replication connection with replica 178792343327017805
[2026-08-28T13:58:51.493Z INFO  gresse::replica] replica 178792343266887006 established peer replication connection with replica 178792343327016805
[2026-08-28T13:58:51.493Z INFO  gresse::replica] replica 178792343266887006 established peer replication connection with replica 178792343513168005
[2026-08-28T13:58:51.493Z INFO  gresse::replica] replica 178792343266887006 established peer replication connection with replica 178792343513164005
[2026-08-28T13:58:51.493Z INFO  gresse::replica] replica 178792343266887006 established peer replication connection with replica 178792343513165005
[2026-08-28T13:58:51.493Z INFO  gresse::replica] replica 178792343266887006 established peer replication connection with replica 178792343513166005
[2026-08-28T13:58:51.493Z INFO  gresse::replica] replica 178792343266887006 established peer replication connection with replica 178792343513167005
[2026-08-28T13:58:51.493Z INFO  gresse::replica] replica 178792343266887006 established peer replication connection with replica 178792343597981005
[2026-08-28T13:58:51.493Z INFO  gresse::replica] replica 178792343266887006 established peer replication connection with replica 178792343597982005
[2026-08-28T13:58:51.493Z INFO  gresse::replica] replica 178792343266887006 established peer replication connection with replica 178792343597983005
[2026-08-28T13:58:51.493Z INFO  gresse::replica] replica 178792343266887006 established peer replication connection with replica 178792343404855505
[2026-08-28T13:58:51.493Z INFO  gresse::replica] replica 178792343266887006 established peer replication connection with replica 178792343404853505
[2026-08-28T13:58:51.493Z INFO  gresse::replica] replica 178792343266887006 established peer replication connection with replica 178792343404851505
[2026-08-28T13:58:51.493Z INFO  gresse::replica] replica 178792343266887006 established peer replication connection with replica 178792343404854505
[2026-08-28T13:58:51.493Z INFO  gresse::replica] replica 178792343266887006 established peer replication connection with replica 178792343404852505
[2026-08-28T13:58:51.493Z INFO  gresse::replica] replica 178792343266887006 established peer replication connection with replica 178792343597984005
[2026-08-28T13:58:51.542Z INFO  gresse::network] replica 178792343266887006 registered bidirectional network channel for replica 178792343597985005
[2026-08-28T13:58:51.542Z INFO  gresse::replica] replica 178792343266887006 established peer replication connection with replica 178792343597985005
[2026-08-28T13:58:54.957Z INFO  gresse::replica] replica 178792343266887006 observed shutdown descriptor for replica 178792343597982004 with final counter Some(1284)
[2026-08-28T13:58:55.322Z INFO  gresse::replica] replica 178792343266887006 observed shutdown descriptor for replica 178792343597983004 with final counter Some(872)
[2026-08-28T13:58:55.613Z INFO  gresse::replica] replica 178792343266887006 observed shutdown descriptor for replica 178792343597984004 with final counter Some(870)
[2026-08-28T13:59:08.064Z WARN  gresse::network] peer connection write failed: Broken pipe (os error 32)
[2026-08-28T13:59:30.064Z WARN  gresse::replica] replica 178792343266887006 deferred pull request to peer 178792343266887006: channel closed
[2026-08-28T13:59:49.950Z INFO  gresse::replica] replica 178792343266887006 observed shutdown descriptor for replica 178792343266888005 with final counter Some(1237)
[2026-08-28T13:59:50.344Z INFO  gresse::replica] replica 178792343266887006 observed shutdown descriptor for replica 178792343266889005 with final counter Some(921)
[2026-08-28T13:59:50.715Z INFO  gresse::replica] replica 178792343266887006 observed shutdown descriptor for replica 178792343266890005 with final counter Some(921)
[2026-08-28T13:59:53.064Z WARN  gresse::network] peer connection write failed: Broken pipe (os error 32)
[2026-08-28T14:00:06.064Z WARN  gresse::network] peer connection write failed: Broken pipe (os error 32)
[2026-08-28T14:00:13.063Z WARN  gresse::replica] replica 178792343266887006 deferred pull request to peer 178792343327013805: channel closed
[2026-08-28T14:00:17.064Z WARN  gresse::replica] replica 178792343266887006 deferred pull request to peer 178792343327015805: channel closed
[2026-08-28T14:00:21.064Z WARN  gresse::network] peer connection write failed: Broken pipe (os error 32)
[2026-08-28T14:00:37.064Z WARN  gresse::replica] replica 178792343266887006 deferred pull request to peer 178792343327014805: channel closed
[2026-08-28T14:00:48.499Z INFO  gresse::network] replica 178792343266887006 registered bidirectional network channel for replica 178792343266888006
[2026-08-28T14:00:48.499Z INFO  gresse::replica] replica 178792343266887006 established peer replication connection with replica 178792343266888006
[2026-08-28T14:00:48.980Z INFO  gresse::network] replica 178792343266887006 registered bidirectional network channel for replica 178792343266889006
[2026-08-28T14:00:48.980Z INFO  gresse::replica] replica 178792343266887006 established peer replication connection with replica 178792343266889006
[2026-08-28T14:00:49.001Z INFO  gresse::network] replica 178792343266887006 registered bidirectional network channel for replica 178792343327013806
[2026-08-28T14:00:49.001Z INFO  gresse::replica] replica 178792343266887006 established peer replication connection with replica 178792343327013806
[2026-08-28T14:00:49.526Z INFO  gresse::network] replica 178792343266887006 registered bidirectional network channel for replica 178792343266890006
[2026-08-28T14:00:49.526Z INFO  gresse::replica] replica 178792343266887006 established peer replication connection with replica 178792343266890006
[2026-08-28T14:00:50.345Z INFO  gresse::network] replica 178792343266887006 registered bidirectional network channel for replica 178792343327014806
[2026-08-28T14:00:50.345Z INFO  gresse::replica] replica 178792343266887006 established peer replication connection with replica 178792343327014806
[2026-08-28T14:00:51.317Z INFO  gresse::network] replica 178792343266887006 registered bidirectional network channel for replica 178792343327015806
[2026-08-28T14:00:51.317Z INFO  gresse::replica] replica 178792343266887006 established peer replication connection with replica 178792343327015806
[2026-08-28T14:01:49.948Z INFO  gresse::replica] replica 178792343266887006 observed shutdown descriptor for replica 178792343327016805 with final counter Some(1288)
[2026-08-28T14:01:50.378Z INFO  gresse::replica] replica 178792343266887006 observed shutdown descriptor for replica 178792343327017805 with final counter Some(1023)
[2026-08-28T14:01:50.782Z INFO  gresse::replica] replica 178792343266887006 observed shutdown descriptor for replica 178792343404851505 with final counter Some(850)
[2026-08-28T14:02:18.064Z WARN  gresse::network] peer connection write failed: Broken pipe (os error 32)
[2026-08-28T14:02:33.064Z WARN  gresse::replica] replica 178792343266887006 deferred pull request to peer 178792343404852505: channel closed
[2026-08-28T14:02:47.064Z WARN  gresse::network] peer connection write failed: Broken pipe (os error 32)
[2026-08-28T14:02:48.685Z INFO  gresse::network] replica 178792343266887006 registered bidirectional network channel for replica 178792343327016806
[2026-08-28T14:02:48.685Z INFO  gresse::replica] replica 178792343266887006 established peer replication connection with replica 178792343327016806
[2026-08-28T14:02:48.986Z INFO  gresse::network] replica 178792343266887006 registered bidirectional network channel for replica 178792343404851506
[2026-08-28T14:02:48.986Z INFO  gresse::replica] replica 178792343266887006 established peer replication connection with replica 178792343404851506
[2026-08-28T14:02:49.250Z INFO  gresse::network] replica 178792343266887006 registered bidirectional network channel for replica 178792343327017806
[2026-08-28T14:02:49.250Z INFO  gresse::replica] replica 178792343266887006 established peer replication connection with replica 178792343327017806
[2026-08-28T14:02:49.972Z INFO  gresse::network] replica 178792343266887006 discovered network member NetworkMember { pid: 178792343404852506, address: 52.17.146.22:19081, final_counter: None }
[2026-08-28T14:02:50.262Z INFO  gresse::network] replica 178792343266887006 registered bidirectional network channel for replica 178792343404852506
[2026-08-28T14:02:50.262Z INFO  gresse::replica] replica 178792343266887006 established peer replication connection with replica 178792343404852506
[2026-08-28T14:02:51.831Z INFO  gresse::network] replica 178792343266887006 registered bidirectional network channel for replica 178792343404853506
[2026-08-28T14:02:51.831Z INFO  gresse::replica] replica 178792343266887006 established peer replication connection with replica 178792343404853506
[2026-08-28T14:02:53.045Z INFO  gresse::network] replica 178792343266887006 registered bidirectional network channel for replica 178792343404854506
[2026-08-28T14:02:53.045Z INFO  gresse::replica] replica 178792343266887006 established peer replication connection with replica 178792343404854506
[2026-08-28T14:03:00.063Z WARN  gresse::network] peer connection write failed: Broken pipe (os error 32)
[2026-08-28T14:03:11.063Z WARN  gresse::replica] replica 178792343266887006 deferred pull request to peer 178792343404854505: channel closed
[2026-08-28T14:03:29.064Z WARN  gresse::replica] replica 178792343266887006 deferred pull request to peer 178792343404853505: channel closed
[2026-08-28T14:03:49.950Z INFO  gresse::replica] replica 178792343266887006 observed shutdown descriptor for replica 178792343404855505 with final counter Some(1552)
[2026-08-28T14:03:50.278Z INFO  gresse::replica] replica 178792343266887006 observed shutdown descriptor for replica 178792343513164005 with final counter Some(848)
[2026-08-28T14:03:50.597Z INFO  gresse::replica] replica 178792343266887006 observed shutdown descriptor for replica 178792343513165005 with final counter Some(841)
[2026-08-28T14:04:22.064Z WARN  gresse::network] peer connection write failed: Broken pipe (os error 32)
[2026-08-28T14:04:34.063Z WARN  gresse::network] peer connection write failed: Broken pipe (os error 32)
[2026-08-28T14:04:37.064Z WARN  gresse::replica] replica 178792343266887006 deferred pull request to peer 178792343513168005: channel closed
[2026-08-28T14:04:42.064Z WARN  gresse::replica] replica 178792343266887006 deferred pull request to peer 178792343513166005: channel closed
[2026-08-28T14:04:48.886Z INFO  gresse::network] replica 178792343266887006 registered bidirectional network channel for replica 178792343513164006
[2026-08-28T14:04:48.886Z INFO  gresse::replica] replica 178792343266887006 established peer replication connection with replica 178792343513164006
[2026-08-28T14:04:49.169Z INFO  gresse::network] replica 178792343266887006 registered bidirectional network channel for replica 178792343404855506
[2026-08-28T14:04:49.170Z INFO  gresse::replica] replica 178792343266887006 established peer replication connection with replica 178792343404855506
[2026-08-28T14:04:49.682Z INFO  gresse::network] replica 178792343266887006 registered bidirectional network channel for replica 178792343513165006
[2026-08-28T14:04:49.682Z INFO  gresse::replica] replica 178792343266887006 established peer replication connection with replica 178792343513165006
[2026-08-28T14:04:50.912Z INFO  gresse::network] replica 178792343266887006 registered bidirectional network channel for replica 178792343513166006
[2026-08-28T14:04:50.912Z INFO  gresse::replica] replica 178792343266887006 established peer replication connection with replica 178792343513166006
[2026-08-28T14:04:52.063Z WARN  gresse::network] peer connection write failed: Broken pipe (os error 32)
[2026-08-28T14:04:52.109Z INFO  gresse::network] replica 178792343266887006 registered bidirectional network channel for replica 178792343513167006
[2026-08-28T14:04:52.109Z INFO  gresse::replica] replica 178792343266887006 established peer replication connection with replica 178792343513167006
[2026-08-28T14:04:53.593Z INFO  gresse::network] replica 178792343266887006 registered bidirectional network channel for replica 178792343513168006
[2026-08-28T14:04:53.593Z INFO  gresse::replica] replica 178792343266887006 established peer replication connection with replica 178792343513168006
[2026-08-28T14:04:54.064Z WARN  gresse::replica] replica 178792343266887006 deferred pull request to peer 178792343513167005: channel closed
[2026-08-28T14:05:49.972Z INFO  gresse::replica] replica 178792343266887006 observed shutdown descriptor for replica 178792343597981005 with final counter Some(1549)
[2026-08-28T14:05:50.387Z INFO  gresse::replica] replica 178792343266887006 observed shutdown descriptor for replica 178792343597982005 with final counter Some(843)
[2026-08-28T14:05:54.962Z INFO  gresse::replica] replica 178792343266887006 observed shutdown descriptor for replica 178792343597983005 with final counter Some(842)
[2026-08-28T14:06:07.063Z WARN  gresse::network] peer connection write failed: Broken pipe (os error 32)
[2026-08-28T14:06:18.064Z WARN  gresse::replica] replica 178792343266887006 deferred pull request to peer 178792343597984005: channel closed
[2026-08-28T14:06:22.064Z WARN  gresse::network] peer connection write failed: Broken pipe (os error 32)
[2026-08-28T14:06:42.064Z WARN  gresse::network] peer connection write failed: Broken pipe (os error 32)
[2026-08-28T14:06:48.974Z INFO  gresse::network] replica 178792343266887006 registered bidirectional network channel for replica 178792343597981006
[2026-08-28T14:06:48.974Z INFO  gresse::replica] replica 178792343266887006 established peer replication connection with replica 178792343597981006
[2026-08-28T14:06:49.069Z INFO  gresse::replica] replica 178792343266887006 established peer replication connection with replica 178792343266886007
[2026-08-28T14:06:49.069Z INFO  gresse::network] replica 178792343266887006 registered bidirectional network channel for replica 178792343266886007
[2026-08-28T14:06:49.815Z INFO  gresse::network] replica 178792343266887006 registered bidirectional network channel for replica 178792343597982006
[2026-08-28T14:06:49.815Z INFO  gresse::replica] replica 178792343266887006 established peer replication connection with replica 178792343597982006
[2026-08-28T14:06:50.714Z INFO  gresse::network] replica 178792343266887006 registered bidirectional network channel for replica 178792343597983006
[2026-08-28T14:06:50.714Z INFO  gresse::replica] replica 178792343266887006 established peer replication connection with replica 178792343597983006
[2026-08-28T14:06:51.969Z INFO  gresse::network] replica 178792343266887006 registered bidirectional network channel for replica 178792343597984006
[2026-08-28T14:06:51.969Z INFO  gresse::replica] replica 178792343266887006 established peer replication connection with replica 178792343597984006
[2026-08-28T14:06:53.209Z INFO  gresse::network] replica 178792343266887006 registered bidirectional network channel for replica 178792343597985006
[2026-08-28T14:06:53.209Z INFO  gresse::replica] replica 178792343266887006 established peer replication connection with replica 178792343597985006
[2026-08-28T14:07:03.063Z WARN  gresse::replica] replica 178792343266887006 deferred pull request to peer 178792343266886006: channel closed
[2026-08-28T14:07:31.064Z WARN  gresse::replica] replica 178792343266887006 deferred pull request to peer 178792343597985005: channel closed
[2026-08-28T14:07:48.050Z INFO  gresse::replica] shutdown signal received for replica 178792343266887006
[2026-08-28T14:07:48.050Z INFO  gresse::replica] replica 178792343266887006 shutting down with 24 connected writers
[2026-08-28T14:07:48.398Z INFO  gresse::http_server] http server received shutdown signal
[2026-08-28T14:07:48.398Z INFO  gresse::http_server] http server shutdown complete
[2026-08-28T14:07:48.399Z INFO  gresse::network] network manager for replica 178792343266887006 shutdown complete
