[2026-09-01T09:57:42.079Z INFO  gresse::http_server] running CRDT HTTP server
[2026-09-01T09:57:42.079Z INFO  gresse::http_server] listening for HTTP on 0.0.0.0:18084
[2026-09-01T09:57:42.106Z INFO  gresse::replica] replica 178825480759183605 initiating runtime at bind_http=0.0.0.0:18084 bind_internal=0.0.0.0:19084 advertised_internal=3.68.220.182:19084
[2026-09-01T09:57:42.219Z INFO  gresse::object_storage] object storage connection established: backend=s3, bucket=gresse-geo-035351467464-20260901084800-ec90d0, region=eu-north-1, endpoint=AWS default endpoint resolution, first_operation=put-create, object_path=acm-sec-geo-churn-20260901T092623Z-21106dd4/membership/178825480759183605,3.68.220.182:19084,0
[2026-09-01T09:57:42.693Z INFO  gresse::replica] replica 178825480759183605 discovered 120 membership descriptors during init
[2026-09-01T09:57:42.693Z INFO  gresse::replica] replica 178825480759183605 startup completed
[2026-09-01T09:57:42.693Z INFO  gresse::network] replica 178825480759183605 discovered network member NetworkMember { pid: 178825480714263205, address: 16.170.108.158:19080, final_counter: None }
[2026-09-01T09:57:42.693Z INFO  gresse::network] replica 178825480759183605 discovered network member NetworkMember { pid: 178825480714264205, address: 16.170.108.158:19081, final_counter: None }
[2026-09-01T09:57:42.693Z INFO  gresse::network] replica 178825480759183605 registered bidirectional network channel for replica 178825480957157904
[2026-09-01T09:57:42.693Z INFO  gresse::network] replica 178825480759183605 discovered network member NetworkMember { pid: 178825480714265205, address: 16.170.108.158:19082, final_counter: None }
[2026-09-01T09:57:42.693Z INFO  gresse::network] replica 178825480759183605 discovered network member NetworkMember { pid: 178825480714266205, address: 16.170.108.158:19083, final_counter: None }
[2026-09-01T09:57:42.693Z INFO  gresse::network] replica 178825480759183605 discovered network member NetworkMember { pid: 178825480714267205, address: 16.170.108.158:19084, final_counter: None }
[2026-09-01T09:57:42.693Z INFO  gresse::network] replica 178825480759183605 discovered network member NetworkMember { pid: 178825480759179605, address: 3.68.220.182:19080, final_counter: None }
[2026-09-01T09:57:42.693Z INFO  gresse::network] replica 178825480759183605 discovered network member NetworkMember { pid: 178825480759180605, address: 3.68.220.182:19081, final_counter: None }
[2026-09-01T09:57:42.693Z INFO  gresse::network] replica 178825480759183605 discovered network member NetworkMember { pid: 178825480759181605, address: 3.68.220.182:19082, final_counter: None }
[2026-09-01T09:57:42.693Z INFO  gresse::replica] replica 178825480759183605 established peer replication connection with replica 178825480957157904
[2026-09-01T09:57:42.693Z INFO  gresse::network] replica 178825480759183605 registered bidirectional network channel for replica 178825480714263205
[2026-09-01T09:57:42.693Z INFO  gresse::network] replica 178825480759183605 discovered network member NetworkMember { pid: 178825480759182605, address: 3.68.220.182:19083, final_counter: None }
[2026-09-01T09:57:42.693Z INFO  gresse::network] replica 178825480759183605 discovered network member NetworkMember { pid: 178825480843464704, address: 34.245.195.69:19082, final_counter: None }
[2026-09-01T09:57:42.693Z INFO  gresse::network] replica 178825480759183605 discovered network member NetworkMember { pid: 178825480843465704, address: 34.245.195.69:19083, final_counter: None }
[2026-09-01T09:57:42.693Z INFO  gresse::replica] replica 178825480759183605 established peer replication connection with replica 178825480714263205
[2026-09-01T09:57:42.693Z INFO  gresse::network] replica 178825480759183605 discovered network member NetworkMember { pid: 178825480843466704, address: 34.245.195.69:19084, final_counter: None }
[2026-09-01T09:57:42.693Z INFO  gresse::network] replica 178825480759183605 registered bidirectional network channel for replica 178825480714267205
[2026-09-01T09:57:42.693Z INFO  gresse::network] replica 178825480759183605 registered bidirectional network channel for replica 178825481046239404
[2026-09-01T09:57:42.693Z INFO  gresse::network] replica 178825480759183605 discovered network member NetworkMember { pid: 178825480957158904, address: 18.130.228.25:19081, final_counter: None }
[2026-09-01T09:57:42.693Z INFO  gresse::replica] replica 178825480759183605 established peer replication connection with replica 178825480714267205
[2026-09-01T09:57:42.693Z INFO  gresse::network] replica 178825480759183605 discovered network member NetworkMember { pid: 178825480957159904, address: 18.130.228.25:19082, final_counter: None }
[2026-09-01T09:57:42.693Z INFO  gresse::replica] replica 178825480759183605 established peer replication connection with replica 178825481046239404
[2026-09-01T09:57:42.693Z INFO  gresse::network] replica 178825480759183605 discovered network member NetworkMember { pid: 178825480957160904, address: 18.130.228.25:19083, final_counter: None }
[2026-09-01T09:57:42.693Z INFO  gresse::network] replica 178825480759183605 discovered network member NetworkMember { pid: 178825480957161904, address: 18.130.228.25:19084, final_counter: None }
[2026-09-01T09:57:42.693Z INFO  gresse::network] replica 178825480759183605 discovered network member NetworkMember { pid: 178825481046240404, address: 13.38.41.188:19081, final_counter: None }
[2026-09-01T09:57:42.693Z INFO  gresse::network] replica 178825480759183605 discovered network member NetworkMember { pid: 178825481046241404, address: 13.38.41.188:19082, final_counter: None }
[2026-09-01T09:57:42.693Z INFO  gresse::network] replica 178825480759183605 discovered network member NetworkMember { pid: 178825481046242404, address: 13.38.41.188:19083, final_counter: None }
[2026-09-01T09:57:42.693Z INFO  gresse::network] replica 178825480759183605 discovered network member NetworkMember { pid: 178825481046243404, address: 13.38.41.188:19084, final_counter: None }
[2026-09-01T09:57:42.694Z INFO  gresse::network] replica 178825480759183605 registered bidirectional network channel for replica 178825480759179605
[2026-09-01T09:57:42.694Z INFO  gresse::replica] replica 178825480759183605 established peer replication connection with replica 178825480759179605
[2026-09-01T09:57:42.694Z INFO  gresse::network] replica 178825480759183605 registered bidirectional network channel for replica 178825480759181605
[2026-09-01T09:57:42.694Z INFO  gresse::replica] replica 178825480759183605 established peer replication connection with replica 178825480759181605
[2026-09-01T09:57:42.694Z INFO  gresse::network] replica 178825480759183605 registered bidirectional network channel for replica 178825480759180605
[2026-09-01T09:57:42.694Z INFO  gresse::replica] replica 178825480759183605 established peer replication connection with replica 178825480759180605
[2026-09-01T09:57:42.694Z INFO  gresse::network] replica 178825480759183605 registered bidirectional network channel for replica 178825480759182605
[2026-09-01T09:57:42.694Z INFO  gresse::replica] replica 178825480759183605 established peer replication connection with replica 178825480759182605
[2026-09-01T09:57:42.709Z INFO  gresse::network] replica 178825480759183605 registered bidirectional network channel for replica 178825481046242404
[2026-09-01T09:57:42.709Z INFO  gresse::replica] replica 178825480759183605 established peer replication connection with replica 178825481046242404
[2026-09-01T09:57:42.709Z INFO  gresse::network] replica 178825480759183605 registered bidirectional network channel for replica 178825481046243404
[2026-09-01T09:57:42.709Z INFO  gresse::replica] replica 178825480759183605 established peer replication connection with replica 178825481046243404
[2026-09-01T09:57:42.709Z INFO  gresse::network] replica 178825480759183605 registered bidirectional network channel for replica 178825481046241404
[2026-09-01T09:57:42.709Z INFO  gresse::replica] replica 178825480759183605 established peer replication connection with replica 178825481046241404
[2026-09-01T09:57:42.709Z INFO  gresse::network] replica 178825480759183605 registered bidirectional network channel for replica 178825481046240404
[2026-09-01T09:57:42.709Z INFO  gresse::replica] replica 178825480759183605 established peer replication connection with replica 178825481046240404
[2026-09-01T09:57:42.713Z WARN  gresse::network] replica 178825480759183605 peer connection attempt failed: could not connect to 34.245.195.69:19082: Connection refused (os error 111)
[2026-09-01T09:57:42.713Z WARN  gresse::network] replica 178825480759183605 peer connection attempt failed: could not connect to 34.245.195.69:19084: Connection refused (os error 111)
[2026-09-01T09:57:42.713Z WARN  gresse::network] replica 178825480759183605 peer connection attempt failed: could not connect to 34.245.195.69:19083: Connection refused (os error 111)
[2026-09-01T09:57:42.715Z INFO  gresse::network] replica 178825480759183605 registered bidirectional network channel for replica 178825480957160904
[2026-09-01T09:57:42.715Z INFO  gresse::replica] replica 178825480759183605 established peer replication connection with replica 178825480957160904
[2026-09-01T09:57:42.716Z INFO  gresse::network] replica 178825480759183605 registered bidirectional network channel for replica 178825480957159904
[2026-09-01T09:57:42.716Z INFO  gresse::replica] replica 178825480759183605 established peer replication connection with replica 178825480957159904
[2026-09-01T09:57:42.717Z INFO  gresse::replica] replica 178825480759183605 established peer replication connection with replica 178825480957158904
[2026-09-01T09:57:42.717Z INFO  gresse::network] replica 178825480759183605 registered bidirectional network channel for replica 178825480957158904
[2026-09-01T09:57:42.717Z INFO  gresse::network] replica 178825480759183605 registered bidirectional network channel for replica 178825480957161904
[2026-09-01T09:57:42.717Z INFO  gresse::replica] replica 178825480759183605 established peer replication connection with replica 178825480957161904
[2026-09-01T09:57:42.740Z INFO  gresse::network] replica 178825480759183605 registered bidirectional network channel for replica 178825480714265205
[2026-09-01T09:57:42.740Z INFO  gresse::replica] replica 178825480759183605 established peer replication connection with replica 178825480714265205
[2026-09-01T09:57:42.741Z INFO  gresse::network] replica 178825480759183605 registered bidirectional network channel for replica 178825480714264205
[2026-09-01T09:57:42.741Z INFO  gresse::replica] replica 178825480759183605 established peer replication connection with replica 178825480714264205
[2026-09-01T09:57:42.741Z INFO  gresse::network] replica 178825480759183605 registered bidirectional network channel for replica 178825480714266205
[2026-09-01T09:57:42.741Z INFO  gresse::replica] replica 178825480759183605 established peer replication connection with replica 178825480714266205
[2026-09-01T09:57:42.991Z INFO  gresse::network] replica 178825480759183605 registered bidirectional network channel for replica 178825480843462705
[2026-09-01T09:57:43.472Z INFO  gresse::replica] replica 178825480759183605 established peer replication connection with replica 178825480843462705
[2026-09-01T09:57:43.917Z INFO  gresse::network] replica 178825480759183605 registered bidirectional network channel for replica 178825480843463705
[2026-09-01T09:57:43.917Z INFO  gresse::replica] replica 178825480759183605 established peer replication connection with replica 178825480843463705
[2026-09-01T09:57:45.175Z INFO  gresse::network] replica 178825480759183605 registered bidirectional network channel for replica 178825480843464705
[2026-09-01T09:57:45.175Z INFO  gresse::replica] replica 178825480759183605 established peer replication connection with replica 178825480843464705
[2026-09-01T09:57:46.095Z INFO  gresse::network] replica 178825480759183605 registered bidirectional network channel for replica 178825480843465705
[2026-09-01T09:57:46.095Z INFO  gresse::replica] replica 178825480759183605 established peer replication connection with replica 178825480843465705
[2026-09-01T09:57:47.108Z INFO  gresse::network] replica 178825480759183605 registered bidirectional network channel for replica 178825480843466705
[2026-09-01T09:57:47.108Z INFO  gresse::replica] replica 178825480759183605 established peer replication connection with replica 178825480843466705
[2026-09-01T09:57:47.151Z INFO  gresse::replica] replica 178825480759183605 observed shutdown descriptor for replica 178825480714266204 with final counter Some(1287)
[2026-09-01T09:57:47.394Z INFO  gresse::replica] replica 178825480759183605 observed shutdown descriptor for replica 178825480714267204 with final counter Some(1022)
[2026-09-01T09:57:47.624Z INFO  gresse::replica] replica 178825480759183605 observed shutdown descriptor for replica 178825480759179604 with final counter Some(846)
[2026-09-01T09:57:47.857Z INFO  gresse::replica] replica 178825480759183605 observed shutdown descriptor for replica 178825480759183604 with final counter Some(1553)
[2026-09-01T09:57:48.115Z INFO  gresse::replica] replica 178825480759183605 observed shutdown descriptor for replica 178825480843462704 with final counter Some(848)
[2026-09-01T09:57:48.373Z INFO  gresse::replica] replica 178825480759183605 observed shutdown descriptor for replica 178825480843463704 with final counter Some(841)
[2026-09-01T09:58:47.157Z INFO  gresse::replica] replica 178825480759183605 observed shutdown descriptor for replica 178825480957157904 with final counter Some(1552)
[2026-09-01T09:58:47.505Z INFO  gresse::replica] replica 178825480759183605 observed shutdown descriptor for replica 178825480957158904 with final counter Some(841)
[2026-09-01T09:58:47.863Z INFO  gresse::replica] replica 178825480759183605 observed shutdown descriptor for replica 178825480957159904 with final counter Some(839)
[2026-09-01T09:59:02.693Z WARN  gresse::network] peer connection write failed: Broken pipe (os error 32)
[2026-09-01T09:59:04.693Z WARN  gresse::replica] replica 178825480759183605 deferred pull request to peer 178825480957161904: channel closed
[2026-09-01T09:59:13.693Z WARN  gresse::network] peer connection write failed: Broken pipe (os error 32)
[2026-09-01T09:59:26.693Z WARN  gresse::network] peer connection write failed: Broken pipe (os error 32)
[2026-09-01T09:59:27.693Z WARN  gresse::replica] replica 178825480759183605 deferred pull request to peer 178825480957160904: channel closed
[2026-09-01T09:59:29.694Z WARN  gresse::replica] replica 178825480759183605 deferred pull request to peer 178825481046239404: channel closed
[2026-09-01T09:59:42.685Z INFO  gresse::network] replica 178825480759183605 registered bidirectional network channel for replica 178825480957157905
[2026-09-01T09:59:42.685Z INFO  gresse::replica] replica 178825480759183605 established peer replication connection with replica 178825480957157905
[2026-09-01T09:59:43.046Z INFO  gresse::network] replica 178825480759183605 registered bidirectional network channel for replica 178825481046239405
[2026-09-01T09:59:43.046Z INFO  gresse::replica] replica 178825480759183605 established peer replication connection with replica 178825481046239405
[2026-09-01T09:59:43.514Z INFO  gresse::network] replica 178825480759183605 registered bidirectional network channel for replica 178825480957158905
[2026-09-01T09:59:44.096Z INFO  gresse::replica] replica 178825480759183605 established peer replication connection with replica 178825480957158905
[2026-09-01T09:59:44.180Z INFO  gresse::network] replica 178825480759183605 registered bidirectional network channel for replica 178825480957159905
[2026-09-01T09:59:44.180Z INFO  gresse::replica] replica 178825480759183605 established peer replication connection with replica 178825480957159905
[2026-09-01T09:59:45.007Z INFO  gresse::network] replica 178825480759183605 registered bidirectional network channel for replica 178825480957160905
[2026-09-01T09:59:45.007Z INFO  gresse::replica] replica 178825480759183605 established peer replication connection with replica 178825480957160905
[2026-09-01T09:59:46.095Z INFO  gresse::network] replica 178825480759183605 registered bidirectional network channel for replica 178825480957161905
[2026-09-01T09:59:46.095Z INFO  gresse::replica] replica 178825480759183605 established peer replication connection with replica 178825480957161905
[2026-09-01T10:00:47.150Z INFO  gresse::replica] replica 178825480759183605 observed shutdown descriptor for replica 178825481046240404 with final counter Some(1284)
[2026-09-01T10:00:47.468Z INFO  gresse::replica] replica 178825480759183605 observed shutdown descriptor for replica 178825481046241404 with final counter Some(871)
[2026-09-01T10:00:47.788Z INFO  gresse::replica] replica 178825480759183605 observed shutdown descriptor for replica 178825481046242404 with final counter Some(871)
[2026-09-01T10:01:06.693Z WARN  gresse::network] peer connection write failed: Broken pipe (os error 32)
[2026-09-01T10:01:30.694Z WARN  gresse::replica] replica 178825480759183605 deferred pull request to peer 178825480714264205: channel closed
[2026-09-01T10:01:42.229Z INFO  gresse::network] replica 178825480759183605 discovered network member NetworkMember { pid: 178825481046240405, address: 13.38.41.188:19081, final_counter: None }
[2026-09-01T10:01:42.873Z INFO  gresse::network] replica 178825480759183605 registered bidirectional network channel for replica 178825481046240405
[2026-09-01T10:01:42.873Z INFO  gresse::replica] replica 178825480759183605 established peer replication connection with replica 178825481046240405
[2026-09-01T10:01:42.955Z INFO  gresse::network] replica 178825480759183605 registered bidirectional network channel for replica 178825480714263206
[2026-09-01T10:01:42.955Z INFO  gresse::replica] replica 178825480759183605 established peer replication connection with replica 178825480714263206
[2026-09-01T10:01:43.694Z INFO  gresse::network] replica 178825480759183605 registered bidirectional network channel for replica 178825481046241405
[2026-09-01T10:01:43.694Z INFO  gresse::replica] replica 178825480759183605 established peer replication connection with replica 178825481046241405
[2026-09-01T10:01:43.796Z INFO  gresse::network] replica 178825480759183605 registered bidirectional network channel for replica 178825480714264206
[2026-09-01T10:01:43.797Z INFO  gresse::replica] replica 178825480759183605 established peer replication connection with replica 178825480714264206
[2026-09-01T10:01:44.507Z INFO  gresse::network] replica 178825480759183605 registered bidirectional network channel for replica 178825481046242405
[2026-09-01T10:01:44.507Z INFO  gresse::replica] replica 178825480759183605 established peer replication connection with replica 178825481046242405
[2026-09-01T10:01:45.676Z INFO  gresse::replica] replica 178825480759183605 established peer replication connection with replica 178825481046243405
[2026-09-01T10:01:45.676Z INFO  gresse::network] replica 178825480759183605 registered bidirectional network channel for replica 178825481046243405
[2026-09-01T10:01:48.694Z WARN  gresse::network] peer connection write failed: Broken pipe (os error 32)
[2026-09-01T10:02:02.693Z WARN  gresse::network] peer connection write failed: Broken pipe (os error 32)
[2026-09-01T10:02:13.694Z WARN  gresse::replica] replica 178825480759183605 deferred pull request to peer 178825480714263205: channel closed
[2026-09-01T10:02:47.177Z INFO  gresse::replica] replica 178825480759183605 observed shutdown descriptor for replica 178825480714265205 with final counter Some(1237)
[2026-09-01T10:02:47.602Z INFO  gresse::replica] replica 178825480759183605 observed shutdown descriptor for replica 178825480714266205 with final counter Some(921)
[2026-09-01T10:02:47.904Z INFO  gresse::replica] replica 178825480759183605 observed shutdown descriptor for replica 178825480714267205 with final counter Some(921)
[2026-09-01T10:02:55.693Z WARN  gresse::replica] replica 178825480759183605 deferred pull request to peer 178825481046243404: channel closed
[2026-09-01T10:02:56.693Z WARN  gresse::network] peer connection write failed: Broken pipe (os error 32)
[2026-09-01T10:03:04.693Z WARN  gresse::network] peer connection write failed: Broken pipe (os error 32)
[2026-09-01T10:03:21.693Z WARN  gresse::replica] replica 178825480759183605 deferred pull request to peer 178825480759181605: channel closed
[2026-09-01T10:03:27.693Z WARN  gresse::network] peer connection write failed: Broken pipe (os error 32)
[2026-09-01T10:03:33.693Z WARN  gresse::replica] replica 178825480759183605 deferred pull request to peer 178825480759179605: channel closed
[2026-09-01T10:03:42.489Z INFO  gresse::network] replica 178825480759183605 registered bidirectional network channel for replica 178825480714265206
[2026-09-01T10:03:42.489Z INFO  gresse::replica] replica 178825480759183605 established peer replication connection with replica 178825480714265206
[2026-09-01T10:03:42.848Z INFO  gresse::network] replica 178825480759183605 registered bidirectional network channel for replica 178825480714266206
[2026-09-01T10:03:42.848Z INFO  gresse::replica] replica 178825480759183605 established peer replication connection with replica 178825480714266206
[2026-09-01T10:03:42.871Z INFO  gresse::network] replica 178825480759183605 registered bidirectional network channel for replica 178825480759179606
[2026-09-01T10:03:42.871Z INFO  gresse::replica] replica 178825480759183605 established peer replication connection with replica 178825480759179606
[2026-09-01T10:03:43.258Z INFO  gresse::replica] replica 178825480759183605 established peer replication connection with replica 178825480714267206
[2026-09-01T10:03:43.258Z INFO  gresse::network] replica 178825480759183605 registered bidirectional network channel for replica 178825480714267206
[2026-09-01T10:03:43.787Z INFO  gresse::network] replica 178825480759183605 registered bidirectional network channel for replica 178825480759180606
[2026-09-01T10:03:43.787Z INFO  gresse::replica] replica 178825480759183605 established peer replication connection with replica 178825480759180606
[2026-09-01T10:03:45.023Z INFO  gresse::network] replica 178825480759183605 registered bidirectional network channel for replica 178825480759181606
[2026-09-01T10:03:45.023Z INFO  gresse::replica] replica 178825480759183605 established peer replication connection with replica 178825480759181606
[2026-09-01T10:04:42.793Z INFO  gresse::replica] shutdown signal received for replica 178825480759183605
[2026-09-01T10:04:42.793Z INFO  gresse::replica] replica 178825480759183605 shutting down with 25 connected writers
[2026-09-01T10:04:43.383Z INFO  gresse::http_server] http server received shutdown signal
[2026-09-01T10:04:43.383Z INFO  gresse::http_server] http server shutdown complete
[2026-09-01T10:04:43.384Z INFO  gresse::network] network manager for replica 178825480759183605 shutdown complete
