[2026-04-30T11:07:24.035Z INFO  gresse::http_server] running CRDT HTTP server
[2026-04-30T11:07:24.035Z INFO  gresse::http_server] listening for HTTP on 127.0.0.1:18584
[2026-04-30T11:07:24.470Z INFO  gresse::replica] replica 4 initiating runtime at http=127.0.0.1:18584 internal=127.0.0.1:19584
[2026-04-30T11:07:25.760Z INFO  gresse::object_storage] object storage connection established: bucket=gresse, region=us-east-1, endpoint=http://127.0.0.1:9000, first_operation=put-create, object_path=experiment1/replicas_5/membership/4,127.0.0.1:19584,0
[2026-04-30T11:07:25.875Z INFO  gresse::replica] replica 4 discovered 4 membership descriptors during init
[2026-04-30T11:07:25.875Z INFO  gresse::replica] replica 4 startup completed
[2026-04-30T11:07:25.935Z INFO  gresse::network] replica 4 completed network handshake with replica 1
[2026-04-30T11:07:25.935Z INFO  gresse::network] replica 4 registered bidirectional network channel for replica 1
[2026-04-30T11:07:25.935Z INFO  gresse::replica] replica 4 established peer replication connection with replica 1
[2026-04-30T11:07:25.967Z INFO  gresse::network] replica 4 completed network handshake with replica 2
[2026-04-30T11:07:25.967Z INFO  gresse::network] replica 4 registered bidirectional network channel for replica 2
[2026-04-30T11:07:25.967Z INFO  gresse::replica] replica 4 established peer replication connection with replica 2
[2026-04-30T11:07:26.701Z INFO  gresse::network] replica 4 completed network handshake with replica 3
[2026-04-30T11:07:26.701Z INFO  gresse::network] replica 4 registered bidirectional network channel for replica 3
[2026-04-30T11:07:26.701Z INFO  gresse::replica] replica 4 established peer replication connection with replica 3
[2026-04-30T11:07:28.770Z INFO  gresse::network] replica 4 discovered network member NetworkMember { pid: 5, address: 127.0.0.1:19585, final_counter: None }
[2026-04-30T11:07:28.771Z INFO  gresse::network] replica 4 completed network handshake with replica 5
[2026-04-30T11:07:28.771Z INFO  gresse::network] replica 4 registered bidirectional network channel for replica 5
[2026-04-30T11:07:28.773Z INFO  gresse::replica] replica 4 established peer replication connection with replica 5
[2026-04-30T11:07:51.833Z ERROR gresse::http_server] http server connection error for 127.0.0.1:58238
[2026-04-30T11:07:51.833Z ERROR gresse::http_server] http server connection error for 127.0.0.1:58214
[2026-04-30T11:07:51.833Z ERROR gresse::http_server] http server connection error for 127.0.0.1:58223
[2026-04-30T11:07:51.833Z ERROR gresse::http_server] http server connection error for 127.0.0.1:58228
[2026-04-30T11:07:51.833Z ERROR gresse::http_server] http server connection error for 127.0.0.1:58234
[2026-04-30T11:07:51.833Z ERROR gresse::http_server] http server connection error for 127.0.0.1:58217

thread 'tokio-rt-worker' (7153392) panicked at src/replica.rs:777:14:
failed to send confirmation: Ok(Ok(Acknowledged))
note: run with `RUST_BACKTRACE=1` environment variable to display a backtrace

thread 'tokio-rt-worker' (7153383) panicked at src/http_server.rs:146:27:
Server failed to handle the message: RecvError(())

thread 'tokio-rt-worker' (7153394) panicked at src/http_server.rs:146:27:
Server failed to handle the message: RecvError(())

thread 'tokio-rt-worker' (7153395) panicked at src/http_server.rs:146:27:
Server failed to handle the message: RecvError(())

thread 'tokio-rt-worker' (7153396) panicked at src/http_server.rs:146:27:
Server failed to handle the message: RecvError(())

thread 'tokio-rt-worker' (7153391) panicked at src/http_server.rs:146:27:
Server failed to handle the message: RecvError(())

thread 'tokio-rt-worker' (7153390) panicked at src/http_server.rs:146:27:
Server failed to handle the message: RecvError(())

thread 'tokio-rt-worker' (7153393) panicked at src/http_server.rs:146:27:
Server failed to handle the message: RecvError(())
[2026-04-30T11:07:51.892Z INFO  gresse::http_server] http server received shutdown signal
[2026-04-30T11:07:51.892Z INFO  gresse::http_server] http server shutdown complete

thread 'tokio-rt-worker' (7153389) panicked at src/http_server.rs:146:27:
Server failed to handle the message: RecvError(())

thread 'tokio-rt-worker' (7153393) panicked at src/network.rs:233:44:
Failed to send request: SendError { .. }

thread 'tokio-rt-worker' (7153390) panicked at src/network.rs:233:44:
Failed to send request: SendError { .. }

thread 'tokio-rt-worker' (7153396) panicked at src/network.rs:233:44:
Failed to send request: SendError { .. }

thread 'tokio-rt-worker' (7153390) panicked at src/network.rs:233:44:
Failed to send request: SendError { .. }
Error: JoinError::Panic(Id(19), "failed to send confirmation: Ok(Ok(Acknowledged))", ...)
