[2026-09-03T09:14:58.007Z INFO  gresse::http_server] running CRDT HTTP server
[2026-09-03T09:14:58.007Z INFO  gresse::http_server] listening for HTTP on 0.0.0.0:18080
[2026-09-03T09:14:58.036Z INFO  gresse::replica] replica 178842684114090201 initiating runtime at bind_http=0.0.0.0:18080 bind_internal=0.0.0.0:19080 advertised_internal=34.246.191.174:19080
[2026-09-03T09:14:58.204Z INFO  gresse::object_storage] object storage connection established: backend=s3, bucket=gresse-geo-035351467464-20260903085118-6fb999, region=eu-north-1, endpoint=AWS default endpoint resolution, first_operation=get, object_path=acm-sec-geo-churn-20260903T091329Z-d96b4f84/persistent.json
[2026-09-03T09:14:58.280Z INFO  gresse::replica] replica 178842684114090201 discovered 5 membership descriptors during init
[2026-09-03T09:14:58.280Z INFO  gresse::replica] replica 178842684114090201 startup completed
[2026-09-03T09:14:58.280Z INFO  gresse::network] replica 178842684114090201 discovered network member NetworkMember { pid: 178842683849154801, address: 13.53.121.51:19080, final_counter: None }
[2026-09-03T09:14:58.280Z INFO  gresse::network] replica 178842684114090201 discovered network member NetworkMember { pid: 178842683956181201, address: 52.59.198.67:19080, final_counter: None }
[2026-09-03T09:14:58.281Z INFO  gresse::network] replica 178842684114090201 discovered network member NetworkMember { pid: 178842684286993601, address: 35.179.101.242:19080, final_counter: None }
[2026-09-03T09:14:58.281Z INFO  gresse::network] replica 178842684114090201 discovered network member NetworkMember { pid: 178842684426432101, address: 13.38.47.15:19080, final_counter: None }
[2026-09-03T09:14:58.300Z INFO  gresse::network] replica 178842684114090201 registered bidirectional network channel for replica 178842684286993601
[2026-09-03T09:14:58.300Z INFO  gresse::replica] replica 178842684114090201 established peer replication connection with replica 178842684286993601
[2026-09-03T09:14:58.315Z INFO  gresse::network] replica 178842684114090201 registered bidirectional network channel for replica 178842684426432101
[2026-09-03T09:14:58.315Z INFO  gresse::replica] replica 178842684114090201 established peer replication connection with replica 178842684426432101
[2026-09-03T09:14:58.321Z INFO  gresse::network] replica 178842684114090201 registered bidirectional network channel for replica 178842683956181201
[2026-09-03T09:14:58.321Z INFO  gresse::replica] replica 178842684114090201 established peer replication connection with replica 178842683956181201
[2026-09-03T09:14:58.365Z INFO  gresse::network] replica 178842684114090201 registered bidirectional network channel for replica 178842683849154801
[2026-09-03T09:14:58.365Z INFO  gresse::replica] replica 178842684114090201 established peer replication connection with replica 178842683849154801
[2026-09-03T09:14:58.374Z INFO  gresse::network] replica 178842684114090201 registered bidirectional network channel for replica 178842683849155801
[2026-09-03T09:14:58.374Z INFO  gresse::replica] replica 178842684114090201 established peer replication connection with replica 178842683849155801
[2026-09-03T09:14:58.511Z INFO  gresse::network] replica 178842684114090201 registered bidirectional network channel for replica 178842684286994601
[2026-09-03T09:14:58.511Z INFO  gresse::replica] replica 178842684114090201 established peer replication connection with replica 178842684286994601
[2026-09-03T09:14:58.530Z INFO  gresse::network] replica 178842684114090201 registered bidirectional network channel for replica 178842683956182201
[2026-09-03T09:14:58.530Z INFO  gresse::replica] replica 178842684114090201 established peer replication connection with replica 178842683956182201
[2026-09-03T09:14:58.535Z INFO  gresse::network] replica 178842684114090201 registered bidirectional network channel for replica 178842684426433101
[2026-09-03T09:14:58.535Z INFO  gresse::replica] replica 178842684114090201 established peer replication connection with replica 178842684426433101
[2026-09-03T09:14:58.567Z INFO  gresse::network] replica 178842684114090201 registered bidirectional network channel for replica 178842684114091201
[2026-09-03T09:14:58.567Z INFO  gresse::replica] replica 178842684114090201 established peer replication connection with replica 178842684114091201
[2026-09-03T09:14:58.580Z INFO  gresse::network] replica 178842684114090201 registered bidirectional network channel for replica 178842683849156801
[2026-09-03T09:14:58.580Z INFO  gresse::replica] replica 178842684114090201 established peer replication connection with replica 178842683849156801
[2026-09-03T09:14:58.731Z INFO  gresse::network] replica 178842684114090201 registered bidirectional network channel for replica 178842684286995601
[2026-09-03T09:14:58.731Z INFO  gresse::network] replica 178842684114090201 registered bidirectional network channel for replica 178842683956183201
[2026-09-03T09:14:58.731Z INFO  gresse::replica] replica 178842684114090201 established peer replication connection with replica 178842684286995601
[2026-09-03T09:14:58.731Z INFO  gresse::replica] replica 178842684114090201 established peer replication connection with replica 178842683956183201
[2026-09-03T09:14:58.795Z INFO  gresse::network] replica 178842684114090201 registered bidirectional network channel for replica 178842683849157801
[2026-09-03T09:14:58.795Z INFO  gresse::replica] replica 178842684114090201 established peer replication connection with replica 178842683849157801
[2026-09-03T09:14:58.830Z INFO  gresse::network] replica 178842684114090201 registered bidirectional network channel for replica 178842684426434101
[2026-09-03T09:14:58.830Z INFO  gresse::replica] replica 178842684114090201 established peer replication connection with replica 178842684426434101
[2026-09-03T09:14:58.910Z INFO  gresse::network] replica 178842684114090201 registered bidirectional network channel for replica 178842684114092201
[2026-09-03T09:14:58.910Z INFO  gresse::replica] replica 178842684114090201 established peer replication connection with replica 178842684114092201
[2026-09-03T09:14:58.936Z INFO  gresse::network] replica 178842684114090201 registered bidirectional network channel for replica 178842683956184201
[2026-09-03T09:14:58.936Z INFO  gresse::replica] replica 178842684114090201 established peer replication connection with replica 178842683956184201
[2026-09-03T09:14:58.989Z INFO  gresse::network] replica 178842684114090201 registered bidirectional network channel for replica 178842683849158801
[2026-09-03T09:14:58.989Z INFO  gresse::replica] replica 178842684114090201 established peer replication connection with replica 178842683849158801
[2026-09-03T09:14:59.021Z INFO  gresse::network] replica 178842684114090201 registered bidirectional network channel for replica 178842684286996601
[2026-09-03T09:14:59.021Z INFO  gresse::replica] replica 178842684114090201 established peer replication connection with replica 178842684286996601
[2026-09-03T09:14:59.042Z INFO  gresse::replica] replica 178842684114090201 established peer replication connection with replica 178842684426435101
[2026-09-03T09:14:59.042Z INFO  gresse::network] replica 178842684114090201 registered bidirectional network channel for replica 178842684426435101
[2026-09-03T09:14:59.147Z INFO  gresse::network] replica 178842684114090201 registered bidirectional network channel for replica 178842683956185201
[2026-09-03T09:14:59.147Z INFO  gresse::replica] replica 178842684114090201 established peer replication connection with replica 178842683956185201
[2026-09-03T09:14:59.179Z INFO  gresse::network] replica 178842684114090201 registered bidirectional network channel for replica 178842684114093201
[2026-09-03T09:14:59.179Z INFO  gresse::replica] replica 178842684114090201 established peer replication connection with replica 178842684114093201
[2026-09-03T09:14:59.237Z INFO  gresse::network] replica 178842684114090201 registered bidirectional network channel for replica 178842684286997601
[2026-09-03T09:14:59.237Z INFO  gresse::replica] replica 178842684114090201 established peer replication connection with replica 178842684286997601
[2026-09-03T09:14:59.348Z INFO  gresse::network] replica 178842684114090201 registered bidirectional network channel for replica 178842684426436101
[2026-09-03T09:14:59.348Z INFO  gresse::replica] replica 178842684114090201 established peer replication connection with replica 178842684426436101
[2026-09-03T09:14:59.489Z INFO  gresse::network] replica 178842684114090201 registered bidirectional network channel for replica 178842684114094201
[2026-09-03T09:14:59.490Z INFO  gresse::replica] replica 178842684114090201 established peer replication connection with replica 178842684114094201
[2026-09-03T09:16:02.282Z WARN  gresse::network] peer connection write failed: Broken pipe (os error 32)
[2026-09-03T09:16:03.128Z INFO  gresse::replica] replica 178842684114090201 observed shutdown descriptor for replica 178842683849154801 with final counter Some(58)
[2026-09-03T09:16:03.286Z INFO  gresse::replica] replica 178842684114090201 observed shutdown descriptor for replica 178842683849155801 with final counter Some(58)
[2026-09-03T09:16:03.399Z INFO  gresse::replica] replica 178842684114090201 observed shutdown descriptor for replica 178842683849156801 with final counter Some(57)
[2026-09-03T09:16:28.282Z WARN  gresse::network] peer connection write failed: Broken pipe (os error 32)
[2026-09-03T09:16:45.281Z WARN  gresse::network] peer connection write failed: Broken pipe (os error 32)
[2026-09-03T09:16:49.282Z WARN  gresse::replica] replica 178842684114090201 deferred pull request to peer 178842683956181201: channel closed
[2026-09-03T09:16:51.282Z WARN  gresse::replica] replica 178842684114090201 deferred pull request to peer 178842683849158801: channel closed
[2026-09-03T09:16:58.236Z INFO  gresse::network] replica 178842684114090201 registered bidirectional network channel for replica 178842683849154802
[2026-09-03T09:16:58.236Z INFO  gresse::replica] replica 178842684114090201 established peer replication connection with replica 178842683849154802
[2026-09-03T09:16:58.429Z INFO  gresse::network] replica 178842684114090201 registered bidirectional network channel for replica 178842683849155802
[2026-09-03T09:16:58.429Z INFO  gresse::replica] replica 178842684114090201 established peer replication connection with replica 178842683849155802
[2026-09-03T09:16:58.629Z INFO  gresse::network] replica 178842684114090201 registered bidirectional network channel for replica 178842683849156802
[2026-09-03T09:16:58.629Z INFO  gresse::replica] replica 178842684114090201 established peer replication connection with replica 178842683849156802
[2026-09-03T09:17:13.281Z WARN  gresse::replica] replica 178842684114090201 deferred pull request to peer 178842683849157801: channel closed
