[2026-09-01T09:41:42.733Z INFO  gresse::http_server] running CRDT HTTP server
[2026-09-01T09:41:42.733Z INFO  gresse::http_server] listening for HTTP on 0.0.0.0:18082
[2026-09-01T09:41:42.760Z INFO  gresse::replica] replica 178825480843464703 initiating runtime at bind_http=0.0.0.0:18082 bind_internal=0.0.0.0:19082 advertised_internal=34.245.195.69:19082
[2026-09-01T09:41:42.916Z INFO  gresse::object_storage] object storage connection established: backend=s3, bucket=gresse-geo-035351467464-20260901084800-ec90d0, region=eu-north-1, endpoint=AWS default endpoint resolution, first_operation=get, object_path=acm-sec-geo-churn-20260901T092623Z-21106dd4/persistent.json
[2026-09-01T09:41:43.391Z INFO  gresse::replica] replica 178825480843464703 discovered 73 membership descriptors during init
[2026-09-01T09:41:43.391Z INFO  gresse::replica] replica 178825480843464703 startup completed
[2026-09-01T09:41:43.391Z INFO  gresse::network] replica 178825480843464703 discovered network member NetworkMember { pid: 178825480714263203, address: 16.170.108.158:19080, final_counter: None }
[2026-09-01T09:41:43.391Z INFO  gresse::network] replica 178825480843464703 discovered network member NetworkMember { pid: 178825480714264203, address: 16.170.108.158:19081, final_counter: None }
[2026-09-01T09:41:43.391Z INFO  gresse::network] replica 178825480843464703 discovered network member NetworkMember { pid: 178825480714265203, address: 16.170.108.158:19082, final_counter: None }
[2026-09-01T09:41:43.391Z INFO  gresse::network] replica 178825480843464703 discovered network member NetworkMember { pid: 178825480714266203, address: 16.170.108.158:19083, final_counter: None }
[2026-09-01T09:41:43.391Z INFO  gresse::network] replica 178825480843464703 registered bidirectional network channel for replica 178825480759181603
[2026-09-01T09:41:43.391Z INFO  gresse::network] replica 178825480843464703 discovered network member NetworkMember { pid: 178825480714267203, address: 16.170.108.158:19084, final_counter: None }
[2026-09-01T09:41:43.391Z INFO  gresse::network] replica 178825480843464703 discovered network member NetworkMember { pid: 178825480759179603, address: 3.68.220.182:19080, final_counter: None }
[2026-09-01T09:41:43.391Z INFO  gresse::network] replica 178825480843464703 discovered network member NetworkMember { pid: 178825480759180603, address: 3.68.220.182:19081, final_counter: None }
[2026-09-01T09:41:43.391Z INFO  gresse::network] replica 178825480843464703 discovered network member NetworkMember { pid: 178825480759182603, address: 3.68.220.182:19083, final_counter: None }
[2026-09-01T09:41:43.391Z INFO  gresse::network] replica 178825480843464703 discovered network member NetworkMember { pid: 178825480759183603, address: 3.68.220.182:19084, final_counter: None }
[2026-09-01T09:41:43.391Z INFO  gresse::network] replica 178825480843464703 discovered network member NetworkMember { pid: 178825480843462703, address: 34.245.195.69:19080, final_counter: None }
[2026-09-01T09:41:43.391Z INFO  gresse::network] replica 178825480843464703 discovered network member NetworkMember { pid: 178825480843463703, address: 34.245.195.69:19081, final_counter: None }
[2026-09-01T09:41:43.391Z INFO  gresse::network] replica 178825480843464703 discovered network member NetworkMember { pid: 178825480843466702, address: 34.245.195.69:19084, final_counter: None }
[2026-09-01T09:41:43.391Z INFO  gresse::network] replica 178825480843464703 discovered network member NetworkMember { pid: 178825480957157903, address: 18.130.228.25:19080, final_counter: None }
[2026-09-01T09:41:43.391Z INFO  gresse::network] replica 178825480843464703 discovered network member NetworkMember { pid: 178825480957158903, address: 18.130.228.25:19081, final_counter: None }
[2026-09-01T09:41:43.391Z INFO  gresse::network] replica 178825480843464703 discovered network member NetworkMember { pid: 178825480957159902, address: 18.130.228.25:19082, final_counter: None }
[2026-09-01T09:41:43.391Z INFO  gresse::network] replica 178825480843464703 discovered network member NetworkMember { pid: 178825480957160902, address: 18.130.228.25:19083, final_counter: None }
[2026-09-01T09:41:43.391Z INFO  gresse::network] replica 178825480843464703 discovered network member NetworkMember { pid: 178825480957161902, address: 18.130.228.25:19084, final_counter: None }
[2026-09-01T09:41:43.391Z INFO  gresse::network] replica 178825480843464703 discovered network member NetworkMember { pid: 178825481046239402, address: 13.38.41.188:19080, final_counter: None }
[2026-09-01T09:41:43.391Z INFO  gresse::network] replica 178825480843464703 discovered network member NetworkMember { pid: 178825481046240402, address: 13.38.41.188:19081, final_counter: None }
[2026-09-01T09:41:43.391Z INFO  gresse::network] replica 178825480843464703 discovered network member NetworkMember { pid: 178825481046241402, address: 13.38.41.188:19082, final_counter: None }
[2026-09-01T09:41:43.391Z INFO  gresse::replica] replica 178825480843464703 established peer replication connection with replica 178825480759181603
[2026-09-01T09:41:43.391Z INFO  gresse::network] replica 178825480843464703 discovered network member NetworkMember { pid: 178825481046242402, address: 13.38.41.188:19083, final_counter: None }
[2026-09-01T09:41:43.391Z INFO  gresse::network] replica 178825480843464703 discovered network member NetworkMember { pid: 178825481046243402, address: 13.38.41.188:19084, final_counter: None }
[2026-09-01T09:41:43.391Z INFO  gresse::network] replica 178825480843464703 registered bidirectional network channel for replica 178825481046241402
[2026-09-01T09:41:43.391Z INFO  gresse::replica] replica 178825480843464703 established peer replication connection with replica 178825481046241402
[2026-09-01T09:41:43.391Z INFO  gresse::network] replica 178825480843464703 registered bidirectional network channel for replica 178825480714266203
[2026-09-01T09:41:43.391Z INFO  gresse::replica] replica 178825480843464703 established peer replication connection with replica 178825480714266203
[2026-09-01T09:41:43.391Z WARN  gresse::network] replica 178825480843464703 peer connection attempt failed: could not connect to 34.245.195.69:19084: Connection refused (os error 111)
[2026-09-01T09:41:43.392Z INFO  gresse::network] replica 178825480843464703 registered bidirectional network channel for replica 178825480843463703
[2026-09-01T09:41:43.392Z INFO  gresse::replica] replica 178825480843464703 established peer replication connection with replica 178825480843463703
[2026-09-01T09:41:43.392Z INFO  gresse::network] replica 178825480843464703 registered bidirectional network channel for replica 178825480843462703
[2026-09-01T09:41:43.392Z INFO  gresse::replica] replica 178825480843464703 established peer replication connection with replica 178825480843462703
[2026-09-01T09:41:43.410Z INFO  gresse::network] replica 178825480843464703 registered bidirectional network channel for replica 178825480957157903
[2026-09-01T09:41:43.410Z INFO  gresse::replica] replica 178825480843464703 established peer replication connection with replica 178825480957157903
[2026-09-01T09:41:43.410Z INFO  gresse::network] replica 178825480843464703 registered bidirectional network channel for replica 178825480957161902
[2026-09-01T09:41:43.410Z INFO  gresse::replica] replica 178825480843464703 established peer replication connection with replica 178825480957161902
[2026-09-01T09:41:43.410Z INFO  gresse::network] replica 178825480843464703 registered bidirectional network channel for replica 178825480957160902
[2026-09-01T09:41:43.410Z INFO  gresse::replica] replica 178825480843464703 established peer replication connection with replica 178825480957160902
[2026-09-01T09:41:43.411Z INFO  gresse::network] replica 178825480843464703 registered bidirectional network channel for replica 178825480957159902
[2026-09-01T09:41:43.411Z INFO  gresse::replica] replica 178825480843464703 established peer replication connection with replica 178825480957159902
[2026-09-01T09:41:43.411Z INFO  gresse::network] replica 178825480843464703 registered bidirectional network channel for replica 178825480957158903
[2026-09-01T09:41:43.411Z INFO  gresse::replica] replica 178825480843464703 established peer replication connection with replica 178825480957158903
[2026-09-01T09:41:43.425Z INFO  gresse::network] replica 178825480843464703 registered bidirectional network channel for replica 178825481046243402
[2026-09-01T09:41:43.425Z INFO  gresse::replica] replica 178825480843464703 established peer replication connection with replica 178825481046243402
[2026-09-01T09:41:43.425Z INFO  gresse::network] replica 178825480843464703 registered bidirectional network channel for replica 178825481046239402
[2026-09-01T09:41:43.425Z INFO  gresse::replica] replica 178825480843464703 established peer replication connection with replica 178825481046239402
[2026-09-01T09:41:43.426Z INFO  gresse::network] replica 178825480843464703 registered bidirectional network channel for replica 178825481046242402
[2026-09-01T09:41:43.426Z INFO  gresse::replica] replica 178825480843464703 established peer replication connection with replica 178825481046242402
[2026-09-01T09:41:43.426Z INFO  gresse::network] replica 178825480843464703 registered bidirectional network channel for replica 178825481046240402
[2026-09-01T09:41:43.426Z INFO  gresse::replica] replica 178825480843464703 established peer replication connection with replica 178825481046240402
[2026-09-01T09:41:43.430Z INFO  gresse::network] replica 178825480843464703 registered bidirectional network channel for replica 178825480759180603
[2026-09-01T09:41:43.430Z INFO  gresse::replica] replica 178825480843464703 established peer replication connection with replica 178825480759180603
[2026-09-01T09:41:43.430Z INFO  gresse::network] replica 178825480843464703 registered bidirectional network channel for replica 178825480759183603
[2026-09-01T09:41:43.430Z INFO  gresse::replica] replica 178825480843464703 established peer replication connection with replica 178825480759183603
[2026-09-01T09:41:43.430Z INFO  gresse::network] replica 178825480843464703 registered bidirectional network channel for replica 178825480759182603
[2026-09-01T09:41:43.430Z INFO  gresse::replica] replica 178825480843464703 established peer replication connection with replica 178825480759182603
[2026-09-01T09:41:43.431Z INFO  gresse::network] replica 178825480843464703 registered bidirectional network channel for replica 178825480759179603
[2026-09-01T09:41:43.431Z INFO  gresse::replica] replica 178825480843464703 established peer replication connection with replica 178825480759179603
[2026-09-01T09:41:43.476Z INFO  gresse::network] replica 178825480843464703 registered bidirectional network channel for replica 178825480714264203
[2026-09-01T09:41:43.476Z INFO  gresse::replica] replica 178825480843464703 established peer replication connection with replica 178825480714264203
[2026-09-01T09:41:43.476Z INFO  gresse::network] replica 178825480843464703 registered bidirectional network channel for replica 178825480714263203
[2026-09-01T09:41:43.476Z INFO  gresse::replica] replica 178825480843464703 established peer replication connection with replica 178825480714263203
[2026-09-01T09:41:43.476Z INFO  gresse::network] replica 178825480843464703 registered bidirectional network channel for replica 178825480714265203
[2026-09-01T09:41:43.476Z INFO  gresse::replica] replica 178825480843464703 established peer replication connection with replica 178825480714265203
[2026-09-01T09:41:43.476Z INFO  gresse::network] replica 178825480843464703 registered bidirectional network channel for replica 178825480714267203
[2026-09-01T09:41:43.476Z INFO  gresse::replica] replica 178825480843464703 established peer replication connection with replica 178825480714267203
[2026-09-01T09:41:44.101Z INFO  gresse::network] replica 178825480843464703 registered bidirectional network channel for replica 178825480843465703
[2026-09-01T09:41:44.101Z INFO  gresse::replica] replica 178825480843464703 established peer replication connection with replica 178825480843465703
[2026-09-01T09:41:44.783Z INFO  gresse::network] replica 178825480843464703 registered bidirectional network channel for replica 178825480843466703
[2026-09-01T09:41:44.783Z INFO  gresse::replica] replica 178825480843464703 established peer replication connection with replica 178825480843466703
[2026-09-01T09:41:47.829Z INFO  gresse::replica] replica 178825480843464703 observed shutdown descriptor for replica 178825480843463702 with final counter Some(1287)
[2026-09-01T09:41:47.989Z INFO  gresse::replica] replica 178825480843464703 observed shutdown descriptor for replica 178825480843464702 with final counter Some(870)
[2026-09-01T09:41:48.138Z INFO  gresse::replica] replica 178825480843464703 observed shutdown descriptor for replica 178825480843465702 with final counter Some(869)
[2026-09-01T09:42:42.827Z INFO  gresse::replica] replica 178825480843464703 observed shutdown descriptor for replica 178825480957159902 with final counter Some(1237)
[2026-09-01T09:42:47.820Z INFO  gresse::replica] replica 178825480843464703 observed shutdown descriptor for replica 178825480957160902 with final counter Some(920)
[2026-09-01T09:42:48.033Z INFO  gresse::replica] replica 178825480843464703 observed shutdown descriptor for replica 178825480957161902 with final counter Some(923)
[2026-09-01T09:42:59.392Z WARN  gresse::network] peer connection write failed: Broken pipe (os error 32)
[2026-09-01T09:43:02.392Z WARN  gresse::network] peer connection write failed: Broken pipe (os error 32)
[2026-09-01T09:43:06.392Z WARN  gresse::network] peer connection write failed: Broken pipe (os error 32)
[2026-09-01T09:43:07.392Z WARN  gresse::replica] replica 178825480843464703 deferred pull request to peer 178825481046241402: channel closed
[2026-09-01T09:43:42.515Z INFO  gresse::network] replica 178825480843464703 registered bidirectional network channel for replica 178825480957159903
[2026-09-01T09:43:42.515Z INFO  gresse::replica] replica 178825480843464703 established peer replication connection with replica 178825480957159903
[2026-09-01T09:43:42.611Z INFO  gresse::replica] replica 178825480843464703 established peer replication connection with replica 178825481046239403
[2026-09-01T09:43:42.611Z INFO  gresse::network] replica 178825480843464703 registered bidirectional network channel for replica 178825481046239403
[2026-09-01T09:43:42.821Z INFO  gresse::network] replica 178825480843464703 discovered network member NetworkMember { pid: 178825480957160903, address: 18.130.228.25:19083, final_counter: None }
[2026-09-01T09:43:42.962Z INFO  gresse::replica] replica 178825480843464703 established peer replication connection with replica 178825480957160903
[2026-09-01T09:43:42.962Z INFO  gresse::network] replica 178825480843464703 registered bidirectional network channel for replica 178825480957160903
[2026-09-01T09:43:43.192Z INFO  gresse::network] replica 178825480843464703 registered bidirectional network channel for replica 178825481046240403
[2026-09-01T09:43:43.192Z INFO  gresse::replica] replica 178825480843464703 established peer replication connection with replica 178825481046240403
[2026-09-01T09:43:43.393Z WARN  gresse::replica] replica 178825480843464703 deferred pull request to peer 178825481046239402: channel closed
[2026-09-01T09:43:43.516Z INFO  gresse::network] replica 178825480843464703 registered bidirectional network channel for replica 178825480957161903
[2026-09-01T09:43:43.516Z INFO  gresse::replica] replica 178825480843464703 established peer replication connection with replica 178825480957161903
[2026-09-01T09:43:43.817Z INFO  gresse::network] replica 178825480843464703 registered bidirectional network channel for replica 178825481046241403
[2026-09-01T09:43:43.817Z INFO  gresse::replica] replica 178825480843464703 established peer replication connection with replica 178825481046241403
[2026-09-01T09:44:20.393Z WARN  gresse::replica] replica 178825480843464703 deferred pull request to peer 178825481046240402: channel closed
[2026-09-01T09:44:42.827Z INFO  gresse::replica] replica 178825480843464703 observed shutdown descriptor for replica 178825480714263203 with final counter Some(841)
[2026-09-01T09:44:43.014Z INFO  gresse::replica] replica 178825480843464703 observed shutdown descriptor for replica 178825481046242402 with final counter Some(1286)
[2026-09-01T09:44:47.831Z INFO  gresse::replica] replica 178825480843464703 observed shutdown descriptor for replica 178825481046243402 with final counter Some(1023)
[2026-09-01T09:44:52.392Z WARN  gresse::network] peer connection write failed: Broken pipe (os error 32)
[2026-09-01T09:44:54.392Z WARN  gresse::replica] replica 178825480843464703 deferred pull request to peer 178825480714266203: channel closed
[2026-09-01T09:45:01.392Z WARN  gresse::network] peer connection write failed: Broken pipe (os error 32)
[2026-09-01T09:45:04.392Z WARN  gresse::replica] replica 178825480843464703 deferred pull request to peer 178825480714264203: channel closed
[2026-09-01T09:45:05.393Z WARN  gresse::network] peer connection write failed: Broken pipe (os error 32)
[2026-09-01T09:45:42.398Z INFO  gresse::network] replica 178825480843464703 registered bidirectional network channel for replica 178825480714263204
[2026-09-01T09:45:42.400Z INFO  gresse::replica] replica 178825480843464703 established peer replication connection with replica 178825480714263204
[2026-09-01T09:45:42.931Z INFO  gresse::network] replica 178825480843464703 registered bidirectional network channel for replica 178825481046242403
[2026-09-01T09:45:42.931Z INFO  gresse::replica] replica 178825480843464703 established peer replication connection with replica 178825481046242403
[2026-09-01T09:45:42.955Z INFO  gresse::network] replica 178825480843464703 registered bidirectional network channel for replica 178825480714264204
[2026-09-01T09:45:42.955Z INFO  gresse::replica] replica 178825480843464703 established peer replication connection with replica 178825480714264204
[2026-09-01T09:45:43.371Z INFO  gresse::network] replica 178825480843464703 registered bidirectional network channel for replica 178825480714265204
[2026-09-01T09:45:43.371Z INFO  gresse::replica] replica 178825480843464703 established peer replication connection with replica 178825480714265204
[2026-09-01T09:45:43.566Z INFO  gresse::network] replica 178825480843464703 registered bidirectional network channel for replica 178825481046243403
[2026-09-01T09:45:43.566Z INFO  gresse::replica] replica 178825480843464703 established peer replication connection with replica 178825481046243403
[2026-09-01T09:45:43.806Z INFO  gresse::network] replica 178825480843464703 registered bidirectional network channel for replica 178825480714266204
[2026-09-01T09:45:43.806Z INFO  gresse::replica] replica 178825480843464703 established peer replication connection with replica 178825480714266204
[2026-09-01T09:46:27.392Z WARN  gresse::replica] replica 178825480843464703 deferred pull request to peer 178825480714265203: channel closed
[2026-09-01T09:46:42.866Z INFO  gresse::replica] replica 178825480843464703 observed shutdown descriptor for replica 178825480714267203 with final counter Some(1557)
[2026-09-01T09:46:43.294Z INFO  gresse::replica] replica 178825480843464703 observed shutdown descriptor for replica 178825480759179603 with final counter Some(846)
[2026-09-01T09:46:47.826Z INFO  gresse::replica] replica 178825480843464703 observed shutdown descriptor for replica 178825480759180603 with final counter Some(840)
[2026-09-01T09:47:09.392Z WARN  gresse::network] peer connection write failed: Broken pipe (os error 32)
[2026-09-01T09:47:32.392Z WARN  gresse::network] peer connection write failed: Broken pipe (os error 32)
[2026-09-01T09:47:33.392Z WARN  gresse::replica] replica 178825480843464703 deferred pull request to peer 178825480759181603: channel closed
[2026-09-01T09:47:34.393Z WARN  gresse::network] peer connection write failed: Broken pipe (os error 32)
[2026-09-01T09:47:41.392Z WARN  gresse::replica] replica 178825480843464703 deferred pull request to peer 178825480759183603: channel closed
[2026-09-01T09:47:42.426Z INFO  gresse::network] replica 178825480843464703 registered bidirectional network channel for replica 178825480714267204
[2026-09-01T09:47:42.426Z INFO  gresse::replica] replica 178825480843464703 established peer replication connection with replica 178825480714267204
[2026-09-01T09:47:42.538Z INFO  gresse::network] replica 178825480843464703 registered bidirectional network channel for replica 178825480759179604
[2026-09-01T09:47:42.538Z INFO  gresse::replica] replica 178825480843464703 established peer replication connection with replica 178825480759179604
[2026-09-01T09:47:42.824Z INFO  gresse::network] replica 178825480843464703 discovered network member NetworkMember { pid: 178825480759180604, address: 3.68.220.182:19081, final_counter: None }
[2026-09-01T09:47:42.984Z INFO  gresse::network] replica 178825480843464703 registered bidirectional network channel for replica 178825480759180604
[2026-09-01T09:47:42.984Z INFO  gresse::replica] replica 178825480843464703 established peer replication connection with replica 178825480759180604
[2026-09-01T09:47:43.695Z INFO  gresse::network] replica 178825480843464703 registered bidirectional network channel for replica 178825480759181604
[2026-09-01T09:47:43.695Z INFO  gresse::replica] replica 178825480843464703 established peer replication connection with replica 178825480759181604
[2026-09-01T09:47:44.325Z INFO  gresse::network] replica 178825480843464703 registered bidirectional network channel for replica 178825480759182604
[2026-09-01T09:47:44.325Z INFO  gresse::replica] replica 178825480843464703 established peer replication connection with replica 178825480759182604
[2026-09-01T09:47:44.997Z INFO  gresse::network] replica 178825480843464703 registered bidirectional network channel for replica 178825480759183604
[2026-09-01T09:47:44.997Z INFO  gresse::replica] replica 178825480843464703 established peer replication connection with replica 178825480759183604
[2026-09-01T09:48:32.392Z WARN  gresse::replica] replica 178825480843464703 deferred pull request to peer 178825480759182603: channel closed
[2026-09-01T09:48:42.826Z INFO  gresse::replica] replica 178825480843464703 observed shutdown descriptor for replica 178825480843462703 with final counter Some(1555)
[2026-09-01T09:48:43.448Z INFO  gresse::replica] shutdown signal received for replica 178825480843464703
[2026-09-01T09:48:43.448Z INFO  gresse::replica] replica 178825480843464703 shutting down with 23 connected writers
[2026-09-01T09:48:44.157Z INFO  gresse::http_server] http server received shutdown signal
[2026-09-01T09:48:44.158Z INFO  gresse::http_server] http server shutdown complete
[2026-09-01T09:48:44.158Z INFO  gresse::network] network manager for replica 178825480843464703 shutdown complete
