[2026-09-02T14:49:36.980Z INFO  gresse::http_server] running CRDT HTTP server
[2026-09-02T14:49:36.980Z INFO  gresse::http_server] listening for HTTP on 0.0.0.0:18082
[2026-09-02T14:49:37.012Z INFO  gresse::replica] replica 178835836128990903 initiating runtime at bind_http=0.0.0.0:18082 bind_internal=0.0.0.0:19082 advertised_internal=3.71.184.22:19082
[2026-09-02T14:49:37.126Z INFO  gresse::object_storage] object storage connection established: backend=s3, bucket=gresse-geo-035351467464-20260902122609-1c973c, region=eu-north-1, endpoint=AWS default endpoint resolution, first_operation=put-create, object_path=acm-sec-geo-churn-20260902T141220Z-2ff0c4b6/membership/178835836128990903,3.71.184.22:19082,18
[2026-09-02T14:49:37.193Z INFO  gresse::replica] replica 178835836128990903 restored local state from durability journal before startup
[2026-09-02T14:49:37.193Z INFO  gresse::replica] replica 178835836128990903 discovered 188 membership descriptors during init
[2026-09-02T14:49:37.193Z INFO  gresse::replica] replica 178835836128990903 startup completed
[2026-09-02T14:49:37.193Z INFO  gresse::network] replica 178835836128990903 discovered network member NetworkMember { pid: 178835836089857604, address: 13.48.31.196:19080, final_counter: None }
[2026-09-02T14:49:37.193Z INFO  gresse::network] replica 178835836128990903 discovered network member NetworkMember { pid: 178835836089858603, address: 13.48.31.196:19081, final_counter: None }
[2026-09-02T14:49:37.193Z INFO  gresse::network] replica 178835836128990903 discovered network member NetworkMember { pid: 178835836089859606, address: 13.48.31.196:19082, final_counter: None }
[2026-09-02T14:49:37.193Z INFO  gresse::network] replica 178835836128990903 discovered network member NetworkMember { pid: 178835836089860606, address: 13.48.31.196:19083, final_counter: None }
[2026-09-02T14:49:37.193Z INFO  gresse::network] replica 178835836128990903 discovered network member NetworkMember { pid: 178835836089861606, address: 13.48.31.196:19084, final_counter: None }
[2026-09-02T14:49:37.193Z INFO  gresse::network] replica 178835836128990903 discovered network member NetworkMember { pid: 178835836128988905, address: 3.71.184.22:19080, final_counter: None }
[2026-09-02T14:49:37.193Z INFO  gresse::network] replica 178835836128990903 discovered network member NetworkMember { pid: 178835836128989904, address: 3.71.184.22:19081, final_counter: None }
[2026-09-02T14:49:37.193Z INFO  gresse::network] replica 178835836128990903 discovered network member NetworkMember { pid: 178835836128991902, address: 3.71.184.22:19083, final_counter: None }
[2026-09-02T14:49:37.193Z INFO  gresse::network] replica 178835836128990903 discovered network member NetworkMember { pid: 178835836128992905, address: 3.71.184.22:19084, final_counter: None }
[2026-09-02T14:49:37.193Z INFO  gresse::network] replica 178835836128990903 discovered network member NetworkMember { pid: 178835836195159505, address: 63.33.67.241:19080, final_counter: None }
[2026-09-02T14:49:37.193Z INFO  gresse::network] replica 178835836128990903 discovered network member NetworkMember { pid: 178835836195160505, address: 63.33.67.241:19081, final_counter: None }
[2026-09-02T14:49:37.193Z INFO  gresse::network] replica 178835836128990903 discovered network member NetworkMember { pid: 178835836195161504, address: 63.33.67.241:19082, final_counter: None }
[2026-09-02T14:49:37.193Z INFO  gresse::network] replica 178835836128990903 discovered network member NetworkMember { pid: 178835836195162503, address: 63.33.67.241:19083, final_counter: None }
[2026-09-02T14:49:37.193Z INFO  gresse::network] replica 178835836128990903 discovered network member NetworkMember { pid: 178835836195163502, address: 63.33.67.241:19084, final_counter: None }
[2026-09-02T14:49:37.193Z INFO  gresse::network] replica 178835836128990903 discovered network member NetworkMember { pid: 178835836297159905, address: 18.169.194.24:19080, final_counter: None }
[2026-09-02T14:49:37.193Z INFO  gresse::network] replica 178835836128990903 discovered network member NetworkMember { pid: 178835836297160905, address: 18.169.194.24:19081, final_counter: None }
[2026-09-02T14:49:37.193Z INFO  gresse::network] replica 178835836128990903 discovered network member NetworkMember { pid: 178835836297161905, address: 18.169.194.24:19082, final_counter: None }
[2026-09-02T14:49:37.193Z INFO  gresse::network] replica 178835836128990903 discovered network member NetworkMember { pid: 178835836297162904, address: 18.169.194.24:19083, final_counter: None }
[2026-09-02T14:49:37.193Z INFO  gresse::network] replica 178835836128990903 discovered network member NetworkMember { pid: 178835836297163903, address: 18.169.194.24:19084, final_counter: None }
[2026-09-02T14:49:37.193Z INFO  gresse::network] replica 178835836128990903 discovered network member NetworkMember { pid: 178835836374677602, address: 13.38.27.31:19080, final_counter: None }
[2026-09-02T14:49:37.193Z INFO  gresse::network] replica 178835836128990903 discovered network member NetworkMember { pid: 178835836374678605, address: 13.38.27.31:19081, final_counter: None }
[2026-09-02T14:49:37.193Z INFO  gresse::network] replica 178835836128990903 discovered network member NetworkMember { pid: 178835836374679605, address: 13.38.27.31:19082, final_counter: None }
[2026-09-02T14:49:37.193Z INFO  gresse::network] replica 178835836128990903 discovered network member NetworkMember { pid: 178835836374680605, address: 13.38.27.31:19083, final_counter: None }
[2026-09-02T14:49:37.193Z INFO  gresse::network] replica 178835836128990903 discovered network member NetworkMember { pid: 178835836374681604, address: 13.38.27.31:19084, final_counter: None }
[2026-09-02T14:49:37.194Z INFO  gresse::network] replica 178835836128990903 registered bidirectional network channel for replica 178835836128989904
[2026-09-02T14:49:37.194Z INFO  gresse::replica] replica 178835836128990903 established peer replication connection with replica 178835836128989904
[2026-09-02T14:49:37.194Z INFO  gresse::network] replica 178835836128990903 registered bidirectional network channel for replica 178835836128988905
[2026-09-02T14:49:37.194Z INFO  gresse::replica] replica 178835836128990903 established peer replication connection with replica 178835836128988905
[2026-09-02T14:49:37.194Z INFO  gresse::network] replica 178835836128990903 registered bidirectional network channel for replica 178835836128992905
[2026-09-02T14:49:37.194Z INFO  gresse::replica] replica 178835836128990903 established peer replication connection with replica 178835836128992905
[2026-09-02T14:49:37.194Z INFO  gresse::network] replica 178835836128990903 registered bidirectional network channel for replica 178835836128991902
[2026-09-02T14:49:37.194Z INFO  gresse::replica] replica 178835836128990903 established peer replication connection with replica 178835836128991902
[2026-09-02T14:49:37.209Z INFO  gresse::network] replica 178835836128990903 registered bidirectional network channel for replica 178835836374681604
[2026-09-02T14:49:37.209Z INFO  gresse::replica] replica 178835836128990903 established peer replication connection with replica 178835836374681604
[2026-09-02T14:49:37.209Z INFO  gresse::network] replica 178835836128990903 registered bidirectional network channel for replica 178835836374677602
[2026-09-02T14:49:37.209Z INFO  gresse::network] replica 178835836128990903 registered bidirectional network channel for replica 178835836374680605
[2026-09-02T14:49:37.209Z INFO  gresse::replica] replica 178835836128990903 established peer replication connection with replica 178835836374677602
[2026-09-02T14:49:37.209Z INFO  gresse::replica] replica 178835836128990903 established peer replication connection with replica 178835836374680605
[2026-09-02T14:49:37.210Z INFO  gresse::network] replica 178835836128990903 registered bidirectional network channel for replica 178835836374679605
[2026-09-02T14:49:37.210Z INFO  gresse::replica] replica 178835836128990903 established peer replication connection with replica 178835836374679605
[2026-09-02T14:49:37.211Z INFO  gresse::network] replica 178835836128990903 registered bidirectional network channel for replica 178835836374678605
[2026-09-02T14:49:37.211Z INFO  gresse::replica] replica 178835836128990903 established peer replication connection with replica 178835836374678605
[2026-09-02T14:49:37.216Z INFO  gresse::network] replica 178835836128990903 registered bidirectional network channel for replica 178835836297160905
[2026-09-02T14:49:37.216Z INFO  gresse::replica] replica 178835836128990903 established peer replication connection with replica 178835836297160905
[2026-09-02T14:49:37.216Z INFO  gresse::network] replica 178835836128990903 registered bidirectional network channel for replica 178835836297163903
[2026-09-02T14:49:37.216Z INFO  gresse::replica] replica 178835836128990903 established peer replication connection with replica 178835836297163903
[2026-09-02T14:49:37.218Z INFO  gresse::network] replica 178835836128990903 registered bidirectional network channel for replica 178835836297162904
[2026-09-02T14:49:37.218Z INFO  gresse::replica] replica 178835836128990903 established peer replication connection with replica 178835836297162904
[2026-09-02T14:49:37.218Z INFO  gresse::network] replica 178835836128990903 registered bidirectional network channel for replica 178835836297159905
[2026-09-02T14:49:37.218Z INFO  gresse::replica] replica 178835836128990903 established peer replication connection with replica 178835836297159905
[2026-09-02T14:49:37.218Z INFO  gresse::network] replica 178835836128990903 registered bidirectional network channel for replica 178835836297161905
[2026-09-02T14:49:37.218Z INFO  gresse::replica] replica 178835836128990903 established peer replication connection with replica 178835836297161905
[2026-09-02T14:49:37.233Z INFO  gresse::network] replica 178835836128990903 registered bidirectional network channel for replica 178835836195163502
[2026-09-02T14:49:37.233Z INFO  gresse::replica] replica 178835836128990903 established peer replication connection with replica 178835836195163502
[2026-09-02T14:49:37.233Z INFO  gresse::network] replica 178835836128990903 registered bidirectional network channel for replica 178835836195161504
[2026-09-02T14:49:37.233Z INFO  gresse::replica] replica 178835836128990903 established peer replication connection with replica 178835836195161504
[2026-09-02T14:49:37.233Z INFO  gresse::network] replica 178835836128990903 registered bidirectional network channel for replica 178835836195160505
[2026-09-02T14:49:37.233Z INFO  gresse::replica] replica 178835836128990903 established peer replication connection with replica 178835836195160505
[2026-09-02T14:49:37.233Z INFO  gresse::network] replica 178835836128990903 registered bidirectional network channel for replica 178835836195159505
[2026-09-02T14:49:37.233Z INFO  gresse::network] replica 178835836128990903 registered bidirectional network channel for replica 178835836195162503
[2026-09-02T14:49:37.233Z INFO  gresse::replica] replica 178835836128990903 established peer replication connection with replica 178835836195159505
[2026-09-02T14:49:37.233Z INFO  gresse::replica] replica 178835836128990903 established peer replication connection with replica 178835836195162503
[2026-09-02T14:49:37.241Z INFO  gresse::network] replica 178835836128990903 registered bidirectional network channel for replica 178835836089860606
[2026-09-02T14:49:37.241Z INFO  gresse::replica] replica 178835836128990903 established peer replication connection with replica 178835836089860606
[2026-09-02T14:49:37.241Z INFO  gresse::network] replica 178835836128990903 registered bidirectional network channel for replica 178835836089858603
[2026-09-02T14:49:37.241Z INFO  gresse::replica] replica 178835836128990903 established peer replication connection with replica 178835836089858603
[2026-09-02T14:49:37.241Z INFO  gresse::network] replica 178835836128990903 registered bidirectional network channel for replica 178835836089859606
[2026-09-02T14:49:37.241Z INFO  gresse::replica] replica 178835836128990903 established peer replication connection with replica 178835836089859606
[2026-09-02T14:49:37.241Z INFO  gresse::network] replica 178835836128990903 registered bidirectional network channel for replica 178835836089861606
[2026-09-02T14:49:37.241Z INFO  gresse::replica] replica 178835836128990903 established peer replication connection with replica 178835836089861606
[2026-09-02T14:49:37.241Z INFO  gresse::network] replica 178835836128990903 registered bidirectional network channel for replica 178835836089857604
[2026-09-02T14:49:37.241Z INFO  gresse::replica] replica 178835836128990903 established peer replication connection with replica 178835836089857604
[2026-09-02T14:49:42.062Z INFO  gresse::replica] replica 178835836128990903 observed shutdown descriptor for replica 178835836089859602 with final counter Some(3784)
[2026-09-02T14:49:42.470Z INFO  gresse::replica] replica 178835836128990903 observed shutdown descriptor for replica 178835836089860605 with final counter Some(920)
[2026-09-02T14:49:42.648Z INFO  gresse::replica] replica 178835836128990903 observed shutdown descriptor for replica 178835836089861605 with final counter Some(922)
[2026-09-02T14:49:43.194Z WARN  gresse::network] peer connection write failed: Broken pipe (os error 32)
[2026-09-02T14:49:46.195Z WARN  gresse::replica] replica 178835836128990903 deferred pull request to peer 178835836374678605: channel closed
[2026-09-02T14:49:54.195Z WARN  gresse::network] peer connection write failed: Broken pipe (os error 32)
[2026-09-02T14:49:56.195Z WARN  gresse::network] peer connection write failed: Broken pipe (os error 32)
[2026-09-02T14:49:57.195Z WARN  gresse::network] peer connection write failed: Broken pipe (os error 32)
[2026-09-02T14:49:58.195Z WARN  gresse::network] peer connection write failed: Broken pipe (os error 32)
[2026-09-02T14:50:00.195Z WARN  gresse::network] peer connection write failed: Broken pipe (os error 32)
[2026-09-02T14:50:02.194Z WARN  gresse::replica] replica 178835836128990903 deferred pull request to peer 178835836195159505: channel closed
[2026-09-02T14:50:03.195Z WARN  gresse::network] peer connection write failed: Broken pipe (os error 32)
[2026-09-02T14:50:04.194Z WARN  gresse::replica] replica 178835836128990903 deferred pull request to peer 178835836128991902: channel closed
[2026-09-02T14:50:08.195Z WARN  gresse::network] peer connection write failed: Broken pipe (os error 32)
[2026-09-02T14:50:09.195Z WARN  gresse::replica] replica 178835836128990903 deferred pull request to peer 178835836374681604: channel closed
[2026-09-02T14:50:10.195Z WARN  gresse::replica] replica 178835836128990903 deferred pull request to peer 178835836297162904: channel closed
[2026-09-02T14:50:14.195Z WARN  gresse::network] peer connection write failed: Broken pipe (os error 32)
[2026-09-02T14:50:15.195Z WARN  gresse::network] peer connection write failed: Broken pipe (os error 32)
[2026-09-02T14:50:16.195Z WARN  gresse::network] peer connection write failed: Broken pipe (os error 32)
[2026-09-02T14:50:18.195Z WARN  gresse::replica] replica 178835836128990903 deferred pull request to peer 178835836195161504: channel closed
[2026-09-02T14:50:19.195Z WARN  gresse::replica] replica 178835836128990903 deferred pull request to peer 178835836089857604: channel closed
[2026-09-02T14:50:20.195Z WARN  gresse::network] peer connection write failed: Broken pipe (os error 32)
[2026-09-02T14:50:21.195Z WARN  gresse::replica] replica 178835836128990903 deferred pull request to peer 178835836089858603: channel closed
[2026-09-02T14:50:22.194Z WARN  gresse::network] peer connection write failed: Broken pipe (os error 32)
[2026-09-02T14:50:23.195Z WARN  gresse::network] peer connection write failed: Broken pipe (os error 32)
[2026-09-02T14:50:24.195Z WARN  gresse::replica] replica 178835836128990903 deferred pull request to peer 178835836297161905: channel closed
[2026-09-02T14:50:25.195Z WARN  gresse::replica] replica 178835836128990903 deferred pull request to peer 178835836195160505: channel closed
[2026-09-02T14:50:26.194Z WARN  gresse::replica] replica 178835836128990903 deferred pull request to peer 178835836128992905: channel closed
[2026-09-02T14:50:32.195Z WARN  gresse::network] peer connection write failed: Broken pipe (os error 32)
[2026-09-02T14:50:33.195Z WARN  gresse::replica] replica 178835836128990903 deferred pull request to peer 178835836374677602: channel closed
[2026-09-02T14:50:35.194Z WARN  gresse::replica] replica 178835836128990903 deferred pull request to peer 178835836195163502: channel closed
[2026-09-02T14:50:36.195Z WARN  gresse::network] peer connection write failed: Broken pipe (os error 32)
[2026-09-02T14:50:37.054Z INFO  gresse::replica] replica 178835836128990903 observed shutdown descriptor for replica 178835836128991902 with final counter Some(3799)
[2026-09-02T14:50:37.346Z INFO  gresse::replica] replica 178835836128990903 observed shutdown descriptor for replica 178835836128992905 with final counter Some(1022)
[2026-09-02T14:50:37.536Z INFO  gresse::replica] replica 178835836128990903 observed shutdown descriptor for replica 178835836195159505 with final counter Some(848)
[2026-09-02T14:50:38.195Z WARN  gresse::replica] replica 178835836128990903 deferred pull request to peer 178835836297159905: channel closed
[2026-09-02T14:50:39.194Z WARN  gresse::network] peer connection write failed: Broken pipe (os error 32)
[2026-09-02T14:50:42.194Z WARN  gresse::network] peer connection write failed: Broken pipe (os error 32)
[2026-09-02T14:50:43.195Z WARN  gresse::replica] replica 178835836128990903 deferred pull request to peer 178835836374679605: channel closed
[2026-09-02T14:50:45.194Z WARN  gresse::network] peer connection write failed: Broken pipe (os error 32)
[2026-09-02T14:50:47.195Z WARN  gresse::replica] replica 178835836128990903 deferred pull request to peer 178835836195162503: channel closed
[2026-09-02T14:50:49.195Z WARN  gresse::replica] replica 178835836128990903 deferred pull request to peer 178835836297163903: channel closed
[2026-09-02T14:50:52.194Z WARN  gresse::replica] replica 178835836128990903 deferred pull request to peer 178835836297160905: channel closed
[2026-09-02T14:50:57.194Z WARN  gresse::replica] replica 178835836128990903 deferred pull request to peer 178835836374680605: channel closed
[2026-09-02T14:51:35.403Z INFO  gresse::replica] replica 178835836128990903 established peer replication connection with replica 178835836128991906
[2026-09-02T14:51:35.403Z INFO  gresse::network] replica 178835836128990903 registered bidirectional network channel for replica 178835836128991906
[2026-09-02T14:51:35.589Z INFO  gresse::network] replica 178835836128990903 registered bidirectional network channel for replica 178835836195159506
[2026-09-02T14:51:35.589Z INFO  gresse::replica] replica 178835836128990903 established peer replication connection with replica 178835836195159506
[2026-09-02T14:51:36.734Z INFO  gresse::network] replica 178835836128990903 registered bidirectional network channel for replica 178835836128992906
[2026-09-02T14:51:36.734Z INFO  gresse::replica] replica 178835836128990903 established peer replication connection with replica 178835836128992906
[2026-09-02T14:52:37.054Z INFO  gresse::replica] replica 178835836128990903 observed shutdown descriptor for replica 178835836195163502 with final counter Some(4103)
[2026-09-02T14:52:37.413Z INFO  gresse::replica] replica 178835836128990903 observed shutdown descriptor for replica 178835836297159905 with final counter Some(852)
[2026-09-02T14:52:37.738Z INFO  gresse::replica] replica 178835836128990903 observed shutdown descriptor for replica 178835836297160905 with final counter Some(840)
[2026-09-02T14:53:35.228Z INFO  gresse::network] replica 178835836128990903 registered bidirectional network channel for replica 178835836297159906
[2026-09-02T14:53:35.228Z INFO  gresse::replica] replica 178835836128990903 established peer replication connection with replica 178835836297159906
[2026-09-02T14:53:35.641Z INFO  gresse::network] replica 178835836128990903 registered bidirectional network channel for replica 178835836195163506
[2026-09-02T14:53:35.641Z INFO  gresse::replica] replica 178835836128990903 established peer replication connection with replica 178835836195163506
[2026-09-02T14:53:36.421Z INFO  gresse::network] replica 178835836128990903 registered bidirectional network channel for replica 178835836297160906
[2026-09-02T14:53:36.421Z INFO  gresse::replica] replica 178835836128990903 established peer replication connection with replica 178835836297160906
[2026-09-02T14:54:37.061Z INFO  gresse::replica] replica 178835836128990903 observed shutdown descriptor for replica 178835836374677602 with final counter Some(4375)
[2026-09-02T14:54:37.456Z INFO  gresse::replica] replica 178835836128990903 observed shutdown descriptor for replica 178835836374678605 with final counter Some(845)
[2026-09-02T14:54:37.789Z INFO  gresse::replica] replica 178835836128990903 observed shutdown descriptor for replica 178835836374679605 with final counter Some(842)
[2026-09-02T14:55:35.125Z INFO  gresse::network] replica 178835836128990903 registered bidirectional network channel for replica 178835836374677606
[2026-09-02T14:55:35.125Z INFO  gresse::replica] replica 178835836128990903 established peer replication connection with replica 178835836374677606
[2026-09-02T14:55:36.254Z INFO  gresse::network] replica 178835836128990903 registered bidirectional network channel for replica 178835836374678606
[2026-09-02T14:55:36.254Z INFO  gresse::replica] replica 178835836128990903 established peer replication connection with replica 178835836374678606
[2026-09-02T14:55:37.058Z INFO  gresse::network] replica 178835836128990903 discovered network member NetworkMember { pid: 178835836374679606, address: 13.38.27.31:19082, final_counter: None }
[2026-09-02T14:55:37.444Z INFO  gresse::network] replica 178835836128990903 registered bidirectional network channel for replica 178835836374679606
[2026-09-02T14:55:37.444Z INFO  gresse::replica] replica 178835836128990903 established peer replication connection with replica 178835836374679606
[2026-09-02T14:56:37.263Z INFO  gresse::replica] replica 178835836128990903 observed shutdown descriptor for replica 178835836089858603 with final counter Some(3915)
[2026-09-02T14:56:37.785Z INFO  gresse::replica] replica 178835836128990903 observed shutdown descriptor for replica 178835836089859606 with final counter Some(870)
[2026-09-02T14:56:38.048Z INFO  gresse::replica] replica 178835836128990903 observed shutdown descriptor for replica 178835836089860606 with final counter Some(867)
[2026-09-02T14:56:58.195Z WARN  gresse::network] peer connection write failed: Broken pipe (os error 32)
[2026-09-02T14:57:04.195Z WARN  gresse::network] peer connection write failed: Broken pipe (os error 32)
[2026-09-02T14:57:09.194Z WARN  gresse::replica] replica 178835836128990903 deferred pull request to peer 178835836128988905: channel closed
[2026-09-02T14:57:11.195Z WARN  gresse::network] peer connection write failed: Broken pipe (os error 32)
[2026-09-02T14:57:16.195Z WARN  gresse::replica] replica 178835836128990903 deferred pull request to peer 178835836089861606: channel closed
[2026-09-02T14:57:20.195Z WARN  gresse::replica] replica 178835836128990903 deferred pull request to peer 178835836128989904: channel closed
[2026-09-02T14:57:35.233Z INFO  gresse::network] replica 178835836128990903 registered bidirectional network channel for replica 178835836089858607
[2026-09-02T14:57:35.233Z INFO  gresse::replica] replica 178835836128990903 established peer replication connection with replica 178835836089858607
[2026-09-02T14:57:36.581Z INFO  gresse::network] replica 178835836128990903 registered bidirectional network channel for replica 178835836089859607
[2026-09-02T14:57:36.581Z INFO  gresse::replica] replica 178835836128990903 established peer replication connection with replica 178835836089859607
[2026-09-02T14:57:37.068Z INFO  gresse::network] replica 178835836128990903 discovered network member NetworkMember { pid: 178835836089860607, address: 13.48.31.196:19083, final_counter: None }
[2026-09-02T14:57:37.858Z INFO  gresse::network] replica 178835836128990903 registered bidirectional network channel for replica 178835836089860607
[2026-09-02T14:57:37.858Z INFO  gresse::replica] replica 178835836128990903 established peer replication connection with replica 178835836089860607
[2026-09-02T14:58:33.595Z INFO  gresse::replica] replica 178835836128990903 gc departed_pids=None updated_stable=DotSet { set: {178835836297163901: -1, 178835836195161504: -1, 178835836297162904: -1, 178835836297161905: -1, 178835836128992906: -1, 178835836374681601: -1, 178835836297161901: -1, 178835836297163903: -1, 178835836089860605: -1, 178835836297161903: -1, 178835836374677602: -1, 178835836374677606: -1, 178835836089857601: -1, 178835836128988905: -1, 178835836195161503: -1, 178835836374681603: -1, 178835836089857602: -1, 178835836089858607: -1, 178835836195160501: -1, 178835836195162503: -1, 178835836128991902: -1, 178835836089859602: -1, 178835836128989901: -1, 178835836089858603: -1, 178835836374681604: -1, 178835836374679601: -1, 178835836128988903: -1, 178835836297160901: -1, 178835836089861601: -1, 178835836195160505: -1, 178835836297162902: -1, 178835836128991906: -1, 178835836297159906: -1, 178835836195162501: -1, 178835836297162901: -1, 178835836195159501: -1, 178835836089861605: -1, 178835836374678605: -1, 178835836195163506: -1, 178835836195161502: -1, 178835836195162502: -1, 178835836374680601: -1, 178835836374677601: -1, 178835836195159506: -1, 178835836089860601: -1, 178835836297160904: -1, 178835836128989902: -1, 178835836374678601: -1, 178835836297160906: -1, 178835836089858602: -1, 178835836297163902: -1, 178835836374679605: -1, 178835836297162903: -1, 178835836297159901: -1, 178835836195159505: -1, 178835836128989904: -1, 178835836089860606: -1, 178835836089859601: -1, 178835836128988901: -1, 178835836089861604: -1, 178835836089857603: -1, 178835836297161904: -1, 178835836195161501: -1, 178835836195160503: -1, 178835836195160504: -1, 178835836089861606: -1, 178835836374680603: -1, 178835836089860607: -1, 178835836089859607: -1, 178835836374679604: -1, 178835836128991901: -1, 178835836297159905: -1, 178835836195163502: -1, 178835836374681602: -1, 178835836374680605: -1, 178835836297160905: -1, 178835836089857604: -1, 178835836195159504: -1, 178835836128989903: -1, 178835836089859606: -1, 178835836128992901: -1, 178835836374679606: -1, 0: 0, 178835836128988904: -1, 178835836089858601: -1, 178835836128990902: -1, 178835836128992905: -1, 178835836128990903: -1, 178835836195163501: -1, 178835836128990901: -1, 178835836374680604: -1, 178835836374678606: -1} }
[2026-09-02T14:58:34.719Z INFO  gresse::replica] replica 178835836128990903 completed gc round
[2026-09-02T14:58:34.775Z INFO  gresse::replica] shutdown signal received for replica 178835836128990903
[2026-09-02T14:58:34.775Z INFO  gresse::replica] replica 178835836128990903 shutting down with 12 connected writers
[2026-09-02T14:58:35.386Z INFO  gresse::http_server] http server received shutdown signal
[2026-09-02T14:58:35.386Z INFO  gresse::http_server] http server shutdown complete
[2026-09-02T14:58:35.387Z INFO  gresse::network] network manager for replica 178835836128990903 shutdown complete
