[2026-08-28T13:12:51.521Z INFO  gresse::http_server] running CRDT HTTP server
[2026-08-28T13:12:51.521Z INFO  gresse::http_server] listening for HTTP on 0.0.0.0:18083
[2026-08-28T13:12:51.548Z INFO  gresse::replica] replica 178792271589811101 initiating runtime at bind_http=0.0.0.0:18083 bind_internal=0.0.0.0:19083 advertised_internal=16.192.159.169:19083
[2026-08-28T13:12:51.580Z INFO  gresse::object_storage] object storage connection established: backend=s3, bucket=gresse-geo-035351467464-20260828124038-be821e, region=eu-north-1, endpoint=AWS default endpoint resolution, first_operation=get, object_path=acm-sec-geo-churn-smoke-20260828T131133Z-6f49edb6/persistent.json
[2026-08-28T13:12:51.611Z INFO  gresse::replica] replica 178792271589811101 discovered 12 membership descriptors during init
[2026-08-28T13:12:51.611Z INFO  gresse::replica] replica 178792271589811101 startup completed
[2026-08-28T13:12:51.611Z INFO  gresse::network] replica 178792271589811101 discovered network member NetworkMember { pid: 178792271589808101, address: 16.192.159.169:19080, final_counter: None }
[2026-08-28T13:12:51.611Z INFO  gresse::network] replica 178792271589811101 discovered network member NetworkMember { pid: 178792271589809101, address: 16.192.159.169:19081, final_counter: None }
[2026-08-28T13:12:51.611Z INFO  gresse::network] replica 178792271589811101 discovered network member NetworkMember { pid: 178792271589810101, address: 16.192.159.169:19082, final_counter: None }
[2026-08-28T13:12:51.611Z INFO  gresse::network] replica 178792271589811101 discovered network member NetworkMember { pid: 178792271633862701, address: 3.121.180.49:19080, final_counter: None }
[2026-08-28T13:12:51.611Z INFO  gresse::network] replica 178792271589811101 discovered network member NetworkMember { pid: 178792271633863701, address: 3.121.180.49:19081, final_counter: None }
[2026-08-28T13:12:51.611Z INFO  gresse::network] replica 178792271589811101 discovered network member NetworkMember { pid: 178792271704341601, address: 52.17.146.22:19080, final_counter: None }
[2026-08-28T13:12:51.611Z INFO  gresse::network] replica 178792271589811101 discovered network member NetworkMember { pid: 178792271704342601, address: 52.17.146.22:19081, final_counter: None }
[2026-08-28T13:12:51.611Z INFO  gresse::network] replica 178792271589811101 discovered network member NetworkMember { pid: 178792271814539401, address: 3.8.155.72:19080, final_counter: None }
[2026-08-28T13:12:51.611Z INFO  gresse::network] replica 178792271589811101 discovered network member NetworkMember { pid: 178792271814540401, address: 3.8.155.72:19081, final_counter: None }
[2026-08-28T13:12:51.611Z INFO  gresse::network] replica 178792271589811101 discovered network member NetworkMember { pid: 178792271903524701, address: 13.37.225.238:19080, final_counter: None }
[2026-08-28T13:12:51.611Z INFO  gresse::network] replica 178792271589811101 discovered network member NetworkMember { pid: 178792271903525701, address: 13.37.225.238:19081, final_counter: None }
[2026-08-28T13:12:51.612Z INFO  gresse::network] replica 178792271589811101 registered bidirectional network channel for replica 178792271589809101
[2026-08-28T13:12:51.612Z INFO  gresse::network] replica 178792271589811101 registered bidirectional network channel for replica 178792271589808101
[2026-08-28T13:12:51.612Z INFO  gresse::replica] replica 178792271589811101 established peer replication connection with replica 178792271589809101
[2026-08-28T13:12:51.612Z INFO  gresse::network] replica 178792271589811101 registered bidirectional network channel for replica 178792271589810101
[2026-08-28T13:12:51.612Z INFO  gresse::replica] replica 178792271589811101 established peer replication connection with replica 178792271589808101
[2026-08-28T13:12:51.612Z INFO  gresse::replica] replica 178792271589811101 established peer replication connection with replica 178792271589810101
[2026-08-28T13:12:51.659Z INFO  gresse::network] replica 178792271589811101 registered bidirectional network channel for replica 178792271633863701
[2026-08-28T13:12:51.659Z INFO  gresse::replica] replica 178792271589811101 established peer replication connection with replica 178792271633863701
[2026-08-28T13:12:51.659Z INFO  gresse::network] replica 178792271589811101 registered bidirectional network channel for replica 178792271633862701
[2026-08-28T13:12:51.659Z INFO  gresse::replica] replica 178792271589811101 established peer replication connection with replica 178792271633862701
[2026-08-28T13:12:51.667Z INFO  gresse::network] replica 178792271589811101 registered bidirectional network channel for replica 178792271814539401
[2026-08-28T13:12:51.667Z INFO  gresse::replica] replica 178792271589811101 established peer replication connection with replica 178792271814539401
[2026-08-28T13:12:51.669Z INFO  gresse::network] replica 178792271589811101 registered bidirectional network channel for replica 178792271814540401
[2026-08-28T13:12:51.669Z INFO  gresse::replica] replica 178792271589811101 established peer replication connection with replica 178792271814540401
[2026-08-28T13:12:51.673Z INFO  gresse::network] replica 178792271589811101 registered bidirectional network channel for replica 178792271903524701
[2026-08-28T13:12:51.673Z INFO  gresse::replica] replica 178792271589811101 established peer replication connection with replica 178792271903524701
[2026-08-28T13:12:51.673Z INFO  gresse::network] replica 178792271589811101 registered bidirectional network channel for replica 178792271903525701
[2026-08-28T13:12:51.673Z INFO  gresse::replica] replica 178792271589811101 established peer replication connection with replica 178792271903525701
[2026-08-28T13:12:51.696Z INFO  gresse::network] replica 178792271589811101 registered bidirectional network channel for replica 178792271704342601
[2026-08-28T13:12:51.696Z INFO  gresse::replica] replica 178792271589811101 established peer replication connection with replica 178792271704342601
[2026-08-28T13:12:51.696Z INFO  gresse::network] replica 178792271589811101 registered bidirectional network channel for replica 178792271704341601
[2026-08-28T13:12:51.696Z INFO  gresse::replica] replica 178792271589811101 established peer replication connection with replica 178792271704341601
[2026-08-28T13:12:51.712Z INFO  gresse::network] replica 178792271589811101 registered bidirectional network channel for replica 178792271589812101
[2026-08-28T13:12:51.712Z INFO  gresse::replica] replica 178792271589811101 established peer replication connection with replica 178792271589812101
[2026-08-28T13:12:51.721Z INFO  gresse::network] replica 178792271589811101 registered bidirectional network channel for replica 178792271633864701
[2026-08-28T13:12:51.721Z INFO  gresse::replica] replica 178792271589811101 established peer replication connection with replica 178792271633864701
[2026-08-28T13:12:51.855Z INFO  gresse::network] replica 178792271589811101 registered bidirectional network channel for replica 178792271814541401
[2026-08-28T13:12:51.855Z INFO  gresse::replica] replica 178792271589811101 established peer replication connection with replica 178792271814541401
[2026-08-28T13:12:51.877Z INFO  gresse::network] replica 178792271589811101 registered bidirectional network channel for replica 178792271903526701
[2026-08-28T13:12:51.877Z INFO  gresse::replica] replica 178792271589811101 established peer replication connection with replica 178792271903526701
[2026-08-28T13:12:51.927Z INFO  gresse::network] replica 178792271589811101 registered bidirectional network channel for replica 178792271633865701
[2026-08-28T13:12:51.927Z INFO  gresse::replica] replica 178792271589811101 established peer replication connection with replica 178792271633865701
[2026-08-28T13:12:51.946Z INFO  gresse::network] replica 178792271589811101 registered bidirectional network channel for replica 178792271704343601
[2026-08-28T13:12:51.946Z INFO  gresse::replica] replica 178792271589811101 established peer replication connection with replica 178792271704343601
[2026-08-28T13:12:52.064Z INFO  gresse::network] replica 178792271589811101 registered bidirectional network channel for replica 178792271814542401
[2026-08-28T13:12:52.064Z INFO  gresse::replica] replica 178792271589811101 established peer replication connection with replica 178792271814542401
[2026-08-28T13:12:52.142Z INFO  gresse::network] replica 178792271589811101 registered bidirectional network channel for replica 178792271633866701
[2026-08-28T13:12:52.142Z INFO  gresse::replica] replica 178792271589811101 established peer replication connection with replica 178792271633866701
[2026-08-28T13:12:52.171Z INFO  gresse::network] replica 178792271589811101 registered bidirectional network channel for replica 178792271903527701
[2026-08-28T13:12:52.171Z INFO  gresse::replica] replica 178792271589811101 established peer replication connection with replica 178792271903527701
[2026-08-28T13:12:52.260Z INFO  gresse::replica] replica 178792271589811101 established peer replication connection with replica 178792271704344601
[2026-08-28T13:12:52.260Z INFO  gresse::network] replica 178792271589811101 registered bidirectional network channel for replica 178792271704344601
[2026-08-28T13:12:52.377Z INFO  gresse::network] replica 178792271589811101 registered bidirectional network channel for replica 178792271814543401
[2026-08-28T13:12:52.377Z INFO  gresse::replica] replica 178792271589811101 established peer replication connection with replica 178792271814543401
[2026-08-28T13:12:52.479Z INFO  gresse::network] replica 178792271589811101 registered bidirectional network channel for replica 178792271903528701
[2026-08-28T13:12:52.479Z INFO  gresse::replica] replica 178792271589811101 established peer replication connection with replica 178792271903528701
[2026-08-28T13:12:52.566Z INFO  gresse::network] replica 178792271589811101 registered bidirectional network channel for replica 178792271704345601
[2026-08-28T13:12:52.566Z INFO  gresse::replica] replica 178792271589811101 established peer replication connection with replica 178792271704345601
[2026-08-28T13:14:07.612Z WARN  gresse::network] peer connection write failed: Broken pipe (os error 32)
[2026-08-28T13:14:21.203Z INFO  gresse::network] replica 178792271589811101 registered bidirectional network channel for replica 178792271589808102
[2026-08-28T13:14:21.203Z INFO  gresse::replica] replica 178792271589811101 established peer replication connection with replica 178792271589808102
[2026-08-28T13:14:21.391Z INFO  gresse::network] replica 178792271589811101 registered bidirectional network channel for replica 178792271704343602
[2026-08-28T13:14:21.391Z INFO  gresse::replica] replica 178792271589811101 established peer replication connection with replica 178792271704343602
[2026-08-28T13:14:34.612Z WARN  gresse::network] peer connection write failed: Broken pipe (os error 32)
[2026-08-28T13:14:53.612Z WARN  gresse::replica] replica 178792271589811101 deferred pull request to peer 178792271589808101: channel closed
[2026-08-28T13:15:06.569Z INFO  gresse::replica] replica 178792271589811101 observed shutdown descriptor for replica 178792271633863701 with final counter Some(20)
[2026-08-28T13:15:06.596Z INFO  gresse::replica] replica 178792271589811101 observed shutdown descriptor for replica 178792271814542401 with final counter Some(20)
[2026-08-28T13:15:37.612Z WARN  gresse::replica] replica 178792271589811101 deferred pull request to peer 178792271704343601: channel closed
[2026-08-28T13:15:51.248Z INFO  gresse::network] replica 178792271589811101 registered bidirectional network channel for replica 178792271633863702
[2026-08-28T13:15:51.248Z INFO  gresse::replica] replica 178792271589811101 established peer replication connection with replica 178792271633863702
[2026-08-28T13:15:51.358Z INFO  gresse::network] replica 178792271589811101 registered bidirectional network channel for replica 178792271814542402
[2026-08-28T13:15:51.358Z INFO  gresse::replica] replica 178792271589811101 established peer replication connection with replica 178792271814542402
[2026-08-28T13:16:49.030Z INFO  gresse::replica] replica 178792271589811101 gc departed_pids=None updated_stable=DotSet { set: {178792271589810101: -1, 178792271704342601: -1, 178792271903527701: -1, 178792271814541401: -1, 178792271903525701: -1, 178792271633864701: -1, 178792271903524701: -1, 178792271704341601: -1, 178792271704344601: -1, 178792271589808102: -1, 178792271814543401: -1, 178792271903526701: -1, 178792271589812101: -1, 178792271633866701: -1, 178792271589809101: -1, 178792271589811101: -1, 178792271633863702: -1, 178792271814542402: -1, 178792271633865701: -1, 178792271633863701: -1, 178792271903528701: -1, 178792271814542401: -1, 178792271589808101: -1, 178792271633862701: -1, 178792271814540401: -1, 178792271704345601: -1, 178792271814539401: -1, 178792271704343601: -1, 178792271704343602: -1} }
[2026-08-28T13:16:49.078Z INFO  gresse::replica] replica 178792271589811101 completed gc round
[2026-08-28T13:18:51.386Z INFO  gresse::replica] shutdown signal received for replica 178792271589811101
[2026-08-28T13:18:51.386Z INFO  gresse::replica] replica 178792271589811101 shutting down with 24 connected writers
[2026-08-28T13:18:51.425Z INFO  gresse::http_server] http server received shutdown signal
[2026-08-28T13:18:51.425Z INFO  gresse::http_server] http server shutdown complete
[2026-08-28T13:18:51.425Z INFO  gresse::network] network manager for replica 178792271589811101 shutdown complete
