[2026-08-28T13:50:49.951Z INFO  gresse::http_server] running CRDT HTTP server
[2026-08-28T13:50:49.951Z INFO  gresse::http_server] listening for HTTP on 0.0.0.0:18082
[2026-08-28T13:50:49.986Z INFO  gresse::replica] replica 178792343266888005 initiating runtime at bind_http=0.0.0.0:18082 bind_internal=0.0.0.0:19082 advertised_internal=16.192.159.169:19082
[2026-08-28T13:50:50.021Z INFO  gresse::object_storage] object storage connection established: backend=s3, bucket=gresse-geo-035351467464-20260828124038-be821e, region=eu-north-1, endpoint=AWS default endpoint resolution, first_operation=put-create, object_path=acm-sec-geo-churn-20260828T132329Z-550e9e91/membership/178792343266888005,16.192.159.169:19082,14
[2026-08-28T13:50:50.108Z INFO  gresse::replica] replica 178792343266888005 restored local state from durability journal before startup
[2026-08-28T13:50:50.108Z INFO  gresse::replica] replica 178792343266888005 discovered 286 membership descriptors during init
[2026-08-28T13:50:50.108Z INFO  gresse::replica] replica 178792343266888005 startup completed
[2026-08-28T13:50:50.108Z INFO  gresse::network] replica 178792343266888005 discovered network member NetworkMember { pid: 178792343266886005, address: 16.192.159.169:19080, final_counter: None }
[2026-08-28T13:50:50.108Z INFO  gresse::network] replica 178792343266888005 discovered network member NetworkMember { pid: 178792343266887005, address: 16.192.159.169:19081, final_counter: None }
[2026-08-28T13:50:50.108Z INFO  gresse::network] replica 178792343266888005 discovered network member NetworkMember { pid: 178792343266888004, address: 16.192.159.169:19082, final_counter: None }
[2026-08-28T13:50:50.108Z INFO  gresse::network] replica 178792343266888005 discovered network member NetworkMember { pid: 178792343266889004, address: 16.192.159.169:19083, final_counter: None }
[2026-08-28T13:50:50.108Z INFO  gresse::network] replica 178792343266888005 discovered network member NetworkMember { pid: 178792343266890004, address: 16.192.159.169:19084, final_counter: None }
[2026-08-28T13:50:50.108Z INFO  gresse::network] replica 178792343266888005 discovered network member NetworkMember { pid: 178792343327013804, address: 3.121.180.49:19080, final_counter: None }
[2026-08-28T13:50:50.108Z INFO  gresse::network] replica 178792343266888005 discovered network member NetworkMember { pid: 178792343327014804, address: 3.121.180.49:19081, final_counter: None }
[2026-08-28T13:50:50.108Z INFO  gresse::network] replica 178792343266888005 discovered network member NetworkMember { pid: 178792343327015804, address: 3.121.180.49:19082, final_counter: None }
[2026-08-28T13:50:50.108Z INFO  gresse::network] replica 178792343266888005 discovered network member NetworkMember { pid: 178792343327016804, address: 3.121.180.49:19083, final_counter: None }
[2026-08-28T13:50:50.108Z INFO  gresse::network] replica 178792343266888005 discovered network member NetworkMember { pid: 178792343327017804, address: 3.121.180.49:19084, final_counter: None }
[2026-08-28T13:50:50.108Z INFO  gresse::network] replica 178792343266888005 discovered network member NetworkMember { pid: 178792343404851504, address: 52.17.146.22:19080, final_counter: None }
[2026-08-28T13:50:50.108Z INFO  gresse::network] replica 178792343266888005 discovered network member NetworkMember { pid: 178792343404852504, address: 52.17.146.22:19081, final_counter: None }
[2026-08-28T13:50:50.108Z INFO  gresse::network] replica 178792343266888005 discovered network member NetworkMember { pid: 178792343404853504, address: 52.17.146.22:19082, final_counter: None }
[2026-08-28T13:50:50.108Z INFO  gresse::network] replica 178792343266888005 discovered network member NetworkMember { pid: 178792343404854504, address: 52.17.146.22:19083, final_counter: None }
[2026-08-28T13:50:50.108Z INFO  gresse::network] replica 178792343266888005 discovered network member NetworkMember { pid: 178792343404855504, address: 52.17.146.22:19084, final_counter: None }
[2026-08-28T13:50:50.108Z INFO  gresse::network] replica 178792343266888005 discovered network member NetworkMember { pid: 178792343513164004, address: 3.8.155.72:19080, final_counter: None }
[2026-08-28T13:50:50.108Z INFO  gresse::network] replica 178792343266888005 discovered network member NetworkMember { pid: 178792343513165004, address: 3.8.155.72:19081, final_counter: None }
[2026-08-28T13:50:50.108Z INFO  gresse::network] replica 178792343266888005 discovered network member NetworkMember { pid: 178792343513166004, address: 3.8.155.72:19082, final_counter: None }
[2026-08-28T13:50:50.108Z INFO  gresse::network] replica 178792343266888005 discovered network member NetworkMember { pid: 178792343513167004, address: 3.8.155.72:19083, final_counter: None }
[2026-08-28T13:50:50.108Z INFO  gresse::network] replica 178792343266888005 discovered network member NetworkMember { pid: 178792343513168004, address: 3.8.155.72:19084, final_counter: None }
[2026-08-28T13:50:50.108Z INFO  gresse::network] replica 178792343266888005 discovered network member NetworkMember { pid: 178792343597981004, address: 13.37.225.238:19080, final_counter: None }
[2026-08-28T13:50:50.108Z INFO  gresse::network] replica 178792343266888005 discovered network member NetworkMember { pid: 178792343597982004, address: 13.37.225.238:19081, final_counter: None }
[2026-08-28T13:50:50.108Z INFO  gresse::network] replica 178792343266888005 discovered network member NetworkMember { pid: 178792343597983004, address: 13.37.225.238:19082, final_counter: None }
[2026-08-28T13:50:50.108Z INFO  gresse::network] replica 178792343266888005 discovered network member NetworkMember { pid: 178792343597984004, address: 13.37.225.238:19083, final_counter: None }
[2026-08-28T13:50:50.108Z INFO  gresse::network] replica 178792343266888005 discovered network member NetworkMember { pid: 178792343597985004, address: 13.37.225.238:19084, final_counter: None }
[2026-08-28T13:50:50.109Z INFO  gresse::network] replica 178792343266888005 registered bidirectional network channel for replica 178792343266888005
[2026-08-28T13:50:50.109Z INFO  gresse::replica] replica 178792343266888005 established peer replication connection with replica 178792343266888005
[2026-08-28T13:50:50.109Z WARN  gresse::network] replica 178792343266888005 rejected peer handshake: expected 178792343266888004, received 178792343266888005
[2026-08-28T13:50:50.110Z INFO  gresse::network] replica 178792343266888005 registered bidirectional network channel for replica 178792343266887005
[2026-08-28T13:50:50.111Z INFO  gresse::replica] replica 178792343266888005 established peer replication connection with replica 178792343266887005
[2026-08-28T13:50:50.111Z INFO  gresse::network] replica 178792343266888005 registered bidirectional network channel for replica 178792343266890004
[2026-08-28T13:50:50.111Z INFO  gresse::replica] replica 178792343266888005 established peer replication connection with replica 178792343266890004
[2026-08-28T13:50:50.111Z INFO  gresse::network] replica 178792343266888005 registered bidirectional network channel for replica 178792343266889004
[2026-08-28T13:50:50.111Z INFO  gresse::replica] replica 178792343266888005 established peer replication connection with replica 178792343266889004
[2026-08-28T13:50:50.111Z INFO  gresse::network] replica 178792343266888005 registered bidirectional network channel for replica 178792343266886005
[2026-08-28T13:50:50.111Z INFO  gresse::replica] replica 178792343266888005 established peer replication connection with replica 178792343266886005
[2026-08-28T13:50:50.149Z INFO  gresse::network] replica 178792343266888005 registered bidirectional network channel for replica 178792343597985004
[2026-08-28T13:50:50.149Z INFO  gresse::replica] replica 178792343266888005 established peer replication connection with replica 178792343597985004
[2026-08-28T13:50:50.156Z INFO  gresse::network] replica 178792343266888005 registered bidirectional network channel for replica 178792343327017804
[2026-08-28T13:50:50.156Z INFO  gresse::replica] replica 178792343266888005 established peer replication connection with replica 178792343327017804
[2026-08-28T13:50:50.156Z INFO  gresse::network] replica 178792343266888005 registered bidirectional network channel for replica 178792343327014804
[2026-08-28T13:50:50.156Z INFO  gresse::replica] replica 178792343266888005 established peer replication connection with replica 178792343327014804
[2026-08-28T13:50:50.156Z INFO  gresse::network] replica 178792343266888005 registered bidirectional network channel for replica 178792343327016804
[2026-08-28T13:50:50.156Z INFO  gresse::replica] replica 178792343266888005 established peer replication connection with replica 178792343327016804
[2026-08-28T13:50:50.156Z INFO  gresse::network] replica 178792343266888005 registered bidirectional network channel for replica 178792343327013804
[2026-08-28T13:50:50.156Z INFO  gresse::replica] replica 178792343266888005 established peer replication connection with replica 178792343327013804
[2026-08-28T13:50:50.156Z INFO  gresse::network] replica 178792343266888005 registered bidirectional network channel for replica 178792343327015804
[2026-08-28T13:50:50.156Z INFO  gresse::replica] replica 178792343266888005 established peer replication connection with replica 178792343327015804
[2026-08-28T13:50:50.164Z INFO  gresse::replica] replica 178792343266888005 established peer replication connection with replica 178792343513165004
[2026-08-28T13:50:50.164Z INFO  gresse::network] replica 178792343266888005 registered bidirectional network channel for replica 178792343513165004
[2026-08-28T13:50:50.166Z INFO  gresse::network] replica 178792343266888005 registered bidirectional network channel for replica 178792343513166004
[2026-08-28T13:50:50.166Z INFO  gresse::network] replica 178792343266888005 registered bidirectional network channel for replica 178792343513168004
[2026-08-28T13:50:50.166Z INFO  gresse::network] replica 178792343266888005 registered bidirectional network channel for replica 178792343513167004
[2026-08-28T13:50:50.166Z INFO  gresse::replica] replica 178792343266888005 established peer replication connection with replica 178792343513166004
[2026-08-28T13:50:50.166Z INFO  gresse::replica] replica 178792343266888005 established peer replication connection with replica 178792343513168004
[2026-08-28T13:50:50.166Z INFO  gresse::replica] replica 178792343266888005 established peer replication connection with replica 178792343513167004
[2026-08-28T13:50:50.167Z INFO  gresse::network] replica 178792343266888005 registered bidirectional network channel for replica 178792343513164004
[2026-08-28T13:50:50.167Z INFO  gresse::replica] replica 178792343266888005 established peer replication connection with replica 178792343513164004
[2026-08-28T13:50:50.171Z INFO  gresse::network] replica 178792343266888005 registered bidirectional network channel for replica 178792343597981004
[2026-08-28T13:50:50.171Z INFO  gresse::replica] replica 178792343266888005 established peer replication connection with replica 178792343597981004
[2026-08-28T13:50:50.171Z INFO  gresse::network] replica 178792343266888005 registered bidirectional network channel for replica 178792343597984004
[2026-08-28T13:50:50.171Z INFO  gresse::replica] replica 178792343266888005 established peer replication connection with replica 178792343597984004
[2026-08-28T13:50:50.171Z INFO  gresse::network] replica 178792343266888005 registered bidirectional network channel for replica 178792343597983004
[2026-08-28T13:50:50.171Z INFO  gresse::replica] replica 178792343266888005 established peer replication connection with replica 178792343597983004
[2026-08-28T13:50:50.171Z INFO  gresse::network] replica 178792343266888005 registered bidirectional network channel for replica 178792343597982004
[2026-08-28T13:50:50.171Z INFO  gresse::replica] replica 178792343266888005 established peer replication connection with replica 178792343597982004
[2026-08-28T13:50:50.194Z INFO  gresse::network] replica 178792343266888005 registered bidirectional network channel for replica 178792343404852504
[2026-08-28T13:50:50.194Z INFO  gresse::replica] replica 178792343266888005 established peer replication connection with replica 178792343404852504
[2026-08-28T13:50:50.194Z INFO  gresse::replica] replica 178792343266888005 established peer replication connection with replica 178792343404855504
[2026-08-28T13:50:50.194Z INFO  gresse::network] replica 178792343266888005 registered bidirectional network channel for replica 178792343404855504
[2026-08-28T13:50:50.195Z INFO  gresse::replica] replica 178792343266888005 established peer replication connection with replica 178792343404854504
[2026-08-28T13:50:50.195Z INFO  gresse::network] replica 178792343266888005 registered bidirectional network channel for replica 178792343404854504
[2026-08-28T13:50:50.195Z INFO  gresse::replica] replica 178792343266888005 established peer replication connection with replica 178792343404851504
[2026-08-28T13:50:50.195Z INFO  gresse::network] replica 178792343266888005 registered bidirectional network channel for replica 178792343404851504
[2026-08-28T13:50:50.195Z INFO  gresse::replica] replica 178792343266888005 established peer replication connection with replica 178792343404853504
[2026-08-28T13:50:50.195Z INFO  gresse::network] replica 178792343266888005 registered bidirectional network channel for replica 178792343404853504
[2026-08-28T13:50:55.021Z INFO  gresse::replica] replica 178792343266888005 observed shutdown descriptor for replica 178792343597983003 with final counter Some(1237)
[2026-08-28T13:50:55.274Z INFO  gresse::replica] replica 178792343266888005 observed shutdown descriptor for replica 178792343597984003 with final counter Some(920)
[2026-08-28T13:50:55.471Z INFO  gresse::replica] replica 178792343266888005 observed shutdown descriptor for replica 178792343597985003 with final counter Some(921)
[2026-08-28T13:51:18.109Z WARN  gresse::network] peer connection write failed: Broken pipe (os error 32)
[2026-08-28T13:51:23.109Z WARN  gresse::network] peer connection write failed: Broken pipe (os error 32)
[2026-08-28T13:51:50.549Z INFO  gresse::replica] replica 178792343266888005 observed shutdown descriptor for replica 178792343266889004 with final counter Some(1288)
[2026-08-28T13:51:50.772Z INFO  gresse::replica] replica 178792343266888005 observed shutdown descriptor for replica 178792343266890004 with final counter Some(1022)
[2026-08-28T13:51:51.023Z INFO  gresse::replica] replica 178792343266888005 observed shutdown descriptor for replica 178792343327013804 with final counter Some(847)
[2026-08-28T13:51:53.109Z WARN  gresse::replica] replica 178792343266888005 deferred pull request to peer 178792343266888005: channel closed
[2026-08-28T13:51:56.109Z WARN  gresse::replica] replica 178792343266888005 deferred pull request to peer 178792343597985004: channel closed
[2026-08-28T13:52:06.109Z WARN  gresse::network] peer connection write failed: Broken pipe (os error 32)
[2026-08-28T13:52:11.108Z WARN  gresse::replica] replica 178792343266888005 deferred pull request to peer 178792343327016804: channel closed
[2026-08-28T13:52:37.109Z WARN  gresse::network] peer connection write failed: Broken pipe (os error 32)
[2026-08-28T13:52:46.109Z WARN  gresse::replica] replica 178792343266888005 deferred pull request to peer 178792343327015804: channel closed
[2026-08-28T13:52:48.392Z INFO  gresse::replica] replica 178792343266888005 established peer replication connection with replica 178792343266889005
[2026-08-28T13:52:48.392Z INFO  gresse::network] replica 178792343266888005 registered bidirectional network channel for replica 178792343266889005
[2026-08-28T13:52:48.611Z INFO  gresse::network] replica 178792343266888005 registered bidirectional network channel for replica 178792343327013805
[2026-08-28T13:52:48.611Z INFO  gresse::replica] replica 178792343266888005 established peer replication connection with replica 178792343327013805
[2026-08-28T13:52:48.772Z INFO  gresse::network] replica 178792343266888005 registered bidirectional network channel for replica 178792343266890005
[2026-08-28T13:52:48.772Z INFO  gresse::replica] replica 178792343266888005 established peer replication connection with replica 178792343266890005
[2026-08-28T13:52:49.549Z INFO  gresse::network] replica 178792343266888005 registered bidirectional network channel for replica 178792343327014805
[2026-08-28T13:52:49.549Z INFO  gresse::replica] replica 178792343266888005 established peer replication connection with replica 178792343327014805
[2026-08-28T13:52:50.524Z INFO  gresse::network] replica 178792343266888005 registered bidirectional network channel for replica 178792343327015805
[2026-08-28T13:52:50.524Z INFO  gresse::replica] replica 178792343266888005 established peer replication connection with replica 178792343327015805
[2026-08-28T13:52:51.424Z INFO  gresse::network] replica 178792343266888005 registered bidirectional network channel for replica 178792343327016805
[2026-08-28T13:52:51.424Z INFO  gresse::replica] replica 178792343266888005 established peer replication connection with replica 178792343327016805
[2026-08-28T13:52:57.109Z WARN  gresse::network] peer connection write failed: Broken pipe (os error 32)
[2026-08-28T13:53:39.108Z WARN  gresse::replica] replica 178792343266888005 deferred pull request to peer 178792343327014804: channel closed
[2026-08-28T13:53:50.023Z INFO  gresse::replica] replica 178792343266888005 observed shutdown descriptor for replica 178792343327017804 with final counter Some(1554)
[2026-08-28T13:53:50.251Z INFO  gresse::replica] replica 178792343266888005 observed shutdown descriptor for replica 178792343404851504 with final counter Some(848)
[2026-08-28T13:53:50.486Z INFO  gresse::replica] replica 178792343266888005 observed shutdown descriptor for replica 178792343404852504 with final counter Some(842)
[2026-08-28T13:53:53.109Z WARN  gresse::network] peer connection write failed: Broken pipe (os error 32)
[2026-08-28T13:53:55.109Z WARN  gresse::network] peer connection write failed: Broken pipe (os error 32)
[2026-08-28T13:54:12.109Z WARN  gresse::replica] replica 178792343266888005 deferred pull request to peer 178792343404855504: channel closed
[2026-08-28T13:54:27.109Z WARN  gresse::network] peer connection write failed: Broken pipe (os error 32)
[2026-08-28T13:54:40.109Z WARN  gresse::replica] replica 178792343266888005 deferred pull request to peer 178792343404854504: channel closed
[2026-08-28T13:54:48.685Z INFO  gresse::network] replica 178792343266888005 registered bidirectional network channel for replica 178792343327017805
[2026-08-28T13:54:48.685Z INFO  gresse::replica] replica 178792343266888005 established peer replication connection with replica 178792343327017805
[2026-08-28T13:54:49.057Z INFO  gresse::replica] replica 178792343266888005 established peer replication connection with replica 178792343404851505
[2026-08-28T13:54:49.057Z INFO  gresse::network] replica 178792343266888005 registered bidirectional network channel for replica 178792343404851505
[2026-08-28T13:54:49.999Z INFO  gresse::network] replica 178792343266888005 registered bidirectional network channel for replica 178792343404852505
[2026-08-28T13:54:49.999Z INFO  gresse::replica] replica 178792343266888005 established peer replication connection with replica 178792343404852505
[2026-08-28T13:54:51.189Z INFO  gresse::network] replica 178792343266888005 registered bidirectional network channel for replica 178792343404853505
[2026-08-28T13:54:51.189Z INFO  gresse::replica] replica 178792343266888005 established peer replication connection with replica 178792343404853505
[2026-08-28T13:54:52.289Z INFO  gresse::network] replica 178792343266888005 registered bidirectional network channel for replica 178792343404854505
[2026-08-28T13:54:52.289Z INFO  gresse::replica] replica 178792343266888005 established peer replication connection with replica 178792343404854505
[2026-08-28T13:54:53.403Z INFO  gresse::network] replica 178792343266888005 registered bidirectional network channel for replica 178792343404855505
[2026-08-28T13:54:53.403Z INFO  gresse::replica] replica 178792343266888005 established peer replication connection with replica 178792343404855505
[2026-08-28T13:55:10.109Z WARN  gresse::replica] replica 178792343266888005 deferred pull request to peer 178792343404853504: channel closed
[2026-08-28T13:55:50.029Z INFO  gresse::replica] replica 178792343266888005 observed shutdown descriptor for replica 178792343513164004 with final counter Some(1553)
[2026-08-28T13:55:50.364Z INFO  gresse::replica] replica 178792343266888005 observed shutdown descriptor for replica 178792343513165004 with final counter Some(843)
[2026-08-28T13:55:50.701Z INFO  gresse::replica] replica 178792343266888005 observed shutdown descriptor for replica 178792343513166004 with final counter Some(840)
[2026-08-28T13:56:12.110Z WARN  gresse::network] peer connection write failed: Broken pipe (os error 32)
[2026-08-28T13:56:30.109Z WARN  gresse::network] peer connection write failed: Broken pipe (os error 32)
[2026-08-28T13:56:45.109Z WARN  gresse::replica] replica 178792343266888005 deferred pull request to peer 178792343513168004: channel closed
[2026-08-28T13:56:48.847Z INFO  gresse::network] replica 178792343266888005 registered bidirectional network channel for replica 178792343513164005
[2026-08-28T13:56:48.847Z INFO  gresse::replica] replica 178792343266888005 established peer replication connection with replica 178792343513164005
[2026-08-28T13:56:49.055Z INFO  gresse::network] replica 178792343266888005 registered bidirectional network channel for replica 178792343597981005
[2026-08-28T13:56:49.055Z INFO  gresse::replica] replica 178792343266888005 established peer replication connection with replica 178792343597981005
[2026-08-28T13:56:49.109Z WARN  gresse::network] peer connection write failed: Broken pipe (os error 32)
[2026-08-28T13:56:49.613Z INFO  gresse::network] replica 178792343266888005 registered bidirectional network channel for replica 178792343513165005
[2026-08-28T13:56:49.613Z INFO  gresse::replica] replica 178792343266888005 established peer replication connection with replica 178792343513165005
[2026-08-28T13:56:50.022Z INFO  gresse::network] replica 178792343266888005 discovered network member NetworkMember { pid: 178792343513166005, address: 3.8.155.72:19082, final_counter: None }
[2026-08-28T13:56:50.243Z INFO  gresse::network] replica 178792343266888005 registered bidirectional network channel for replica 178792343513166005
[2026-08-28T13:56:50.243Z INFO  gresse::replica] replica 178792343266888005 established peer replication connection with replica 178792343513166005
[2026-08-28T13:56:51.359Z INFO  gresse::network] replica 178792343266888005 registered bidirectional network channel for replica 178792343513167005
[2026-08-28T13:56:51.359Z INFO  gresse::replica] replica 178792343266888005 established peer replication connection with replica 178792343513167005
[2026-08-28T13:56:52.687Z INFO  gresse::network] replica 178792343266888005 registered bidirectional network channel for replica 178792343513168005
[2026-08-28T13:56:52.687Z INFO  gresse::replica] replica 178792343266888005 established peer replication connection with replica 178792343513168005
[2026-08-28T13:56:55.109Z WARN  gresse::replica] replica 178792343266888005 deferred pull request to peer 178792343597981004: channel closed
[2026-08-28T13:57:24.109Z WARN  gresse::replica] replica 178792343266888005 deferred pull request to peer 178792343513167004: channel closed
[2026-08-28T13:57:50.020Z INFO  gresse::replica] replica 178792343266888005 observed shutdown descriptor for replica 178792343597982004 with final counter Some(1284)
[2026-08-28T13:57:50.281Z INFO  gresse::replica] replica 178792343266888005 observed shutdown descriptor for replica 178792343597983004 with final counter Some(872)
[2026-08-28T13:57:55.024Z INFO  gresse::replica] replica 178792343266888005 observed shutdown descriptor for replica 178792343597984004 with final counter Some(870)
[2026-08-28T13:58:09.109Z WARN  gresse::network] peer connection write failed: Broken pipe (os error 32)
[2026-08-28T13:58:28.110Z WARN  gresse::network] peer connection write failed: Broken pipe (os error 32)
[2026-08-28T13:58:43.109Z WARN  gresse::replica] replica 178792343266888005 deferred pull request to peer 178792343266887005: channel closed
[2026-08-28T13:58:48.818Z INFO  gresse::replica] replica 178792343266888005 established peer replication connection with replica 178792343597982005
[2026-08-28T13:58:48.818Z INFO  gresse::network] replica 178792343266888005 registered bidirectional network channel for replica 178792343597982005
[2026-08-28T13:58:48.891Z INFO  gresse::network] replica 178792343266888005 registered bidirectional network channel for replica 178792343266886006
[2026-08-28T13:58:48.892Z INFO  gresse::replica] replica 178792343266888005 established peer replication connection with replica 178792343266886006
[2026-08-28T13:58:49.685Z INFO  gresse::replica] replica 178792343266888005 established peer replication connection with replica 178792343597983005
[2026-08-28T13:58:49.685Z INFO  gresse::network] replica 178792343266888005 registered bidirectional network channel for replica 178792343597983005
[2026-08-28T13:58:50.040Z INFO  gresse::network] replica 178792343266888005 discovered network member NetworkMember { pid: 178792343266887006, address: 16.192.159.169:19081, final_counter: None }
[2026-08-28T13:58:50.040Z INFO  gresse::network] replica 178792343266888005 discovered network member NetworkMember { pid: 178792343597984005, address: 13.37.225.238:19083, final_counter: None }
[2026-08-28T13:58:50.063Z INFO  gresse::network] replica 178792343266888005 registered bidirectional network channel for replica 178792343266887006
[2026-08-28T13:58:50.063Z INFO  gresse::replica] replica 178792343266888005 established peer replication connection with replica 178792343266887006
[2026-08-28T13:58:50.382Z INFO  gresse::network] replica 178792343266888005 registered bidirectional network channel for replica 178792343597984005
[2026-08-28T13:58:50.382Z INFO  gresse::replica] replica 178792343266888005 established peer replication connection with replica 178792343597984005
[2026-08-28T13:58:51.538Z INFO  gresse::network] replica 178792343266888005 registered bidirectional network channel for replica 178792343597985005
[2026-08-28T13:58:51.538Z INFO  gresse::replica] replica 178792343266888005 established peer replication connection with replica 178792343597985005
[2026-08-28T13:59:14.109Z WARN  gresse::replica] replica 178792343266888005 deferred pull request to peer 178792343266886005: channel closed
[2026-08-28T13:59:48.097Z INFO  gresse::replica] shutdown signal received for replica 178792343266888005
[2026-08-28T13:59:48.097Z INFO  gresse::replica] replica 178792343266888005 shutting down with 24 connected writers
[2026-08-28T13:59:48.472Z INFO  gresse::http_server] http server received shutdown signal
[2026-08-28T13:59:48.472Z INFO  gresse::http_server] http server shutdown complete
