[2026-08-28T13:12:51.213Z INFO  gresse::http_server] running CRDT HTTP server
[2026-08-28T13:12:51.213Z INFO  gresse::http_server] listening for HTTP on 0.0.0.0:18081
[2026-08-28T13:12:51.241Z INFO  gresse::replica] replica 178792271589809101 initiating runtime at bind_http=0.0.0.0:18081 bind_internal=0.0.0.0:19081 advertised_internal=16.192.159.169:19081
[2026-08-28T13:12:51.283Z INFO  gresse::object_storage] object storage connection established: backend=s3, bucket=gresse-geo-035351467464-20260828124038-be821e, region=eu-north-1, endpoint=AWS default endpoint resolution, first_operation=get, object_path=acm-sec-geo-churn-smoke-20260828T131133Z-6f49edb6/persistent.json
[2026-08-28T13:12:51.304Z INFO  gresse::replica] replica 178792271589809101 discovered 6 membership descriptors during init
[2026-08-28T13:12:51.304Z INFO  gresse::replica] replica 178792271589809101 startup completed
[2026-08-28T13:12:51.304Z INFO  gresse::network] replica 178792271589809101 discovered network member NetworkMember { pid: 178792271589808101, address: 16.192.159.169:19080, final_counter: None }
[2026-08-28T13:12:51.304Z INFO  gresse::network] replica 178792271589809101 discovered network member NetworkMember { pid: 178792271633862701, address: 3.121.180.49:19080, final_counter: None }
[2026-08-28T13:12:51.304Z INFO  gresse::network] replica 178792271589809101 discovered network member NetworkMember { pid: 178792271704341601, address: 52.17.146.22:19080, final_counter: None }
[2026-08-28T13:12:51.304Z INFO  gresse::network] replica 178792271589809101 discovered network member NetworkMember { pid: 178792271814539401, address: 3.8.155.72:19080, final_counter: None }
[2026-08-28T13:12:51.304Z INFO  gresse::network] replica 178792271589809101 discovered network member NetworkMember { pid: 178792271903524701, address: 13.37.225.238:19080, final_counter: None }
[2026-08-28T13:12:51.305Z INFO  gresse::network] replica 178792271589809101 registered bidirectional network channel for replica 178792271589808101
[2026-08-28T13:12:51.305Z INFO  gresse::replica] replica 178792271589809101 established peer replication connection with replica 178792271589808101
[2026-08-28T13:12:51.352Z INFO  gresse::network] replica 178792271589809101 registered bidirectional network channel for replica 178792271633862701
[2026-08-28T13:12:51.352Z INFO  gresse::replica] replica 178792271589809101 established peer replication connection with replica 178792271633862701
[2026-08-28T13:12:51.362Z INFO  gresse::network] replica 178792271589809101 registered bidirectional network channel for replica 178792271814539401
[2026-08-28T13:12:51.362Z INFO  gresse::replica] replica 178792271589809101 established peer replication connection with replica 178792271814539401
[2026-08-28T13:12:51.367Z INFO  gresse::network] replica 178792271589809101 registered bidirectional network channel for replica 178792271903524701
[2026-08-28T13:12:51.367Z INFO  gresse::replica] replica 178792271589809101 established peer replication connection with replica 178792271903524701
[2026-08-28T13:12:51.389Z INFO  gresse::network] replica 178792271589809101 registered bidirectional network channel for replica 178792271704341601
[2026-08-28T13:12:51.389Z INFO  gresse::replica] replica 178792271589809101 established peer replication connection with replica 178792271704341601
[2026-08-28T13:12:51.419Z INFO  gresse::network] replica 178792271589809101 registered bidirectional network channel for replica 178792271589810101
[2026-08-28T13:12:51.419Z INFO  gresse::replica] replica 178792271589809101 established peer replication connection with replica 178792271589810101
[2026-08-28T13:12:51.512Z INFO  gresse::replica] replica 178792271589809101 established peer replication connection with replica 178792271633863701
[2026-08-28T13:12:51.512Z INFO  gresse::network] replica 178792271589809101 registered bidirectional network channel for replica 178792271633863701
[2026-08-28T13:12:51.561Z INFO  gresse::network] replica 178792271589809101 registered bidirectional network channel for replica 178792271814540401
[2026-08-28T13:12:51.561Z INFO  gresse::replica] replica 178792271589809101 established peer replication connection with replica 178792271814540401
[2026-08-28T13:12:51.568Z INFO  gresse::network] replica 178792271589809101 registered bidirectional network channel for replica 178792271903525701
[2026-08-28T13:12:51.568Z INFO  gresse::replica] replica 178792271589809101 established peer replication connection with replica 178792271903525701
[2026-08-28T13:12:51.612Z INFO  gresse::replica] replica 178792271589809101 established peer replication connection with replica 178792271589811101
[2026-08-28T13:12:51.612Z INFO  gresse::network] replica 178792271589809101 registered bidirectional network channel for replica 178792271589811101
[2026-08-28T13:12:51.639Z INFO  gresse::network] replica 178792271589809101 registered bidirectional network channel for replica 178792271704342601
[2026-08-28T13:12:51.639Z INFO  gresse::replica] replica 178792271589809101 established peer replication connection with replica 178792271704342601
[2026-08-28T13:12:51.712Z INFO  gresse::network] replica 178792271589809101 registered bidirectional network channel for replica 178792271589812101
[2026-08-28T13:12:51.712Z INFO  gresse::replica] replica 178792271589809101 established peer replication connection with replica 178792271589812101
[2026-08-28T13:12:51.721Z INFO  gresse::network] replica 178792271589809101 registered bidirectional network channel for replica 178792271633864701
[2026-08-28T13:12:51.721Z INFO  gresse::replica] replica 178792271589809101 established peer replication connection with replica 178792271633864701
[2026-08-28T13:12:51.855Z INFO  gresse::network] replica 178792271589809101 registered bidirectional network channel for replica 178792271814541401
[2026-08-28T13:12:51.855Z INFO  gresse::replica] replica 178792271589809101 established peer replication connection with replica 178792271814541401
[2026-08-28T13:12:51.877Z INFO  gresse::replica] replica 178792271589809101 established peer replication connection with replica 178792271903526701
[2026-08-28T13:12:51.877Z INFO  gresse::network] replica 178792271589809101 registered bidirectional network channel for replica 178792271903526701
[2026-08-28T13:12:51.927Z INFO  gresse::network] replica 178792271589809101 registered bidirectional network channel for replica 178792271633865701
[2026-08-28T13:12:51.927Z INFO  gresse::replica] replica 178792271589809101 established peer replication connection with replica 178792271633865701
[2026-08-28T13:12:51.946Z INFO  gresse::replica] replica 178792271589809101 established peer replication connection with replica 178792271704343601
[2026-08-28T13:12:51.946Z INFO  gresse::network] replica 178792271589809101 registered bidirectional network channel for replica 178792271704343601
[2026-08-28T13:12:52.066Z INFO  gresse::network] replica 178792271589809101 registered bidirectional network channel for replica 178792271814542401
[2026-08-28T13:12:52.066Z INFO  gresse::replica] replica 178792271589809101 established peer replication connection with replica 178792271814542401
[2026-08-28T13:12:52.142Z INFO  gresse::network] replica 178792271589809101 registered bidirectional network channel for replica 178792271633866701
[2026-08-28T13:12:52.142Z INFO  gresse::replica] replica 178792271589809101 established peer replication connection with replica 178792271633866701
[2026-08-28T13:12:52.171Z INFO  gresse::network] replica 178792271589809101 registered bidirectional network channel for replica 178792271903527701
[2026-08-28T13:12:52.171Z INFO  gresse::replica] replica 178792271589809101 established peer replication connection with replica 178792271903527701
[2026-08-28T13:12:52.260Z INFO  gresse::network] replica 178792271589809101 registered bidirectional network channel for replica 178792271704344601
[2026-08-28T13:12:52.260Z INFO  gresse::replica] replica 178792271589809101 established peer replication connection with replica 178792271704344601
[2026-08-28T13:12:52.377Z INFO  gresse::network] replica 178792271589809101 registered bidirectional network channel for replica 178792271814543401
[2026-08-28T13:12:52.377Z INFO  gresse::replica] replica 178792271589809101 established peer replication connection with replica 178792271814543401
[2026-08-28T13:12:52.479Z INFO  gresse::network] replica 178792271589809101 registered bidirectional network channel for replica 178792271903528701
[2026-08-28T13:12:52.479Z INFO  gresse::replica] replica 178792271589809101 established peer replication connection with replica 178792271903528701
[2026-08-28T13:12:52.566Z INFO  gresse::network] replica 178792271589809101 registered bidirectional network channel for replica 178792271704345601
[2026-08-28T13:12:52.566Z INFO  gresse::replica] replica 178792271589809101 established peer replication connection with replica 178792271704345601
[2026-08-28T13:14:03.305Z WARN  gresse::network] peer connection write failed: Broken pipe (os error 32)
[2026-08-28T13:14:09.305Z WARN  gresse::replica] replica 178792271589809101 deferred pull request to peer 178792271589808101: channel closed
[2026-08-28T13:14:20.306Z WARN  gresse::network] peer connection write failed: Broken pipe (os error 32)
[2026-08-28T13:14:21.202Z INFO  gresse::network] replica 178792271589809101 registered bidirectional network channel for replica 178792271589808102
[2026-08-28T13:14:21.202Z INFO  gresse::replica] replica 178792271589809101 established peer replication connection with replica 178792271589808102
[2026-08-28T13:14:21.266Z INFO  gresse::network] replica 178792271589809101 discovered network member NetworkMember { pid: 178792271704343602, address: 52.17.146.22:19082, final_counter: None }
[2026-08-28T13:14:21.351Z INFO  gresse::network] replica 178792271589809101 registered bidirectional network channel for replica 178792271704343602
[2026-08-28T13:14:21.351Z INFO  gresse::replica] replica 178792271589809101 established peer replication connection with replica 178792271704343602
[2026-08-28T13:15:06.265Z INFO  gresse::replica] replica 178792271589809101 observed shutdown descriptor for replica 178792271633863701 with final counter Some(20)
[2026-08-28T13:15:06.287Z INFO  gresse::replica] replica 178792271589809101 observed shutdown descriptor for replica 178792271814542401 with final counter Some(20)
[2026-08-28T13:15:51.248Z INFO  gresse::network] replica 178792271589809101 registered bidirectional network channel for replica 178792271633863702
[2026-08-28T13:15:51.248Z INFO  gresse::replica] replica 178792271589809101 established peer replication connection with replica 178792271633863702
[2026-08-28T13:15:51.264Z INFO  gresse::network] replica 178792271589809101 discovered network member NetworkMember { pid: 178792271814542402, address: 3.8.155.72:19083, final_counter: None }
[2026-08-28T13:15:51.305Z WARN  gresse::replica] replica 178792271589809101 deferred pull request to peer 178792271704343601: channel closed
[2026-08-28T13:15:51.329Z INFO  gresse::network] replica 178792271589809101 registered bidirectional network channel for replica 178792271814542402
[2026-08-28T13:15:51.329Z INFO  gresse::replica] replica 178792271589809101 established peer replication connection with replica 178792271814542402
[2026-08-28T13:18:51.186Z INFO  gresse::replica] shutdown signal received for replica 178792271589809101
[2026-08-28T13:18:51.186Z INFO  gresse::replica] replica 178792271589809101 shutting down with 24 connected writers
[2026-08-28T13:18:51.222Z INFO  gresse::http_server] http server received shutdown signal
[2026-08-28T13:18:51.222Z INFO  gresse::http_server] http server shutdown complete
[2026-08-28T13:18:51.222Z INFO  gresse::network] network manager for replica 178792271589809101 shutdown complete
