[2026-09-01T09:27:42.315Z INFO  gresse::http_server] running CRDT HTTP server
[2026-09-01T09:27:42.315Z INFO  gresse::http_server] listening for HTTP on 0.0.0.0:18081
[2026-09-01T09:27:42.363Z INFO  gresse::replica] replica 178825480759180601 initiating runtime at bind_http=0.0.0.0:18081 bind_internal=0.0.0.0:19081 advertised_internal=3.68.220.182:19081
[2026-09-01T09:27:42.474Z INFO  gresse::object_storage] object storage connection established: backend=s3, bucket=gresse-geo-035351467464-20260901084800-ec90d0, region=eu-north-1, endpoint=AWS default endpoint resolution, first_operation=get, object_path=acm-sec-geo-churn-20260901T092623Z-21106dd4/persistent.json
[2026-09-01T09:27:42.570Z INFO  gresse::replica] replica 178825480759180601 discovered 11 membership descriptors during init
[2026-09-01T09:27:42.570Z INFO  gresse::replica] replica 178825480759180601 startup completed
[2026-09-01T09:27:42.570Z INFO  gresse::network] replica 178825480759180601 discovered network member NetworkMember { pid: 178825480714263201, address: 16.170.108.158:19080, final_counter: None }
[2026-09-01T09:27:42.570Z INFO  gresse::network] replica 178825480759180601 discovered network member NetworkMember { pid: 178825480714264201, address: 16.170.108.158:19081, final_counter: None }
[2026-09-01T09:27:42.570Z INFO  gresse::network] replica 178825480759180601 discovered network member NetworkMember { pid: 178825480714265201, address: 16.170.108.158:19082, final_counter: None }
[2026-09-01T09:27:42.570Z INFO  gresse::network] replica 178825480759180601 discovered network member NetworkMember { pid: 178825480759179601, address: 3.68.220.182:19080, final_counter: None }
[2026-09-01T09:27:42.571Z INFO  gresse::network] replica 178825480759180601 discovered network member NetworkMember { pid: 178825480843462701, address: 34.245.195.69:19080, final_counter: None }
[2026-09-01T09:27:42.571Z INFO  gresse::network] replica 178825480759180601 discovered network member NetworkMember { pid: 178825480843463701, address: 34.245.195.69:19081, final_counter: None }
[2026-09-01T09:27:42.571Z INFO  gresse::network] replica 178825480759180601 discovered network member NetworkMember { pid: 178825480957157901, address: 18.130.228.25:19080, final_counter: None }
[2026-09-01T09:27:42.571Z INFO  gresse::network] replica 178825480759180601 discovered network member NetworkMember { pid: 178825480957158901, address: 18.130.228.25:19081, final_counter: None }
[2026-09-01T09:27:42.571Z INFO  gresse::network] replica 178825480759180601 registered bidirectional network channel for replica 178825480714265201
[2026-09-01T09:27:42.571Z INFO  gresse::network] replica 178825480759180601 discovered network member NetworkMember { pid: 178825481046239401, address: 13.38.41.188:19080, final_counter: None }
[2026-09-01T09:27:42.571Z INFO  gresse::network] replica 178825480759180601 discovered network member NetworkMember { pid: 178825481046240401, address: 13.38.41.188:19081, final_counter: None }
[2026-09-01T09:27:42.571Z INFO  gresse::replica] replica 178825480759180601 established peer replication connection with replica 178825480714265201
[2026-09-01T09:27:42.571Z INFO  gresse::network] replica 178825480759180601 registered bidirectional network channel for replica 178825480759179601
[2026-09-01T09:27:42.571Z INFO  gresse::replica] replica 178825480759180601 established peer replication connection with replica 178825480759179601
[2026-09-01T09:27:42.587Z INFO  gresse::network] replica 178825480759180601 registered bidirectional network channel for replica 178825481046239401
[2026-09-01T09:27:42.587Z INFO  gresse::network] replica 178825480759180601 registered bidirectional network channel for replica 178825481046240401
[2026-09-01T09:27:42.587Z INFO  gresse::replica] replica 178825480759180601 established peer replication connection with replica 178825481046239401
[2026-09-01T09:27:42.587Z INFO  gresse::replica] replica 178825480759180601 established peer replication connection with replica 178825481046240401
[2026-09-01T09:27:42.594Z INFO  gresse::network] replica 178825480759180601 registered bidirectional network channel for replica 178825480957158901
[2026-09-01T09:27:42.594Z INFO  gresse::replica] replica 178825480759180601 established peer replication connection with replica 178825480957158901
[2026-09-01T09:27:42.596Z INFO  gresse::network] replica 178825480759180601 registered bidirectional network channel for replica 178825480957157901
[2026-09-01T09:27:42.596Z INFO  gresse::replica] replica 178825480759180601 established peer replication connection with replica 178825480957157901
[2026-09-01T09:27:42.610Z INFO  gresse::network] replica 178825480759180601 registered bidirectional network channel for replica 178825480843462701
[2026-09-01T09:27:42.610Z INFO  gresse::network] replica 178825480759180601 registered bidirectional network channel for replica 178825480843463701
[2026-09-01T09:27:42.610Z INFO  gresse::replica] replica 178825480759180601 established peer replication connection with replica 178825480843462701
[2026-09-01T09:27:42.611Z INFO  gresse::replica] replica 178825480759180601 established peer replication connection with replica 178825480843463701
[2026-09-01T09:27:42.618Z INFO  gresse::network] replica 178825480759180601 registered bidirectional network channel for replica 178825480714263201
[2026-09-01T09:27:42.618Z INFO  gresse::replica] replica 178825480759180601 established peer replication connection with replica 178825480714263201
[2026-09-01T09:27:42.619Z INFO  gresse::network] replica 178825480759180601 registered bidirectional network channel for replica 178825480714264201
[2026-09-01T09:27:42.619Z INFO  gresse::replica] replica 178825480759180601 established peer replication connection with replica 178825480714264201
[2026-09-01T09:27:42.714Z INFO  gresse::network] replica 178825480759180601 registered bidirectional network channel for replica 178825480957159901
[2026-09-01T09:27:42.714Z INFO  gresse::replica] replica 178825480759180601 established peer replication connection with replica 178825480957159901
[2026-09-01T09:27:42.761Z INFO  gresse::network] replica 178825480759180601 registered bidirectional network channel for replica 178825480714266201
[2026-09-01T09:27:42.761Z INFO  gresse::replica] replica 178825480759180601 established peer replication connection with replica 178825480714266201
[2026-09-01T09:27:42.843Z INFO  gresse::network] replica 178825480759180601 registered bidirectional network channel for replica 178825481046241401
[2026-09-01T09:27:42.843Z INFO  gresse::replica] replica 178825480759180601 established peer replication connection with replica 178825481046241401
[2026-09-01T09:27:42.850Z INFO  gresse::network] replica 178825480759180601 registered bidirectional network channel for replica 178825480759181601
[2026-09-01T09:27:42.850Z INFO  gresse::replica] replica 178825480759180601 established peer replication connection with replica 178825480759181601
[2026-09-01T09:27:42.908Z INFO  gresse::network] replica 178825480759180601 registered bidirectional network channel for replica 178825480843464701
[2026-09-01T09:27:42.908Z INFO  gresse::replica] replica 178825480759180601 established peer replication connection with replica 178825480843464701
[2026-09-01T09:27:42.921Z INFO  gresse::replica] replica 178825480759180601 established peer replication connection with replica 178825480957160901
[2026-09-01T09:27:42.921Z INFO  gresse::network] replica 178825480759180601 registered bidirectional network channel for replica 178825480957160901
[2026-09-01T09:27:42.947Z INFO  gresse::network] replica 178825480759180601 registered bidirectional network channel for replica 178825480714267201
[2026-09-01T09:27:42.947Z INFO  gresse::replica] replica 178825480759180601 established peer replication connection with replica 178825480714267201
[2026-09-01T09:27:43.128Z INFO  gresse::network] replica 178825480759180601 registered bidirectional network channel for replica 178825480957161901
[2026-09-01T09:27:43.128Z INFO  gresse::replica] replica 178825480759180601 established peer replication connection with replica 178825480957161901
[2026-09-01T09:27:43.145Z INFO  gresse::network] replica 178825480759180601 registered bidirectional network channel for replica 178825480759182601
[2026-09-01T09:27:43.145Z INFO  gresse::replica] replica 178825480759180601 established peer replication connection with replica 178825480759182601
[2026-09-01T09:27:43.160Z INFO  gresse::network] replica 178825480759180601 registered bidirectional network channel for replica 178825481046242401
[2026-09-01T09:27:43.160Z INFO  gresse::replica] replica 178825480759180601 established peer replication connection with replica 178825481046242401
[2026-09-01T09:27:43.215Z INFO  gresse::network] replica 178825480759180601 registered bidirectional network channel for replica 178825480843465701
[2026-09-01T09:27:43.215Z INFO  gresse::replica] replica 178825480759180601 established peer replication connection with replica 178825480843465701
[2026-09-01T09:27:43.449Z INFO  gresse::network] replica 178825480759180601 registered bidirectional network channel for replica 178825480759183601
[2026-09-01T09:27:43.449Z INFO  gresse::replica] replica 178825480759180601 established peer replication connection with replica 178825480759183601
[2026-09-01T09:27:43.456Z INFO  gresse::network] replica 178825480759180601 registered bidirectional network channel for replica 178825481046243401
[2026-09-01T09:27:43.456Z INFO  gresse::replica] replica 178825480759180601 established peer replication connection with replica 178825481046243401
[2026-09-01T09:27:43.526Z INFO  gresse::network] replica 178825480759180601 registered bidirectional network channel for replica 178825480843466701
[2026-09-01T09:27:43.526Z INFO  gresse::replica] replica 178825480759180601 established peer replication connection with replica 178825480843466701
[2026-09-01T09:28:42.404Z INFO  gresse::replica] replica 178825480759180601 observed shutdown descriptor for replica 178825480714263201 with final counter Some(58)
[2026-09-01T09:28:42.540Z INFO  gresse::replica] replica 178825480759180601 observed shutdown descriptor for replica 178825480714264201 with final counter Some(59)
[2026-09-01T09:28:42.646Z INFO  gresse::replica] replica 178825480759180601 observed shutdown descriptor for replica 178825480714265201 with final counter Some(57)
[2026-09-01T09:28:56.571Z WARN  gresse::network] peer connection write failed: Broken pipe (os error 32)
[2026-09-01T09:29:04.571Z WARN  gresse::replica] replica 178825480759180601 deferred pull request to peer 178825480714266201: channel closed
[2026-09-01T09:29:20.571Z WARN  gresse::network] peer connection write failed: Broken pipe (os error 32)
[2026-09-01T09:29:42.200Z INFO  gresse::network] replica 178825480759180601 registered bidirectional network channel for replica 178825480714263202
[2026-09-01T09:29:42.200Z INFO  gresse::replica] replica 178825480759180601 established peer replication connection with replica 178825480714263202
[2026-09-01T09:29:42.307Z INFO  gresse::network] replica 178825480759180601 registered bidirectional network channel for replica 178825480759179602
[2026-09-01T09:29:42.307Z INFO  gresse::replica] replica 178825480759180601 established peer replication connection with replica 178825480759179602
[2026-09-01T09:29:42.373Z INFO  gresse::network] replica 178825480759180601 registered bidirectional network channel for replica 178825480714264202
[2026-09-01T09:29:42.373Z INFO  gresse::replica] replica 178825480759180601 established peer replication connection with replica 178825480714264202
[2026-09-01T09:29:42.555Z INFO  gresse::network] replica 178825480759180601 registered bidirectional network channel for replica 178825480714265202
[2026-09-01T09:29:42.555Z INFO  gresse::replica] replica 178825480759180601 established peer replication connection with replica 178825480714265202
[2026-09-01T09:29:42.571Z WARN  gresse::replica] replica 178825480759180601 deferred pull request to peer 178825480714267201: channel closed
[2026-09-01T09:29:42.697Z INFO  gresse::network] replica 178825480759180601 registered bidirectional network channel for replica 178825480714266202
[2026-09-01T09:29:42.697Z INFO  gresse::replica] replica 178825480759180601 established peer replication connection with replica 178825480714266202
[2026-09-01T09:29:42.892Z INFO  gresse::network] replica 178825480759180601 registered bidirectional network channel for replica 178825480714267202
[2026-09-01T09:29:42.892Z INFO  gresse::replica] replica 178825480759180601 established peer replication connection with replica 178825480714267202
[2026-09-01T09:30:00.571Z WARN  gresse::network] peer connection write failed: Broken pipe (os error 32)
[2026-09-01T09:30:24.571Z WARN  gresse::replica] replica 178825480759180601 deferred pull request to peer 178825480759179601: channel closed
[2026-09-01T09:30:42.038Z INFO  gresse::replica] shutdown signal received for replica 178825480759180601
[2026-09-01T09:30:42.038Z INFO  gresse::replica] replica 178825480759180601 shutting down with 24 connected writers
[2026-09-01T09:30:42.290Z INFO  gresse::http_server] http server received shutdown signal
[2026-09-01T09:30:42.290Z INFO  gresse::http_server] http server shutdown complete
[2026-09-01T09:30:42.290Z INFO  gresse::network] network manager for replica 178825480759180601 shutdown complete
