[2026-08-19T13:51:21.770Z INFO  gresse::http_server] running CRDT HTTP server
[2026-08-19T13:51:21.770Z INFO  gresse::http_server] listening for HTTP on 0.0.0.0:18080
[2026-08-19T13:51:21.797Z INFO  gresse::replica] replica 178714744544926841 initiating runtime at bind_http=0.0.0.0:18080 bind_internal=0.0.0.0:19080 advertised_internal=13.219.225.164:19080
[2026-08-19T13:51:22.160Z INFO  gresse::object_storage] object storage connection established: backend=s3, bucket=gresse-geo-035351467464-20260819104151-566c04, region=eu-north-1, endpoint=AWS default endpoint resolution, first_operation=get, object_path=acm-sec-geo-churn-smoke-20260819T135045Z-25226496/persistent.json
[2026-08-19T13:51:22.292Z INFO  gresse::replica] replica 178714744544926841 discovered 11 membership descriptors during init
[2026-08-19T13:51:22.292Z INFO  gresse::network] replica 178714744544926841 discovered network member NetworkMember { pid: 178714744544926831, address: 16.170.40.83:19080, final_counter: None }
[2026-08-19T13:51:22.292Z INFO  gresse::network] replica 178714744544926841 discovered network member NetworkMember { pid: 178714744544926832, address: 16.170.40.83:19081, final_counter: None }
[2026-08-19T13:51:22.292Z INFO  gresse::network] replica 178714744544926841 discovered network member NetworkMember { pid: 178714744544926833, address: 16.170.40.83:19082, final_counter: None }
[2026-08-19T13:51:22.292Z INFO  gresse::network] replica 178714744544926841 discovered network member NetworkMember { pid: 178714744544926834, address: 16.170.40.83:19083, final_counter: None }
[2026-08-19T13:51:22.292Z INFO  gresse::network] replica 178714744544926841 discovered network member NetworkMember { pid: 178714744544926835, address: 16.170.40.83:19084, final_counter: None }
[2026-08-19T13:51:22.292Z INFO  gresse::network] replica 178714744544926841 discovered network member NetworkMember { pid: 178714744544926836, address: 63.186.69.1:19080, final_counter: None }
[2026-08-19T13:51:22.292Z INFO  gresse::network] replica 178714744544926841 discovered network member NetworkMember { pid: 178714744544926837, address: 63.186.69.1:19081, final_counter: None }
[2026-08-19T13:51:22.292Z INFO  gresse::network] replica 178714744544926841 discovered network member NetworkMember { pid: 178714744544926838, address: 63.186.69.1:19082, final_counter: None }
[2026-08-19T13:51:22.292Z INFO  gresse::network] replica 178714744544926841 discovered network member NetworkMember { pid: 178714744544926839, address: 63.186.69.1:19083, final_counter: None }
[2026-08-19T13:51:22.292Z INFO  gresse::network] replica 178714744544926841 discovered network member NetworkMember { pid: 178714744544926840, address: 63.186.69.1:19084, final_counter: None }
[2026-08-19T13:51:22.294Z INFO  gresse::replica] replica 178714744544926841 startup completed
[2026-08-19T13:51:22.376Z INFO  gresse::network] replica 178714744544926841 registered bidirectional network channel for replica 178714744544926831
[2026-08-19T13:51:22.376Z INFO  gresse::replica] replica 178714744544926841 established peer replication connection with replica 178714744544926831
[2026-08-19T13:51:22.474Z INFO  gresse::network] replica 178714744544926841 registered bidirectional network channel for replica 178714744544926838
[2026-08-19T13:51:22.474Z INFO  gresse::replica] replica 178714744544926841 established peer replication connection with replica 178714744544926838
[2026-08-19T13:51:22.474Z INFO  gresse::network] replica 178714744544926841 registered bidirectional network channel for replica 178714744544926840
[2026-08-19T13:51:22.475Z INFO  gresse::network] replica 178714744544926841 registered bidirectional network channel for replica 178714744544926837
[2026-08-19T13:51:22.475Z INFO  gresse::replica] replica 178714744544926841 established peer replication connection with replica 178714744544926840
[2026-08-19T13:51:22.475Z INFO  gresse::replica] replica 178714744544926841 established peer replication connection with replica 178714744544926837
[2026-08-19T13:51:22.475Z INFO  gresse::network] replica 178714744544926841 registered bidirectional network channel for replica 178714744544926839
[2026-08-19T13:51:22.475Z INFO  gresse::replica] replica 178714744544926841 established peer replication connection with replica 178714744544926839
[2026-08-19T13:51:22.475Z INFO  gresse::network] replica 178714744544926841 registered bidirectional network channel for replica 178714744544926836
[2026-08-19T13:51:22.475Z INFO  gresse::replica] replica 178714744544926841 established peer replication connection with replica 178714744544926836
[2026-08-19T13:51:22.511Z INFO  gresse::network] replica 178714744544926841 registered bidirectional network channel for replica 178714744544926833
[2026-08-19T13:51:22.511Z INFO  gresse::replica] replica 178714744544926841 established peer replication connection with replica 178714744544926833
[2026-08-19T13:51:22.512Z INFO  gresse::network] replica 178714744544926841 registered bidirectional network channel for replica 178714744544926834
[2026-08-19T13:51:22.512Z INFO  gresse::replica] replica 178714744544926841 established peer replication connection with replica 178714744544926834
[2026-08-19T13:51:22.514Z INFO  gresse::network] replica 178714744544926841 registered bidirectional network channel for replica 178714744544926832
[2026-08-19T13:51:22.514Z INFO  gresse::replica] replica 178714744544926841 established peer replication connection with replica 178714744544926832
[2026-08-19T13:51:22.514Z INFO  gresse::network] replica 178714744544926841 registered bidirectional network channel for replica 178714744544926835
[2026-08-19T13:51:22.514Z INFO  gresse::replica] replica 178714744544926841 established peer replication connection with replica 178714744544926835
[2026-08-19T13:51:25.313Z INFO  gresse::network] replica 178714744544926841 registered bidirectional network channel for replica 178714744544926842
[2026-08-19T13:51:25.313Z INFO  gresse::replica] replica 178714744544926841 established peer replication connection with replica 178714744544926842
[2026-08-19T13:51:28.544Z INFO  gresse::network] replica 178714744544926841 registered bidirectional network channel for replica 178714744544926843
[2026-08-19T13:51:28.544Z INFO  gresse::replica] replica 178714744544926841 established peer replication connection with replica 178714744544926843
[2026-08-19T13:51:31.520Z INFO  gresse::network] replica 178714744544926841 registered bidirectional network channel for replica 178714744544926844
[2026-08-19T13:51:31.520Z INFO  gresse::replica] replica 178714744544926841 established peer replication connection with replica 178714744544926844
[2026-08-19T13:51:34.532Z INFO  gresse::network] replica 178714744544926841 registered bidirectional network channel for replica 178714744544926845
[2026-08-19T13:51:34.532Z INFO  gresse::replica] replica 178714744544926841 established peer replication connection with replica 178714744544926845
[2026-08-19T13:51:38.912Z INFO  gresse::network] replica 178714744544926841 registered bidirectional network channel for replica 178714744544926846
[2026-08-19T13:51:38.912Z INFO  gresse::replica] replica 178714744544926841 established peer replication connection with replica 178714744544926846
[2026-08-19T13:51:44.082Z INFO  gresse::network] replica 178714744544926841 registered bidirectional network channel for replica 178714744544926847
[2026-08-19T13:51:44.082Z INFO  gresse::replica] replica 178714744544926841 established peer replication connection with replica 178714744544926847
[2026-08-19T13:51:49.312Z INFO  gresse::network] replica 178714744544926841 registered bidirectional network channel for replica 178714744544926848
[2026-08-19T13:51:49.312Z INFO  gresse::replica] replica 178714744544926841 established peer replication connection with replica 178714744544926848
[2026-08-19T13:51:54.762Z INFO  gresse::network] replica 178714744544926841 registered bidirectional network channel for replica 178714744544926849
[2026-08-19T13:51:54.762Z INFO  gresse::replica] replica 178714744544926841 established peer replication connection with replica 178714744544926849
[2026-08-19T13:52:00.392Z INFO  gresse::network] replica 178714744544926841 registered bidirectional network channel for replica 178714744544926850
[2026-08-19T13:52:00.392Z INFO  gresse::replica] replica 178714744544926841 established peer replication connection with replica 178714744544926850
[2026-08-19T13:52:07.531Z INFO  gresse::network] replica 178714744544926841 registered bidirectional network channel for replica 178714744544926851
[2026-08-19T13:52:07.531Z INFO  gresse::replica] replica 178714744544926841 established peer replication connection with replica 178714744544926851
[2026-08-19T13:52:15.491Z INFO  gresse::network] replica 178714744544926841 registered bidirectional network channel for replica 178714744544926852
[2026-08-19T13:52:15.491Z INFO  gresse::replica] replica 178714744544926841 established peer replication connection with replica 178714744544926852
[2026-08-19T13:52:23.782Z INFO  gresse::network] replica 178714744544926841 registered bidirectional network channel for replica 178714744544926853
[2026-08-19T13:52:23.782Z INFO  gresse::replica] replica 178714744544926841 established peer replication connection with replica 178714744544926853
[2026-08-19T13:52:31.921Z INFO  gresse::network] replica 178714744544926841 discovered network member NetworkMember { pid: 178714744544926854, address: 47.129.167.193:19083, final_counter: None }
[2026-08-19T13:52:32.035Z INFO  gresse::network] replica 178714744544926841 registered bidirectional network channel for replica 178714744544926854
[2026-08-19T13:52:32.035Z INFO  gresse::replica] replica 178714744544926841 established peer replication connection with replica 178714744544926854
[2026-08-19T13:52:40.226Z INFO  gresse::network] replica 178714744544926841 registered bidirectional network channel for replica 178714744544926855
[2026-08-19T13:52:40.226Z INFO  gresse::replica] replica 178714744544926841 established peer replication connection with replica 178714744544926855
[2026-08-19T13:52:48.463Z INFO  gresse::network] replica 178714744544926841 registered bidirectional network channel for replica 178714744544926856
[2026-08-19T13:52:48.463Z INFO  gresse::replica] replica 178714744544926841 established peer replication connection with replica 178714744544926856
[2026-08-19T13:52:56.541Z INFO  gresse::network] replica 178714744544926841 registered bidirectional network channel for replica 178714744544926857
[2026-08-19T13:52:56.541Z INFO  gresse::replica] replica 178714744544926841 established peer replication connection with replica 178714744544926857
[2026-08-19T13:53:04.972Z INFO  gresse::network] replica 178714744544926841 registered bidirectional network channel for replica 178714744544926858
[2026-08-19T13:53:04.972Z INFO  gresse::replica] replica 178714744544926841 established peer replication connection with replica 178714744544926858
[2026-08-19T13:53:13.241Z INFO  gresse::network] replica 178714744544926841 registered bidirectional network channel for replica 178714744544926859
[2026-08-19T13:53:13.241Z INFO  gresse::replica] replica 178714744544926841 established peer replication connection with replica 178714744544926859
[2026-08-19T13:53:21.514Z INFO  gresse::network] replica 178714744544926841 registered bidirectional network channel for replica 178714744544926860
[2026-08-19T13:53:21.514Z INFO  gresse::replica] replica 178714744544926841 established peer replication connection with replica 178714744544926860
[2026-08-19T13:55:05.296Z WARN  gresse::network] peer connection write failed: Broken pipe (os error 32)
[2026-08-19T13:55:25.614Z INFO  gresse::network] replica 178714744544926841 registered bidirectional network channel for replica 178714744544926861
[2026-08-19T13:55:25.614Z INFO  gresse::replica] replica 178714744544926841 established peer replication connection with replica 178714744544926861
[2026-08-19T13:55:27.202Z INFO  gresse::network] replica 178714744544926841 registered bidirectional network channel for replica 178714744544926862
[2026-08-19T13:55:27.202Z INFO  gresse::replica] replica 178714744544926841 established peer replication connection with replica 178714744544926862
[2026-08-19T13:55:31.296Z WARN  gresse::replica] replica 178714744544926841 deferred pull request to peer 178714744544926843: channel closed
[2026-08-19T13:56:11.935Z INFO  gresse::replica] replica 178714744544926841 observed shutdown descriptor for replica 178714744544926837 with final counter Some(2)
[2026-08-19T13:56:16.931Z INFO  gresse::replica] replica 178714744544926841 observed shutdown descriptor for replica 178714744544926837 with final counter Some(2)
[2026-08-19T13:56:17.068Z INFO  gresse::replica] replica 178714744544926841 observed shutdown descriptor for replica 178714744544926849 with final counter Some(1)
[2026-08-19T13:56:21.941Z INFO  gresse::replica] replica 178714744544926841 observed shutdown descriptor for replica 178714744544926837 with final counter Some(2)
[2026-08-19T13:56:22.076Z INFO  gresse::replica] replica 178714744544926841 observed shutdown descriptor for replica 178714744544926849 with final counter Some(1)
[2026-08-19T13:56:26.941Z INFO  gresse::replica] replica 178714744544926841 observed shutdown descriptor for replica 178714744544926837 with final counter Some(2)
[2026-08-19T13:56:27.079Z INFO  gresse::replica] replica 178714744544926841 observed shutdown descriptor for replica 178714744544926849 with final counter Some(1)
[2026-08-19T13:56:31.934Z INFO  gresse::replica] replica 178714744544926841 observed shutdown descriptor for replica 178714744544926837 with final counter Some(2)
[2026-08-19T13:56:32.070Z INFO  gresse::replica] replica 178714744544926841 observed shutdown descriptor for replica 178714744544926849 with final counter Some(1)
[2026-08-19T13:56:36.932Z INFO  gresse::replica] replica 178714744544926841 observed shutdown descriptor for replica 178714744544926837 with final counter Some(2)
[2026-08-19T13:56:37.071Z INFO  gresse::replica] replica 178714744544926841 observed shutdown descriptor for replica 178714744544926849 with final counter Some(1)
[2026-08-19T13:56:41.927Z INFO  gresse::replica] replica 178714744544926841 observed shutdown descriptor for replica 178714744544926837 with final counter Some(2)
[2026-08-19T13:56:42.065Z INFO  gresse::replica] replica 178714744544926841 observed shutdown descriptor for replica 178714744544926849 with final counter Some(1)
[2026-08-19T13:56:46.936Z INFO  gresse::replica] replica 178714744544926841 observed shutdown descriptor for replica 178714744544926837 with final counter Some(2)
[2026-08-19T13:56:47.072Z INFO  gresse::replica] replica 178714744544926841 observed shutdown descriptor for replica 178714744544926849 with final counter Some(1)
[2026-08-19T13:56:51.935Z INFO  gresse::replica] replica 178714744544926841 observed shutdown descriptor for replica 178714744544926837 with final counter Some(2)
[2026-08-19T13:56:52.072Z INFO  gresse::replica] replica 178714744544926841 observed shutdown descriptor for replica 178714744544926849 with final counter Some(1)
[2026-08-19T13:56:55.880Z INFO  gresse::network] replica 178714744544926841 registered bidirectional network channel for replica 178714744544926863
[2026-08-19T13:56:55.880Z INFO  gresse::replica] replica 178714744544926841 established peer replication connection with replica 178714744544926863
[2026-08-19T13:56:56.934Z INFO  gresse::replica] replica 178714744544926841 observed shutdown descriptor for replica 178714744544926837 with final counter Some(2)
[2026-08-19T13:56:57.068Z INFO  gresse::replica] replica 178714744544926841 observed shutdown descriptor for replica 178714744544926849 with final counter Some(1)
[2026-08-19T13:56:58.309Z INFO  gresse::network] replica 178714744544926841 registered bidirectional network channel for replica 178714744544926864
[2026-08-19T13:56:58.309Z INFO  gresse::replica] replica 178714744544926841 established peer replication connection with replica 178714744544926864
[2026-08-19T13:57:01.949Z INFO  gresse::replica] replica 178714744544926841 observed shutdown descriptor for replica 178714744544926837 with final counter Some(2)
[2026-08-19T13:57:02.087Z INFO  gresse::replica] replica 178714744544926841 observed shutdown descriptor for replica 178714744544926849 with final counter Some(1)
[2026-08-19T13:57:06.937Z INFO  gresse::replica] replica 178714744544926841 observed shutdown descriptor for replica 178714744544926837 with final counter Some(2)
[2026-08-19T13:57:07.073Z INFO  gresse::replica] replica 178714744544926841 observed shutdown descriptor for replica 178714744544926849 with final counter Some(1)
[2026-08-19T13:57:11.932Z INFO  gresse::replica] replica 178714744544926841 observed shutdown descriptor for replica 178714744544926837 with final counter Some(2)
[2026-08-19T13:57:12.071Z INFO  gresse::replica] replica 178714744544926841 observed shutdown descriptor for replica 178714744544926849 with final counter Some(1)
[2026-08-19T13:57:16.932Z INFO  gresse::replica] replica 178714744544926841 observed shutdown descriptor for replica 178714744544926837 with final counter Some(2)
[2026-08-19T13:57:17.065Z INFO  gresse::replica] replica 178714744544926841 observed shutdown descriptor for replica 178714744544926849 with final counter Some(1)
[2026-08-19T13:57:21.933Z INFO  gresse::replica] replica 178714744544926841 observed shutdown descriptor for replica 178714744544926837 with final counter Some(2)
[2026-08-19T13:57:22.067Z INFO  gresse::replica] replica 178714744544926841 observed shutdown descriptor for replica 178714744544926849 with final counter Some(1)
[2026-08-19T13:57:26.936Z INFO  gresse::replica] replica 178714744544926841 observed shutdown descriptor for replica 178714744544926837 with final counter Some(2)
[2026-08-19T13:57:27.072Z INFO  gresse::replica] replica 178714744544926841 observed shutdown descriptor for replica 178714744544926849 with final counter Some(1)
[2026-08-19T13:57:31.936Z INFO  gresse::replica] replica 178714744544926841 observed shutdown descriptor for replica 178714744544926837 with final counter Some(2)
[2026-08-19T13:57:32.068Z INFO  gresse::replica] replica 178714744544926841 observed shutdown descriptor for replica 178714744544926849 with final counter Some(1)
[2026-08-19T13:57:36.935Z INFO  gresse::replica] replica 178714744544926841 observed shutdown descriptor for replica 178714744544926837 with final counter Some(2)
[2026-08-19T13:57:37.071Z INFO  gresse::replica] replica 178714744544926841 observed shutdown descriptor for replica 178714744544926849 with final counter Some(1)
[2026-08-19T13:57:41.936Z INFO  gresse::replica] replica 178714744544926841 observed shutdown descriptor for replica 178714744544926837 with final counter Some(2)
[2026-08-19T13:57:42.068Z INFO  gresse::replica] replica 178714744544926841 observed shutdown descriptor for replica 178714744544926849 with final counter Some(1)
[2026-08-19T13:57:46.939Z INFO  gresse::replica] replica 178714744544926841 observed shutdown descriptor for replica 178714744544926837 with final counter Some(2)
[2026-08-19T13:57:47.076Z INFO  gresse::replica] replica 178714744544926841 observed shutdown descriptor for replica 178714744544926849 with final counter Some(1)
[2026-08-19T13:57:51.936Z INFO  gresse::replica] replica 178714744544926841 observed shutdown descriptor for replica 178714744544926837 with final counter Some(2)
[2026-08-19T13:57:52.071Z INFO  gresse::replica] replica 178714744544926841 observed shutdown descriptor for replica 178714744544926849 with final counter Some(1)
[2026-08-19T13:57:56.936Z INFO  gresse::replica] replica 178714744544926841 observed shutdown descriptor for replica 178714744544926837 with final counter Some(2)
[2026-08-19T13:57:57.075Z INFO  gresse::replica] replica 178714744544926841 observed shutdown descriptor for replica 178714744544926849 with final counter Some(1)
[2026-08-19T13:58:02.046Z INFO  gresse::replica] replica 178714744544926841 observed shutdown descriptor for replica 178714744544926837 with final counter Some(2)
[2026-08-19T13:58:02.177Z INFO  gresse::replica] replica 178714744544926841 observed shutdown descriptor for replica 178714744544926849 with final counter Some(1)
[2026-08-19T13:58:06.937Z INFO  gresse::replica] replica 178714744544926841 observed shutdown descriptor for replica 178714744544926837 with final counter Some(2)
[2026-08-19T13:58:07.071Z INFO  gresse::replica] replica 178714744544926841 observed shutdown descriptor for replica 178714744544926849 with final counter Some(1)
[2026-08-19T13:58:11.936Z INFO  gresse::replica] replica 178714744544926841 observed shutdown descriptor for replica 178714744544926837 with final counter Some(2)
[2026-08-19T13:58:12.067Z INFO  gresse::replica] replica 178714744544926841 observed shutdown descriptor for replica 178714744544926849 with final counter Some(1)
[2026-08-19T13:58:16.928Z INFO  gresse::replica] replica 178714744544926841 observed shutdown descriptor for replica 178714744544926837 with final counter Some(2)
[2026-08-19T13:58:17.061Z INFO  gresse::replica] replica 178714744544926841 observed shutdown descriptor for replica 178714744544926849 with final counter Some(1)
[2026-08-19T13:58:21.933Z INFO  gresse::replica] replica 178714744544926841 observed shutdown descriptor for replica 178714744544926837 with final counter Some(2)
[2026-08-19T13:58:22.063Z INFO  gresse::replica] replica 178714744544926841 observed shutdown descriptor for replica 178714744544926849 with final counter Some(1)
[2026-08-19T13:58:26.936Z INFO  gresse::replica] replica 178714744544926841 observed shutdown descriptor for replica 178714744544926837 with final counter Some(2)
[2026-08-19T13:58:27.070Z INFO  gresse::replica] replica 178714744544926841 observed shutdown descriptor for replica 178714744544926849 with final counter Some(1)
[2026-08-19T13:58:31.937Z INFO  gresse::replica] replica 178714744544926841 observed shutdown descriptor for replica 178714744544926837 with final counter Some(2)
[2026-08-19T13:58:32.072Z INFO  gresse::replica] replica 178714744544926841 observed shutdown descriptor for replica 178714744544926849 with final counter Some(1)
[2026-08-19T13:58:36.937Z INFO  gresse::replica] replica 178714744544926841 observed shutdown descriptor for replica 178714744544926837 with final counter Some(2)
[2026-08-19T13:58:37.070Z INFO  gresse::replica] replica 178714744544926841 observed shutdown descriptor for replica 178714744544926849 with final counter Some(1)
[2026-08-19T13:58:41.931Z INFO  gresse::replica] replica 178714744544926841 observed shutdown descriptor for replica 178714744544926837 with final counter Some(2)
[2026-08-19T13:58:42.064Z INFO  gresse::replica] replica 178714744544926841 observed shutdown descriptor for replica 178714744544926849 with final counter Some(1)
[2026-08-19T13:58:46.935Z INFO  gresse::replica] replica 178714744544926841 observed shutdown descriptor for replica 178714744544926837 with final counter Some(2)
[2026-08-19T13:58:47.070Z INFO  gresse::replica] replica 178714744544926841 observed shutdown descriptor for replica 178714744544926849 with final counter Some(1)
[2026-08-19T13:58:51.931Z INFO  gresse::replica] replica 178714744544926841 observed shutdown descriptor for replica 178714744544926837 with final counter Some(2)
[2026-08-19T13:58:52.095Z INFO  gresse::replica] replica 178714744544926841 observed shutdown descriptor for replica 178714744544926849 with final counter Some(1)
[2026-08-19T13:58:56.937Z INFO  gresse::replica] replica 178714744544926841 observed shutdown descriptor for replica 178714744544926837 with final counter Some(2)
[2026-08-19T13:58:57.069Z INFO  gresse::replica] replica 178714744544926841 observed shutdown descriptor for replica 178714744544926849 with final counter Some(1)
[2026-08-19T13:59:01.939Z INFO  gresse::replica] replica 178714744544926841 observed shutdown descriptor for replica 178714744544926837 with final counter Some(2)
[2026-08-19T13:59:02.078Z INFO  gresse::replica] replica 178714744544926841 observed shutdown descriptor for replica 178714744544926849 with final counter Some(1)
[2026-08-19T13:59:06.934Z INFO  gresse::replica] replica 178714744544926841 observed shutdown descriptor for replica 178714744544926837 with final counter Some(2)
[2026-08-19T13:59:07.072Z INFO  gresse::replica] replica 178714744544926841 observed shutdown descriptor for replica 178714744544926849 with final counter Some(1)
[2026-08-19T13:59:11.931Z INFO  gresse::replica] replica 178714744544926841 observed shutdown descriptor for replica 178714744544926837 with final counter Some(2)
[2026-08-19T13:59:12.065Z INFO  gresse::replica] replica 178714744544926841 observed shutdown descriptor for replica 178714744544926849 with final counter Some(1)
[2026-08-19T13:59:16.931Z INFO  gresse::replica] replica 178714744544926841 observed shutdown descriptor for replica 178714744544926837 with final counter Some(2)
[2026-08-19T13:59:17.068Z INFO  gresse::replica] replica 178714744544926841 observed shutdown descriptor for replica 178714744544926849 with final counter Some(1)
[2026-08-19T13:59:21.930Z INFO  gresse::replica] replica 178714744544926841 observed shutdown descriptor for replica 178714744544926837 with final counter Some(2)
[2026-08-19T13:59:22.066Z INFO  gresse::replica] replica 178714744544926841 observed shutdown descriptor for replica 178714744544926849 with final counter Some(1)
[2026-08-19T13:59:26.938Z INFO  gresse::replica] replica 178714744544926841 observed shutdown descriptor for replica 178714744544926837 with final counter Some(2)
[2026-08-19T13:59:27.069Z INFO  gresse::replica] replica 178714744544926841 observed shutdown descriptor for replica 178714744544926849 with final counter Some(1)
[2026-08-19T13:59:31.936Z INFO  gresse::replica] replica 178714744544926841 observed shutdown descriptor for replica 178714744544926837 with final counter Some(2)
[2026-08-19T13:59:32.068Z INFO  gresse::replica] replica 178714744544926841 observed shutdown descriptor for replica 178714744544926849 with final counter Some(1)
[2026-08-19T13:59:36.928Z INFO  gresse::replica] replica 178714744544926841 observed shutdown descriptor for replica 178714744544926837 with final counter Some(2)
[2026-08-19T13:59:37.060Z INFO  gresse::replica] replica 178714744544926841 observed shutdown descriptor for replica 178714744544926849 with final counter Some(1)
[2026-08-19T13:59:41.931Z INFO  gresse::replica] replica 178714744544926841 observed shutdown descriptor for replica 178714744544926837 with final counter Some(2)
[2026-08-19T13:59:42.063Z INFO  gresse::replica] replica 178714744544926841 observed shutdown descriptor for replica 178714744544926849 with final counter Some(1)
[2026-08-19T13:59:46.931Z INFO  gresse::replica] replica 178714744544926841 observed shutdown descriptor for replica 178714744544926837 with final counter Some(2)
[2026-08-19T13:59:47.062Z INFO  gresse::replica] replica 178714744544926841 observed shutdown descriptor for replica 178714744544926849 with final counter Some(1)
[2026-08-19T13:59:51.930Z INFO  gresse::replica] replica 178714744544926841 observed shutdown descriptor for replica 178714744544926837 with final counter Some(2)
[2026-08-19T13:59:52.060Z INFO  gresse::replica] replica 178714744544926841 observed shutdown descriptor for replica 178714744544926849 with final counter Some(1)
[2026-08-19T13:59:56.928Z INFO  gresse::replica] replica 178714744544926841 observed shutdown descriptor for replica 178714744544926837 with final counter Some(2)
[2026-08-19T13:59:57.064Z INFO  gresse::replica] replica 178714744544926841 observed shutdown descriptor for replica 178714744544926849 with final counter Some(1)
[2026-08-19T14:00:01.950Z INFO  gresse::replica] replica 178714744544926841 observed shutdown descriptor for replica 178714744544926837 with final counter Some(2)
[2026-08-19T14:00:02.083Z INFO  gresse::replica] replica 178714744544926841 observed shutdown descriptor for replica 178714744544926849 with final counter Some(1)
[2026-08-19T14:00:07.046Z INFO  gresse::replica] replica 178714744544926841 observed shutdown descriptor for replica 178714744544926832 with final counter Some(5)
[2026-08-19T14:00:07.180Z INFO  gresse::replica] replica 178714744544926841 observed shutdown descriptor for replica 178714744544926837 with final counter Some(2)
[2026-08-19T14:00:07.308Z INFO  gresse::replica] replica 178714744544926841 observed shutdown descriptor for replica 178714744544926849 with final counter Some(1)
[2026-08-19T14:00:07.438Z INFO  gresse::replica] replica 178714744544926841 observed shutdown descriptor for replica 178714744544926861 with final counter Some(3)
[2026-08-19T14:00:11.932Z INFO  gresse::replica] replica 178714744544926841 observed shutdown descriptor for replica 178714744544926832 with final counter Some(5)
[2026-08-19T14:00:12.067Z INFO  gresse::replica] replica 178714744544926841 observed shutdown descriptor for replica 178714744544926833 with final counter Some(4)
[2026-08-19T14:00:12.200Z INFO  gresse::replica] replica 178714744544926841 observed shutdown descriptor for replica 178714744544926834 with final counter Some(4)
[2026-08-19T14:00:12.329Z INFO  gresse::replica] replica 178714744544926841 observed shutdown descriptor for replica 178714744544926835 with final counter Some(4)
[2026-08-19T14:00:12.461Z INFO  gresse::replica] replica 178714744544926841 observed shutdown descriptor for replica 178714744544926836 with final counter Some(4)
[2026-08-19T14:00:12.591Z INFO  gresse::replica] replica 178714744544926841 observed shutdown descriptor for replica 178714744544926837 with final counter Some(2)
[2026-08-19T14:00:12.724Z INFO  gresse::replica] replica 178714744544926841 observed shutdown descriptor for replica 178714744544926849 with final counter Some(1)
[2026-08-19T14:00:12.856Z INFO  gresse::replica] replica 178714744544926841 observed shutdown descriptor for replica 178714744544926861 with final counter Some(3)
[2026-08-19T14:00:16.935Z INFO  gresse::replica] replica 178714744544926841 observed shutdown descriptor for replica 178714744544926832 with final counter Some(5)
[2026-08-19T14:00:17.066Z INFO  gresse::replica] replica 178714744544926841 observed shutdown descriptor for replica 178714744544926833 with final counter Some(4)
[2026-08-19T14:00:17.202Z INFO  gresse::replica] replica 178714744544926841 observed shutdown descriptor for replica 178714744544926834 with final counter Some(4)
[2026-08-19T14:00:17.334Z INFO  gresse::replica] replica 178714744544926841 observed shutdown descriptor for replica 178714744544926835 with final counter Some(4)
[2026-08-19T14:00:17.467Z INFO  gresse::replica] replica 178714744544926841 observed shutdown descriptor for replica 178714744544926836 with final counter Some(4)
[2026-08-19T14:00:17.601Z INFO  gresse::replica] replica 178714744544926841 observed shutdown descriptor for replica 178714744544926837 with final counter Some(2)
[2026-08-19T14:00:17.735Z INFO  gresse::replica] replica 178714744544926841 observed shutdown descriptor for replica 178714744544926838 with final counter Some(4)
[2026-08-19T14:00:17.863Z INFO  gresse::replica] replica 178714744544926841 observed shutdown descriptor for replica 178714744544926839 with final counter Some(4)
[2026-08-19T14:00:17.999Z INFO  gresse::replica] replica 178714744544926841 observed shutdown descriptor for replica 178714744544926840 with final counter Some(4)
[2026-08-19T14:00:18.131Z INFO  gresse::replica] replica 178714744544926841 observed shutdown descriptor for replica 178714744544926849 with final counter Some(1)
[2026-08-19T14:00:18.263Z INFO  gresse::replica] replica 178714744544926841 observed shutdown descriptor for replica 178714744544926861 with final counter Some(3)
[2026-08-19T14:00:18.395Z INFO  gresse::replica] replica 178714744544926841 observed shutdown descriptor for replica 178714744544926863 with final counter Some(1)
[2026-08-19T14:00:18.603Z INFO  gresse::replica] shutdown signal received for replica 178714744544926841
[2026-08-19T14:00:18.603Z INFO  gresse::replica] replica 178714744544926841 shutting down with 20 connected writers
[2026-08-19T14:00:18.853Z INFO  gresse::http_server] http server received shutdown signal
[2026-08-19T14:00:18.853Z INFO  gresse::http_server] http server shutdown complete
[2026-08-19T14:00:18.853Z INFO  gresse::network] network manager for replica 178714744544926841 shutdown complete
