[2026-09-02T14:13:34.209Z INFO  gresse::http_server] running CRDT HTTP server
[2026-09-02T14:13:34.209Z INFO  gresse::http_server] listening for HTTP on 0.0.0.0:18081
[2026-09-02T14:13:34.237Z INFO  gresse::replica] replica 178835836128989901 initiating runtime at bind_http=0.0.0.0:18081 bind_internal=0.0.0.0:19081 advertised_internal=3.71.184.22:19081
[2026-09-02T14:13:34.341Z INFO  gresse::object_storage] object storage connection established: backend=s3, bucket=gresse-geo-035351467464-20260902122609-1c973c, region=eu-north-1, endpoint=AWS default endpoint resolution, first_operation=get, object_path=acm-sec-geo-churn-20260902T141220Z-2ff0c4b6/persistent.json
[2026-09-02T14:13:34.390Z INFO  gresse::replica] replica 178835836128989901 discovered 8 membership descriptors during init
[2026-09-02T14:13:34.390Z INFO  gresse::replica] replica 178835836128989901 startup completed
[2026-09-02T14:13:34.391Z INFO  gresse::network] replica 178835836128989901 discovered network member NetworkMember { pid: 178835836089857601, address: 13.48.31.196:19080, final_counter: None }
[2026-09-02T14:13:34.391Z INFO  gresse::network] replica 178835836128989901 discovered network member NetworkMember { pid: 178835836089858601, address: 13.48.31.196:19081, final_counter: None }
[2026-09-02T14:13:34.391Z INFO  gresse::network] replica 178835836128989901 discovered network member NetworkMember { pid: 178835836128988901, address: 3.71.184.22:19080, final_counter: None }
[2026-09-02T14:13:34.391Z INFO  gresse::network] replica 178835836128989901 discovered network member NetworkMember { pid: 178835836195159501, address: 63.33.67.241:19080, final_counter: None }
[2026-09-02T14:13:34.391Z INFO  gresse::network] replica 178835836128989901 discovered network member NetworkMember { pid: 178835836297159901, address: 18.169.194.24:19080, final_counter: None }
[2026-09-02T14:13:34.391Z INFO  gresse::network] replica 178835836128989901 discovered network member NetworkMember { pid: 178835836297160901, address: 18.169.194.24:19081, final_counter: None }
[2026-09-02T14:13:34.391Z INFO  gresse::network] replica 178835836128989901 discovered network member NetworkMember { pid: 178835836374677601, address: 13.38.27.31:19080, final_counter: None }
[2026-09-02T14:13:34.391Z INFO  gresse::network] replica 178835836128989901 registered bidirectional network channel for replica 178835836128988901
[2026-09-02T14:13:34.391Z INFO  gresse::replica] replica 178835836128989901 established peer replication connection with replica 178835836128988901
[2026-09-02T14:13:34.406Z INFO  gresse::network] replica 178835836128989901 registered bidirectional network channel for replica 178835836374677601
[2026-09-02T14:13:34.406Z INFO  gresse::replica] replica 178835836128989901 established peer replication connection with replica 178835836374677601
[2026-09-02T14:13:34.415Z INFO  gresse::network] replica 178835836128989901 registered bidirectional network channel for replica 178835836297159901
[2026-09-02T14:13:34.415Z INFO  gresse::replica] replica 178835836128989901 established peer replication connection with replica 178835836297159901
[2026-09-02T14:13:34.415Z INFO  gresse::network] replica 178835836128989901 registered bidirectional network channel for replica 178835836297160901
[2026-09-02T14:13:34.415Z INFO  gresse::replica] replica 178835836128989901 established peer replication connection with replica 178835836297160901
[2026-09-02T14:13:34.430Z INFO  gresse::network] replica 178835836128989901 registered bidirectional network channel for replica 178835836195159501
[2026-09-02T14:13:34.430Z INFO  gresse::replica] replica 178835836128989901 established peer replication connection with replica 178835836195159501
[2026-09-02T14:13:34.438Z INFO  gresse::network] replica 178835836128989901 registered bidirectional network channel for replica 178835836089858601
[2026-09-02T14:13:34.438Z INFO  gresse::replica] replica 178835836128989901 established peer replication connection with replica 178835836089858601
[2026-09-02T14:13:34.438Z INFO  gresse::network] replica 178835836128989901 registered bidirectional network channel for replica 178835836089857601
[2026-09-02T14:13:34.438Z INFO  gresse::replica] replica 178835836128989901 established peer replication connection with replica 178835836089857601
[2026-09-02T14:13:34.531Z INFO  gresse::network] replica 178835836128989901 registered bidirectional network channel for replica 178835836374678601
[2026-09-02T14:13:34.531Z INFO  gresse::replica] replica 178835836128989901 established peer replication connection with replica 178835836374678601
[2026-09-02T14:13:34.536Z INFO  gresse::network] replica 178835836128989901 registered bidirectional network channel for replica 178835836089859601
[2026-09-02T14:13:34.536Z INFO  gresse::replica] replica 178835836128989901 established peer replication connection with replica 178835836089859601
[2026-09-02T14:13:34.586Z INFO  gresse::network] replica 178835836128989901 registered bidirectional network channel for replica 178835836195160501
[2026-09-02T14:13:34.586Z INFO  gresse::replica] replica 178835836128989901 established peer replication connection with replica 178835836195160501
[2026-09-02T14:13:34.606Z INFO  gresse::network] replica 178835836128989901 registered bidirectional network channel for replica 178835836128990901
[2026-09-02T14:13:34.606Z INFO  gresse::replica] replica 178835836128989901 established peer replication connection with replica 178835836128990901
[2026-09-02T14:13:34.628Z INFO  gresse::network] replica 178835836128989901 registered bidirectional network channel for replica 178835836297161901
[2026-09-02T14:13:34.628Z INFO  gresse::replica] replica 178835836128989901 established peer replication connection with replica 178835836297161901
[2026-09-02T14:13:34.639Z INFO  gresse::replica] replica 178835836128989901 established peer replication connection with replica 178835836089860601
[2026-09-02T14:13:34.639Z INFO  gresse::network] replica 178835836128989901 registered bidirectional network channel for replica 178835836089860601
[2026-09-02T14:13:34.741Z INFO  gresse::network] replica 178835836128989901 registered bidirectional network channel for replica 178835836089861601
[2026-09-02T14:13:34.741Z INFO  gresse::replica] replica 178835836128989901 established peer replication connection with replica 178835836089861601
[2026-09-02T14:13:34.803Z INFO  gresse::network] replica 178835836128989901 registered bidirectional network channel for replica 178835836128991901
[2026-09-02T14:13:34.803Z INFO  gresse::replica] replica 178835836128989901 established peer replication connection with replica 178835836128991901
[2026-09-02T14:13:34.832Z INFO  gresse::network] replica 178835836128989901 registered bidirectional network channel for replica 178835836297162901
[2026-09-02T14:13:34.832Z INFO  gresse::replica] replica 178835836128989901 established peer replication connection with replica 178835836297162901
[2026-09-02T14:13:34.868Z INFO  gresse::network] replica 178835836128989901 registered bidirectional network channel for replica 178835836374679601
[2026-09-02T14:13:34.868Z INFO  gresse::replica] replica 178835836128989901 established peer replication connection with replica 178835836374679601
[2026-09-02T14:13:34.891Z INFO  gresse::network] replica 178835836128989901 registered bidirectional network channel for replica 178835836195161501
[2026-09-02T14:13:34.891Z INFO  gresse::replica] replica 178835836128989901 established peer replication connection with replica 178835836195161501
[2026-09-02T14:13:35.002Z INFO  gresse::network] replica 178835836128989901 registered bidirectional network channel for replica 178835836128992901
[2026-09-02T14:13:35.002Z INFO  gresse::replica] replica 178835836128989901 established peer replication connection with replica 178835836128992901
[2026-09-02T14:13:35.028Z INFO  gresse::network] replica 178835836128989901 registered bidirectional network channel for replica 178835836297163901
[2026-09-02T14:13:35.028Z INFO  gresse::replica] replica 178835836128989901 established peer replication connection with replica 178835836297163901
[2026-09-02T14:13:35.143Z INFO  gresse::network] replica 178835836128989901 registered bidirectional network channel for replica 178835836374680601
[2026-09-02T14:13:35.143Z INFO  gresse::replica] replica 178835836128989901 established peer replication connection with replica 178835836374680601
[2026-09-02T14:13:35.184Z INFO  gresse::network] replica 178835836128989901 registered bidirectional network channel for replica 178835836195162501
[2026-09-02T14:13:35.184Z INFO  gresse::replica] replica 178835836128989901 established peer replication connection with replica 178835836195162501
[2026-09-02T14:13:35.447Z INFO  gresse::network] replica 178835836128989901 registered bidirectional network channel for replica 178835836374681601
[2026-09-02T14:13:35.447Z INFO  gresse::replica] replica 178835836128989901 established peer replication connection with replica 178835836374681601
[2026-09-02T14:13:35.498Z INFO  gresse::network] replica 178835836128989901 registered bidirectional network channel for replica 178835836195163501
[2026-09-02T14:13:35.498Z INFO  gresse::replica] replica 178835836128989901 established peer replication connection with replica 178835836195163501
[2026-09-02T14:14:34.277Z INFO  gresse::replica] replica 178835836128989901 observed shutdown descriptor for replica 178835836089857601 with final counter Some(58)
[2026-09-02T14:14:34.402Z INFO  gresse::replica] replica 178835836128989901 observed shutdown descriptor for replica 178835836089858601 with final counter Some(58)
[2026-09-02T14:14:34.478Z INFO  gresse::replica] replica 178835836128989901 observed shutdown descriptor for replica 178835836089859601 with final counter Some(58)
[2026-09-02T14:14:55.392Z WARN  gresse::network] peer connection write failed: Broken pipe (os error 32)
[2026-09-02T14:15:16.392Z WARN  gresse::network] peer connection write failed: Broken pipe (os error 32)
[2026-09-02T14:15:17.392Z WARN  gresse::network] peer connection write failed: Broken pipe (os error 32)
[2026-09-02T14:15:21.392Z WARN  gresse::replica] replica 178835836128989901 deferred pull request to peer 178835836128988901: channel closed
[2026-09-02T14:15:24.392Z WARN  gresse::replica] replica 178835836128989901 deferred pull request to peer 178835836089860601: channel closed
[2026-09-02T14:15:34.194Z INFO  gresse::network] replica 178835836128989901 registered bidirectional network channel for replica 178835836089857602
[2026-09-02T14:15:34.194Z INFO  gresse::replica] replica 178835836128989901 established peer replication connection with replica 178835836089857602
[2026-09-02T14:15:34.280Z INFO  gresse::network] replica 178835836128989901 discovered network member NetworkMember { pid: 178835836089858602, address: 13.48.31.196:19081, final_counter: None }
[2026-09-02T14:15:34.315Z INFO  gresse::network] replica 178835836128989901 registered bidirectional network channel for replica 178835836089858602
[2026-09-02T14:15:34.315Z INFO  gresse::replica] replica 178835836128989901 established peer replication connection with replica 178835836089858602
[2026-09-02T14:15:34.504Z INFO  gresse::network] replica 178835836128989901 registered bidirectional network channel for replica 178835836089859602
[2026-09-02T14:15:34.504Z INFO  gresse::replica] replica 178835836128989901 established peer replication connection with replica 178835836089859602
[2026-09-02T14:15:46.392Z WARN  gresse::replica] replica 178835836128989901 deferred pull request to peer 178835836089861601: channel closed
[2026-09-02T14:16:23.392Z WARN  gresse::network] peer connection write failed: Broken pipe (os error 32)
[2026-09-02T14:16:34.025Z INFO  gresse::replica] shutdown signal received for replica 178835836128989901
[2026-09-02T14:16:34.025Z INFO  gresse::replica] replica 178835836128989901 shutting down with 21 connected writers
[2026-09-02T14:16:34.264Z INFO  gresse::http_server] http server received shutdown signal
[2026-09-02T14:16:34.264Z INFO  gresse::http_server] http server shutdown complete
[2026-09-02T14:16:34.264Z INFO  gresse::network] network manager for replica 178835836128989901 shutdown complete
