[2026-09-01T09:33:43.293Z INFO  gresse::http_server] running CRDT HTTP server
[2026-09-01T09:33:43.293Z INFO  gresse::http_server] listening for HTTP on 0.0.0.0:18084
[2026-09-01T09:33:43.337Z INFO  gresse::replica] replica 178825480843466702 initiating runtime at bind_http=0.0.0.0:18084 bind_internal=0.0.0.0:19084 advertised_internal=34.245.195.69:19084
[2026-09-01T09:33:43.493Z INFO  gresse::object_storage] object storage connection established: backend=s3, bucket=gresse-geo-035351467464-20260901084800-ec90d0, region=eu-north-1, endpoint=AWS default endpoint resolution, first_operation=get, object_path=acm-sec-geo-churn-20260901T092623Z-21106dd4/persistent.json
[2026-09-01T09:33:43.848Z INFO  gresse::replica] replica 178825480843466702 discovered 46 membership descriptors during init
[2026-09-01T09:33:43.848Z INFO  gresse::replica] replica 178825480843466702 startup completed
[2026-09-01T09:33:43.848Z INFO  gresse::network] replica 178825480843466702 discovered network member NetworkMember { pid: 178825480714263202, address: 16.170.108.158:19080, final_counter: None }
[2026-09-01T09:33:43.848Z INFO  gresse::network] replica 178825480843466702 discovered network member NetworkMember { pid: 178825480714264202, address: 16.170.108.158:19081, final_counter: None }
[2026-09-01T09:33:43.848Z INFO  gresse::network] replica 178825480843466702 discovered network member NetworkMember { pid: 178825480714265202, address: 16.170.108.158:19082, final_counter: None }
[2026-09-01T09:33:43.848Z INFO  gresse::network] replica 178825480843466702 discovered network member NetworkMember { pid: 178825480714266202, address: 16.170.108.158:19083, final_counter: None }
[2026-09-01T09:33:43.848Z INFO  gresse::network] replica 178825480843466702 discovered network member NetworkMember { pid: 178825480714267202, address: 16.170.108.158:19084, final_counter: None }
[2026-09-01T09:33:43.848Z INFO  gresse::network] replica 178825480843466702 discovered network member NetworkMember { pid: 178825480759179602, address: 3.68.220.182:19080, final_counter: None }
[2026-09-01T09:33:43.848Z INFO  gresse::network] replica 178825480843466702 registered bidirectional network channel for replica 178825480759183602
[2026-09-01T09:33:43.848Z INFO  gresse::network] replica 178825480843466702 discovered network member NetworkMember { pid: 178825480759180602, address: 3.68.220.182:19081, final_counter: None }
[2026-09-01T09:33:43.848Z INFO  gresse::network] replica 178825480843466702 discovered network member NetworkMember { pid: 178825480759181602, address: 3.68.220.182:19082, final_counter: None }
[2026-09-01T09:33:43.848Z INFO  gresse::network] replica 178825480843466702 discovered network member NetworkMember { pid: 178825480759182602, address: 3.68.220.182:19083, final_counter: None }
[2026-09-01T09:33:43.848Z INFO  gresse::network] replica 178825480843466702 discovered network member NetworkMember { pid: 178825480843462702, address: 34.245.195.69:19080, final_counter: None }
[2026-09-01T09:33:43.848Z INFO  gresse::network] replica 178825480843466702 discovered network member NetworkMember { pid: 178825480843463702, address: 34.245.195.69:19081, final_counter: None }
[2026-09-01T09:33:43.848Z INFO  gresse::network] replica 178825480843466702 discovered network member NetworkMember { pid: 178825480843464702, address: 34.245.195.69:19082, final_counter: None }
[2026-09-01T09:33:43.848Z INFO  gresse::network] replica 178825480843466702 discovered network member NetworkMember { pid: 178825480843465702, address: 34.245.195.69:19083, final_counter: None }
[2026-09-01T09:33:43.848Z INFO  gresse::network] replica 178825480843466702 discovered network member NetworkMember { pid: 178825480957157902, address: 18.130.228.25:19080, final_counter: None }
[2026-09-01T09:33:43.848Z INFO  gresse::network] replica 178825480843466702 discovered network member NetworkMember { pid: 178825480957158902, address: 18.130.228.25:19081, final_counter: None }
[2026-09-01T09:33:43.848Z INFO  gresse::network] replica 178825480843466702 discovered network member NetworkMember { pid: 178825480957159902, address: 18.130.228.25:19082, final_counter: None }
[2026-09-01T09:33:43.848Z INFO  gresse::network] replica 178825480843466702 discovered network member NetworkMember { pid: 178825480957160901, address: 18.130.228.25:19083, final_counter: None }
[2026-09-01T09:33:43.848Z INFO  gresse::network] replica 178825480843466702 discovered network member NetworkMember { pid: 178825480957161901, address: 18.130.228.25:19084, final_counter: None }
[2026-09-01T09:33:43.848Z INFO  gresse::network] replica 178825480843466702 discovered network member NetworkMember { pid: 178825481046239401, address: 13.38.41.188:19080, final_counter: None }
[2026-09-01T09:33:43.848Z INFO  gresse::network] replica 178825480843466702 discovered network member NetworkMember { pid: 178825481046240401, address: 13.38.41.188:19081, final_counter: None }
[2026-09-01T09:33:43.848Z INFO  gresse::network] replica 178825480843466702 discovered network member NetworkMember { pid: 178825481046241401, address: 13.38.41.188:19082, final_counter: None }
[2026-09-01T09:33:43.848Z INFO  gresse::network] replica 178825480843466702 discovered network member NetworkMember { pid: 178825481046242401, address: 13.38.41.188:19083, final_counter: None }
[2026-09-01T09:33:43.848Z INFO  gresse::network] replica 178825480843466702 discovered network member NetworkMember { pid: 178825481046243401, address: 13.38.41.188:19084, final_counter: None }
[2026-09-01T09:33:43.848Z INFO  gresse::replica] replica 178825480843466702 established peer replication connection with replica 178825480759183602
[2026-09-01T09:33:43.849Z INFO  gresse::replica] replica 178825480843466702 established peer replication connection with replica 178825480843464702
[2026-09-01T09:33:43.849Z INFO  gresse::network] replica 178825480843466702 registered bidirectional network channel for replica 178825480843464702
[2026-09-01T09:33:43.849Z INFO  gresse::network] replica 178825480843466702 registered bidirectional network channel for replica 178825480843463702
[2026-09-01T09:33:43.849Z INFO  gresse::replica] replica 178825480843466702 established peer replication connection with replica 178825480843463702
[2026-09-01T09:33:43.849Z INFO  gresse::network] replica 178825480843466702 registered bidirectional network channel for replica 178825480843465702
[2026-09-01T09:33:43.849Z INFO  gresse::replica] replica 178825480843466702 established peer replication connection with replica 178825480843465702
[2026-09-01T09:33:43.849Z INFO  gresse::network] replica 178825480843466702 registered bidirectional network channel for replica 178825480843462702
[2026-09-01T09:33:43.849Z INFO  gresse::replica] replica 178825480843466702 established peer replication connection with replica 178825480843462702
[2026-09-01T09:33:43.867Z INFO  gresse::network] replica 178825480843466702 registered bidirectional network channel for replica 178825480957161901
[2026-09-01T09:33:43.867Z INFO  gresse::replica] replica 178825480843466702 established peer replication connection with replica 178825480957161901
[2026-09-01T09:33:43.867Z INFO  gresse::network] replica 178825480843466702 registered bidirectional network channel for replica 178825480957157902
[2026-09-01T09:33:43.867Z INFO  gresse::replica] replica 178825480843466702 established peer replication connection with replica 178825480957157902
[2026-09-01T09:33:43.867Z INFO  gresse::network] replica 178825480843466702 registered bidirectional network channel for replica 178825480957158902
[2026-09-01T09:33:43.867Z INFO  gresse::replica] replica 178825480843466702 established peer replication connection with replica 178825480957158902
[2026-09-01T09:33:43.867Z INFO  gresse::network] replica 178825480843466702 registered bidirectional network channel for replica 178825480957160901
[2026-09-01T09:33:43.867Z INFO  gresse::replica] replica 178825480843466702 established peer replication connection with replica 178825480957160901
[2026-09-01T09:33:43.867Z INFO  gresse::network] replica 178825480843466702 registered bidirectional network channel for replica 178825480957159902
[2026-09-01T09:33:43.867Z INFO  gresse::replica] replica 178825480843466702 established peer replication connection with replica 178825480957159902
[2026-09-01T09:33:43.882Z INFO  gresse::network] replica 178825480843466702 registered bidirectional network channel for replica 178825481046241401
[2026-09-01T09:33:43.882Z INFO  gresse::replica] replica 178825480843466702 established peer replication connection with replica 178825481046241401
[2026-09-01T09:33:43.882Z INFO  gresse::network] replica 178825480843466702 registered bidirectional network channel for replica 178825481046243401
[2026-09-01T09:33:43.882Z INFO  gresse::replica] replica 178825480843466702 established peer replication connection with replica 178825481046243401
[2026-09-01T09:33:43.882Z INFO  gresse::network] replica 178825480843466702 registered bidirectional network channel for replica 178825481046240401
[2026-09-01T09:33:43.882Z INFO  gresse::replica] replica 178825480843466702 established peer replication connection with replica 178825481046240401
[2026-09-01T09:33:43.882Z INFO  gresse::network] replica 178825480843466702 registered bidirectional network channel for replica 178825481046239401
[2026-09-01T09:33:43.882Z INFO  gresse::replica] replica 178825480843466702 established peer replication connection with replica 178825481046239401
[2026-09-01T09:33:43.883Z INFO  gresse::network] replica 178825480843466702 registered bidirectional network channel for replica 178825481046242401
[2026-09-01T09:33:43.883Z INFO  gresse::replica] replica 178825480843466702 established peer replication connection with replica 178825481046242401
[2026-09-01T09:33:43.887Z INFO  gresse::network] replica 178825480843466702 registered bidirectional network channel for replica 178825480759179602
[2026-09-01T09:33:43.887Z INFO  gresse::replica] replica 178825480843466702 established peer replication connection with replica 178825480759179602
[2026-09-01T09:33:43.888Z INFO  gresse::network] replica 178825480843466702 registered bidirectional network channel for replica 178825480759181602
[2026-09-01T09:33:43.888Z INFO  gresse::replica] replica 178825480843466702 established peer replication connection with replica 178825480759181602
[2026-09-01T09:33:43.888Z INFO  gresse::network] replica 178825480843466702 registered bidirectional network channel for replica 178825480759182602
[2026-09-01T09:33:43.888Z INFO  gresse::replica] replica 178825480843466702 established peer replication connection with replica 178825480759182602
[2026-09-01T09:33:43.888Z INFO  gresse::network] replica 178825480843466702 registered bidirectional network channel for replica 178825480759180602
[2026-09-01T09:33:43.888Z INFO  gresse::replica] replica 178825480843466702 established peer replication connection with replica 178825480759180602
[2026-09-01T09:33:43.933Z INFO  gresse::network] replica 178825480843466702 registered bidirectional network channel for replica 178825480714263202
[2026-09-01T09:33:43.933Z INFO  gresse::replica] replica 178825480843466702 established peer replication connection with replica 178825480714263202
[2026-09-01T09:33:43.933Z INFO  gresse::network] replica 178825480843466702 registered bidirectional network channel for replica 178825480714266202
[2026-09-01T09:33:43.933Z INFO  gresse::replica] replica 178825480843466702 established peer replication connection with replica 178825480714266202
[2026-09-01T09:33:43.933Z INFO  gresse::network] replica 178825480843466702 registered bidirectional network channel for replica 178825480714264202
[2026-09-01T09:33:43.933Z INFO  gresse::replica] replica 178825480843466702 established peer replication connection with replica 178825480714264202
[2026-09-01T09:33:43.933Z INFO  gresse::network] replica 178825480843466702 registered bidirectional network channel for replica 178825480714267202
[2026-09-01T09:33:43.933Z INFO  gresse::replica] replica 178825480843466702 established peer replication connection with replica 178825480714267202
[2026-09-01T09:33:43.933Z INFO  gresse::network] replica 178825480843466702 registered bidirectional network channel for replica 178825480714265202
[2026-09-01T09:33:43.933Z INFO  gresse::replica] replica 178825480843466702 established peer replication connection with replica 178825480714265202
[2026-09-01T09:33:48.398Z INFO  gresse::replica] replica 178825480843466702 observed shutdown descriptor for replica 178825480843464701 with final counter Some(616)
[2026-09-01T09:33:48.516Z INFO  gresse::replica] replica 178825480843466702 observed shutdown descriptor for replica 178825480843465701 with final counter Some(618)
[2026-09-01T09:33:48.605Z INFO  gresse::replica] replica 178825480843466702 observed shutdown descriptor for replica 178825480843466701 with final counter Some(619)
[2026-09-01T09:34:43.402Z INFO  gresse::replica] replica 178825480843466702 observed shutdown descriptor for replica 178825480957160901 with final counter Some(959)
[2026-09-01T09:34:43.514Z INFO  gresse::replica] replica 178825480843466702 observed shutdown descriptor for replica 178825480957161901 with final counter Some(957)
[2026-09-01T09:34:43.939Z INFO  gresse::replica] replica 178825480843466702 observed shutdown descriptor for replica 178825481046239401 with final counter Some(777)
[2026-09-01T09:35:03.849Z WARN  gresse::network] peer connection write failed: Broken pipe (os error 32)
[2026-09-01T09:35:08.849Z WARN  gresse::network] peer connection write failed: Broken pipe (os error 32)
[2026-09-01T09:35:13.849Z WARN  gresse::replica] replica 178825480843466702 deferred pull request to peer 178825481046240401: channel closed
[2026-09-01T09:35:18.849Z WARN  gresse::replica] replica 178825480843466702 deferred pull request to peer 178825481046241401: channel closed
[2026-09-01T09:35:42.486Z INFO  gresse::network] replica 178825480843466702 registered bidirectional network channel for replica 178825480957160902
[2026-09-01T09:35:42.486Z INFO  gresse::replica] replica 178825480843466702 established peer replication connection with replica 178825480957160902
[2026-09-01T09:35:42.517Z INFO  gresse::network] replica 178825480843466702 registered bidirectional network channel for replica 178825481046239402
[2026-09-01T09:35:42.517Z INFO  gresse::replica] replica 178825480843466702 established peer replication connection with replica 178825481046239402
[2026-09-01T09:35:42.916Z INFO  gresse::network] replica 178825480843466702 registered bidirectional network channel for replica 178825480957161902
[2026-09-01T09:35:42.916Z INFO  gresse::replica] replica 178825480843466702 established peer replication connection with replica 178825480957161902
[2026-09-01T09:35:42.963Z INFO  gresse::network] replica 178825480843466702 registered bidirectional network channel for replica 178825481046240402
[2026-09-01T09:35:42.963Z INFO  gresse::replica] replica 178825480843466702 established peer replication connection with replica 178825481046240402
[2026-09-01T09:35:43.404Z INFO  gresse::network] replica 178825480843466702 discovered network member NetworkMember { pid: 178825481046241402, address: 13.38.41.188:19082, final_counter: None }
[2026-09-01T09:35:43.500Z INFO  gresse::network] replica 178825480843466702 registered bidirectional network channel for replica 178825481046241402
[2026-09-01T09:35:43.500Z INFO  gresse::replica] replica 178825480843466702 established peer replication connection with replica 178825481046241402
[2026-09-01T09:35:43.849Z WARN  gresse::network] peer connection write failed: Broken pipe (os error 32)
[2026-09-01T09:35:44.170Z INFO  gresse::network] replica 178825480843466702 registered bidirectional network channel for replica 178825481046242402
[2026-09-01T09:35:44.170Z INFO  gresse::replica] replica 178825480843466702 established peer replication connection with replica 178825481046242402
[2026-09-01T09:35:50.849Z WARN  gresse::replica] replica 178825480843466702 deferred pull request to peer 178825481046242401: channel closed
[2026-09-01T09:36:43.398Z INFO  gresse::replica] replica 178825480843466702 observed shutdown descriptor for replica 178825480714263202 with final counter Some(841)
[2026-09-01T09:36:43.737Z INFO  gresse::replica] replica 178825480843466702 observed shutdown descriptor for replica 178825480714264202 with final counter Some(840)
[2026-09-01T09:36:43.875Z INFO  gresse::replica] replica 178825480843466702 observed shutdown descriptor for replica 178825481046243401 with final counter Some(1496)
[2026-09-01T09:37:06.849Z WARN  gresse::network] peer connection write failed: Broken pipe (os error 32)
[2026-09-01T09:37:25.849Z WARN  gresse::replica] replica 178825480843466702 deferred pull request to peer 178825480714265202: channel closed
[2026-09-01T09:37:38.849Z WARN  gresse::network] peer connection write failed: Broken pipe (os error 32)
[2026-09-01T09:37:42.373Z INFO  gresse::network] replica 178825480843466702 registered bidirectional network channel for replica 178825480714263203
[2026-09-01T09:37:42.373Z INFO  gresse::replica] replica 178825480843466702 established peer replication connection with replica 178825480714263203
[2026-09-01T09:37:42.566Z INFO  gresse::network] replica 178825480843466702 registered bidirectional network channel for replica 178825481046243402
[2026-09-01T09:37:42.566Z INFO  gresse::replica] replica 178825480843466702 established peer replication connection with replica 178825481046243402
[2026-09-01T09:37:42.648Z INFO  gresse::network] replica 178825480843466702 registered bidirectional network channel for replica 178825480714264203
[2026-09-01T09:37:42.648Z INFO  gresse::replica] replica 178825480843466702 established peer replication connection with replica 178825480714264203
[2026-09-01T09:37:42.951Z INFO  gresse::network] replica 178825480843466702 registered bidirectional network channel for replica 178825480714265203
[2026-09-01T09:37:43.089Z INFO  gresse::replica] replica 178825480843466702 established peer replication connection with replica 178825480714265203
[2026-09-01T09:37:43.282Z INFO  gresse::network] replica 178825480843466702 registered bidirectional network channel for replica 178825480714266203
[2026-09-01T09:37:43.282Z INFO  gresse::replica] replica 178825480843466702 established peer replication connection with replica 178825480714266203
[2026-09-01T09:37:43.588Z INFO  gresse::network] replica 178825480843466702 registered bidirectional network channel for replica 178825480714267203
[2026-09-01T09:37:43.588Z INFO  gresse::replica] replica 178825480843466702 established peer replication connection with replica 178825480714267203
[2026-09-01T09:37:47.849Z WARN  gresse::replica] replica 178825480843466702 deferred pull request to peer 178825480714267202: channel closed
[2026-09-01T09:37:52.849Z WARN  gresse::network] peer connection write failed: Broken pipe (os error 32)
[2026-09-01T09:37:53.849Z WARN  gresse::replica] replica 178825480843466702 deferred pull request to peer 178825480714266202: channel closed
[2026-09-01T09:38:43.401Z INFO  gresse::replica] replica 178825480843466702 observed shutdown descriptor for replica 178825480759179602 with final counter Some(1557)
[2026-09-01T09:38:43.543Z INFO  gresse::replica] replica 178825480843466702 observed shutdown descriptor for replica 178825480759180602 with final counter Some(841)
[2026-09-01T09:38:43.702Z INFO  gresse::replica] replica 178825480843466702 observed shutdown descriptor for replica 178825480759181602 with final counter Some(839)
[2026-09-01T09:38:56.849Z WARN  gresse::network] peer connection write failed: Broken pipe (os error 32)
[2026-09-01T09:39:20.849Z WARN  gresse::replica] replica 178825480843466702 deferred pull request to peer 178825480843462702: channel closed
[2026-09-01T09:39:42.506Z INFO  gresse::network] replica 178825480843466702 registered bidirectional network channel for replica 178825480759179603
[2026-09-01T09:39:42.506Z INFO  gresse::replica] replica 178825480843466702 established peer replication connection with replica 178825480759179603
[2026-09-01T09:39:42.555Z INFO  gresse::network] replica 178825480843466702 registered bidirectional network channel for replica 178825480843462703
[2026-09-01T09:39:42.555Z INFO  gresse::replica] replica 178825480843466702 established peer replication connection with replica 178825480843462703
[2026-09-01T09:39:43.031Z INFO  gresse::network] replica 178825480843466702 registered bidirectional network channel for replica 178825480759180603
[2026-09-01T09:39:43.031Z INFO  gresse::replica] replica 178825480843466702 established peer replication connection with replica 178825480759180603
[2026-09-01T09:39:43.404Z INFO  gresse::network] replica 178825480843466702 discovered network member NetworkMember { pid: 178825480759181603, address: 3.68.220.182:19082, final_counter: None }
[2026-09-01T09:39:43.647Z INFO  gresse::network] replica 178825480843466702 registered bidirectional network channel for replica 178825480759181603
[2026-09-01T09:39:43.647Z INFO  gresse::replica] replica 178825480843466702 established peer replication connection with replica 178825480759181603
[2026-09-01T09:39:44.278Z INFO  gresse::network] replica 178825480843466702 registered bidirectional network channel for replica 178825480759182603
[2026-09-01T09:39:44.278Z INFO  gresse::replica] replica 178825480843466702 established peer replication connection with replica 178825480759182603
[2026-09-01T09:39:44.802Z INFO  gresse::network] replica 178825480843466702 registered bidirectional network channel for replica 178825480759183603
[2026-09-01T09:39:44.802Z INFO  gresse::replica] replica 178825480843466702 established peer replication connection with replica 178825480759183603
[2026-09-01T09:39:47.849Z WARN  gresse::network] peer connection write failed: Broken pipe (os error 32)
[2026-09-01T09:39:55.849Z WARN  gresse::network] peer connection write failed: Broken pipe (os error 32)
[2026-09-01T09:40:04.849Z WARN  gresse::replica] replica 178825480843466702 deferred pull request to peer 178825480759183602: channel closed
[2026-09-01T09:40:43.406Z INFO  gresse::replica] replica 178825480843466702 observed shutdown descriptor for replica 178825480843463702 with final counter Some(1287)
[2026-09-01T09:40:43.825Z INFO  gresse::replica] replica 178825480843466702 observed shutdown descriptor for replica 178825480843464702 with final counter Some(870)
