[2026-09-01T09:43:42.529Z INFO  gresse::http_server] running CRDT HTTP server
[2026-09-01T09:43:42.529Z INFO  gresse::http_server] listening for HTTP on 0.0.0.0:18083
[2026-09-01T09:43:42.559Z INFO  gresse::replica] replica 178825480957160903 initiating runtime at bind_http=0.0.0.0:18083 bind_internal=0.0.0.0:19083 advertised_internal=18.130.228.25:19083
[2026-09-01T09:43:42.667Z INFO  gresse::object_storage] object storage connection established: backend=s3, bucket=gresse-geo-035351467464-20260901084800-ec90d0, region=eu-north-1, endpoint=AWS default endpoint resolution, first_operation=get, object_path=acm-sec-geo-churn-20260901T092623Z-21106dd4/persistent.json
[2026-09-01T09:43:42.957Z INFO  gresse::replica] replica 178825480957160903 discovered 79 membership descriptors during init
[2026-09-01T09:43:42.957Z INFO  gresse::replica] replica 178825480957160903 startup completed
[2026-09-01T09:43:42.957Z INFO  gresse::network] replica 178825480957160903 discovered network member NetworkMember { pid: 178825480714263203, address: 16.170.108.158:19080, final_counter: None }
[2026-09-01T09:43:42.957Z INFO  gresse::network] replica 178825480957160903 discovered network member NetworkMember { pid: 178825480714264203, address: 16.170.108.158:19081, final_counter: None }
[2026-09-01T09:43:42.957Z INFO  gresse::network] replica 178825480957160903 discovered network member NetworkMember { pid: 178825480714265203, address: 16.170.108.158:19082, final_counter: None }
[2026-09-01T09:43:42.957Z INFO  gresse::network] replica 178825480957160903 discovered network member NetworkMember { pid: 178825480714266203, address: 16.170.108.158:19083, final_counter: None }
[2026-09-01T09:43:42.957Z INFO  gresse::network] replica 178825480957160903 discovered network member NetworkMember { pid: 178825480714267203, address: 16.170.108.158:19084, final_counter: None }
[2026-09-01T09:43:42.957Z INFO  gresse::network] replica 178825480957160903 registered bidirectional network channel for replica 178825480957158903
[2026-09-01T09:43:42.957Z INFO  gresse::network] replica 178825480957160903 discovered network member NetworkMember { pid: 178825480759179603, address: 3.68.220.182:19080, final_counter: None }
[2026-09-01T09:43:42.957Z INFO  gresse::network] replica 178825480957160903 discovered network member NetworkMember { pid: 178825480759180603, address: 3.68.220.182:19081, final_counter: None }
[2026-09-01T09:43:42.957Z INFO  gresse::network] replica 178825480957160903 discovered network member NetworkMember { pid: 178825480759181603, address: 3.68.220.182:19082, final_counter: None }
[2026-09-01T09:43:42.957Z INFO  gresse::network] replica 178825480957160903 discovered network member NetworkMember { pid: 178825480759182603, address: 3.68.220.182:19083, final_counter: None }
[2026-09-01T09:43:42.957Z INFO  gresse::network] replica 178825480957160903 discovered network member NetworkMember { pid: 178825480759183603, address: 3.68.220.182:19084, final_counter: None }
[2026-09-01T09:43:42.957Z INFO  gresse::network] replica 178825480957160903 discovered network member NetworkMember { pid: 178825480843462703, address: 34.245.195.69:19080, final_counter: None }
[2026-09-01T09:43:42.957Z INFO  gresse::network] replica 178825480957160903 discovered network member NetworkMember { pid: 178825480843463703, address: 34.245.195.69:19081, final_counter: None }
[2026-09-01T09:43:42.957Z INFO  gresse::network] replica 178825480957160903 discovered network member NetworkMember { pid: 178825480843464703, address: 34.245.195.69:19082, final_counter: None }
[2026-09-01T09:43:42.957Z INFO  gresse::network] replica 178825480957160903 discovered network member NetworkMember { pid: 178825480843465703, address: 34.245.195.69:19083, final_counter: None }
[2026-09-01T09:43:42.957Z INFO  gresse::network] replica 178825480957160903 discovered network member NetworkMember { pid: 178825480843466703, address: 34.245.195.69:19084, final_counter: None }
[2026-09-01T09:43:42.957Z INFO  gresse::network] replica 178825480957160903 discovered network member NetworkMember { pid: 178825480957157903, address: 18.130.228.25:19080, final_counter: None }
[2026-09-01T09:43:42.957Z INFO  gresse::network] replica 178825480957160903 discovered network member NetworkMember { pid: 178825480957159903, address: 18.130.228.25:19082, final_counter: None }
[2026-09-01T09:43:42.958Z INFO  gresse::replica] replica 178825480957160903 established peer replication connection with replica 178825480957158903
[2026-09-01T09:43:42.957Z INFO  gresse::network] replica 178825480957160903 discovered network member NetworkMember { pid: 178825481046239403, address: 13.38.41.188:19080, final_counter: None }
[2026-09-01T09:43:42.958Z INFO  gresse::network] replica 178825480957160903 discovered network member NetworkMember { pid: 178825481046240402, address: 13.38.41.188:19081, final_counter: None }
[2026-09-01T09:43:42.958Z INFO  gresse::network] replica 178825480957160903 discovered network member NetworkMember { pid: 178825481046241402, address: 13.38.41.188:19082, final_counter: None }
[2026-09-01T09:43:42.958Z INFO  gresse::network] replica 178825480957160903 discovered network member NetworkMember { pid: 178825481046242402, address: 13.38.41.188:19083, final_counter: None }
[2026-09-01T09:43:42.958Z INFO  gresse::network] replica 178825480957160903 discovered network member NetworkMember { pid: 178825481046243402, address: 13.38.41.188:19084, final_counter: None }
[2026-09-01T09:43:42.958Z INFO  gresse::network] replica 178825480957160903 registered bidirectional network channel for replica 178825480714265203
[2026-09-01T09:43:42.958Z INFO  gresse::network] replica 178825480957160903 registered bidirectional network channel for replica 178825480843464703
[2026-09-01T09:43:42.958Z INFO  gresse::replica] replica 178825480957160903 established peer replication connection with replica 178825480714265203
[2026-09-01T09:43:42.958Z INFO  gresse::replica] replica 178825480957160903 established peer replication connection with replica 178825480843464703
[2026-09-01T09:43:42.958Z INFO  gresse::network] replica 178825480957160903 registered bidirectional network channel for replica 178825480957159903
[2026-09-01T09:43:42.958Z INFO  gresse::network] replica 178825480957160903 registered bidirectional network channel for replica 178825480957157903
[2026-09-01T09:43:42.958Z INFO  gresse::replica] replica 178825480957160903 established peer replication connection with replica 178825480957159903
[2026-09-01T09:43:42.958Z INFO  gresse::replica] replica 178825480957160903 established peer replication connection with replica 178825480957157903
[2026-09-01T09:43:42.966Z WARN  gresse::network] replica 178825480957160903 peer connection attempt failed: could not connect to 13.38.41.188:19082: Connection refused (os error 111)
[2026-09-01T09:43:42.971Z INFO  gresse::network] replica 178825480957160903 registered bidirectional network channel for replica 178825481046243402
[2026-09-01T09:43:42.971Z INFO  gresse::replica] replica 178825480957160903 established peer replication connection with replica 178825481046243402
[2026-09-01T09:43:42.972Z INFO  gresse::network] replica 178825480957160903 registered bidirectional network channel for replica 178825481046242402
[2026-09-01T09:43:42.972Z INFO  gresse::replica] replica 178825480957160903 established peer replication connection with replica 178825481046242402
[2026-09-01T09:43:42.974Z INFO  gresse::network] replica 178825480957160903 registered bidirectional network channel for replica 178825481046239403
[2026-09-01T09:43:42.974Z INFO  gresse::replica] replica 178825480957160903 established peer replication connection with replica 178825481046239403
[2026-09-01T09:43:42.977Z INFO  gresse::network] replica 178825480957160903 registered bidirectional network channel for replica 178825480843466703
[2026-09-01T09:43:42.977Z INFO  gresse::replica] replica 178825480957160903 established peer replication connection with replica 178825480843466703
[2026-09-01T09:43:42.977Z INFO  gresse::network] replica 178825480957160903 registered bidirectional network channel for replica 178825480843465703
[2026-09-01T09:43:42.977Z INFO  gresse::replica] replica 178825480957160903 established peer replication connection with replica 178825480843465703
[2026-09-01T09:43:42.977Z INFO  gresse::network] replica 178825480957160903 registered bidirectional network channel for replica 178825480843462703
[2026-09-01T09:43:42.977Z INFO  gresse::replica] replica 178825480957160903 established peer replication connection with replica 178825480843462703
[2026-09-01T09:43:42.978Z INFO  gresse::network] replica 178825480957160903 registered bidirectional network channel for replica 178825480843463703
[2026-09-01T09:43:42.978Z INFO  gresse::replica] replica 178825480957160903 established peer replication connection with replica 178825480843463703
[2026-09-01T09:43:42.980Z INFO  gresse::network] replica 178825480957160903 registered bidirectional network channel for replica 178825480759182603
[2026-09-01T09:43:42.980Z INFO  gresse::replica] replica 178825480957160903 established peer replication connection with replica 178825480759182603
[2026-09-01T09:43:42.980Z INFO  gresse::network] replica 178825480957160903 registered bidirectional network channel for replica 178825480759180603
[2026-09-01T09:43:42.980Z INFO  gresse::replica] replica 178825480957160903 established peer replication connection with replica 178825480759180603
[2026-09-01T09:43:42.981Z INFO  gresse::network] replica 178825480957160903 registered bidirectional network channel for replica 178825480759183603
[2026-09-01T09:43:42.981Z INFO  gresse::replica] replica 178825480957160903 established peer replication connection with replica 178825480759183603
[2026-09-01T09:43:42.981Z INFO  gresse::network] replica 178825480957160903 registered bidirectional network channel for replica 178825480759179603
[2026-09-01T09:43:42.981Z INFO  gresse::replica] replica 178825480957160903 established peer replication connection with replica 178825480759179603
[2026-09-01T09:43:42.982Z INFO  gresse::network] replica 178825480957160903 registered bidirectional network channel for replica 178825480759181603
[2026-09-01T09:43:42.982Z INFO  gresse::replica] replica 178825480957160903 established peer replication connection with replica 178825480759181603
[2026-09-01T09:43:43.013Z INFO  gresse::network] replica 178825480957160903 registered bidirectional network channel for replica 178825480714266203
[2026-09-01T09:43:43.013Z INFO  gresse::replica] replica 178825480957160903 established peer replication connection with replica 178825480714266203
[2026-09-01T09:43:43.013Z INFO  gresse::network] replica 178825480957160903 registered bidirectional network channel for replica 178825480714263203
[2026-09-01T09:43:43.013Z INFO  gresse::replica] replica 178825480957160903 established peer replication connection with replica 178825480714263203
[2026-09-01T09:43:43.015Z INFO  gresse::network] replica 178825480957160903 registered bidirectional network channel for replica 178825480714267203
[2026-09-01T09:43:43.015Z INFO  gresse::replica] replica 178825480957160903 established peer replication connection with replica 178825480714267203
[2026-09-01T09:43:43.017Z INFO  gresse::network] replica 178825480957160903 registered bidirectional network channel for replica 178825480714264203
[2026-09-01T09:43:43.017Z INFO  gresse::replica] replica 178825480957160903 established peer replication connection with replica 178825480714264203
[2026-09-01T09:43:43.169Z WARN  gresse::network] replica 178825480957160903 rejected peer handshake: expected 178825481046240402, received 178825481046240403
[2026-09-01T09:43:43.502Z INFO  gresse::network] replica 178825480957160903 registered bidirectional network channel for replica 178825480957161903
[2026-09-01T09:43:43.620Z INFO  gresse::replica] replica 178825480957160903 established peer replication connection with replica 178825480957161903
[2026-09-01T09:43:43.803Z INFO  gresse::network] replica 178825480957160903 registered bidirectional network channel for replica 178825481046241403
[2026-09-01T09:43:43.803Z INFO  gresse::replica] replica 178825480957160903 established peer replication connection with replica 178825481046241403
[2026-09-01T09:43:47.610Z INFO  gresse::replica] replica 178825480957160903 observed shutdown descriptor for replica 178825480843463702 with final counter Some(1287)
[2026-09-01T09:43:47.611Z INFO  gresse::network] replica 178825480957160903 discovered network member NetworkMember { pid: 178825481046240403, address: 13.38.41.188:19081, final_counter: None }
[2026-09-01T09:43:47.625Z INFO  gresse::network] replica 178825480957160903 registered bidirectional network channel for replica 178825481046240403
[2026-09-01T09:43:47.968Z INFO  gresse::replica] replica 178825480957160903 observed shutdown descriptor for replica 178825480843464702 with final counter Some(870)
[2026-09-01T09:43:48.097Z INFO  gresse::replica] replica 178825480957160903 observed shutdown descriptor for replica 178825480843465702 with final counter Some(869)
[2026-09-01T09:43:48.234Z INFO  gresse::replica] replica 178825480957160903 observed shutdown descriptor for replica 178825480957159902 with final counter Some(1237)
[2026-09-01T09:43:48.403Z INFO  gresse::replica] replica 178825480957160903 observed shutdown descriptor for replica 178825480957160902 with final counter Some(920)
[2026-09-01T09:43:48.589Z INFO  gresse::replica] replica 178825480957160903 observed shutdown descriptor for replica 178825480957161902 with final counter Some(923)
[2026-09-01T09:43:48.773Z INFO  gresse::replica] replica 178825480957160903 established peer replication connection with replica 178825481046240403
[2026-09-01T09:44:10.958Z WARN  gresse::network] peer connection write failed: Broken pipe (os error 32)
[2026-09-01T09:44:33.958Z WARN  gresse::replica] replica 178825480957160903 deferred pull request to peer 178825481046240403: channel closed
[2026-09-01T09:44:42.608Z INFO  gresse::replica] replica 178825480957160903 observed shutdown descriptor for replica 178825480714263203 with final counter Some(841)
[2026-09-01T09:44:42.785Z INFO  gresse::replica] replica 178825480957160903 observed shutdown descriptor for replica 178825481046242402 with final counter Some(1286)
[2026-09-01T09:44:44.959Z WARN  gresse::network] peer connection write failed: Broken pipe (os error 32)
[2026-09-01T09:44:47.611Z INFO  gresse::replica] replica 178825480957160903 observed shutdown descriptor for replica 178825481046243402 with final counter Some(1023)
[2026-09-01T09:44:48.959Z WARN  gresse::replica] replica 178825480957160903 deferred pull request to peer 178825480714265203: channel closed
[2026-09-01T09:45:05.959Z WARN  gresse::network] peer connection write failed: Broken pipe (os error 32)
[2026-09-01T09:45:17.959Z WARN  gresse::replica] replica 178825480957160903 deferred pull request to peer 178825480714266203: channel closed
[2026-09-01T09:45:28.959Z WARN  gresse::network] peer connection write failed: Broken pipe (os error 32)
[2026-09-01T09:45:42.376Z INFO  gresse::network] replica 178825480957160903 registered bidirectional network channel for replica 178825480714263204
[2026-09-01T09:45:42.376Z INFO  gresse::replica] replica 178825480957160903 established peer replication connection with replica 178825480714263204
[2026-09-01T09:45:42.610Z INFO  gresse::network] replica 178825480957160903 discovered network member NetworkMember { pid: 178825481046242403, address: 13.38.41.188:19083, final_counter: None }
[2026-09-01T09:45:42.909Z INFO  gresse::network] replica 178825480957160903 registered bidirectional network channel for replica 178825481046242403
[2026-09-01T09:45:42.909Z INFO  gresse::replica] replica 178825480957160903 established peer replication connection with replica 178825481046242403
[2026-09-01T09:45:42.932Z INFO  gresse::network] replica 178825480957160903 registered bidirectional network channel for replica 178825480714264204
[2026-09-01T09:45:42.932Z INFO  gresse::replica] replica 178825480957160903 established peer replication connection with replica 178825480714264204
[2026-09-01T09:45:43.348Z INFO  gresse::network] replica 178825480957160903 registered bidirectional network channel for replica 178825480714265204
[2026-09-01T09:45:43.348Z INFO  gresse::replica] replica 178825480957160903 established peer replication connection with replica 178825480714265204
[2026-09-01T09:45:43.551Z INFO  gresse::network] replica 178825480957160903 registered bidirectional network channel for replica 178825481046243403
[2026-09-01T09:45:43.551Z INFO  gresse::replica] replica 178825480957160903 established peer replication connection with replica 178825481046243403
[2026-09-01T09:45:43.782Z INFO  gresse::network] replica 178825480957160903 registered bidirectional network channel for replica 178825480714266204
[2026-09-01T09:45:43.782Z INFO  gresse::replica] replica 178825480957160903 established peer replication connection with replica 178825480714266204
[2026-09-01T09:46:17.958Z WARN  gresse::replica] replica 178825480957160903 deferred pull request to peer 178825480714264203: channel closed
[2026-09-01T09:46:42.612Z INFO  gresse::replica] replica 178825480957160903 observed shutdown descriptor for replica 178825480714267203 with final counter Some(1557)
[2026-09-01T09:46:42.930Z INFO  gresse::replica] replica 178825480957160903 observed shutdown descriptor for replica 178825480759179603 with final counter Some(846)
[2026-09-01T09:46:47.604Z INFO  gresse::replica] replica 178825480957160903 observed shutdown descriptor for replica 178825480759180603 with final counter Some(840)
[2026-09-01T09:47:02.959Z WARN  gresse::network] peer connection write failed: Broken pipe (os error 32)
[2026-09-01T09:47:06.958Z WARN  gresse::network] peer connection write failed: Broken pipe (os error 32)
[2026-09-01T09:47:31.958Z WARN  gresse::replica] replica 178825480957160903 deferred pull request to peer 178825480759181603: channel closed
[2026-09-01T09:47:42.403Z INFO  gresse::network] replica 178825480957160903 registered bidirectional network channel for replica 178825480714267204
[2026-09-01T09:47:42.403Z INFO  gresse::replica] replica 178825480957160903 established peer replication connection with replica 178825480714267204
[2026-09-01T09:47:42.527Z INFO  gresse::network] replica 178825480957160903 registered bidirectional network channel for replica 178825480759179604
[2026-09-01T09:47:42.527Z INFO  gresse::replica] replica 178825480957160903 established peer replication connection with replica 178825480759179604
[2026-09-01T09:47:42.990Z INFO  gresse::network] replica 178825480957160903 registered bidirectional network channel for replica 178825480759180604
[2026-09-01T09:47:42.990Z INFO  gresse::replica] replica 178825480957160903 established peer replication connection with replica 178825480759180604
[2026-09-01T09:47:43.682Z INFO  gresse::network] replica 178825480957160903 registered bidirectional network channel for replica 178825480759181604
[2026-09-01T09:47:43.682Z INFO  gresse::replica] replica 178825480957160903 established peer replication connection with replica 178825480759181604
[2026-09-01T09:47:44.314Z INFO  gresse::network] replica 178825480957160903 registered bidirectional network channel for replica 178825480759182604
[2026-09-01T09:47:44.314Z INFO  gresse::replica] replica 178825480957160903 established peer replication connection with replica 178825480759182604
[2026-09-01T09:47:44.985Z INFO  gresse::network] replica 178825480957160903 registered bidirectional network channel for replica 178825480759183604
[2026-09-01T09:47:44.985Z INFO  gresse::replica] replica 178825480957160903 established peer replication connection with replica 178825480759183604
[2026-09-01T09:47:56.958Z WARN  gresse::replica] replica 178825480957160903 deferred pull request to peer 178825480759183603: channel closed
[2026-09-01T09:48:47.637Z INFO  gresse::replica] replica 178825480957160903 observed shutdown descriptor for replica 178825480843462703 with final counter Some(1555)
[2026-09-01T09:48:48.017Z INFO  gresse::replica] replica 178825480957160903 observed shutdown descriptor for replica 178825480843463703 with final counter Some(843)
[2026-09-01T09:48:48.298Z INFO  gresse::replica] replica 178825480957160903 observed shutdown descriptor for replica 178825480843464703 with final counter Some(840)
[2026-09-01T09:49:15.959Z WARN  gresse::network] peer connection write failed: Broken pipe (os error 32)
[2026-09-01T09:49:23.958Z WARN  gresse::replica] replica 178825480957160903 deferred pull request to peer 178825480957157903: channel closed
[2026-09-01T09:49:28.958Z WARN  gresse::network] peer connection write failed: Broken pipe (os error 32)
[2026-09-01T09:49:34.959Z WARN  gresse::replica] replica 178825480957160903 deferred pull request to peer 178825480843465703: channel closed
[2026-09-01T09:49:37.958Z WARN  gresse::network] peer connection write failed: Broken pipe (os error 32)
[2026-09-01T09:49:40.958Z WARN  gresse::replica] replica 178825480957160903 deferred pull request to peer 178825480843466703: channel closed
[2026-09-01T09:49:42.610Z INFO  gresse::network] replica 178825480957160903 discovered network member NetworkMember { pid: 178825480843462704, address: 34.245.195.69:19080, final_counter: None }
[2026-09-01T09:49:42.610Z INFO  gresse::network] replica 178825480957160903 discovered network member NetworkMember { pid: 178825480957157904, address: 18.130.228.25:19080, final_counter: None }
[2026-09-01T09:49:42.640Z INFO  gresse::network] replica 178825480957160903 registered bidirectional network channel for replica 178825480957157904
[2026-09-01T09:49:42.640Z INFO  gresse::replica] replica 178825480957160903 established peer replication connection with replica 178825480957157904
[2026-09-01T09:49:42.826Z INFO  gresse::network] replica 178825480957160903 registered bidirectional network channel for replica 178825480843462704
[2026-09-01T09:49:42.826Z INFO  gresse::replica] replica 178825480957160903 established peer replication connection with replica 178825480843462704
[2026-09-01T09:49:43.710Z INFO  gresse::network] replica 178825480957160903 registered bidirectional network channel for replica 178825480843463704
[2026-09-01T09:49:43.710Z INFO  gresse::replica] replica 178825480957160903 established peer replication connection with replica 178825480843463704
[2026-09-01T09:49:44.362Z INFO  gresse::network] replica 178825480957160903 registered bidirectional network channel for replica 178825480843464704
[2026-09-01T09:49:44.362Z INFO  gresse::replica] replica 178825480957160903 established peer replication connection with replica 178825480843464704
[2026-09-01T09:49:45.316Z INFO  gresse::network] replica 178825480957160903 registered bidirectional network channel for replica 178825480843465704
[2026-09-01T09:49:45.316Z INFO  gresse::replica] replica 178825480957160903 established peer replication connection with replica 178825480843465704
[2026-09-01T09:49:46.057Z INFO  gresse::network] replica 178825480957160903 registered bidirectional network channel for replica 178825480843466704
[2026-09-01T09:49:46.057Z INFO  gresse::replica] replica 178825480957160903 established peer replication connection with replica 178825480843466704
[2026-09-01T09:50:42.608Z INFO  gresse::replica] replica 178825480957160903 observed shutdown descriptor for replica 178825480957158903 with final counter Some(1286)
[2026-09-01T09:50:43.291Z INFO  gresse::replica] shutdown signal received for replica 178825480957160903
[2026-09-01T09:50:43.291Z INFO  gresse::replica] replica 178825480957160903 shutting down with 23 connected writers
[2026-09-01T09:50:43.879Z INFO  gresse::http_server] http server received shutdown signal
[2026-09-01T09:50:43.879Z INFO  gresse::http_server] http server shutdown complete
[2026-09-01T09:50:43.880Z INFO  gresse::network] network manager for replica 178825480957160903 shutdown complete
