[2026-09-01T10:11:42.095Z INFO  gresse::http_server] running CRDT HTTP server
[2026-09-01T10:11:42.095Z INFO  gresse::http_server] listening for HTTP on 0.0.0.0:18081
[2026-09-01T10:11:42.126Z INFO  gresse::replica] replica 178825480714264207 initiating runtime at bind_http=0.0.0.0:18081 bind_internal=0.0.0.0:19081 advertised_internal=16.170.108.158:19081
[2026-09-01T10:11:42.170Z INFO  gresse::object_storage] object storage connection established: backend=s3, bucket=gresse-geo-035351467464-20260901084800-ec90d0, region=eu-north-1, endpoint=AWS default endpoint resolution, first_operation=put-create, object_path=acm-sec-geo-churn-20260901T092623Z-21106dd4/membership/178825480714264207,16.170.108.158:19081,0
[2026-09-01T10:11:42.491Z INFO  gresse::replica] replica 178825480714264207 discovered 163 membership descriptors during init
[2026-09-01T10:11:42.491Z INFO  gresse::replica] replica 178825480714264207 startup completed
[2026-09-01T10:11:42.491Z INFO  gresse::network] replica 178825480714264207 discovered network member NetworkMember { pid: 178825480714263207, address: 16.170.108.158:19080, final_counter: None }
[2026-09-01T10:11:42.491Z INFO  gresse::network] replica 178825480714264207 discovered network member NetworkMember { pid: 178825480714267206, address: 16.170.108.158:19084, final_counter: None }
[2026-09-01T10:11:42.491Z INFO  gresse::network] replica 178825480714264207 discovered network member NetworkMember { pid: 178825480759179606, address: 3.68.220.182:19080, final_counter: None }
[2026-09-01T10:11:42.491Z INFO  gresse::network] replica 178825480714264207 discovered network member NetworkMember { pid: 178825480759180606, address: 3.68.220.182:19081, final_counter: None }
[2026-09-01T10:11:42.491Z INFO  gresse::network] replica 178825480714264207 discovered network member NetworkMember { pid: 178825480759181606, address: 3.68.220.182:19082, final_counter: None }
[2026-09-01T10:11:42.491Z INFO  gresse::network] replica 178825480714264207 discovered network member NetworkMember { pid: 178825480759182606, address: 3.68.220.182:19083, final_counter: None }
[2026-09-01T10:11:42.491Z INFO  gresse::network] replica 178825480714264207 discovered network member NetworkMember { pid: 178825480759183606, address: 3.68.220.182:19084, final_counter: None }
[2026-09-01T10:11:42.491Z INFO  gresse::network] replica 178825480714264207 discovered network member NetworkMember { pid: 178825480843462706, address: 34.245.195.69:19080, final_counter: None }
[2026-09-01T10:11:42.491Z INFO  gresse::network] replica 178825480714264207 discovered network member NetworkMember { pid: 178825480843463706, address: 34.245.195.69:19081, final_counter: None }
[2026-09-01T10:11:42.491Z INFO  gresse::network] replica 178825480714264207 registered bidirectional network channel for replica 178825480843466706
[2026-09-01T10:11:42.491Z INFO  gresse::network] replica 178825480714264207 discovered network member NetworkMember { pid: 178825480843464706, address: 34.245.195.69:19082, final_counter: None }
[2026-09-01T10:11:42.491Z INFO  gresse::network] replica 178825480714264207 discovered network member NetworkMember { pid: 178825480843465706, address: 34.245.195.69:19083, final_counter: None }
[2026-09-01T10:11:42.491Z INFO  gresse::network] replica 178825480714264207 discovered network member NetworkMember { pid: 178825480957157906, address: 18.130.228.25:19080, final_counter: None }
[2026-09-01T10:11:42.491Z INFO  gresse::network] replica 178825480714264207 discovered network member NetworkMember { pid: 178825480957158906, address: 18.130.228.25:19081, final_counter: None }
[2026-09-01T10:11:42.491Z INFO  gresse::network] replica 178825480714264207 discovered network member NetworkMember { pid: 178825480957159906, address: 18.130.228.25:19082, final_counter: None }
[2026-09-01T10:11:42.491Z INFO  gresse::network] replica 178825480714264207 discovered network member NetworkMember { pid: 178825480957160906, address: 18.130.228.25:19083, final_counter: None }
[2026-09-01T10:11:42.491Z INFO  gresse::network] replica 178825480714264207 discovered network member NetworkMember { pid: 178825480957161906, address: 18.130.228.25:19084, final_counter: None }
[2026-09-01T10:11:42.491Z INFO  gresse::network] replica 178825480714264207 discovered network member NetworkMember { pid: 178825481046239406, address: 13.38.41.188:19080, final_counter: None }
[2026-09-01T10:11:42.491Z INFO  gresse::network] replica 178825480714264207 discovered network member NetworkMember { pid: 178825481046240406, address: 13.38.41.188:19081, final_counter: None }
[2026-09-01T10:11:42.491Z INFO  gresse::network] replica 178825480714264207 discovered network member NetworkMember { pid: 178825481046241406, address: 13.38.41.188:19082, final_counter: None }
[2026-09-01T10:11:42.491Z INFO  gresse::network] replica 178825480714264207 discovered network member NetworkMember { pid: 178825481046242406, address: 13.38.41.188:19083, final_counter: None }
[2026-09-01T10:11:42.491Z INFO  gresse::network] replica 178825480714264207 discovered network member NetworkMember { pid: 178825481046243406, address: 13.38.41.188:19084, final_counter: None }
[2026-09-01T10:11:42.491Z INFO  gresse::replica] replica 178825480714264207 established peer replication connection with replica 178825480843466706
[2026-09-01T10:11:42.491Z WARN  gresse::network] replica 178825480714264207 peer connection attempt failed: could not connect to 16.170.108.158:19084: Connection refused (os error 111)
[2026-09-01T10:11:42.491Z INFO  gresse::network] replica 178825480714264207 registered bidirectional network channel for replica 178825481046242406
[2026-09-01T10:11:42.492Z INFO  gresse::replica] replica 178825480714264207 established peer replication connection with replica 178825481046242406
[2026-09-01T10:11:42.492Z INFO  gresse::network] replica 178825480714264207 registered bidirectional network channel for replica 178825480714263207
[2026-09-01T10:11:42.492Z INFO  gresse::replica] replica 178825480714264207 established peer replication connection with replica 178825480714263207
[2026-09-01T10:11:42.515Z WARN  gresse::network] replica 178825480714264207 peer connection attempt failed: could not connect to 3.68.220.182:19080: Connection refused (os error 111)
[2026-09-01T10:11:42.515Z WARN  gresse::network] replica 178825480714264207 peer connection attempt failed: could not connect to 3.68.220.182:19081: Connection refused (os error 111)
[2026-09-01T10:11:42.539Z INFO  gresse::replica] replica 178825480714264207 established peer replication connection with replica 178825480759181606
[2026-09-01T10:11:42.539Z INFO  gresse::network] replica 178825480714264207 registered bidirectional network channel for replica 178825480759181606
[2026-09-01T10:11:42.539Z INFO  gresse::network] replica 178825480714264207 registered bidirectional network channel for replica 178825480759182606
[2026-09-01T10:11:42.539Z INFO  gresse::replica] replica 178825480714264207 established peer replication connection with replica 178825480759182606
[2026-09-01T10:11:42.539Z INFO  gresse::network] replica 178825480714264207 registered bidirectional network channel for replica 178825480759183606
[2026-09-01T10:11:42.539Z INFO  gresse::replica] replica 178825480714264207 established peer replication connection with replica 178825480759183606
[2026-09-01T10:11:42.546Z INFO  gresse::network] replica 178825480714264207 registered bidirectional network channel for replica 178825480957159906
[2026-09-01T10:11:42.546Z INFO  gresse::replica] replica 178825480714264207 established peer replication connection with replica 178825480957159906
[2026-09-01T10:11:42.546Z INFO  gresse::network] replica 178825480714264207 registered bidirectional network channel for replica 178825480957158906
[2026-09-01T10:11:42.546Z INFO  gresse::replica] replica 178825480714264207 established peer replication connection with replica 178825480957158906
[2026-09-01T10:11:42.546Z INFO  gresse::network] replica 178825480714264207 registered bidirectional network channel for replica 178825480957161906
[2026-09-01T10:11:42.546Z INFO  gresse::replica] replica 178825480714264207 established peer replication connection with replica 178825480957161906
[2026-09-01T10:11:42.549Z INFO  gresse::replica] replica 178825480714264207 established peer replication connection with replica 178825480957157906
[2026-09-01T10:11:42.549Z INFO  gresse::network] replica 178825480714264207 registered bidirectional network channel for replica 178825480957157906
[2026-09-01T10:11:42.549Z INFO  gresse::network] replica 178825480714264207 registered bidirectional network channel for replica 178825480957160906
[2026-09-01T10:11:42.549Z INFO  gresse::replica] replica 178825480714264207 established peer replication connection with replica 178825480957160906
[2026-09-01T10:11:42.553Z INFO  gresse::network] replica 178825480714264207 registered bidirectional network channel for replica 178825481046243406
[2026-09-01T10:11:42.553Z INFO  gresse::replica] replica 178825480714264207 established peer replication connection with replica 178825481046243406
[2026-09-01T10:11:42.554Z INFO  gresse::network] replica 178825480714264207 registered bidirectional network channel for replica 178825481046241406
[2026-09-01T10:11:42.554Z INFO  gresse::replica] replica 178825480714264207 established peer replication connection with replica 178825481046241406
[2026-09-01T10:11:42.554Z INFO  gresse::network] replica 178825480714264207 registered bidirectional network channel for replica 178825481046239406
[2026-09-01T10:11:42.554Z INFO  gresse::replica] replica 178825480714264207 established peer replication connection with replica 178825481046239406
[2026-09-01T10:11:42.554Z INFO  gresse::network] replica 178825480714264207 registered bidirectional network channel for replica 178825481046240406
[2026-09-01T10:11:42.554Z INFO  gresse::replica] replica 178825480714264207 established peer replication connection with replica 178825481046240406
[2026-09-01T10:11:42.576Z INFO  gresse::network] replica 178825480714264207 registered bidirectional network channel for replica 178825480843464706
[2026-09-01T10:11:42.576Z INFO  gresse::replica] replica 178825480714264207 established peer replication connection with replica 178825480843464706
[2026-09-01T10:11:42.577Z INFO  gresse::replica] replica 178825480714264207 established peer replication connection with replica 178825480843463706
[2026-09-01T10:11:42.577Z INFO  gresse::network] replica 178825480714264207 registered bidirectional network channel for replica 178825480843463706
[2026-09-01T10:11:42.577Z INFO  gresse::network] replica 178825480714264207 registered bidirectional network channel for replica 178825480843462706
[2026-09-01T10:11:42.577Z INFO  gresse::replica] replica 178825480714264207 established peer replication connection with replica 178825480843462706
[2026-09-01T10:11:42.577Z INFO  gresse::network] replica 178825480714264207 registered bidirectional network channel for replica 178825480843465706
[2026-09-01T10:11:42.577Z INFO  gresse::replica] replica 178825480714264207 established peer replication connection with replica 178825480843465706
[2026-09-01T10:11:42.889Z INFO  gresse::replica] replica 178825480714264207 established peer replication connection with replica 178825480714265207
[2026-09-01T10:11:42.889Z INFO  gresse::network] replica 178825480714264207 registered bidirectional network channel for replica 178825480714265207
[2026-09-01T10:11:43.100Z INFO  gresse::network] replica 178825480714264207 registered bidirectional network channel for replica 178825480759179607
[2026-09-01T10:11:43.418Z INFO  gresse::network] replica 178825480714264207 registered bidirectional network channel for replica 178825480714266207
[2026-09-01T10:11:44.108Z INFO  gresse::network] replica 178825480714264207 registered bidirectional network channel for replica 178825480759180607
[2026-09-01T10:11:44.924Z INFO  gresse::network] replica 178825480714264207 registered bidirectional network channel for replica 178825480714267207
[2026-09-01T10:11:47.063Z INFO  gresse::replica] replica 178825480714264207 established peer replication connection with replica 178825480759179607
[2026-09-01T10:11:47.063Z INFO  gresse::replica] replica 178825480714264207 established peer replication connection with replica 178825480714266207
[2026-09-01T10:11:47.067Z INFO  gresse::replica] replica 178825480714264207 established peer replication connection with replica 178825480759180607
[2026-09-01T10:11:47.068Z INFO  gresse::replica] replica 178825480714264207 established peer replication connection with replica 178825480714267207
[2026-09-01T10:11:47.162Z INFO  gresse::replica] replica 178825480714264207 observed shutdown descriptor for replica 178825480714264206 with final counter Some(1285)
[2026-09-01T10:11:48.008Z INFO  gresse::replica] replica 178825480714264207 observed shutdown descriptor for replica 178825480714265205 with final counter Some(1237)
[2026-09-01T10:11:48.686Z INFO  gresse::replica] replica 178825480714264207 observed shutdown descriptor for replica 178825480714265206 with final counter Some(870)
[2026-09-01T10:11:49.363Z INFO  gresse::replica] replica 178825480714264207 observed shutdown descriptor for replica 178825480714266205 with final counter Some(921)
[2026-09-01T10:11:49.882Z INFO  gresse::replica] replica 178825480714264207 observed shutdown descriptor for replica 178825480714266206 with final counter Some(871)
[2026-09-01T10:11:50.700Z INFO  gresse::replica] replica 178825480714264207 observed shutdown descriptor for replica 178825480714267205 with final counter Some(921)
[2026-09-01T10:11:51.360Z INFO  gresse::replica] replica 178825480714264207 observed shutdown descriptor for replica 178825480759182605 with final counter Some(1290)
[2026-09-01T10:11:52.050Z INFO  gresse::replica] replica 178825480714264207 observed shutdown descriptor for replica 178825480759183605 with final counter Some(1022)
[2026-09-01T10:11:52.661Z INFO  gresse::replica] replica 178825480714264207 observed shutdown descriptor for replica 178825480843462705 with final counter Some(849)
[2026-09-01T10:11:53.331Z INFO  gresse::replica] replica 178825480714264207 observed shutdown descriptor for replica 178825480843466705 with final counter Some(1553)
[2026-09-01T10:11:54.110Z INFO  gresse::replica] replica 178825480714264207 observed shutdown descriptor for replica 178825480957157905 with final counter Some(847)
[2026-09-01T10:11:54.820Z INFO  gresse::replica] replica 178825480714264207 observed shutdown descriptor for replica 178825480957158905 with final counter Some(842)
[2026-09-01T10:11:55.509Z INFO  gresse::replica] replica 178825480714264207 observed shutdown descriptor for replica 178825481046239405 with final counter Some(1550)
[2026-09-01T10:11:56.270Z INFO  gresse::replica] replica 178825480714264207 observed shutdown descriptor for replica 178825481046240404 with final counter Some(1284)
[2026-09-01T10:11:56.860Z INFO  gresse::replica] replica 178825480714264207 observed shutdown descriptor for replica 178825481046240405 with final counter Some(843)
[2026-09-01T10:11:57.600Z INFO  gresse::replica] replica 178825480714264207 observed shutdown descriptor for replica 178825481046241404 with final counter Some(871)
[2026-09-01T10:11:58.164Z INFO  gresse::replica] replica 178825480714264207 observed shutdown descriptor for replica 178825481046241405 with final counter Some(840)
[2026-09-01T10:11:58.882Z INFO  gresse::replica] replica 178825480714264207 observed shutdown descriptor for replica 178825481046242404 with final counter Some(871)
[2026-09-01T10:12:47.342Z INFO  gresse::replica] replica 178825480714264207 observed shutdown descriptor for replica 178825480759181606 with final counter Some(1235)
[2026-09-01T10:12:48.123Z INFO  gresse::replica] replica 178825480714264207 observed shutdown descriptor for replica 178825480759182606 with final counter Some(919)
[2026-09-01T10:12:48.829Z INFO  gresse::replica] replica 178825480714264207 observed shutdown descriptor for replica 178825480759183606 with final counter Some(922)
[2026-09-01T10:12:58.492Z WARN  gresse::network] peer connection write failed: Broken pipe (os error 32)
[2026-09-01T10:13:28.493Z WARN  gresse::network] peer connection write failed: Broken pipe (os error 32)
[2026-09-01T10:13:29.492Z WARN  gresse::network] peer connection write failed: Broken pipe (os error 32)
[2026-09-01T10:13:31.493Z WARN  gresse::replica] replica 178825480714264207 deferred pull request to peer 178825480843464706: channel closed
[2026-09-01T10:13:39.492Z WARN  gresse::replica] replica 178825480714264207 deferred pull request to peer 178825480843463706: channel closed
[2026-09-01T10:13:40.493Z WARN  gresse::replica] replica 178825480714264207 deferred pull request to peer 178825480843462706: channel closed
[2026-09-01T10:13:42.847Z INFO  gresse::network] replica 178825480714264207 registered bidirectional network channel for replica 178825480759181607
[2026-09-01T10:13:42.847Z INFO  gresse::replica] replica 178825480714264207 established peer replication connection with replica 178825480759181607
[2026-09-01T10:13:43.458Z INFO  gresse::network] replica 178825480714264207 registered bidirectional network channel for replica 178825480843462707
[2026-09-01T10:13:43.458Z INFO  gresse::replica] replica 178825480714264207 established peer replication connection with replica 178825480843462707
[2026-09-01T10:13:43.602Z INFO  gresse::network] replica 178825480714264207 registered bidirectional network channel for replica 178825480759182607
[2026-09-01T10:13:43.602Z INFO  gresse::replica] replica 178825480714264207 established peer replication connection with replica 178825480759182607
[2026-09-01T10:13:44.302Z INFO  gresse::network] replica 178825480714264207 registered bidirectional network channel for replica 178825480759183607
[2026-09-01T10:13:44.302Z INFO  gresse::replica] replica 178825480714264207 established peer replication connection with replica 178825480759183607
[2026-09-01T10:13:45.064Z INFO  gresse::network] replica 178825480714264207 registered bidirectional network channel for replica 178825480843463707
[2026-09-01T10:13:45.064Z INFO  gresse::replica] replica 178825480714264207 established peer replication connection with replica 178825480843463707
[2026-09-01T10:13:46.881Z INFO  gresse::network] replica 178825480714264207 registered bidirectional network channel for replica 178825480843464707
[2026-09-01T10:13:46.881Z INFO  gresse::replica] replica 178825480714264207 established peer replication connection with replica 178825480843464707
[2026-09-01T10:14:47.164Z INFO  gresse::replica] replica 178825480714264207 observed shutdown descriptor for replica 178825480843465706 with final counter Some(1287)
[2026-09-01T10:14:47.566Z INFO  gresse::replica] replica 178825480714264207 observed shutdown descriptor for replica 178825480843466706 with final counter Some(1025)
[2026-09-01T10:14:48.196Z INFO  gresse::replica] replica 178825480714264207 observed shutdown descriptor for replica 178825480957157906 with final counter Some(849)
[2026-09-01T10:15:11.492Z WARN  gresse::network] peer connection write failed: Broken pipe (os error 32)
[2026-09-01T10:15:15.492Z WARN  gresse::network] peer connection write failed: Broken pipe (os error 32)
[2026-09-01T10:15:31.492Z WARN  gresse::replica] replica 178825480714264207 deferred pull request to peer 178825480957160906: channel closed
[2026-09-01T10:15:42.800Z INFO  gresse::network] replica 178825480714264207 registered bidirectional network channel for replica 178825480957157907
[2026-09-01T10:15:42.800Z INFO  gresse::replica] replica 178825480714264207 established peer replication connection with replica 178825480957157907
[2026-09-01T10:15:43.082Z INFO  gresse::network] replica 178825480714264207 registered bidirectional network channel for replica 178825480843465707
[2026-09-01T10:15:43.082Z INFO  gresse::replica] replica 178825480714264207 established peer replication connection with replica 178825480843465707
[2026-09-01T10:15:44.238Z INFO  gresse::network] replica 178825480714264207 registered bidirectional network channel for replica 178825480843466707
[2026-09-01T10:15:44.238Z INFO  gresse::replica] replica 178825480714264207 established peer replication connection with replica 178825480843466707
[2026-09-01T10:15:44.445Z INFO  gresse::network] replica 178825480714264207 registered bidirectional network channel for replica 178825480957158907
[2026-09-01T10:15:44.445Z INFO  gresse::replica] replica 178825480714264207 established peer replication connection with replica 178825480957158907
[2026-09-01T10:15:45.624Z INFO  gresse::network] replica 178825480714264207 registered bidirectional network channel for replica 178825480957159907
[2026-09-01T10:15:45.624Z INFO  gresse::replica] replica 178825480714264207 established peer replication connection with replica 178825480957159907
[2026-09-01T10:15:46.987Z INFO  gresse::network] replica 178825480714264207 registered bidirectional network channel for replica 178825480957160907
[2026-09-01T10:15:46.987Z INFO  gresse::replica] replica 178825480714264207 established peer replication connection with replica 178825480957160907
[2026-09-01T10:15:50.492Z WARN  gresse::replica] replica 178825480714264207 deferred pull request to peer 178825480957159906: channel closed
[2026-09-01T10:15:52.493Z WARN  gresse::network] peer connection write failed: Broken pipe (os error 32)
[2026-09-01T10:15:53.492Z WARN  gresse::replica] replica 178825480714264207 deferred pull request to peer 178825480957158906: channel closed
[2026-09-01T10:16:47.156Z INFO  gresse::replica] replica 178825480714264207 observed shutdown descriptor for replica 178825480957161906 with final counter Some(1552)
[2026-09-01T10:16:47.587Z INFO  gresse::replica] replica 178825480714264207 observed shutdown descriptor for replica 178825481046239406 with final counter Some(845)
[2026-09-01T10:16:48.180Z INFO  gresse::replica] replica 178825480714264207 observed shutdown descriptor for replica 178825481046240406 with final counter Some(847)
[2026-09-01T10:17:06.492Z WARN  gresse::network] peer connection write failed: Broken pipe (os error 32)
[2026-09-01T10:17:39.492Z WARN  gresse::network] peer connection write failed: Broken pipe (os error 32)
[2026-09-01T10:17:42.972Z INFO  gresse::network] replica 178825480714264207 registered bidirectional network channel for replica 178825481046239407
[2026-09-01T10:17:42.972Z INFO  gresse::replica] replica 178825480714264207 established peer replication connection with replica 178825481046239407
[2026-09-01T10:17:42.989Z INFO  gresse::network] replica 178825480714264207 registered bidirectional network channel for replica 178825480957161907
[2026-09-01T10:17:42.989Z INFO  gresse::replica] replica 178825480714264207 established peer replication connection with replica 178825480957161907
[2026-09-01T10:17:44.110Z INFO  gresse::network] replica 178825480714264207 registered bidirectional network channel for replica 178825481046240407
[2026-09-01T10:17:44.110Z INFO  gresse::replica] replica 178825480714264207 established peer replication connection with replica 178825481046240407
[2026-09-01T10:17:46.318Z INFO  gresse::network] replica 178825480714264207 registered bidirectional network channel for replica 178825481046241407
[2026-09-01T10:17:46.318Z INFO  gresse::replica] replica 178825480714264207 established peer replication connection with replica 178825481046241407
[2026-09-01T10:17:47.572Z INFO  gresse::network] replica 178825480714264207 registered bidirectional network channel for replica 178825481046242407
[2026-09-01T10:17:47.572Z INFO  gresse::replica] replica 178825480714264207 established peer replication connection with replica 178825481046242407
[2026-09-01T10:17:49.492Z WARN  gresse::replica] replica 178825480714264207 deferred pull request to peer 178825481046241406: channel closed
[2026-09-01T10:17:49.675Z INFO  gresse::network] replica 178825480714264207 registered bidirectional network channel for replica 178825481046243407
[2026-09-01T10:17:49.675Z INFO  gresse::replica] replica 178825480714264207 established peer replication connection with replica 178825481046243407
[2026-09-01T10:18:10.492Z WARN  gresse::replica] replica 178825480714264207 deferred pull request to peer 178825481046243406: channel closed
[2026-09-01T10:18:16.492Z WARN  gresse::network] peer connection write failed: Broken pipe (os error 32)
[2026-09-01T10:18:24.493Z WARN  gresse::replica] replica 178825480714264207 deferred pull request to peer 178825481046242406: channel closed
[2026-09-01T10:18:42.651Z INFO  gresse::replica] shutdown signal received for replica 178825480714264207
[2026-09-01T10:18:42.651Z INFO  gresse::replica] replica 178825480714264207 shutting down with 24 connected writers
[2026-09-01T10:18:43.083Z INFO  gresse::http_server] http server received shutdown signal
[2026-09-01T10:18:43.083Z INFO  gresse::http_server] http server shutdown complete
[2026-09-01T10:18:43.083Z INFO  gresse::network] network manager for replica 178825480714264207 shutdown complete
