[2026-09-03T09:24:59.501Z INFO  gresse::http_server] running CRDT HTTP server
[2026-09-03T09:24:59.501Z INFO  gresse::http_server] listening for HTTP on 0.0.0.0:18084
[2026-09-03T09:24:59.535Z INFO  gresse::replica] replica 178842683849158801 initiating runtime at bind_http=0.0.0.0:18084 bind_internal=0.0.0.0:19084 advertised_internal=13.53.121.51:19084
[2026-09-03T09:24:59.574Z INFO  gresse::object_storage] object storage connection established: backend=s3, bucket=gresse-geo-035351467464-20260903085118-6fb999, region=eu-north-1, endpoint=AWS default endpoint resolution, first_operation=put-create, object_path=acm-sec-geo-churn-20260903T091329Z-d96b4f84/membership/178842683849158801,13.53.121.51:19084,8
[2026-09-03T09:24:59.597Z INFO  gresse::replica] replica 178842683849158801 restored local state from durability journal before startup
[2026-09-03T09:24:59.597Z INFO  gresse::replica] replica 178842683849158801 discovered 63 membership descriptors during init
[2026-09-03T09:24:59.597Z INFO  gresse::replica] replica 178842683849158801 startup completed
[2026-09-03T09:24:59.597Z INFO  gresse::network] replica 178842683849158801 discovered network member NetworkMember { pid: 178842683849154803, address: 13.53.121.51:19080, final_counter: None }
[2026-09-03T09:24:59.597Z INFO  gresse::network] replica 178842683849158801 discovered network member NetworkMember { pid: 178842683849155803, address: 13.53.121.51:19081, final_counter: None }
[2026-09-03T09:24:59.597Z INFO  gresse::network] replica 178842683849158801 discovered network member NetworkMember { pid: 178842683849156802, address: 13.53.121.51:19082, final_counter: None }
[2026-09-03T09:24:59.597Z INFO  gresse::network] replica 178842683849158801 discovered network member NetworkMember { pid: 178842683849157801, address: 13.53.121.51:19083, final_counter: None }
[2026-09-03T09:24:59.597Z INFO  gresse::network] replica 178842683849158801 discovered network member NetworkMember { pid: 178842683956181201, address: 52.59.198.67:19080, final_counter: None }
[2026-09-03T09:24:59.597Z INFO  gresse::network] replica 178842683849158801 discovered network member NetworkMember { pid: 178842683956182202, address: 52.59.198.67:19081, final_counter: None }
[2026-09-03T09:24:59.597Z INFO  gresse::network] replica 178842683849158801 discovered network member NetworkMember { pid: 178842683956183202, address: 52.59.198.67:19082, final_counter: None }
[2026-09-03T09:24:59.597Z INFO  gresse::network] replica 178842683849158801 discovered network member NetworkMember { pid: 178842683956184202, address: 52.59.198.67:19083, final_counter: None }
[2026-09-03T09:24:59.597Z INFO  gresse::network] replica 178842683849158801 discovered network member NetworkMember { pid: 178842683956185201, address: 52.59.198.67:19084, final_counter: None }
[2026-09-03T09:24:59.597Z INFO  gresse::network] replica 178842683849158801 discovered network member NetworkMember { pid: 178842684114090201, address: 34.246.191.174:19080, final_counter: None }
[2026-09-03T09:24:59.597Z INFO  gresse::network] replica 178842683849158801 discovered network member NetworkMember { pid: 178842684114091201, address: 34.246.191.174:19081, final_counter: None }
[2026-09-03T09:24:59.597Z INFO  gresse::network] replica 178842683849158801 discovered network member NetworkMember { pid: 178842684114092202, address: 34.246.191.174:19082, final_counter: None }
[2026-09-03T09:24:59.597Z INFO  gresse::network] replica 178842683849158801 discovered network member NetworkMember { pid: 178842684114093202, address: 34.246.191.174:19083, final_counter: None }
[2026-09-03T09:24:59.597Z INFO  gresse::network] replica 178842683849158801 discovered network member NetworkMember { pid: 178842684114094202, address: 34.246.191.174:19084, final_counter: None }
[2026-09-03T09:24:59.597Z INFO  gresse::network] replica 178842683849158801 discovered network member NetworkMember { pid: 178842684286993601, address: 35.179.101.242:19080, final_counter: None }
[2026-09-03T09:24:59.597Z INFO  gresse::network] replica 178842683849158801 discovered network member NetworkMember { pid: 178842684286994601, address: 35.179.101.242:19081, final_counter: None }
[2026-09-03T09:24:59.597Z INFO  gresse::network] replica 178842683849158801 discovered network member NetworkMember { pid: 178842684286995601, address: 35.179.101.242:19082, final_counter: None }
[2026-09-03T09:24:59.597Z INFO  gresse::network] replica 178842683849158801 discovered network member NetworkMember { pid: 178842684286996602, address: 35.179.101.242:19083, final_counter: None }
[2026-09-03T09:24:59.597Z INFO  gresse::network] replica 178842683849158801 discovered network member NetworkMember { pid: 178842684286997602, address: 35.179.101.242:19084, final_counter: None }
[2026-09-03T09:24:59.597Z INFO  gresse::network] replica 178842683849158801 discovered network member NetworkMember { pid: 178842684426432102, address: 13.38.47.15:19080, final_counter: None }
[2026-09-03T09:24:59.597Z INFO  gresse::network] replica 178842683849158801 discovered network member NetworkMember { pid: 178842684426433101, address: 13.38.47.15:19081, final_counter: None }
[2026-09-03T09:24:59.597Z INFO  gresse::network] replica 178842683849158801 discovered network member NetworkMember { pid: 178842684426434101, address: 13.38.47.15:19082, final_counter: None }
[2026-09-03T09:24:59.597Z INFO  gresse::network] replica 178842683849158801 discovered network member NetworkMember { pid: 178842684426435101, address: 13.38.47.15:19083, final_counter: None }
[2026-09-03T09:24:59.597Z INFO  gresse::network] replica 178842683849158801 discovered network member NetworkMember { pid: 178842684426436102, address: 13.38.47.15:19084, final_counter: None }
[2026-09-03T09:24:59.597Z INFO  gresse::network] replica 178842683849158801 registered bidirectional network channel for replica 178842683849156802
[2026-09-03T09:24:59.597Z INFO  gresse::replica] replica 178842683849158801 established peer replication connection with replica 178842683849156802
[2026-09-03T09:24:59.597Z INFO  gresse::network] replica 178842683849158801 registered bidirectional network channel for replica 178842683849154803
[2026-09-03T09:24:59.597Z INFO  gresse::replica] replica 178842683849158801 established peer replication connection with replica 178842683849154803
[2026-09-03T09:24:59.598Z INFO  gresse::network] replica 178842683849158801 registered bidirectional network channel for replica 178842683849157801
[2026-09-03T09:24:59.598Z INFO  gresse::replica] replica 178842683849158801 established peer replication connection with replica 178842683849157801
[2026-09-03T09:24:59.598Z INFO  gresse::network] replica 178842683849158801 registered bidirectional network channel for replica 178842683849155803
[2026-09-03T09:24:59.598Z INFO  gresse::replica] replica 178842683849158801 established peer replication connection with replica 178842683849155803
[2026-09-03T09:24:59.644Z INFO  gresse::network] replica 178842683849158801 registered bidirectional network channel for replica 178842683956181201
[2026-09-03T09:24:59.644Z INFO  gresse::network] replica 178842683849158801 registered bidirectional network channel for replica 178842683956183202
[2026-09-03T09:24:59.644Z INFO  gresse::network] replica 178842683849158801 registered bidirectional network channel for replica 178842683956185201
[2026-09-03T09:24:59.644Z INFO  gresse::network] replica 178842683849158801 registered bidirectional network channel for replica 178842683956182202
[2026-09-03T09:24:59.645Z INFO  gresse::network] replica 178842683849158801 registered bidirectional network channel for replica 178842683956184202
[2026-09-03T09:24:59.652Z INFO  gresse::network] replica 178842683849158801 registered bidirectional network channel for replica 178842684286997602
[2026-09-03T09:24:59.652Z INFO  gresse::network] replica 178842683849158801 registered bidirectional network channel for replica 178842684286996602
[2026-09-03T09:24:59.652Z INFO  gresse::network] replica 178842683849158801 registered bidirectional network channel for replica 178842684286995601
[2026-09-03T09:24:59.654Z INFO  gresse::network] replica 178842683849158801 registered bidirectional network channel for replica 178842684286994601
[2026-09-03T09:24:59.654Z INFO  gresse::network] replica 178842683849158801 registered bidirectional network channel for replica 178842684286993601
[2026-09-03T09:24:59.659Z INFO  gresse::network] replica 178842683849158801 registered bidirectional network channel for replica 178842684426432102
[2026-09-03T09:24:59.659Z INFO  gresse::network] replica 178842683849158801 registered bidirectional network channel for replica 178842684426436102
[2026-09-03T09:24:59.659Z INFO  gresse::network] replica 178842683849158801 registered bidirectional network channel for replica 178842684426434101
[2026-09-03T09:24:59.659Z INFO  gresse::network] replica 178842683849158801 registered bidirectional network channel for replica 178842684426435101
[2026-09-03T09:24:59.660Z INFO  gresse::network] replica 178842683849158801 registered bidirectional network channel for replica 178842684426433101
[2026-09-03T09:24:59.682Z INFO  gresse::network] replica 178842683849158801 registered bidirectional network channel for replica 178842684114090201
[2026-09-03T09:24:59.682Z INFO  gresse::network] replica 178842683849158801 registered bidirectional network channel for replica 178842684114091201
[2026-09-03T09:24:59.682Z INFO  gresse::network] replica 178842683849158801 registered bidirectional network channel for replica 178842684114093202
[2026-09-03T09:24:59.682Z INFO  gresse::network] replica 178842683849158801 registered bidirectional network channel for replica 178842684114092202
[2026-09-03T09:24:59.682Z INFO  gresse::network] replica 178842683849158801 registered bidirectional network channel for replica 178842684114094202
[2026-09-03T09:24:59.898Z INFO  gresse::replica] replica 178842683849158801 established peer replication connection with replica 178842683956181201
[2026-09-03T09:24:59.898Z INFO  gresse::replica] replica 178842683849158801 established peer replication connection with replica 178842683956183202
[2026-09-03T09:24:59.898Z INFO  gresse::replica] replica 178842683849158801 established peer replication connection with replica 178842683956185201
[2026-09-03T09:24:59.898Z INFO  gresse::replica] replica 178842683849158801 established peer replication connection with replica 178842683956182202
[2026-09-03T09:24:59.898Z INFO  gresse::replica] replica 178842683849158801 established peer replication connection with replica 178842683956184202
[2026-09-03T09:24:59.898Z INFO  gresse::replica] replica 178842683849158801 established peer replication connection with replica 178842684286997602
[2026-09-03T09:24:59.898Z INFO  gresse::replica] replica 178842683849158801 established peer replication connection with replica 178842684286996602
[2026-09-03T09:24:59.898Z INFO  gresse::replica] replica 178842683849158801 established peer replication connection with replica 178842684286995601
[2026-09-03T09:24:59.898Z INFO  gresse::replica] replica 178842683849158801 established peer replication connection with replica 178842684286994601
[2026-09-03T09:24:59.898Z INFO  gresse::replica] replica 178842683849158801 established peer replication connection with replica 178842684286993601
[2026-09-03T09:24:59.898Z INFO  gresse::replica] replica 178842683849158801 established peer replication connection with replica 178842684426432102
[2026-09-03T09:24:59.898Z INFO  gresse::replica] replica 178842683849158801 established peer replication connection with replica 178842684426436102
[2026-09-03T09:24:59.898Z INFO  gresse::replica] replica 178842683849158801 established peer replication connection with replica 178842684426434101
[2026-09-03T09:24:59.898Z INFO  gresse::replica] replica 178842683849158801 established peer replication connection with replica 178842684426435101
[2026-09-03T09:24:59.898Z INFO  gresse::replica] replica 178842683849158801 established peer replication connection with replica 178842684426433101
[2026-09-03T09:24:59.898Z INFO  gresse::replica] replica 178842683849158801 established peer replication connection with replica 178842684114090201
[2026-09-03T09:24:59.898Z INFO  gresse::replica] replica 178842683849158801 established peer replication connection with replica 178842684114091201
[2026-09-03T09:24:59.898Z INFO  gresse::replica] replica 178842683849158801 established peer replication connection with replica 178842684114093202
[2026-09-03T09:24:59.898Z INFO  gresse::replica] replica 178842683849158801 established peer replication connection with replica 178842684114092202
[2026-09-03T09:24:59.898Z INFO  gresse::replica] replica 178842683849158801 established peer replication connection with replica 178842684114094202
[2026-09-03T09:25:04.560Z INFO  gresse::replica] replica 178842683849158801 observed shutdown descriptor for replica 178842683849154802 with final counter Some(841)
[2026-09-03T09:25:04.611Z INFO  gresse::replica] replica 178842683849158801 observed shutdown descriptor for replica 178842683849155802 with final counter Some(839)
[2026-09-03T09:25:04.663Z INFO  gresse::replica] replica 178842683849158801 observed shutdown descriptor for replica 178842684426436101 with final counter Some(1496)
[2026-09-03T09:25:11.598Z WARN  gresse::network] peer connection write failed: Broken pipe (os error 32)
[2026-09-03T09:25:15.599Z WARN  gresse::network] peer connection write failed: Broken pipe (os error 32)
[2026-09-03T09:25:17.598Z WARN  gresse::network] peer connection write failed: Broken pipe (os error 32)
[2026-09-03T09:25:18.599Z WARN  gresse::network] peer connection write failed: Broken pipe (os error 32)
[2026-09-03T09:25:19.598Z WARN  gresse::network] peer connection write failed: Broken pipe (os error 32)
[2026-09-03T09:25:20.598Z WARN  gresse::replica] replica 178842683849158801 deferred pull request to peer 178842683956184202: channel closed
[2026-09-03T09:25:21.598Z WARN  gresse::network] peer connection write failed: Broken pipe (os error 32)
[2026-09-03T09:25:25.598Z WARN  gresse::network] peer connection write failed: Broken pipe (os error 32)
[2026-09-03T09:25:28.598Z WARN  gresse::network] peer connection write failed: Broken pipe (os error 32)
[2026-09-03T09:25:30.598Z WARN  gresse::network] peer connection write failed: Broken pipe (os error 32)
[2026-09-03T09:25:31.599Z WARN  gresse::replica] replica 178842683849158801 deferred pull request to peer 178842684426434101: channel closed
[2026-09-03T09:25:33.598Z WARN  gresse::replica] replica 178842683849158801 deferred pull request to peer 178842684114094202: channel closed
[2026-09-03T09:25:34.598Z WARN  gresse::replica] replica 178842683849158801 deferred pull request to peer 178842683956182202: channel closed
[2026-09-03T09:25:36.599Z WARN  gresse::replica] replica 178842683849158801 deferred pull request to peer 178842684114093202: channel closed
[2026-09-03T09:25:37.598Z WARN  gresse::network] peer connection write failed: Broken pipe (os error 32)
[2026-09-03T09:25:40.598Z WARN  gresse::network] peer connection write failed: Broken pipe (os error 32)
[2026-09-03T09:25:41.599Z WARN  gresse::network] peer connection write failed: Broken pipe (os error 32)
[2026-09-03T09:25:42.598Z WARN  gresse::replica] replica 178842683849158801 deferred pull request to peer 178842684426433101: channel closed
[2026-09-03T09:25:43.598Z WARN  gresse::network] peer connection write failed: Broken pipe (os error 32)
[2026-09-03T09:25:44.598Z WARN  gresse::replica] replica 178842683849158801 deferred pull request to peer 178842684426432102: channel closed
[2026-09-03T09:25:45.598Z WARN  gresse::replica] replica 178842683849158801 deferred pull request to peer 178842684426435101: channel closed
[2026-09-03T09:25:48.598Z WARN  gresse::replica] replica 178842683849158801 deferred pull request to peer 178842684286997602: channel closed
[2026-09-03T09:25:50.598Z WARN  gresse::replica] replica 178842683849158801 deferred pull request to peer 178842684286995601: channel closed
[2026-09-03T09:25:53.598Z WARN  gresse::network] peer connection write failed: Broken pipe (os error 32)
[2026-09-03T09:25:54.598Z WARN  gresse::network] peer connection write failed: Broken pipe (os error 32)
[2026-09-03T09:25:55.600Z WARN  gresse::network] peer connection write failed: Broken pipe (os error 32)
[2026-09-03T09:25:57.600Z WARN  gresse::replica] replica 178842683849158801 deferred pull request to peer 178842684286996602: channel closed
[2026-09-03T09:25:59.683Z WARN  gresse::replica] replica 178842683849158801 deferred pull request to peer 178842684286993601: channel closed
[2026-09-03T09:25:59.683Z INFO  gresse::replica] replica 178842683849158801 observed shutdown descriptor for replica 178842683956181201 with final counter Some(1613)
[2026-09-03T09:25:59.849Z INFO  gresse::replica] replica 178842683849158801 observed shutdown descriptor for replica 178842683956182202 with final counter Some(841)
[2026-09-03T09:25:59.919Z INFO  gresse::replica] replica 178842683849158801 observed shutdown descriptor for replica 178842683956183202 with final counter Some(840)
[2026-09-03T09:26:01.598Z WARN  gresse::replica] replica 178842683849158801 deferred pull request to peer 178842684286994601: channel closed
[2026-09-03T09:26:10.598Z WARN  gresse::replica] replica 178842683849158801 deferred pull request to peer 178842684114092202: channel closed
[2026-09-03T09:26:15.599Z WARN  gresse::network] peer connection write failed: Broken pipe (os error 32)
[2026-09-03T09:26:17.598Z WARN  gresse::replica] replica 178842683849158801 deferred pull request to peer 178842684114091201: channel closed
[2026-09-03T09:26:20.598Z WARN  gresse::network] peer connection write failed: Broken pipe (os error 32)
[2026-09-03T09:26:26.598Z WARN  gresse::replica] replica 178842683849158801 deferred pull request to peer 178842683956185201: channel closed
[2026-09-03T09:26:58.696Z INFO  gresse::network] replica 178842683849158801 registered bidirectional network channel for replica 178842683956181203
[2026-09-03T09:26:58.696Z INFO  gresse::replica] replica 178842683849158801 established peer replication connection with replica 178842683956181203
[2026-09-03T09:26:59.313Z INFO  gresse::network] replica 178842683849158801 registered bidirectional network channel for replica 178842683956182203
[2026-09-03T09:26:59.314Z INFO  gresse::replica] replica 178842683849158801 established peer replication connection with replica 178842683956182203
[2026-09-03T09:26:59.566Z INFO  gresse::network] replica 178842683849158801 discovered network member NetworkMember { pid: 178842683956183203, address: 52.59.198.67:19082, final_counter: None }
[2026-09-03T09:26:59.796Z INFO  gresse::network] replica 178842683849158801 registered bidirectional network channel for replica 178842683956183203
[2026-09-03T09:26:59.797Z INFO  gresse::replica] replica 178842683849158801 established peer replication connection with replica 178842683956183203
[2026-09-03T09:27:59.561Z INFO  gresse::replica] replica 178842683849158801 observed shutdown descriptor for replica 178842684114091201 with final counter Some(1583)
[2026-09-03T09:27:59.645Z INFO  gresse::replica] replica 178842683849158801 observed shutdown descriptor for replica 178842684114092202 with final counter Some(869)
[2026-09-03T09:28:04.563Z INFO  gresse::replica] replica 178842683849158801 observed shutdown descriptor for replica 178842684114093202 with final counter Some(870)
[2026-09-03T09:28:58.901Z INFO  gresse::network] replica 178842683849158801 registered bidirectional network channel for replica 178842684114091203
[2026-09-03T09:28:58.901Z INFO  gresse::replica] replica 178842683849158801 established peer replication connection with replica 178842684114091203
[2026-09-03T09:28:59.575Z INFO  gresse::network] replica 178842683849158801 discovered network member NetworkMember { pid: 178842684114092203, address: 34.246.191.174:19082, final_counter: None }
[2026-09-03T09:28:59.642Z INFO  gresse::network] replica 178842683849158801 registered bidirectional network channel for replica 178842684114092203
[2026-09-03T09:28:59.642Z INFO  gresse::replica] replica 178842683849158801 established peer replication connection with replica 178842684114092203
[2026-09-03T09:29:00.683Z INFO  gresse::network] replica 178842683849158801 registered bidirectional network channel for replica 178842684114093203
[2026-09-03T09:29:00.683Z INFO  gresse::replica] replica 178842683849158801 established peer replication connection with replica 178842684114093203
[2026-09-03T09:29:51.599Z WARN  gresse::network] peer connection write failed: Broken pipe (os error 32)
[2026-09-03T09:29:53.599Z WARN  gresse::replica] replica 178842683849158801 deferred pull request to peer 178842684114092203: channel closed
[2026-09-03T09:29:59.573Z INFO  gresse::replica] replica 178842683849158801 observed shutdown descriptor for replica 178842684286995601 with final counter Some(1775)
[2026-09-03T09:29:59.676Z INFO  gresse::replica] replica 178842683849158801 observed shutdown descriptor for replica 178842684286996602 with final counter Some(921)
[2026-09-03T09:29:59.782Z INFO  gresse::replica] replica 178842683849158801 observed shutdown descriptor for replica 178842684286997602 with final counter Some(920)
[2026-09-03T09:30:59.498Z INFO  gresse::network] replica 178842683849158801 registered bidirectional network channel for replica 178842684286995603
[2026-09-03T09:30:59.498Z INFO  gresse::replica] replica 178842683849158801 established peer replication connection with replica 178842684286995603
[2026-09-03T09:31:00.320Z INFO  gresse::network] replica 178842683849158801 registered bidirectional network channel for replica 178842684286996603
[2026-09-03T09:31:00.320Z INFO  gresse::replica] replica 178842683849158801 established peer replication connection with replica 178842684286996603
[2026-09-03T09:31:01.142Z INFO  gresse::network] replica 178842683849158801 registered bidirectional network channel for replica 178842684286997603
[2026-09-03T09:31:01.142Z INFO  gresse::replica] replica 178842683849158801 established peer replication connection with replica 178842684286997603
[2026-09-03T09:31:59.582Z INFO  gresse::replica] replica 178842683849158801 observed shutdown descriptor for replica 178842683849154803 with final counter Some(843)
[2026-09-03T09:31:59.812Z INFO  gresse::replica] replica 178842683849158801 observed shutdown descriptor for replica 178842684426435101 with final counter Some(2068)
[2026-09-03T09:32:00.139Z INFO  gresse::replica] replica 178842683849158801 observed shutdown descriptor for replica 178842684426436102 with final counter Some(1021)
[2026-09-03T09:32:03.598Z WARN  gresse::network] peer connection write failed: Broken pipe (os error 32)
[2026-09-03T09:32:04.598Z WARN  gresse::replica] replica 178842683849158801 deferred pull request to peer 178842683849156802: channel closed
[2026-09-03T09:32:09.599Z WARN  gresse::network] peer connection write failed: Broken pipe (os error 32)
[2026-09-03T09:32:10.598Z WARN  gresse::replica] replica 178842683849158801 deferred pull request to peer 178842683849155803: channel closed
[2026-09-03T09:32:11.599Z WARN  gresse::network] peer connection write failed: Broken pipe (os error 32)
[2026-09-03T09:32:23.598Z WARN  gresse::replica] replica 178842683849158801 deferred pull request to peer 178842683849157801: channel closed
[2026-09-03T09:32:58.830Z INFO  gresse::network] replica 178842683849158801 registered bidirectional network channel for replica 178842683849154804
[2026-09-03T09:32:58.830Z INFO  gresse::replica] replica 178842683849158801 established peer replication connection with replica 178842683849154804
[2026-09-03T09:32:58.864Z INFO  gresse::replica] replica 178842683849158801 established peer replication connection with replica 178842684426435103
[2026-09-03T09:32:58.864Z INFO  gresse::network] replica 178842683849158801 registered bidirectional network channel for replica 178842684426435103
[2026-09-03T09:32:59.563Z INFO  gresse::network] replica 178842683849158801 discovered network member NetworkMember { pid: 178842684426436103, address: 13.38.47.15:19084, final_counter: None }
[2026-09-03T09:32:59.626Z INFO  gresse::network] replica 178842683849158801 registered bidirectional network channel for replica 178842684426436103
[2026-09-03T09:32:59.626Z INFO  gresse::replica] replica 178842683849158801 established peer replication connection with replica 178842684426436103
[2026-09-03T09:33:58.095Z INFO  gresse::replica] shutdown signal received for replica 178842683849158801
[2026-09-03T09:33:58.095Z INFO  gresse::replica] replica 178842683849158801 shutting down with 12 connected writers
[2026-09-03T09:33:58.275Z INFO  gresse::http_server] http server received shutdown signal
[2026-09-03T09:33:58.275Z INFO  gresse::http_server] http server shutdown complete
