[2026-09-03T09:53:02.505Z INFO  gresse::http_server] running CRDT HTTP server
[2026-09-03T09:53:02.505Z INFO  gresse::http_server] listening for HTTP on 0.0.0.0:18083
[2026-09-03T09:53:02.539Z INFO  gresse::replica] replica 178842684114093203 initiating runtime at bind_http=0.0.0.0:18083 bind_internal=0.0.0.0:19083 advertised_internal=34.246.191.174:19083
[2026-09-03T09:53:02.692Z INFO  gresse::object_storage] object storage connection established: backend=s3, bucket=gresse-geo-035351467464-20260903085118-6fb999, region=eu-north-1, endpoint=AWS default endpoint resolution, first_operation=put-create, object_path=acm-sec-geo-churn-20260903T091329Z-d96b4f84/membership/178842684114093203,34.246.191.174:19083,24
[2026-09-03T09:53:02.808Z INFO  gresse::replica] replica 178842684114093203 restored local state from durability journal before startup
[2026-09-03T09:53:02.808Z INFO  gresse::replica] replica 178842684114093203 discovered 166 membership descriptors during init
[2026-09-03T09:53:02.808Z INFO  gresse::replica] replica 178842684114093203 startup completed
[2026-09-03T09:53:02.809Z INFO  gresse::network] replica 178842684114093203 discovered network member NetworkMember { pid: 178842683849154804, address: 13.53.121.51:19080, final_counter: None }
[2026-09-03T09:53:02.809Z INFO  gresse::network] replica 178842684114093203 discovered network member NetworkMember { pid: 178842683849155803, address: 13.53.121.51:19081, final_counter: None }
[2026-09-03T09:53:02.809Z INFO  gresse::network] replica 178842684114093203 discovered network member NetworkMember { pid: 178842683849156806, address: 13.53.121.51:19082, final_counter: None }
[2026-09-03T09:53:02.809Z INFO  gresse::network] replica 178842684114093203 discovered network member NetworkMember { pid: 178842683849157806, address: 13.53.121.51:19083, final_counter: None }
[2026-09-03T09:53:02.809Z INFO  gresse::network] replica 178842684114093203 discovered network member NetworkMember { pid: 178842683849158806, address: 13.53.121.51:19084, final_counter: None }
[2026-09-03T09:53:02.809Z INFO  gresse::network] replica 178842684114093203 discovered network member NetworkMember { pid: 178842683956181205, address: 52.59.198.67:19080, final_counter: None }
[2026-09-03T09:53:02.809Z INFO  gresse::network] replica 178842684114093203 discovered network member NetworkMember { pid: 178842683956182204, address: 52.59.198.67:19081, final_counter: None }
[2026-09-03T09:53:02.809Z INFO  gresse::network] replica 178842684114093203 discovered network member NetworkMember { pid: 178842683956183203, address: 52.59.198.67:19082, final_counter: None }
[2026-09-03T09:53:02.809Z INFO  gresse::network] replica 178842684114093203 discovered network member NetworkMember { pid: 178842683956184206, address: 52.59.198.67:19083, final_counter: None }
[2026-09-03T09:53:02.809Z INFO  gresse::network] replica 178842684114093203 discovered network member NetworkMember { pid: 178842683956185206, address: 52.59.198.67:19084, final_counter: None }
[2026-09-03T09:53:02.809Z INFO  gresse::network] replica 178842684114093203 discovered network member NetworkMember { pid: 178842684114090206, address: 34.246.191.174:19080, final_counter: None }
[2026-09-03T09:53:02.809Z INFO  gresse::network] replica 178842684114093203 discovered network member NetworkMember { pid: 178842684114091205, address: 34.246.191.174:19081, final_counter: None }
[2026-09-03T09:53:02.809Z INFO  gresse::network] replica 178842684114093203 discovered network member NetworkMember { pid: 178842684114092204, address: 34.246.191.174:19082, final_counter: None }
[2026-09-03T09:53:02.809Z INFO  gresse::network] replica 178842684114093203 discovered network member NetworkMember { pid: 178842684114094202, address: 34.246.191.174:19084, final_counter: None }
[2026-09-03T09:53:02.809Z INFO  gresse::network] replica 178842684114093203 discovered network member NetworkMember { pid: 178842684286993605, address: 35.179.101.242:19080, final_counter: None }
[2026-09-03T09:53:02.809Z INFO  gresse::network] replica 178842684114093203 discovered network member NetworkMember { pid: 178842684286994605, address: 35.179.101.242:19081, final_counter: None }
[2026-09-03T09:53:02.809Z INFO  gresse::network] replica 178842684114093203 discovered network member NetworkMember { pid: 178842684286995605, address: 35.179.101.242:19082, final_counter: None }
[2026-09-03T09:53:02.809Z INFO  gresse::network] replica 178842684114093203 discovered network member NetworkMember { pid: 178842684286996604, address: 35.179.101.242:19083, final_counter: None }
[2026-09-03T09:53:02.809Z INFO  gresse::network] replica 178842684114093203 discovered network member NetworkMember { pid: 178842684286997603, address: 35.179.101.242:19084, final_counter: None }
[2026-09-03T09:53:02.809Z INFO  gresse::network] replica 178842684114093203 discovered network member NetworkMember { pid: 178842684426432102, address: 13.38.47.15:19080, final_counter: None }
[2026-09-03T09:53:02.809Z INFO  gresse::network] replica 178842684114093203 discovered network member NetworkMember { pid: 178842684426433105, address: 13.38.47.15:19081, final_counter: None }
[2026-09-03T09:53:02.809Z INFO  gresse::network] replica 178842684114093203 discovered network member NetworkMember { pid: 178842684426434105, address: 13.38.47.15:19082, final_counter: None }
[2026-09-03T09:53:02.809Z INFO  gresse::network] replica 178842684114093203 discovered network member NetworkMember { pid: 178842684426435105, address: 13.38.47.15:19083, final_counter: None }
[2026-09-03T09:53:02.809Z INFO  gresse::network] replica 178842684114093203 discovered network member NetworkMember { pid: 178842684426436104, address: 13.38.47.15:19084, final_counter: None }
[2026-09-03T09:53:02.809Z INFO  gresse::network] replica 178842684114093203 registered bidirectional network channel for replica 178842684114090206
[2026-09-03T09:53:02.810Z INFO  gresse::replica] replica 178842684114093203 established peer replication connection with replica 178842684114090206
[2026-09-03T09:53:02.810Z INFO  gresse::network] replica 178842684114093203 registered bidirectional network channel for replica 178842684114091205
[2026-09-03T09:53:02.810Z INFO  gresse::replica] replica 178842684114093203 established peer replication connection with replica 178842684114091205
[2026-09-03T09:53:02.810Z INFO  gresse::network] replica 178842684114093203 registered bidirectional network channel for replica 178842684114094202
[2026-09-03T09:53:02.810Z INFO  gresse::replica] replica 178842684114093203 established peer replication connection with replica 178842684114094202
[2026-09-03T09:53:02.810Z INFO  gresse::network] replica 178842684114093203 registered bidirectional network channel for replica 178842684114092204
[2026-09-03T09:53:02.810Z INFO  gresse::replica] replica 178842684114093203 established peer replication connection with replica 178842684114092204
[2026-09-03T09:53:02.828Z INFO  gresse::network] replica 178842684114093203 registered bidirectional network channel for replica 178842684286993605
[2026-09-03T09:53:02.828Z INFO  gresse::network] replica 178842684114093203 registered bidirectional network channel for replica 178842684286995605
[2026-09-03T09:53:02.828Z INFO  gresse::replica] replica 178842684114093203 established peer replication connection with replica 178842684286993605
[2026-09-03T09:53:02.828Z INFO  gresse::replica] replica 178842684114093203 established peer replication connection with replica 178842684286995605
[2026-09-03T09:53:02.828Z INFO  gresse::network] replica 178842684114093203 registered bidirectional network channel for replica 178842684286994605
[2026-09-03T09:53:02.828Z INFO  gresse::replica] replica 178842684114093203 established peer replication connection with replica 178842684286994605
[2026-09-03T09:53:02.828Z INFO  gresse::replica] replica 178842684114093203 established peer replication connection with replica 178842684286997603
[2026-09-03T09:53:02.828Z INFO  gresse::network] replica 178842684114093203 registered bidirectional network channel for replica 178842684286997603
[2026-09-03T09:53:02.829Z INFO  gresse::network] replica 178842684114093203 registered bidirectional network channel for replica 178842684286996604
[2026-09-03T09:53:02.829Z INFO  gresse::replica] replica 178842684114093203 established peer replication connection with replica 178842684286996604
[2026-09-03T09:53:02.843Z INFO  gresse::replica] replica 178842684114093203 established peer replication connection with replica 178842684426433105
[2026-09-03T09:53:02.843Z INFO  gresse::network] replica 178842684114093203 registered bidirectional network channel for replica 178842684426433105
[2026-09-03T09:53:02.843Z INFO  gresse::network] replica 178842684114093203 registered bidirectional network channel for replica 178842684426436104
[2026-09-03T09:53:02.843Z INFO  gresse::replica] replica 178842684114093203 established peer replication connection with replica 178842684426436104
[2026-09-03T09:53:02.843Z INFO  gresse::network] replica 178842684114093203 registered bidirectional network channel for replica 178842684426432102
[2026-09-03T09:53:02.843Z INFO  gresse::replica] replica 178842684114093203 established peer replication connection with replica 178842684426432102
[2026-09-03T09:53:02.843Z INFO  gresse::network] replica 178842684114093203 registered bidirectional network channel for replica 178842684426434105
[2026-09-03T09:53:02.843Z INFO  gresse::replica] replica 178842684114093203 established peer replication connection with replica 178842684426434105
[2026-09-03T09:53:02.843Z INFO  gresse::network] replica 178842684114093203 registered bidirectional network channel for replica 178842684426435105
[2026-09-03T09:53:02.843Z INFO  gresse::replica] replica 178842684114093203 established peer replication connection with replica 178842684426435105
[2026-09-03T09:53:02.848Z INFO  gresse::network] replica 178842684114093203 registered bidirectional network channel for replica 178842683956183203
[2026-09-03T09:53:02.848Z INFO  gresse::replica] replica 178842684114093203 established peer replication connection with replica 178842683956183203
[2026-09-03T09:53:02.848Z INFO  gresse::network] replica 178842684114093203 registered bidirectional network channel for replica 178842683956185206
[2026-09-03T09:53:02.848Z INFO  gresse::replica] replica 178842684114093203 established peer replication connection with replica 178842683956185206
[2026-09-03T09:53:02.849Z INFO  gresse::network] replica 178842684114093203 registered bidirectional network channel for replica 178842683956182204
[2026-09-03T09:53:02.849Z INFO  gresse::replica] replica 178842684114093203 established peer replication connection with replica 178842683956182204
[2026-09-03T09:53:02.849Z INFO  gresse::replica] replica 178842684114093203 established peer replication connection with replica 178842683956184206
[2026-09-03T09:53:02.849Z INFO  gresse::network] replica 178842684114093203 registered bidirectional network channel for replica 178842683956184206
[2026-09-03T09:53:02.849Z INFO  gresse::network] replica 178842684114093203 registered bidirectional network channel for replica 178842683956181205
[2026-09-03T09:53:02.849Z INFO  gresse::replica] replica 178842684114093203 established peer replication connection with replica 178842683956181205
[2026-09-03T09:53:02.894Z INFO  gresse::replica] replica 178842684114093203 established peer replication connection with replica 178842683849155803
[2026-09-03T09:53:02.894Z INFO  gresse::network] replica 178842684114093203 registered bidirectional network channel for replica 178842683849155803
[2026-09-03T09:53:02.894Z INFO  gresse::network] replica 178842684114093203 registered bidirectional network channel for replica 178842683849158806
[2026-09-03T09:53:02.894Z INFO  gresse::network] replica 178842684114093203 registered bidirectional network channel for replica 178842683849156806
[2026-09-03T09:53:02.894Z INFO  gresse::network] replica 178842684114093203 registered bidirectional network channel for replica 178842683849154804
[2026-09-03T09:53:02.894Z INFO  gresse::replica] replica 178842684114093203 established peer replication connection with replica 178842683849158806
[2026-09-03T09:53:02.894Z INFO  gresse::network] replica 178842684114093203 registered bidirectional network channel for replica 178842683849157806
[2026-09-03T09:53:02.894Z INFO  gresse::replica] replica 178842684114093203 established peer replication connection with replica 178842683849156806
[2026-09-03T09:53:02.894Z INFO  gresse::replica] replica 178842684114093203 established peer replication connection with replica 178842683849154804
[2026-09-03T09:53:02.894Z INFO  gresse::replica] replica 178842684114093203 established peer replication connection with replica 178842683849157806
[2026-09-03T09:53:07.613Z INFO  gresse::replica] replica 178842684114093203 observed shutdown descriptor for replica 178842683956184202 with final counter Some(3797)
[2026-09-03T09:53:08.158Z INFO  gresse::replica] replica 178842684114093203 observed shutdown descriptor for replica 178842683956185205 with final counter Some(1027)
[2026-09-03T09:53:08.449Z INFO  gresse::replica] replica 178842684114093203 observed shutdown descriptor for replica 178842684114090205 with final counter Some(852)
[2026-09-03T09:53:08.758Z WARN  gresse::network] peer connection write failed: Broken pipe (os error 32)
[2026-09-03T09:53:16.809Z WARN  gresse::network] peer connection write failed: Broken pipe (os error 32)
[2026-09-03T09:53:21.809Z WARN  gresse::replica] replica 178842684114093203 deferred pull request to peer 178842683956183203: channel closed
[2026-09-03T09:53:22.809Z WARN  gresse::network] peer connection write failed: Broken pipe (os error 32)
[2026-09-03T09:53:23.809Z WARN  gresse::network] peer connection write failed: Broken pipe (os error 32)
[2026-09-03T09:53:24.809Z WARN  gresse::network] peer connection write failed: Broken pipe (os error 32)
[2026-09-03T09:53:25.809Z WARN  gresse::replica] replica 178842684114093203 deferred pull request to peer 178842683956181205: channel closed
[2026-09-03T09:53:27.810Z WARN  gresse::network] peer connection write failed: Broken pipe (os error 32)
[2026-09-03T09:53:28.809Z WARN  gresse::replica] replica 178842684114093203 deferred pull request to peer 178842684114094202: channel closed
[2026-09-03T09:53:29.810Z WARN  gresse::network] peer connection write failed: Broken pipe (os error 32)
[2026-09-03T09:53:32.810Z WARN  gresse::network] peer connection write failed: Broken pipe (os error 32)
[2026-09-03T09:53:33.809Z WARN  gresse::network] peer connection write failed: Broken pipe (os error 32)
[2026-09-03T09:53:34.809Z WARN  gresse::network] peer connection write failed: Broken pipe (os error 32)
[2026-09-03T09:53:36.810Z WARN  gresse::replica] replica 178842684114093203 deferred pull request to peer 178842684426435105: channel closed
[2026-09-03T09:53:41.810Z WARN  gresse::network] peer connection write failed: Broken pipe (os error 32)
[2026-09-03T09:53:42.809Z WARN  gresse::network] peer connection write failed: Broken pipe (os error 32)
[2026-09-03T09:53:44.810Z WARN  gresse::network] peer connection write failed: Broken pipe (os error 32)
[2026-09-03T09:53:45.809Z WARN  gresse::replica] replica 178842684114093203 deferred pull request to peer 178842683849158806: channel closed
[2026-09-03T09:53:46.809Z WARN  gresse::replica] replica 178842684114093203 deferred pull request to peer 178842683956182204: channel closed
[2026-09-03T09:53:47.810Z WARN  gresse::replica] replica 178842684114093203 deferred pull request to peer 178842684286995605: channel closed
[2026-09-03T09:53:49.810Z WARN  gresse::replica] replica 178842684114093203 deferred pull request to peer 178842684286993605: channel closed
[2026-09-03T09:53:50.810Z WARN  gresse::replica] replica 178842684114093203 deferred pull request to peer 178842684426433105: channel closed
[2026-09-03T09:53:51.810Z WARN  gresse::network] peer connection write failed: Broken pipe (os error 32)
[2026-09-03T09:53:53.809Z WARN  gresse::network] peer connection write failed: Broken pipe (os error 32)
[2026-09-03T09:53:54.810Z WARN  gresse::network] peer connection write failed: Broken pipe (os error 32)
[2026-09-03T09:53:55.809Z WARN  gresse::replica] replica 178842684114093203 deferred pull request to peer 178842684286994605: channel closed
[2026-09-03T09:53:56.809Z WARN  gresse::replica] replica 178842684114093203 deferred pull request to peer 178842684426436104: channel closed
[2026-09-03T09:53:57.809Z WARN  gresse::replica] replica 178842684114093203 deferred pull request to peer 178842684426432102: channel closed
[2026-09-03T09:53:58.809Z WARN  gresse::network] peer connection write failed: Broken pipe (os error 32)
[2026-09-03T09:53:59.809Z WARN  gresse::replica] replica 178842684114093203 deferred pull request to peer 178842684426434105: channel closed
[2026-09-03T09:54:02.609Z INFO  gresse::replica] replica 178842684114093203 observed shutdown descriptor for replica 178842684114094202 with final counter Some(4097)
[2026-09-03T09:54:02.969Z INFO  gresse::replica] replica 178842684114093203 observed shutdown descriptor for replica 178842684286993605 with final counter Some(855)
[2026-09-03T09:54:03.296Z INFO  gresse::replica] replica 178842684114093203 observed shutdown descriptor for replica 178842684286994605 with final counter Some(842)
[2026-09-03T09:54:05.810Z WARN  gresse::replica] replica 178842684114093203 deferred pull request to peer 178842683849155803: channel closed
[2026-09-03T09:54:07.810Z WARN  gresse::network] peer connection write failed: Broken pipe (os error 32)
[2026-09-03T09:54:10.810Z WARN  gresse::replica] replica 178842684114093203 deferred pull request to peer 178842684286997603: channel closed
[2026-09-03T09:54:12.809Z WARN  gresse::replica] replica 178842684114093203 deferred pull request to peer 178842684286996604: channel closed
[2026-09-03T09:54:16.810Z WARN  gresse::replica] replica 178842684114093203 deferred pull request to peer 178842683849157806: channel closed
[2026-09-03T09:54:17.810Z WARN  gresse::replica] replica 178842684114093203 deferred pull request to peer 178842683849156806: channel closed
[2026-09-03T09:54:59.376Z INFO  gresse::network] replica 178842684114093203 registered bidirectional network channel for replica 178842684114094206
[2026-09-03T09:54:59.376Z INFO  gresse::replica] replica 178842684114093203 established peer replication connection with replica 178842684114094206
[2026-09-03T09:54:59.428Z INFO  gresse::network] replica 178842684114093203 registered bidirectional network channel for replica 178842684286993606
[2026-09-03T09:54:59.428Z INFO  gresse::replica] replica 178842684114093203 established peer replication connection with replica 178842684286993606
[2026-09-03T09:55:00.018Z INFO  gresse::network] replica 178842684114093203 registered bidirectional network channel for replica 178842684286994606
[2026-09-03T09:55:00.018Z INFO  gresse::replica] replica 178842684114093203 established peer replication connection with replica 178842684286994606
[2026-09-03T09:56:02.601Z INFO  gresse::replica] replica 178842684114093203 observed shutdown descriptor for replica 178842684426432102 with final counter Some(4372)
[2026-09-03T09:56:02.854Z INFO  gresse::replica] replica 178842684114093203 observed shutdown descriptor for replica 178842684426433105 with final counter Some(842)
[2026-09-03T09:56:03.102Z INFO  gresse::replica] replica 178842684114093203 observed shutdown descriptor for replica 178842684426434105 with final counter Some(839)
[2026-09-03T09:56:58.997Z INFO  gresse::network] replica 178842684114093203 registered bidirectional network channel for replica 178842684426432106
[2026-09-03T09:56:58.997Z INFO  gresse::replica] replica 178842684114093203 established peer replication connection with replica 178842684426432106
[2026-09-03T09:56:59.851Z INFO  gresse::network] replica 178842684114093203 registered bidirectional network channel for replica 178842684426433106
[2026-09-03T09:56:59.851Z INFO  gresse::replica] replica 178842684114093203 established peer replication connection with replica 178842684426433106
[2026-09-03T09:57:00.787Z INFO  gresse::network] replica 178842684114093203 registered bidirectional network channel for replica 178842684426434106
[2026-09-03T09:57:00.787Z INFO  gresse::replica] replica 178842684114093203 established peer replication connection with replica 178842684426434106
[2026-09-03T09:58:02.644Z INFO  gresse::replica] replica 178842684114093203 observed shutdown descriptor for replica 178842683849155803 with final counter Some(3906)
[2026-09-03T09:58:03.096Z INFO  gresse::replica] replica 178842684114093203 observed shutdown descriptor for replica 178842683849156806 with final counter Some(870)
[2026-09-03T09:58:03.320Z INFO  gresse::replica] replica 178842684114093203 observed shutdown descriptor for replica 178842683849157806 with final counter Some(867)
[2026-09-03T09:58:59.042Z INFO  gresse::network] replica 178842684114093203 registered bidirectional network channel for replica 178842683849155807
[2026-09-03T09:58:59.042Z INFO  gresse::replica] replica 178842684114093203 established peer replication connection with replica 178842683849155807
[2026-09-03T09:58:59.969Z INFO  gresse::network] replica 178842684114093203 registered bidirectional network channel for replica 178842683849156807
[2026-09-03T09:58:59.969Z INFO  gresse::replica] replica 178842684114093203 established peer replication connection with replica 178842683849156807
[2026-09-03T09:59:00.950Z INFO  gresse::network] replica 178842684114093203 registered bidirectional network channel for replica 178842683849157807
[2026-09-03T09:59:00.950Z INFO  gresse::replica] replica 178842684114093203 established peer replication connection with replica 178842683849157807
[2026-09-03T10:00:01.810Z WARN  gresse::network] peer connection write failed: Broken pipe (os error 32)
[2026-09-03T10:00:02.601Z INFO  gresse::replica] replica 178842684114093203 observed shutdown descriptor for replica 178842683956183203 with final counter Some(3772)
[2026-09-03T10:00:02.886Z INFO  gresse::replica] replica 178842684114093203 observed shutdown descriptor for replica 178842683956184206 with final counter Some(924)
[2026-09-03T10:00:03.189Z INFO  gresse::replica] replica 178842684114093203 observed shutdown descriptor for replica 178842683956185206 with final counter Some(917)
[2026-09-03T10:00:05.809Z WARN  gresse::network] peer connection write failed: Broken pipe (os error 32)
[2026-09-03T10:00:23.809Z WARN  gresse::replica] replica 178842684114093203 deferred pull request to peer 178842684114092204: channel closed
[2026-09-03T10:00:26.810Z WARN  gresse::network] peer connection write failed: Broken pipe (os error 32)
[2026-09-03T10:00:34.810Z WARN  gresse::network] peer connection write failed: Broken pipe (os error 32)
[2026-09-03T10:00:38.809Z WARN  gresse::replica] replica 178842684114093203 deferred pull request to peer 178842684114091205: channel closed
[2026-09-03T10:00:50.809Z WARN  gresse::replica] replica 178842684114093203 deferred pull request to peer 178842684114090206: channel closed
[2026-09-03T10:00:59.151Z INFO  gresse::network] replica 178842684114093203 registered bidirectional network channel for replica 178842683956183207
[2026-09-03T10:00:59.151Z INFO  gresse::replica] replica 178842684114093203 established peer replication connection with replica 178842683956183207
[2026-09-03T10:01:00.326Z INFO  gresse::network] replica 178842684114093203 registered bidirectional network channel for replica 178842683956184207
[2026-09-03T10:01:00.326Z INFO  gresse::replica] replica 178842684114093203 established peer replication connection with replica 178842683956184207
[2026-09-03T10:01:01.358Z INFO  gresse::network] replica 178842684114093203 registered bidirectional network channel for replica 178842683956185207
[2026-09-03T10:01:01.358Z INFO  gresse::replica] replica 178842684114093203 established peer replication connection with replica 178842683956185207
[2026-09-03T10:01:58.002Z INFO  gresse::replica] shutdown signal received for replica 178842684114093203
[2026-09-03T10:01:58.002Z INFO  gresse::replica] replica 178842684114093203 shutting down with 13 connected writers
[2026-09-03T10:01:58.794Z INFO  gresse::http_server] http server received shutdown signal
[2026-09-03T10:01:58.794Z INFO  gresse::http_server] http server shutdown complete
[2026-09-03T10:01:58.795Z INFO  gresse::network] network manager for replica 178842684114093203 shutdown complete
