[2026-09-01T09:53:42.032Z INFO  gresse::http_server] running CRDT HTTP server
[2026-09-01T09:53:42.032Z INFO  gresse::http_server] listening for HTTP on 0.0.0.0:18082
[2026-09-01T09:53:42.060Z INFO  gresse::replica] replica 178825481046241404 initiating runtime at bind_http=0.0.0.0:18082 bind_internal=0.0.0.0:19082 advertised_internal=13.38.41.188:19082
[2026-09-01T09:53:42.188Z INFO  gresse::object_storage] object storage connection established: backend=s3, bucket=gresse-geo-035351467464-20260901084800-ec90d0, region=eu-north-1, endpoint=AWS default endpoint resolution, first_operation=put-create, object_path=acm-sec-geo-churn-20260901T092623Z-21106dd4/membership/178825481046241404,13.38.41.188:19082,0
[2026-09-01T09:53:42.617Z INFO  gresse::replica] replica 178825481046241404 discovered 108 membership descriptors during init
[2026-09-01T09:53:42.617Z INFO  gresse::replica] replica 178825481046241404 startup completed
[2026-09-01T09:53:42.617Z INFO  gresse::network] replica 178825481046241404 discovered network member NetworkMember { pid: 178825480714263204, address: 16.170.108.158:19080, final_counter: None }
[2026-09-01T09:53:42.617Z INFO  gresse::network] replica 178825481046241404 discovered network member NetworkMember { pid: 178825480714264204, address: 16.170.108.158:19081, final_counter: None }
[2026-09-01T09:53:42.617Z INFO  gresse::network] replica 178825481046241404 discovered network member NetworkMember { pid: 178825480714265204, address: 16.170.108.158:19082, final_counter: None }
[2026-09-01T09:53:42.617Z INFO  gresse::network] replica 178825481046241404 discovered network member NetworkMember { pid: 178825480714266204, address: 16.170.108.158:19083, final_counter: None }
[2026-09-01T09:53:42.617Z INFO  gresse::network] replica 178825481046241404 discovered network member NetworkMember { pid: 178825480714267204, address: 16.170.108.158:19084, final_counter: None }
[2026-09-01T09:53:42.617Z INFO  gresse::network] replica 178825481046241404 discovered network member NetworkMember { pid: 178825480759179604, address: 3.68.220.182:19080, final_counter: None }
[2026-09-01T09:53:42.617Z INFO  gresse::network] replica 178825481046241404 discovered network member NetworkMember { pid: 178825480759180604, address: 3.68.220.182:19081, final_counter: None }
[2026-09-01T09:53:42.617Z INFO  gresse::network] replica 178825481046241404 registered bidirectional network channel for replica 178825480957157904
[2026-09-01T09:53:42.617Z INFO  gresse::network] replica 178825481046241404 registered bidirectional network channel for replica 178825480759180604
[2026-09-01T09:53:42.617Z INFO  gresse::network] replica 178825481046241404 discovered network member NetworkMember { pid: 178825480759181604, address: 3.68.220.182:19082, final_counter: None }
[2026-09-01T09:53:42.617Z INFO  gresse::network] replica 178825481046241404 discovered network member NetworkMember { pid: 178825480759182604, address: 3.68.220.182:19083, final_counter: None }
[2026-09-01T09:53:42.617Z INFO  gresse::network] replica 178825481046241404 registered bidirectional network channel for replica 178825481046239404
[2026-09-01T09:53:42.617Z INFO  gresse::network] replica 178825481046241404 discovered network member NetworkMember { pid: 178825480759183604, address: 3.68.220.182:19084, final_counter: None }
[2026-09-01T09:53:42.617Z INFO  gresse::network] replica 178825481046241404 discovered network member NetworkMember { pid: 178825480843462704, address: 34.245.195.69:19080, final_counter: None }
[2026-09-01T09:53:42.617Z INFO  gresse::network] replica 178825481046241404 discovered network member NetworkMember { pid: 178825480843463704, address: 34.245.195.69:19081, final_counter: None }
[2026-09-01T09:53:42.617Z INFO  gresse::network] replica 178825481046241404 discovered network member NetworkMember { pid: 178825480843464704, address: 34.245.195.69:19082, final_counter: None }
[2026-09-01T09:53:42.617Z INFO  gresse::network] replica 178825481046241404 discovered network member NetworkMember { pid: 178825480843465704, address: 34.245.195.69:19083, final_counter: None }
[2026-09-01T09:53:42.617Z INFO  gresse::replica] replica 178825481046241404 established peer replication connection with replica 178825480957157904
[2026-09-01T09:53:42.617Z INFO  gresse::network] replica 178825481046241404 discovered network member NetworkMember { pid: 178825480843466704, address: 34.245.195.69:19084, final_counter: None }
[2026-09-01T09:53:42.617Z INFO  gresse::network] replica 178825481046241404 discovered network member NetworkMember { pid: 178825480957158904, address: 18.130.228.25:19081, final_counter: None }
[2026-09-01T09:53:42.617Z INFO  gresse::network] replica 178825481046241404 discovered network member NetworkMember { pid: 178825480957159904, address: 18.130.228.25:19082, final_counter: None }
[2026-09-01T09:53:42.617Z INFO  gresse::network] replica 178825481046241404 discovered network member NetworkMember { pid: 178825480957160904, address: 18.130.228.25:19083, final_counter: None }
[2026-09-01T09:53:42.617Z INFO  gresse::replica] replica 178825481046241404 established peer replication connection with replica 178825480759180604
[2026-09-01T09:53:42.617Z INFO  gresse::network] replica 178825481046241404 discovered network member NetworkMember { pid: 178825480957161904, address: 18.130.228.25:19084, final_counter: None }
[2026-09-01T09:53:42.617Z INFO  gresse::replica] replica 178825481046241404 established peer replication connection with replica 178825481046239404
[2026-09-01T09:53:42.617Z INFO  gresse::network] replica 178825481046241404 discovered network member NetworkMember { pid: 178825481046240404, address: 13.38.41.188:19081, final_counter: None }
[2026-09-01T09:53:42.618Z INFO  gresse::network] replica 178825481046241404 registered bidirectional network channel for replica 178825481046240404
[2026-09-01T09:53:42.618Z INFO  gresse::replica] replica 178825481046241404 established peer replication connection with replica 178825481046240404
[2026-09-01T09:53:42.631Z INFO  gresse::network] replica 178825481046241404 registered bidirectional network channel for replica 178825480957160904
[2026-09-01T09:53:42.631Z INFO  gresse::replica] replica 178825481046241404 established peer replication connection with replica 178825480957160904
[2026-09-01T09:53:42.631Z INFO  gresse::network] replica 178825481046241404 registered bidirectional network channel for replica 178825480957158904
[2026-09-01T09:53:42.631Z INFO  gresse::replica] replica 178825481046241404 established peer replication connection with replica 178825480957158904
[2026-09-01T09:53:42.631Z INFO  gresse::network] replica 178825481046241404 registered bidirectional network channel for replica 178825480957159904
[2026-09-01T09:53:42.631Z INFO  gresse::replica] replica 178825481046241404 established peer replication connection with replica 178825480957159904
[2026-09-01T09:53:42.633Z INFO  gresse::network] replica 178825481046241404 registered bidirectional network channel for replica 178825480759182604
[2026-09-01T09:53:42.633Z INFO  gresse::replica] replica 178825481046241404 established peer replication connection with replica 178825480759182604
[2026-09-01T09:53:42.633Z INFO  gresse::network] replica 178825481046241404 registered bidirectional network channel for replica 178825480759183604
[2026-09-01T09:53:42.633Z INFO  gresse::replica] replica 178825481046241404 established peer replication connection with replica 178825480759183604
[2026-09-01T09:53:42.633Z INFO  gresse::network] replica 178825481046241404 registered bidirectional network channel for replica 178825480957161904
[2026-09-01T09:53:42.633Z INFO  gresse::replica] replica 178825481046241404 established peer replication connection with replica 178825480957161904
[2026-09-01T09:53:42.633Z INFO  gresse::network] replica 178825481046241404 registered bidirectional network channel for replica 178825480759181604
[2026-09-01T09:53:42.633Z INFO  gresse::replica] replica 178825481046241404 established peer replication connection with replica 178825480759181604
[2026-09-01T09:53:42.633Z INFO  gresse::network] replica 178825481046241404 registered bidirectional network channel for replica 178825480759179604
[2026-09-01T09:53:42.633Z INFO  gresse::replica] replica 178825481046241404 established peer replication connection with replica 178825480759179604
[2026-09-01T09:53:42.648Z WARN  gresse::network] replica 178825481046241404 peer connection attempt failed: could not connect to 16.170.108.158:19081: Connection refused (os error 111)
[2026-09-01T09:53:42.648Z WARN  gresse::network] replica 178825481046241404 peer connection attempt failed: could not connect to 16.170.108.158:19082: Connection refused (os error 111)
[2026-09-01T09:53:42.652Z INFO  gresse::network] replica 178825481046241404 registered bidirectional network channel for replica 178825480843466704
[2026-09-01T09:53:42.652Z INFO  gresse::replica] replica 178825481046241404 established peer replication connection with replica 178825480843466704
[2026-09-01T09:53:42.652Z INFO  gresse::network] replica 178825481046241404 registered bidirectional network channel for replica 178825480843464704
[2026-09-01T09:53:42.652Z INFO  gresse::replica] replica 178825481046241404 established peer replication connection with replica 178825480843464704
[2026-09-01T09:53:42.652Z INFO  gresse::network] replica 178825481046241404 registered bidirectional network channel for replica 178825480843462704
[2026-09-01T09:53:42.652Z INFO  gresse::replica] replica 178825481046241404 established peer replication connection with replica 178825480843462704
[2026-09-01T09:53:42.652Z INFO  gresse::network] replica 178825481046241404 registered bidirectional network channel for replica 178825480843465704
[2026-09-01T09:53:42.652Z INFO  gresse::replica] replica 178825481046241404 established peer replication connection with replica 178825480843465704
[2026-09-01T09:53:42.652Z INFO  gresse::network] replica 178825481046241404 registered bidirectional network channel for replica 178825480843463704
[2026-09-01T09:53:42.652Z INFO  gresse::replica] replica 178825481046241404 established peer replication connection with replica 178825480843463704
[2026-09-01T09:53:42.668Z INFO  gresse::network] replica 178825481046241404 registered bidirectional network channel for replica 178825480714263205
[2026-09-01T09:53:42.679Z INFO  gresse::network] replica 178825481046241404 registered bidirectional network channel for replica 178825480714267204
[2026-09-01T09:53:42.682Z WARN  gresse::network] replica 178825481046241404 rejected peer handshake: expected 178825480714263204, received 178825480714263205
[2026-09-01T09:53:42.682Z INFO  gresse::network] replica 178825481046241404 registered bidirectional network channel for replica 178825480714266204
[2026-09-01T09:53:43.243Z INFO  gresse::network] replica 178825481046241404 registered bidirectional network channel for replica 178825480714264205
[2026-09-01T09:53:43.328Z INFO  gresse::network] replica 178825481046241404 registered bidirectional network channel for replica 178825481046242404
[2026-09-01T09:53:43.912Z INFO  gresse::network] replica 178825481046241404 registered bidirectional network channel for replica 178825480714265205
[2026-09-01T09:53:44.081Z INFO  gresse::replica] replica 178825481046241404 established peer replication connection with replica 178825480714263205
[2026-09-01T09:53:44.081Z INFO  gresse::replica] replica 178825481046241404 established peer replication connection with replica 178825480714267204
[2026-09-01T09:53:44.081Z INFO  gresse::replica] replica 178825481046241404 established peer replication connection with replica 178825480714266204
[2026-09-01T09:53:44.081Z INFO  gresse::replica] replica 178825481046241404 established peer replication connection with replica 178825480714264205
[2026-09-01T09:53:44.081Z INFO  gresse::replica] replica 178825481046241404 established peer replication connection with replica 178825481046242404
[2026-09-01T09:53:44.081Z INFO  gresse::replica] replica 178825481046241404 established peer replication connection with replica 178825480714265205
[2026-09-01T09:53:44.089Z INFO  gresse::network] replica 178825481046241404 registered bidirectional network channel for replica 178825481046243404
[2026-09-01T09:53:44.089Z INFO  gresse::replica] replica 178825481046241404 established peer replication connection with replica 178825481046243404
[2026-09-01T09:53:47.112Z INFO  gresse::replica] replica 178825481046241404 observed shutdown descriptor for replica 178825480714267203 with final counter Some(1557)
[2026-09-01T09:53:47.310Z INFO  gresse::replica] replica 178825481046241404 observed shutdown descriptor for replica 178825480759179603 with final counter Some(846)
[2026-09-01T09:53:47.517Z INFO  gresse::replica] replica 178825481046241404 observed shutdown descriptor for replica 178825480759180603 with final counter Some(840)
[2026-09-01T09:53:47.723Z INFO  gresse::replica] replica 178825481046241404 observed shutdown descriptor for replica 178825480843462703 with final counter Some(1555)
[2026-09-01T09:53:47.993Z INFO  gresse::replica] replica 178825481046241404 observed shutdown descriptor for replica 178825480843463703 with final counter Some(843)
[2026-09-01T09:53:48.318Z INFO  gresse::replica] replica 178825481046241404 observed shutdown descriptor for replica 178825480843464703 with final counter Some(840)
[2026-09-01T09:53:48.770Z INFO  gresse::replica] replica 178825481046241404 observed shutdown descriptor for replica 178825480957158903 with final counter Some(1286)
[2026-09-01T09:53:49.168Z INFO  gresse::replica] replica 178825481046241404 observed shutdown descriptor for replica 178825480957159903 with final counter Some(870)
[2026-09-01T09:53:49.664Z INFO  gresse::replica] replica 178825481046241404 observed shutdown descriptor for replica 178825480957160903 with final counter Some(869)
[2026-09-01T09:53:50.171Z INFO  gresse::replica] replica 178825481046241404 observed shutdown descriptor for replica 178825481046241403 with final counter Some(1235)
[2026-09-01T09:53:50.786Z INFO  gresse::replica] replica 178825481046241404 observed shutdown descriptor for replica 178825481046242403 with final counter Some(921)
[2026-09-01T09:53:51.343Z INFO  gresse::replica] replica 178825481046241404 observed shutdown descriptor for replica 178825481046243403 with final counter Some(920)
[2026-09-01T09:54:05.618Z WARN  gresse::network] peer connection write failed: Broken pipe (os error 32)
[2026-09-01T09:54:24.618Z WARN  gresse::replica] replica 178825481046241404 deferred pull request to peer 178825480714263205: channel closed
[2026-09-01T09:54:47.762Z INFO  gresse::replica] replica 178825481046241404 observed shutdown descriptor for replica 178825480714266204 with final counter Some(1287)
[2026-09-01T09:54:48.346Z INFO  gresse::replica] replica 178825481046241404 observed shutdown descriptor for replica 178825480714267204 with final counter Some(1022)
[2026-09-01T09:54:48.704Z INFO  gresse::replica] replica 178825481046241404 observed shutdown descriptor for replica 178825480759179604 with final counter Some(846)
[2026-09-01T09:54:57.618Z WARN  gresse::network] peer connection write failed: Broken pipe (os error 32)
[2026-09-01T09:55:05.618Z WARN  gresse::replica] replica 178825481046241404 deferred pull request to peer 178825480759181604: channel closed
[2026-09-01T09:55:10.618Z WARN  gresse::network] peer connection write failed: Broken pipe (os error 32)
[2026-09-01T09:55:14.618Z WARN  gresse::replica] replica 178825481046241404 deferred pull request to peer 178825480759180604: channel closed
[2026-09-01T09:55:35.618Z WARN  gresse::network] peer connection write failed: Broken pipe (os error 32)
[2026-09-01T09:55:42.394Z INFO  gresse::network] replica 178825481046241404 registered bidirectional network channel for replica 178825480714266205
[2026-09-01T09:55:42.394Z INFO  gresse::replica] replica 178825481046241404 established peer replication connection with replica 178825480714266205
[2026-09-01T09:55:42.600Z INFO  gresse::network] replica 178825481046241404 registered bidirectional network channel for replica 178825480759179605
[2026-09-01T09:55:42.600Z INFO  gresse::replica] replica 178825481046241404 established peer replication connection with replica 178825480759179605
[2026-09-01T09:55:42.846Z INFO  gresse::network] replica 178825481046241404 registered bidirectional network channel for replica 178825480714267205
[2026-09-01T09:55:42.846Z INFO  gresse::replica] replica 178825481046241404 established peer replication connection with replica 178825480714267205
[2026-09-01T09:55:43.446Z INFO  gresse::network] replica 178825481046241404 registered bidirectional network channel for replica 178825480759180605
[2026-09-01T09:55:43.446Z INFO  gresse::replica] replica 178825481046241404 established peer replication connection with replica 178825480759180605
[2026-09-01T09:55:44.140Z INFO  gresse::network] replica 178825481046241404 registered bidirectional network channel for replica 178825480759181605
[2026-09-01T09:55:44.140Z INFO  gresse::replica] replica 178825481046241404 established peer replication connection with replica 178825480759181605
[2026-09-01T09:55:44.860Z INFO  gresse::network] replica 178825481046241404 registered bidirectional network channel for replica 178825480759182605
[2026-09-01T09:55:44.860Z INFO  gresse::replica] replica 178825481046241404 established peer replication connection with replica 178825480759182605
[2026-09-01T09:56:10.618Z WARN  gresse::replica] replica 178825481046241404 deferred pull request to peer 178825480759182604: channel closed
[2026-09-01T09:56:47.146Z INFO  gresse::replica] replica 178825481046241404 observed shutdown descriptor for replica 178825480759183604 with final counter Some(1553)
[2026-09-01T09:56:47.614Z INFO  gresse::replica] replica 178825481046241404 observed shutdown descriptor for replica 178825480843462704 with final counter Some(848)
[2026-09-01T09:56:47.936Z INFO  gresse::replica] replica 178825481046241404 observed shutdown descriptor for replica 178825480843463704 with final counter Some(841)
[2026-09-01T09:56:54.618Z WARN  gresse::network] peer connection write failed: Broken pipe (os error 32)
[2026-09-01T09:57:01.618Z WARN  gresse::replica] replica 178825481046241404 deferred pull request to peer 178825480843465704: channel closed
[2026-09-01T09:57:16.618Z WARN  gresse::network] peer connection write failed: Broken pipe (os error 32)
[2026-09-01T09:57:32.618Z WARN  gresse::replica] replica 178825481046241404 deferred pull request to peer 178825480843466704: channel closed
[2026-09-01T09:57:42.705Z INFO  gresse::network] replica 178825481046241404 registered bidirectional network channel for replica 178825480759183605
[2026-09-01T09:57:42.705Z INFO  gresse::replica] replica 178825481046241404 established peer replication connection with replica 178825480759183605
[2026-09-01T09:57:42.986Z INFO  gresse::network] replica 178825481046241404 registered bidirectional network channel for replica 178825480843462705
[2026-09-01T09:57:42.986Z INFO  gresse::replica] replica 178825481046241404 established peer replication connection with replica 178825480843462705
[2026-09-01T09:57:43.912Z INFO  gresse::network] replica 178825481046241404 registered bidirectional network channel for replica 178825480843463705
[2026-09-01T09:57:43.912Z INFO  gresse::replica] replica 178825481046241404 established peer replication connection with replica 178825480843463705
[2026-09-01T09:57:45.170Z INFO  gresse::network] replica 178825481046241404 registered bidirectional network channel for replica 178825480843464705
[2026-09-01T09:57:45.170Z INFO  gresse::replica] replica 178825481046241404 established peer replication connection with replica 178825480843464705
[2026-09-01T09:57:46.090Z INFO  gresse::network] replica 178825481046241404 registered bidirectional network channel for replica 178825480843465705
[2026-09-01T09:57:46.090Z INFO  gresse::replica] replica 178825481046241404 established peer replication connection with replica 178825480843465705
[2026-09-01T09:57:47.104Z INFO  gresse::network] replica 178825481046241404 registered bidirectional network channel for replica 178825480843466705
[2026-09-01T09:57:47.104Z INFO  gresse::replica] replica 178825481046241404 established peer replication connection with replica 178825480843466705
[2026-09-01T09:58:47.116Z INFO  gresse::replica] replica 178825481046241404 observed shutdown descriptor for replica 178825480957157904 with final counter Some(1552)
[2026-09-01T09:58:47.440Z INFO  gresse::replica] replica 178825481046241404 observed shutdown descriptor for replica 178825480957158904 with final counter Some(841)
[2026-09-01T09:58:47.746Z INFO  gresse::replica] replica 178825481046241404 observed shutdown descriptor for replica 178825480957159904 with final counter Some(839)
[2026-09-01T09:58:57.618Z WARN  gresse::network] peer connection write failed: Broken pipe (os error 32)
[2026-09-01T09:59:19.618Z WARN  gresse::replica] replica 178825481046241404 deferred pull request to peer 178825481046239404: channel closed
[2026-09-01T09:59:37.618Z WARN  gresse::network] peer connection write failed: Broken pipe (os error 32)
[2026-09-01T09:59:42.618Z WARN  gresse::network] peer connection write failed: Broken pipe (os error 32)
[2026-09-01T09:59:42.678Z INFO  gresse::replica] replica 178825481046241404 established peer replication connection with replica 178825480957157905
[2026-09-01T09:59:42.678Z INFO  gresse::network] replica 178825481046241404 registered bidirectional network channel for replica 178825480957157905
[2026-09-01T09:59:43.022Z INFO  gresse::network] replica 178825481046241404 registered bidirectional network channel for replica 178825481046239405
[2026-09-01T09:59:43.022Z INFO  gresse::replica] replica 178825481046241404 established peer replication connection with replica 178825481046239405
[2026-09-01T09:59:43.506Z INFO  gresse::network] replica 178825481046241404 registered bidirectional network channel for replica 178825480957158905
[2026-09-01T09:59:43.506Z INFO  gresse::replica] replica 178825481046241404 established peer replication connection with replica 178825480957158905
[2026-09-01T09:59:44.172Z INFO  gresse::network] replica 178825481046241404 registered bidirectional network channel for replica 178825480957159905
[2026-09-01T09:59:44.172Z INFO  gresse::replica] replica 178825481046241404 established peer replication connection with replica 178825480957159905
[2026-09-01T09:59:45.004Z INFO  gresse::network] replica 178825481046241404 registered bidirectional network channel for replica 178825480957160905
[2026-09-01T09:59:45.004Z INFO  gresse::replica] replica 178825481046241404 established peer replication connection with replica 178825480957160905
[2026-09-01T09:59:46.090Z INFO  gresse::network] replica 178825481046241404 registered bidirectional network channel for replica 178825480957161905
[2026-09-01T09:59:46.668Z INFO  gresse::replica] replica 178825481046241404 established peer replication connection with replica 178825480957161905
[2026-09-01T09:59:46.668Z WARN  gresse::replica] replica 178825481046241404 deferred pull request to peer 178825480957160904: channel closed
[2026-09-01T10:00:12.618Z WARN  gresse::replica] replica 178825481046241404 deferred pull request to peer 178825480957161904: channel closed
[2026-09-01T10:00:42.757Z INFO  gresse::replica] shutdown signal received for replica 178825481046241404
[2026-09-01T10:00:42.757Z INFO  gresse::replica] replica 178825481046241404 shutting down with 24 connected writers
[2026-09-01T10:00:43.388Z INFO  gresse::http_server] http server received shutdown signal
[2026-09-01T10:00:43.388Z INFO  gresse::http_server] http server shutdown complete
[2026-09-01T10:00:43.388Z INFO  gresse::network] network manager for replica 178825481046241404 shutdown complete
