[2026-08-28T13:12:51.308Z INFO  gresse::http_server] running CRDT HTTP server
[2026-08-28T13:12:51.308Z INFO  gresse::http_server] listening for HTTP on 0.0.0.0:18081
[2026-08-28T13:12:51.335Z INFO  gresse::replica] replica 178792271633863701 initiating runtime at bind_http=0.0.0.0:18081 bind_internal=0.0.0.0:19081 advertised_internal=3.121.180.49:19081
[2026-08-28T13:12:51.430Z INFO  gresse::object_storage] object storage connection established: backend=s3, bucket=gresse-geo-035351467464-20260828124038-be821e, region=eu-north-1, endpoint=AWS default endpoint resolution, first_operation=get, object_path=acm-sec-geo-churn-smoke-20260828T131133Z-6f49edb6/persistent.json
[2026-08-28T13:12:51.476Z INFO  gresse::replica] replica 178792271633863701 discovered 9 membership descriptors during init
[2026-08-28T13:12:51.476Z INFO  gresse::replica] replica 178792271633863701 startup completed
[2026-08-28T13:12:51.476Z INFO  gresse::network] replica 178792271633863701 discovered network member NetworkMember { pid: 178792271589808101, address: 16.192.159.169:19080, final_counter: None }
[2026-08-28T13:12:51.476Z INFO  gresse::network] replica 178792271633863701 discovered network member NetworkMember { pid: 178792271589809101, address: 16.192.159.169:19081, final_counter: None }
[2026-08-28T13:12:51.476Z INFO  gresse::network] replica 178792271633863701 discovered network member NetworkMember { pid: 178792271589810101, address: 16.192.159.169:19082, final_counter: None }
[2026-08-28T13:12:51.476Z INFO  gresse::network] replica 178792271633863701 discovered network member NetworkMember { pid: 178792271633862701, address: 3.121.180.49:19080, final_counter: None }
[2026-08-28T13:12:51.476Z INFO  gresse::network] replica 178792271633863701 discovered network member NetworkMember { pid: 178792271704341601, address: 52.17.146.22:19080, final_counter: None }
[2026-08-28T13:12:51.476Z INFO  gresse::network] replica 178792271633863701 discovered network member NetworkMember { pid: 178792271814539401, address: 3.8.155.72:19080, final_counter: None }
[2026-08-28T13:12:51.476Z INFO  gresse::network] replica 178792271633863701 discovered network member NetworkMember { pid: 178792271903524701, address: 13.37.225.238:19080, final_counter: None }
[2026-08-28T13:12:51.476Z INFO  gresse::network] replica 178792271633863701 discovered network member NetworkMember { pid: 178792271903525701, address: 13.37.225.238:19081, final_counter: None }
[2026-08-28T13:12:51.476Z INFO  gresse::network] replica 178792271633863701 registered bidirectional network channel for replica 178792271633862701
[2026-08-28T13:12:51.476Z INFO  gresse::replica] replica 178792271633863701 established peer replication connection with replica 178792271633862701
[2026-08-28T13:12:51.492Z INFO  gresse::network] replica 178792271633863701 registered bidirectional network channel for replica 178792271903524701
[2026-08-28T13:12:51.492Z INFO  gresse::replica] replica 178792271633863701 established peer replication connection with replica 178792271903524701
[2026-08-28T13:12:51.499Z INFO  gresse::network] replica 178792271633863701 registered bidirectional network channel for replica 178792271814539401
[2026-08-28T13:12:51.499Z INFO  gresse::replica] replica 178792271633863701 established peer replication connection with replica 178792271814539401
[2026-08-28T13:12:51.515Z INFO  gresse::network] replica 178792271633863701 registered bidirectional network channel for replica 178792271704341601
[2026-08-28T13:12:51.515Z INFO  gresse::replica] replica 178792271633863701 established peer replication connection with replica 178792271704341601
[2026-08-28T13:12:51.524Z INFO  gresse::network] replica 178792271633863701 registered bidirectional network channel for replica 178792271589809101
[2026-08-28T13:12:51.524Z INFO  gresse::replica] replica 178792271633863701 established peer replication connection with replica 178792271589809101
[2026-08-28T13:12:51.524Z INFO  gresse::network] replica 178792271633863701 registered bidirectional network channel for replica 178792271589810101
[2026-08-28T13:12:51.524Z INFO  gresse::replica] replica 178792271633863701 established peer replication connection with replica 178792271589810101
[2026-08-28T13:12:51.524Z INFO  gresse::network] replica 178792271633863701 registered bidirectional network channel for replica 178792271589808101
[2026-08-28T13:12:51.524Z INFO  gresse::replica] replica 178792271633863701 established peer replication connection with replica 178792271589808101
[2026-08-28T13:12:51.525Z INFO  gresse::network] replica 178792271633863701 registered bidirectional network channel for replica 178792271903525701
[2026-08-28T13:12:51.525Z INFO  gresse::replica] replica 178792271633863701 established peer replication connection with replica 178792271903525701
[2026-08-28T13:12:51.537Z INFO  gresse::network] replica 178792271633863701 registered bidirectional network channel for replica 178792271814540401
[2026-08-28T13:12:51.537Z INFO  gresse::replica] replica 178792271633863701 established peer replication connection with replica 178792271814540401
[2026-08-28T13:12:51.606Z INFO  gresse::network] replica 178792271633863701 registered bidirectional network channel for replica 178792271704342601
[2026-08-28T13:12:51.606Z INFO  gresse::replica] replica 178792271633863701 established peer replication connection with replica 178792271704342601
[2026-08-28T13:12:51.647Z INFO  gresse::network] replica 178792271633863701 registered bidirectional network channel for replica 178792271589811101
[2026-08-28T13:12:51.647Z INFO  gresse::replica] replica 178792271633863701 established peer replication connection with replica 178792271589811101
[2026-08-28T13:12:51.686Z INFO  gresse::network] replica 178792271633863701 registered bidirectional network channel for replica 178792271633864701
[2026-08-28T13:12:51.686Z INFO  gresse::replica] replica 178792271633863701 established peer replication connection with replica 178792271633864701
[2026-08-28T13:12:51.747Z INFO  gresse::network] replica 178792271633863701 registered bidirectional network channel for replica 178792271589812101
[2026-08-28T13:12:51.747Z INFO  gresse::replica] replica 178792271633863701 established peer replication connection with replica 178792271589812101
[2026-08-28T13:12:51.829Z INFO  gresse::network] replica 178792271633863701 registered bidirectional network channel for replica 178792271814541401
[2026-08-28T13:12:51.829Z INFO  gresse::replica] replica 178792271633863701 established peer replication connection with replica 178792271814541401
[2026-08-28T13:12:51.842Z INFO  gresse::network] replica 178792271633863701 registered bidirectional network channel for replica 178792271903526701
[2026-08-28T13:12:51.842Z INFO  gresse::replica] replica 178792271633863701 established peer replication connection with replica 178792271903526701
[2026-08-28T13:12:51.892Z INFO  gresse::network] replica 178792271633863701 registered bidirectional network channel for replica 178792271633865701
[2026-08-28T13:12:51.892Z INFO  gresse::replica] replica 178792271633863701 established peer replication connection with replica 178792271633865701
[2026-08-28T13:12:51.912Z INFO  gresse::network] replica 178792271633863701 registered bidirectional network channel for replica 178792271704343601
[2026-08-28T13:12:51.912Z INFO  gresse::replica] replica 178792271633863701 established peer replication connection with replica 178792271704343601
[2026-08-28T13:12:52.040Z INFO  gresse::network] replica 178792271633863701 registered bidirectional network channel for replica 178792271814542401
[2026-08-28T13:12:52.040Z INFO  gresse::replica] replica 178792271633863701 established peer replication connection with replica 178792271814542401
[2026-08-28T13:12:52.106Z INFO  gresse::network] replica 178792271633863701 registered bidirectional network channel for replica 178792271633866701
[2026-08-28T13:12:52.106Z INFO  gresse::replica] replica 178792271633863701 established peer replication connection with replica 178792271633866701
[2026-08-28T13:12:52.136Z INFO  gresse::network] replica 178792271633863701 registered bidirectional network channel for replica 178792271903527701
[2026-08-28T13:12:52.136Z INFO  gresse::replica] replica 178792271633863701 established peer replication connection with replica 178792271903527701
[2026-08-28T13:12:52.227Z INFO  gresse::network] replica 178792271633863701 registered bidirectional network channel for replica 178792271704344601
[2026-08-28T13:12:52.227Z INFO  gresse::replica] replica 178792271633863701 established peer replication connection with replica 178792271704344601
[2026-08-28T13:12:52.351Z INFO  gresse::network] replica 178792271633863701 registered bidirectional network channel for replica 178792271814543401
[2026-08-28T13:12:52.351Z INFO  gresse::replica] replica 178792271633863701 established peer replication connection with replica 178792271814543401
[2026-08-28T13:12:52.444Z INFO  gresse::replica] replica 178792271633863701 established peer replication connection with replica 178792271903528701
[2026-08-28T13:12:52.444Z INFO  gresse::network] replica 178792271633863701 registered bidirectional network channel for replica 178792271903528701
[2026-08-28T13:12:52.532Z INFO  gresse::network] replica 178792271633863701 registered bidirectional network channel for replica 178792271704345601
[2026-08-28T13:12:52.532Z INFO  gresse::replica] replica 178792271633863701 established peer replication connection with replica 178792271704345601
[2026-08-28T13:14:06.477Z WARN  gresse::network] peer connection write failed: Broken pipe (os error 32)
[2026-08-28T13:14:09.477Z WARN  gresse::replica] replica 178792271633863701 deferred pull request to peer 178792271589808101: channel closed
[2026-08-28T13:14:21.238Z INFO  gresse::network] replica 178792271633863701 registered bidirectional network channel for replica 178792271589808102
[2026-08-28T13:14:21.238Z INFO  gresse::replica] replica 178792271633863701 established peer replication connection with replica 178792271589808102
[2026-08-28T13:14:21.358Z INFO  gresse::network] replica 178792271633863701 registered bidirectional network channel for replica 178792271704343602
[2026-08-28T13:14:21.358Z INFO  gresse::replica] replica 178792271633863701 established peer replication connection with replica 178792271704343602
[2026-08-28T13:15:06.003Z INFO  gresse::replica] shutdown signal received for replica 178792271633863701
[2026-08-28T13:15:06.003Z INFO  gresse::replica] replica 178792271633863701 shutting down with 25 connected writers
[2026-08-28T13:15:06.104Z INFO  gresse::http_server] http server received shutdown signal
[2026-08-28T13:15:06.104Z INFO  gresse::http_server] http server shutdown complete
[2026-08-28T13:15:06.105Z INFO  gresse::network] network manager for replica 178792271633863701 shutdown complete
