[2026-08-28T13:40:49.302Z INFO  gresse::http_server] running CRDT HTTP server
[2026-08-28T13:40:49.302Z INFO  gresse::http_server] listening for HTTP on 0.0.0.0:18084
[2026-08-28T13:40:49.346Z INFO  gresse::replica] replica 178792343513168003 initiating runtime at bind_http=0.0.0.0:18084 bind_internal=0.0.0.0:19084 advertised_internal=3.8.155.72:19084
[2026-08-28T13:40:49.463Z INFO  gresse::object_storage] object storage connection established: backend=s3, bucket=gresse-geo-035351467464-20260828124038-be821e, region=eu-north-1, endpoint=AWS default endpoint resolution, first_operation=get, object_path=acm-sec-geo-churn-20260828T132329Z-550e9e91/persistent.json
[2026-08-28T13:40:49.813Z INFO  gresse::replica] replica 178792343513168003 discovered 204 membership descriptors during init
[2026-08-28T13:40:49.813Z INFO  gresse::replica] replica 178792343513168003 startup completed
[2026-08-28T13:40:49.813Z INFO  gresse::network] replica 178792343513168003 discovered network member NetworkMember { pid: 178792343266886003, address: 16.192.159.169:19080, final_counter: None }
[2026-08-28T13:40:49.813Z INFO  gresse::network] replica 178792343513168003 discovered network member NetworkMember { pid: 178792343266887003, address: 16.192.159.169:19081, final_counter: None }
[2026-08-28T13:40:49.813Z INFO  gresse::network] replica 178792343513168003 discovered network member NetworkMember { pid: 178792343266888003, address: 16.192.159.169:19082, final_counter: None }
[2026-08-28T13:40:49.813Z INFO  gresse::network] replica 178792343513168003 discovered network member NetworkMember { pid: 178792343266889003, address: 16.192.159.169:19083, final_counter: None }
[2026-08-28T13:40:49.813Z INFO  gresse::network] replica 178792343513168003 discovered network member NetworkMember { pid: 178792343266890003, address: 16.192.159.169:19084, final_counter: None }
[2026-08-28T13:40:49.813Z INFO  gresse::network] replica 178792343513168003 discovered network member NetworkMember { pid: 178792343327013803, address: 3.121.180.49:19080, final_counter: None }
[2026-08-28T13:40:49.813Z INFO  gresse::network] replica 178792343513168003 registered bidirectional network channel for replica 178792343327016803
[2026-08-28T13:40:49.813Z INFO  gresse::network] replica 178792343513168003 discovered network member NetworkMember { pid: 178792343327014803, address: 3.121.180.49:19081, final_counter: None }
[2026-08-28T13:40:49.813Z INFO  gresse::network] replica 178792343513168003 discovered network member NetworkMember { pid: 178792343327015803, address: 3.121.180.49:19082, final_counter: None }
[2026-08-28T13:40:49.813Z INFO  gresse::network] replica 178792343513168003 discovered network member NetworkMember { pid: 178792343327017803, address: 3.121.180.49:19084, final_counter: None }
[2026-08-28T13:40:49.813Z INFO  gresse::network] replica 178792343513168003 discovered network member NetworkMember { pid: 178792343404851503, address: 52.17.146.22:19080, final_counter: None }
[2026-08-28T13:40:49.813Z INFO  gresse::network] replica 178792343513168003 discovered network member NetworkMember { pid: 178792343404852503, address: 52.17.146.22:19081, final_counter: None }
[2026-08-28T13:40:49.813Z INFO  gresse::network] replica 178792343513168003 discovered network member NetworkMember { pid: 178792343404853503, address: 52.17.146.22:19082, final_counter: None }
[2026-08-28T13:40:49.813Z INFO  gresse::network] replica 178792343513168003 discovered network member NetworkMember { pid: 178792343404854503, address: 52.17.146.22:19083, final_counter: None }
[2026-08-28T13:40:49.813Z INFO  gresse::network] replica 178792343513168003 discovered network member NetworkMember { pid: 178792343404855503, address: 52.17.146.22:19084, final_counter: None }
[2026-08-28T13:40:49.813Z INFO  gresse::network] replica 178792343513168003 discovered network member NetworkMember { pid: 178792343513164003, address: 3.8.155.72:19080, final_counter: None }
[2026-08-28T13:40:49.813Z INFO  gresse::network] replica 178792343513168003 discovered network member NetworkMember { pid: 178792343513165003, address: 3.8.155.72:19081, final_counter: None }
[2026-08-28T13:40:49.813Z INFO  gresse::network] replica 178792343513168003 discovered network member NetworkMember { pid: 178792343513166003, address: 3.8.155.72:19082, final_counter: None }
[2026-08-28T13:40:49.813Z INFO  gresse::network] replica 178792343513168003 discovered network member NetworkMember { pid: 178792343513167003, address: 3.8.155.72:19083, final_counter: None }
[2026-08-28T13:40:49.813Z INFO  gresse::network] replica 178792343513168003 discovered network member NetworkMember { pid: 178792343597981003, address: 13.37.225.238:19080, final_counter: None }
[2026-08-28T13:40:49.813Z INFO  gresse::network] replica 178792343513168003 discovered network member NetworkMember { pid: 178792343597982003, address: 13.37.225.238:19081, final_counter: None }
[2026-08-28T13:40:49.813Z INFO  gresse::network] replica 178792343513168003 discovered network member NetworkMember { pid: 178792343597983002, address: 13.37.225.238:19082, final_counter: None }
[2026-08-28T13:40:49.813Z INFO  gresse::network] replica 178792343513168003 discovered network member NetworkMember { pid: 178792343597984002, address: 13.37.225.238:19083, final_counter: None }
[2026-08-28T13:40:49.813Z INFO  gresse::network] replica 178792343513168003 discovered network member NetworkMember { pid: 178792343597985002, address: 13.37.225.238:19084, final_counter: None }
[2026-08-28T13:40:49.813Z INFO  gresse::replica] replica 178792343513168003 established peer replication connection with replica 178792343327016803
[2026-08-28T13:40:49.815Z INFO  gresse::network] replica 178792343513168003 registered bidirectional network channel for replica 178792343513167003
[2026-08-28T13:40:49.815Z INFO  gresse::replica] replica 178792343513168003 established peer replication connection with replica 178792343513167003
[2026-08-28T13:40:49.815Z INFO  gresse::network] replica 178792343513168003 registered bidirectional network channel for replica 178792343513164003
[2026-08-28T13:40:49.815Z INFO  gresse::replica] replica 178792343513168003 established peer replication connection with replica 178792343513164003
[2026-08-28T13:40:49.817Z INFO  gresse::network] replica 178792343513168003 registered bidirectional network channel for replica 178792343513165003
[2026-08-28T13:40:49.817Z INFO  gresse::replica] replica 178792343513168003 established peer replication connection with replica 178792343513165003
[2026-08-28T13:40:49.817Z INFO  gresse::network] replica 178792343513168003 registered bidirectional network channel for replica 178792343513166003
[2026-08-28T13:40:49.817Z INFO  gresse::replica] replica 178792343513168003 established peer replication connection with replica 178792343513166003
[2026-08-28T13:40:49.827Z INFO  gresse::network] replica 178792343513168003 registered bidirectional network channel for replica 178792343597985002
[2026-08-28T13:40:49.827Z INFO  gresse::replica] replica 178792343513168003 established peer replication connection with replica 178792343597985002
[2026-08-28T13:40:49.827Z INFO  gresse::network] replica 178792343513168003 registered bidirectional network channel for replica 178792343597982003
[2026-08-28T13:40:49.827Z INFO  gresse::replica] replica 178792343513168003 established peer replication connection with replica 178792343597982003
[2026-08-28T13:40:49.827Z INFO  gresse::network] replica 178792343513168003 registered bidirectional network channel for replica 178792343597984002
[2026-08-28T13:40:49.827Z INFO  gresse::replica] replica 178792343513168003 established peer replication connection with replica 178792343597984002
[2026-08-28T13:40:49.829Z INFO  gresse::network] replica 178792343513168003 registered bidirectional network channel for replica 178792343597981003
[2026-08-28T13:40:49.829Z INFO  gresse::replica] replica 178792343513168003 established peer replication connection with replica 178792343597981003
[2026-08-28T13:40:49.832Z INFO  gresse::network] replica 178792343513168003 registered bidirectional network channel for replica 178792343404853503
[2026-08-28T13:40:49.832Z INFO  gresse::replica] replica 178792343513168003 established peer replication connection with replica 178792343404853503
[2026-08-28T13:40:49.832Z INFO  gresse::network] replica 178792343513168003 registered bidirectional network channel for replica 178792343404851503
[2026-08-28T13:40:49.832Z INFO  gresse::replica] replica 178792343513168003 established peer replication connection with replica 178792343404851503
[2026-08-28T13:40:49.832Z INFO  gresse::network] replica 178792343513168003 registered bidirectional network channel for replica 178792343404855503
[2026-08-28T13:40:49.832Z INFO  gresse::replica] replica 178792343513168003 established peer replication connection with replica 178792343404855503
[2026-08-28T13:40:49.832Z INFO  gresse::network] replica 178792343513168003 registered bidirectional network channel for replica 178792343404852503
[2026-08-28T13:40:49.832Z INFO  gresse::replica] replica 178792343513168003 established peer replication connection with replica 178792343404852503
[2026-08-28T13:40:49.833Z INFO  gresse::network] replica 178792343513168003 registered bidirectional network channel for replica 178792343404854503
[2026-08-28T13:40:49.833Z INFO  gresse::replica] replica 178792343513168003 established peer replication connection with replica 178792343404854503
[2026-08-28T13:40:49.835Z INFO  gresse::network] replica 178792343513168003 registered bidirectional network channel for replica 178792343327017803
[2026-08-28T13:40:49.835Z INFO  gresse::replica] replica 178792343513168003 established peer replication connection with replica 178792343327017803
[2026-08-28T13:40:49.837Z INFO  gresse::network] replica 178792343513168003 registered bidirectional network channel for replica 178792343327013803
[2026-08-28T13:40:49.837Z INFO  gresse::replica] replica 178792343513168003 established peer replication connection with replica 178792343327013803
[2026-08-28T13:40:49.837Z INFO  gresse::network] replica 178792343513168003 registered bidirectional network channel for replica 178792343327014803
[2026-08-28T13:40:49.837Z INFO  gresse::replica] replica 178792343513168003 established peer replication connection with replica 178792343327014803
[2026-08-28T13:40:49.838Z INFO  gresse::network] replica 178792343513168003 registered bidirectional network channel for replica 178792343327015803
[2026-08-28T13:40:49.838Z INFO  gresse::replica] replica 178792343513168003 established peer replication connection with replica 178792343327015803
[2026-08-28T13:40:49.869Z INFO  gresse::network] replica 178792343513168003 registered bidirectional network channel for replica 178792343266886003
[2026-08-28T13:40:49.869Z INFO  gresse::replica] replica 178792343513168003 established peer replication connection with replica 178792343266886003
[2026-08-28T13:40:49.871Z INFO  gresse::network] replica 178792343513168003 registered bidirectional network channel for replica 178792343266887003
[2026-08-28T13:40:49.871Z INFO  gresse::replica] replica 178792343513168003 established peer replication connection with replica 178792343266887003
[2026-08-28T13:40:49.871Z INFO  gresse::network] replica 178792343513168003 registered bidirectional network channel for replica 178792343266889003
[2026-08-28T13:40:49.871Z INFO  gresse::replica] replica 178792343513168003 established peer replication connection with replica 178792343266889003
[2026-08-28T13:40:49.873Z INFO  gresse::network] replica 178792343513168003 registered bidirectional network channel for replica 178792343266888003
[2026-08-28T13:40:49.873Z INFO  gresse::replica] replica 178792343513168003 established peer replication connection with replica 178792343266888003
[2026-08-28T13:40:49.874Z INFO  gresse::network] replica 178792343513168003 registered bidirectional network channel for replica 178792343266890003
[2026-08-28T13:40:49.874Z INFO  gresse::replica] replica 178792343513168003 established peer replication connection with replica 178792343266890003
[2026-08-28T13:40:50.126Z WARN  gresse::network] replica 178792343513168003 rejected peer handshake: expected 178792343597983002, received 178792343597983003
[2026-08-28T13:40:50.134Z INFO  gresse::network] replica 178792343513168003 registered bidirectional network channel for replica 178792343597983003
[2026-08-28T13:40:50.134Z INFO  gresse::replica] replica 178792343513168003 established peer replication connection with replica 178792343597983003
[2026-08-28T13:40:54.414Z INFO  gresse::replica] replica 178792343513168003 observed shutdown descriptor for replica 178792343513166002 with final counter Some(1237)
[2026-08-28T13:40:54.561Z INFO  gresse::replica] replica 178792343513168003 observed shutdown descriptor for replica 178792343513167002 with final counter Some(921)
[2026-08-28T13:40:54.703Z INFO  gresse::replica] replica 178792343513168003 observed shutdown descriptor for replica 178792343513168002 with final counter Some(923)
[2026-08-28T13:41:49.527Z INFO  gresse::replica] replica 178792343513168003 observed shutdown descriptor for replica 178792343266886003 with final counter Some(841)
[2026-08-28T13:41:49.739Z INFO  gresse::replica] replica 178792343513168003 observed shutdown descriptor for replica 178792343597984002 with final counter Some(1286)
[2026-08-28T13:41:49.943Z INFO  gresse::replica] replica 178792343513168003 observed shutdown descriptor for replica 178792343597985002 with final counter Some(1022)
[2026-08-28T13:42:28.813Z WARN  gresse::network] peer connection write failed: Broken pipe (os error 32)
[2026-08-28T13:42:32.814Z WARN  gresse::replica] replica 178792343513168003 deferred pull request to peer 178792343266888003: channel closed
[2026-08-28T13:42:41.814Z WARN  gresse::network] peer connection write failed: Broken pipe (os error 32)
[2026-08-28T13:42:48.273Z INFO  gresse::network] replica 178792343513168003 registered bidirectional network channel for replica 178792343266886004
[2026-08-28T13:42:48.273Z INFO  gresse::replica] replica 178792343513168003 established peer replication connection with replica 178792343266886004
[2026-08-28T13:42:48.648Z INFO  gresse::network] replica 178792343513168003 registered bidirectional network channel for replica 178792343597984003
[2026-08-28T13:42:48.648Z INFO  gresse::replica] replica 178792343513168003 established peer replication connection with replica 178792343597984003
[2026-08-28T13:42:48.942Z INFO  gresse::network] replica 178792343513168003 registered bidirectional network channel for replica 178792343266887004
[2026-08-28T13:42:48.942Z INFO  gresse::replica] replica 178792343513168003 established peer replication connection with replica 178792343266887004
[2026-08-28T13:42:49.291Z INFO  gresse::network] replica 178792343513168003 registered bidirectional network channel for replica 178792343597985003
[2026-08-28T13:42:49.291Z INFO  gresse::replica] replica 178792343513168003 established peer replication connection with replica 178792343597985003
[2026-08-28T13:42:49.589Z INFO  gresse::network] replica 178792343513168003 registered bidirectional network channel for replica 178792343266888004
[2026-08-28T13:42:49.589Z INFO  gresse::replica] replica 178792343513168003 established peer replication connection with replica 178792343266888004
[2026-08-28T13:42:50.174Z INFO  gresse::network] replica 178792343513168003 registered bidirectional network channel for replica 178792343266889004
[2026-08-28T13:42:50.174Z INFO  gresse::replica] replica 178792343513168003 established peer replication connection with replica 178792343266889004
[2026-08-28T13:42:56.813Z WARN  gresse::network] peer connection write failed: Broken pipe (os error 32)
[2026-08-28T13:43:07.814Z WARN  gresse::replica] replica 178792343513168003 deferred pull request to peer 178792343266889003: channel closed
[2026-08-28T13:43:23.814Z WARN  gresse::replica] replica 178792343513168003 deferred pull request to peer 178792343266887003: channel closed
[2026-08-28T13:43:49.407Z INFO  gresse::replica] replica 178792343513168003 observed shutdown descriptor for replica 178792343266890003 with final counter Some(1557)
[2026-08-28T13:43:49.650Z INFO  gresse::replica] replica 178792343513168003 observed shutdown descriptor for replica 178792343327013803 with final counter Some(843)
[2026-08-28T13:43:49.883Z INFO  gresse::replica] replica 178792343513168003 observed shutdown descriptor for replica 178792343327014803 with final counter Some(840)
[2026-08-28T13:43:57.814Z WARN  gresse::network] peer connection write failed: Broken pipe (os error 32)
[2026-08-28T13:44:40.813Z WARN  gresse::replica] replica 178792343513168003 deferred pull request to peer 178792343327017803: channel closed
[2026-08-28T13:44:48.301Z INFO  gresse::network] replica 178792343513168003 registered bidirectional network channel for replica 178792343266890004
[2026-08-28T13:44:48.301Z INFO  gresse::replica] replica 178792343513168003 established peer replication connection with replica 178792343266890004
[2026-08-28T13:44:48.481Z INFO  gresse::network] replica 178792343513168003 registered bidirectional network channel for replica 178792343327013804
[2026-08-28T13:44:48.481Z INFO  gresse::replica] replica 178792343513168003 established peer replication connection with replica 178792343327013804
[2026-08-28T13:44:48.968Z INFO  gresse::network] replica 178792343513168003 registered bidirectional network channel for replica 178792343327014804
[2026-08-28T13:44:48.968Z INFO  gresse::replica] replica 178792343513168003 established peer replication connection with replica 178792343327014804
[2026-08-28T13:44:49.762Z INFO  gresse::network] replica 178792343513168003 registered bidirectional network channel for replica 178792343327015804
[2026-08-28T13:44:49.762Z INFO  gresse::replica] replica 178792343513168003 established peer replication connection with replica 178792343327015804
[2026-08-28T13:44:50.483Z INFO  gresse::network] replica 178792343513168003 registered bidirectional network channel for replica 178792343327016804
[2026-08-28T13:44:50.483Z INFO  gresse::replica] replica 178792343513168003 established peer replication connection with replica 178792343327016804
[2026-08-28T13:44:51.196Z INFO  gresse::network] replica 178792343513168003 registered bidirectional network channel for replica 178792343327017804
[2026-08-28T13:44:51.196Z INFO  gresse::replica] replica 178792343513168003 established peer replication connection with replica 178792343327017804
[2026-08-28T13:44:55.814Z WARN  gresse::network] peer connection write failed: Broken pipe (os error 32)
[2026-08-28T13:45:16.814Z WARN  gresse::network] peer connection write failed: Broken pipe (os error 32)
[2026-08-28T13:45:18.813Z WARN  gresse::replica] replica 178792343513168003 deferred pull request to peer 178792343327015803: channel closed
[2026-08-28T13:45:32.814Z WARN  gresse::replica] replica 178792343513168003 deferred pull request to peer 178792343327016803: channel closed
[2026-08-28T13:45:49.401Z INFO  gresse::replica] replica 178792343513168003 observed shutdown descriptor for replica 178792343404851503 with final counter Some(1554)
[2026-08-28T13:45:54.406Z INFO  gresse::replica] replica 178792343513168003 observed shutdown descriptor for replica 178792343404852503 with final counter Some(843)
[2026-08-28T13:45:55.128Z INFO  gresse::replica] replica 178792343513168003 observed shutdown descriptor for replica 178792343404853503 with final counter Some(840)
[2026-08-28T13:45:57.814Z WARN  gresse::network] peer connection write failed: Broken pipe (os error 32)
[2026-08-28T13:46:01.814Z WARN  gresse::network] peer connection write failed: Broken pipe (os error 32)
[2026-08-28T13:46:11.814Z WARN  gresse::replica] replica 178792343513168003 deferred pull request to peer 178792343404855503: channel closed
[2026-08-28T13:46:30.813Z WARN  gresse::replica] replica 178792343513168003 deferred pull request to peer 178792343513164003: channel closed
[2026-08-28T13:46:35.814Z WARN  gresse::network] peer connection write failed: Broken pipe (os error 32)
[2026-08-28T13:46:48.751Z INFO  gresse::network] replica 178792343513168003 registered bidirectional network channel for replica 178792343404851504
[2026-08-28T13:46:48.751Z INFO  gresse::replica] replica 178792343513168003 established peer replication connection with replica 178792343404851504
[2026-08-28T13:46:48.757Z INFO  gresse::network] replica 178792343513168003 registered bidirectional network channel for replica 178792343513164004
[2026-08-28T13:46:48.757Z INFO  gresse::replica] replica 178792343513168003 established peer replication connection with replica 178792343513164004
[2026-08-28T13:46:49.399Z INFO  gresse::network] replica 178792343513168003 discovered network member NetworkMember { pid: 178792343404852504, address: 52.17.146.22:19081, final_counter: None }
[2026-08-28T13:46:49.601Z INFO  gresse::network] replica 178792343513168003 registered bidirectional network channel for replica 178792343404852504
[2026-08-28T13:46:49.601Z INFO  gresse::replica] replica 178792343513168003 established peer replication connection with replica 178792343404852504
[2026-08-28T13:46:50.554Z INFO  gresse::network] replica 178792343513168003 registered bidirectional network channel for replica 178792343404853504
[2026-08-28T13:46:50.554Z INFO  gresse::replica] replica 178792343513168003 established peer replication connection with replica 178792343404853504
[2026-08-28T13:46:51.618Z INFO  gresse::network] replica 178792343513168003 registered bidirectional network channel for replica 178792343404854504
[2026-08-28T13:46:51.618Z INFO  gresse::replica] replica 178792343513168003 established peer replication connection with replica 178792343404854504
[2026-08-28T13:46:52.601Z INFO  gresse::network] replica 178792343513168003 registered bidirectional network channel for replica 178792343404855504
[2026-08-28T13:46:52.601Z INFO  gresse::replica] replica 178792343513168003 established peer replication connection with replica 178792343404855504
[2026-08-28T13:47:06.814Z WARN  gresse::replica] replica 178792343513168003 deferred pull request to peer 178792343404854503: channel closed
[2026-08-28T13:47:49.403Z INFO  gresse::replica] replica 178792343513168003 observed shutdown descriptor for replica 178792343513165003 with final counter Some(1284)
