[2026-08-28T13:46:48.023Z INFO  gresse::http_server] running CRDT HTTP server
[2026-08-28T13:46:48.023Z INFO  gresse::http_server] listening for HTTP on 0.0.0.0:18080
[2026-08-28T13:46:48.051Z INFO  gresse::replica] replica 178792343404851504 initiating runtime at bind_http=0.0.0.0:18080 bind_internal=0.0.0.0:19080 advertised_internal=52.17.146.22:19080
[2026-08-28T13:46:48.200Z INFO  gresse::object_storage] object storage connection established: backend=s3, bucket=gresse-geo-035351467464-20260828124038-be821e, region=eu-north-1, endpoint=AWS default endpoint resolution, first_operation=put-create, object_path=acm-sec-geo-churn-20260828T132329Z-550e9e91/membership/178792343404851504,52.17.146.22:19080,0
[2026-08-28T13:46:48.735Z INFO  gresse::replica] replica 178792343404851504 discovered 257 membership descriptors during init
[2026-08-28T13:46:48.735Z INFO  gresse::replica] replica 178792343404851504 startup completed
[2026-08-28T13:46:48.735Z INFO  gresse::network] replica 178792343404851504 discovered network member NetworkMember { pid: 178792343266886004, address: 16.192.159.169:19080, final_counter: None }
[2026-08-28T13:46:48.736Z INFO  gresse::network] replica 178792343404851504 discovered network member NetworkMember { pid: 178792343266887004, address: 16.192.159.169:19081, final_counter: None }
[2026-08-28T13:46:48.736Z INFO  gresse::network] replica 178792343404851504 discovered network member NetworkMember { pid: 178792343266888004, address: 16.192.159.169:19082, final_counter: None }
[2026-08-28T13:46:48.736Z INFO  gresse::network] replica 178792343404851504 discovered network member NetworkMember { pid: 178792343266889004, address: 16.192.159.169:19083, final_counter: None }
[2026-08-28T13:46:48.736Z INFO  gresse::network] replica 178792343404851504 discovered network member NetworkMember { pid: 178792343266890004, address: 16.192.159.169:19084, final_counter: None }
[2026-08-28T13:46:48.736Z INFO  gresse::network] replica 178792343404851504 discovered network member NetworkMember { pid: 178792343327013804, address: 3.121.180.49:19080, final_counter: None }
[2026-08-28T13:46:48.736Z INFO  gresse::network] replica 178792343404851504 discovered network member NetworkMember { pid: 178792343327014804, address: 3.121.180.49:19081, final_counter: None }
[2026-08-28T13:46:48.736Z INFO  gresse::network] replica 178792343404851504 discovered network member NetworkMember { pid: 178792343327015804, address: 3.121.180.49:19082, final_counter: None }
[2026-08-28T13:46:48.736Z INFO  gresse::network] replica 178792343404851504 discovered network member NetworkMember { pid: 178792343327016804, address: 3.121.180.49:19083, final_counter: None }
[2026-08-28T13:46:48.736Z INFO  gresse::network] replica 178792343404851504 discovered network member NetworkMember { pid: 178792343327017804, address: 3.121.180.49:19084, final_counter: None }
[2026-08-28T13:46:48.736Z INFO  gresse::network] replica 178792343404851504 discovered network member NetworkMember { pid: 178792343404854503, address: 52.17.146.22:19083, final_counter: None }
[2026-08-28T13:46:48.736Z INFO  gresse::network] replica 178792343404851504 discovered network member NetworkMember { pid: 178792343404855503, address: 52.17.146.22:19084, final_counter: None }
[2026-08-28T13:46:48.736Z INFO  gresse::network] replica 178792343404851504 discovered network member NetworkMember { pid: 178792343513164003, address: 3.8.155.72:19080, final_counter: None }
[2026-08-28T13:46:48.736Z INFO  gresse::network] replica 178792343404851504 discovered network member NetworkMember { pid: 178792343513165003, address: 3.8.155.72:19081, final_counter: None }
[2026-08-28T13:46:48.736Z INFO  gresse::network] replica 178792343404851504 discovered network member NetworkMember { pid: 178792343513166003, address: 3.8.155.72:19082, final_counter: None }
[2026-08-28T13:46:48.736Z INFO  gresse::network] replica 178792343404851504 discovered network member NetworkMember { pid: 178792343513167003, address: 3.8.155.72:19083, final_counter: None }
[2026-08-28T13:46:48.736Z INFO  gresse::network] replica 178792343404851504 discovered network member NetworkMember { pid: 178792343513168003, address: 3.8.155.72:19084, final_counter: None }
[2026-08-28T13:46:48.736Z INFO  gresse::network] replica 178792343404851504 discovered network member NetworkMember { pid: 178792343597981003, address: 13.37.225.238:19080, final_counter: None }
[2026-08-28T13:46:48.736Z INFO  gresse::network] replica 178792343404851504 discovered network member NetworkMember { pid: 178792343597982003, address: 13.37.225.238:19081, final_counter: None }
[2026-08-28T13:46:48.736Z INFO  gresse::network] replica 178792343404851504 discovered network member NetworkMember { pid: 178792343597983003, address: 13.37.225.238:19082, final_counter: None }
[2026-08-28T13:46:48.736Z INFO  gresse::network] replica 178792343404851504 discovered network member NetworkMember { pid: 178792343597984003, address: 13.37.225.238:19083, final_counter: None }
[2026-08-28T13:46:48.736Z INFO  gresse::network] replica 178792343404851504 discovered network member NetworkMember { pid: 178792343597985003, address: 13.37.225.238:19084, final_counter: None }
[2026-08-28T13:46:48.736Z INFO  gresse::network] replica 178792343404851504 registered bidirectional network channel for replica 178792343597981003
[2026-08-28T13:46:48.736Z INFO  gresse::network] replica 178792343404851504 registered bidirectional network channel for replica 178792343327014804
[2026-08-28T13:46:48.736Z INFO  gresse::replica] replica 178792343404851504 established peer replication connection with replica 178792343597981003
[2026-08-28T13:46:48.736Z INFO  gresse::replica] replica 178792343404851504 established peer replication connection with replica 178792343327014804
[2026-08-28T13:46:48.736Z WARN  gresse::network] replica 178792343404851504 peer connection attempt failed: could not connect to 52.17.146.22:19084: Connection refused (os error 111)
[2026-08-28T13:46:48.736Z WARN  gresse::network] replica 178792343404851504 peer connection attempt failed: could not connect to 52.17.146.22:19083: Connection refused (os error 111)
[2026-08-28T13:46:48.755Z INFO  gresse::network] replica 178792343404851504 registered bidirectional network channel for replica 178792343513167003
[2026-08-28T13:46:48.755Z INFO  gresse::replica] replica 178792343404851504 established peer replication connection with replica 178792343513167003
[2026-08-28T13:46:48.755Z INFO  gresse::network] replica 178792343404851504 registered bidirectional network channel for replica 178792343513165003
[2026-08-28T13:46:48.755Z INFO  gresse::replica] replica 178792343404851504 established peer replication connection with replica 178792343513165003
[2026-08-28T13:46:48.755Z INFO  gresse::network] replica 178792343404851504 registered bidirectional network channel for replica 178792343513168003
[2026-08-28T13:46:48.755Z INFO  gresse::replica] replica 178792343404851504 established peer replication connection with replica 178792343513168003
[2026-08-28T13:46:48.755Z INFO  gresse::network] replica 178792343404851504 registered bidirectional network channel for replica 178792343513166003
[2026-08-28T13:46:48.755Z INFO  gresse::replica] replica 178792343404851504 established peer replication connection with replica 178792343513166003
[2026-08-28T13:46:48.761Z WARN  gresse::network] replica 178792343404851504 rejected peer handshake: expected 178792343513164003, received 178792343513164004
[2026-08-28T13:46:48.770Z INFO  gresse::network] replica 178792343404851504 registered bidirectional network channel for replica 178792343597985003
[2026-08-28T13:46:48.770Z INFO  gresse::replica] replica 178792343404851504 established peer replication connection with replica 178792343597985003
[2026-08-28T13:46:48.770Z INFO  gresse::network] replica 178792343404851504 registered bidirectional network channel for replica 178792343597983003
[2026-08-28T13:46:48.770Z INFO  gresse::replica] replica 178792343404851504 established peer replication connection with replica 178792343597983003
[2026-08-28T13:46:48.770Z INFO  gresse::network] replica 178792343404851504 registered bidirectional network channel for replica 178792343597982003
[2026-08-28T13:46:48.770Z INFO  gresse::replica] replica 178792343404851504 established peer replication connection with replica 178792343597982003
[2026-08-28T13:46:48.771Z INFO  gresse::network] replica 178792343404851504 registered bidirectional network channel for replica 178792343597984003
[2026-08-28T13:46:48.771Z INFO  gresse::replica] replica 178792343404851504 established peer replication connection with replica 178792343597984003
[2026-08-28T13:46:48.775Z INFO  gresse::network] replica 178792343404851504 registered bidirectional network channel for replica 178792343327015804
[2026-08-28T13:46:48.775Z INFO  gresse::replica] replica 178792343404851504 established peer replication connection with replica 178792343327015804
[2026-08-28T13:46:48.775Z INFO  gresse::network] replica 178792343404851504 registered bidirectional network channel for replica 178792343327016804
[2026-08-28T13:46:48.775Z INFO  gresse::replica] replica 178792343404851504 established peer replication connection with replica 178792343327016804
[2026-08-28T13:46:48.775Z INFO  gresse::network] replica 178792343404851504 registered bidirectional network channel for replica 178792343327013804
[2026-08-28T13:46:48.775Z INFO  gresse::replica] replica 178792343404851504 established peer replication connection with replica 178792343327013804
[2026-08-28T13:46:48.776Z INFO  gresse::network] replica 178792343404851504 registered bidirectional network channel for replica 178792343327017804
[2026-08-28T13:46:48.776Z INFO  gresse::replica] replica 178792343404851504 established peer replication connection with replica 178792343327017804
[2026-08-28T13:46:48.820Z INFO  gresse::network] replica 178792343404851504 registered bidirectional network channel for replica 178792343266888004
[2026-08-28T13:46:48.820Z INFO  gresse::network] replica 178792343404851504 registered bidirectional network channel for replica 178792343266886004
[2026-08-28T13:46:48.820Z INFO  gresse::replica] replica 178792343404851504 established peer replication connection with replica 178792343266888004
[2026-08-28T13:46:48.820Z INFO  gresse::replica] replica 178792343404851504 established peer replication connection with replica 178792343266886004
[2026-08-28T13:46:48.821Z INFO  gresse::network] replica 178792343404851504 registered bidirectional network channel for replica 178792343266889004
[2026-08-28T13:46:48.821Z INFO  gresse::replica] replica 178792343404851504 established peer replication connection with replica 178792343266889004
[2026-08-28T13:46:48.821Z INFO  gresse::network] replica 178792343404851504 registered bidirectional network channel for replica 178792343266890004
[2026-08-28T13:46:48.821Z INFO  gresse::replica] replica 178792343404851504 established peer replication connection with replica 178792343266890004
[2026-08-28T13:46:48.821Z INFO  gresse::network] replica 178792343404851504 registered bidirectional network channel for replica 178792343266887004
[2026-08-28T13:46:48.821Z INFO  gresse::replica] replica 178792343404851504 established peer replication connection with replica 178792343266887004
[2026-08-28T13:46:49.596Z INFO  gresse::network] replica 178792343404851504 registered bidirectional network channel for replica 178792343404852504
[2026-08-28T13:46:49.596Z INFO  gresse::replica] replica 178792343404851504 established peer replication connection with replica 178792343404852504
[2026-08-28T13:46:50.540Z INFO  gresse::replica] replica 178792343404851504 established peer replication connection with replica 178792343404853504
[2026-08-28T13:46:50.540Z INFO  gresse::network] replica 178792343404851504 registered bidirectional network channel for replica 178792343404853504
[2026-08-28T13:46:51.604Z INFO  gresse::network] replica 178792343404851504 registered bidirectional network channel for replica 178792343404854504
[2026-08-28T13:46:51.604Z INFO  gresse::replica] replica 178792343404851504 established peer replication connection with replica 178792343404854504
[2026-08-28T13:46:52.586Z INFO  gresse::network] replica 178792343404851504 registered bidirectional network channel for replica 178792343404855504
[2026-08-28T13:46:52.586Z INFO  gresse::replica] replica 178792343404851504 established peer replication connection with replica 178792343404855504
[2026-08-28T13:46:53.133Z INFO  gresse::replica] replica 178792343404851504 observed shutdown descriptor for replica 178792343404851503 with final counter Some(1554)
[2026-08-28T13:46:53.133Z INFO  gresse::network] replica 178792343404851504 discovered network member NetworkMember { pid: 178792343513164004, address: 3.8.155.72:19080, final_counter: None }
[2026-08-28T13:46:53.152Z INFO  gresse::network] replica 178792343404851504 registered bidirectional network channel for replica 178792343513164004
[2026-08-28T13:46:53.347Z INFO  gresse::replica] replica 178792343404851504 observed shutdown descriptor for replica 178792343404852503 with final counter Some(843)
[2026-08-28T13:46:53.586Z INFO  gresse::replica] replica 178792343404851504 observed shutdown descriptor for replica 178792343404853503 with final counter Some(840)
[2026-08-28T13:46:53.856Z INFO  gresse::replica] replica 178792343404851504 established peer replication connection with replica 178792343513164004
[2026-08-28T13:47:53.630Z INFO  gresse::replica] replica 178792343404851504 observed shutdown descriptor for replica 178792343513165003 with final counter Some(1284)
[2026-08-28T13:47:54.314Z INFO  gresse::replica] replica 178792343404851504 observed shutdown descriptor for replica 178792343513166003 with final counter Some(870)
[2026-08-28T13:47:54.674Z INFO  gresse::replica] replica 178792343404851504 observed shutdown descriptor for replica 178792343513167003 with final counter Some(872)
[2026-08-28T13:48:13.736Z WARN  gresse::network] peer connection write failed: Broken pipe (os error 32)
[2026-08-28T13:48:18.737Z WARN  gresse::network] peer connection write failed: Broken pipe (os error 32)
[2026-08-28T13:48:35.737Z WARN  gresse::network] peer connection write failed: Broken pipe (os error 32)
[2026-08-28T13:48:48.689Z INFO  gresse::network] replica 178792343404851504 registered bidirectional network channel for replica 178792343513165004
[2026-08-28T13:48:48.689Z INFO  gresse::replica] replica 178792343404851504 established peer replication connection with replica 178792343513165004
[2026-08-28T13:48:49.040Z INFO  gresse::network] replica 178792343404851504 registered bidirectional network channel for replica 178792343597981004
[2026-08-28T13:48:49.040Z INFO  gresse::replica] replica 178792343404851504 established peer replication connection with replica 178792343597981004
[2026-08-28T13:48:49.418Z INFO  gresse::network] replica 178792343404851504 registered bidirectional network channel for replica 178792343513166004
[2026-08-28T13:48:49.418Z INFO  gresse::replica] replica 178792343404851504 established peer replication connection with replica 178792343513166004
[2026-08-28T13:48:50.095Z INFO  gresse::network] replica 178792343404851504 registered bidirectional network channel for replica 178792343597982004
[2026-08-28T13:48:50.095Z INFO  gresse::replica] replica 178792343404851504 established peer replication connection with replica 178792343597982004
[2026-08-28T13:48:50.154Z INFO  gresse::network] replica 178792343404851504 registered bidirectional network channel for replica 178792343513167004
[2026-08-28T13:48:50.154Z INFO  gresse::replica] replica 178792343404851504 established peer replication connection with replica 178792343513167004
[2026-08-28T13:48:51.034Z INFO  gresse::network] replica 178792343404851504 registered bidirectional network channel for replica 178792343513168004
[2026-08-28T13:48:51.034Z INFO  gresse::replica] replica 178792343404851504 established peer replication connection with replica 178792343513168004
[2026-08-28T13:49:10.736Z WARN  gresse::replica] replica 178792343404851504 deferred pull request to peer 178792343597981003: channel closed
[2026-08-28T13:49:36.737Z WARN  gresse::replica] replica 178792343404851504 deferred pull request to peer 178792343597982003: channel closed
[2026-08-28T13:49:42.737Z WARN  gresse::replica] replica 178792343404851504 deferred pull request to peer 178792343513168003: channel closed
[2026-08-28T13:49:49.981Z INFO  gresse::replica] replica 178792343404851504 gc departed_pids=None updated_stable=DotSet { set: {178792343513167002: -1, 178792343404852504: -1, 178792343513167001: 2, 178792343404855503: -1, 178792343327017803: -1, 178792343513166001: 7, 178792343327014801: 3, 178792343404855501: 3, 178792343266887003: -1, 178792343513167003: -1, 178792343266886004: -1, 178792343513168003: -1, 178792343513165003: -1, 178792343327017804: -1, 178792343597981004: -1, 178792343327017801: 8, 178792343266886003: -1, 178792343266886002: -1, 178792343404851503: -1, 178792343327015801: 10, 178792343327017802: -1, 178792343404851504: -1, 178792343513168001: 7, 178792343327015803: -1, 178792343266890004: -1, 178792343404855504: -1, 178792343327016801: 5, 178792343597983003: -1, 178792343404853501: 5, 178792343327014803: -1, 178792343597982002: -1, 178792343597983001: 8, 178792343404851501: 5, 178792343327014804: -1, 178792343597981002: -1, 178792343513166002: -1, 178792343597985002: -1, 178792343597984003: -1, 178792343266889004: -1, 178792343597984001: 0, 178792343266887002: -1, 178792343404854502: -1, 178792343266889003: -1, 178792343513164003: -1, 178792343597985003: -1, 178792343597983002: -1, 178792343327016803: -1, 178792343404855502: -1, 178792343513168004: -1, 178792343513165001: 3, 178792343327016802: -1, 178792343404854501: 1, 178792343327013804: -1, 178792343266887001: 6, 178792343597985001: 7, 178792343266890002: -1, 178792343513168002: -1, 178792343266887004: -1, 178792343266889002: -1, 178792343597981001: 6, 178792343327014802: -1, 178792343266888003: -1, 178792343597982001: 2, 178792343404852501: 6, 178792343404853504: -1, 178792343513164002: -1, 178792343327013801: 5, 178792343404852503: -1, 178792343266889001: 12, 178792343404853502: -1, 178792343327015802: -1, 178792343266890003: -1, 178792343597981003: -1, 178792343513166003: -1, 178792343327013802: -1, 178792343327015804: -1, 178792343266890001: 10, 178792343327016804: -1, 178792343597982004: -1, 178792343404851502: -1, 178792343266888001: 9, 178792343513164001: 6, 178792343597982003: -1, 178792343327013803: -1, 178792343404853503: -1, 178792343513164004: -1, 178792343266886001: 5, 178792343404854504: -1, 178792343597984002: -1, 178792343404852502: -1, 178792343513165002: -1, 178792343266888004: -1, 178792343404854503: -1, 178792343513167004: -1, 178792343513165004: -1, 178792343513166004: -1, 178792343266888002: -1} }
[2026-08-28T13:49:51.043Z INFO  gresse::replica] replica 178792343404851504 completed gc round
[2026-08-28T13:49:53.276Z INFO  gresse::replica] replica 178792343404851504 observed shutdown descriptor for replica 178792343597983003 with final counter Some(1237)
[2026-08-28T13:49:53.751Z INFO  gresse::replica] replica 178792343404851504 observed shutdown descriptor for replica 178792343597984003 with final counter Some(920)
[2026-08-28T13:49:53.985Z INFO  gresse::replica] replica 178792343404851504 observed shutdown descriptor for replica 178792343597985003 with final counter Some(921)
[2026-08-28T13:50:33.737Z WARN  gresse::network] peer connection write failed: Broken pipe (os error 32)
[2026-08-28T13:50:38.737Z WARN  gresse::network] peer connection write failed: Broken pipe (os error 32)
[2026-08-28T13:50:41.737Z WARN  gresse::replica] replica 178792343404851504 deferred pull request to peer 178792343266886004: channel closed
[2026-08-28T13:50:46.737Z WARN  gresse::replica] replica 178792343404851504 deferred pull request to peer 178792343266888004: channel closed
[2026-08-28T13:50:48.685Z INFO  gresse::network] replica 178792343404851504 registered bidirectional network channel for replica 178792343597983004
[2026-08-28T13:50:48.686Z INFO  gresse::replica] replica 178792343404851504 established peer replication connection with replica 178792343597983004
[2026-08-28T13:50:48.798Z INFO  gresse::network] replica 178792343404851504 registered bidirectional network channel for replica 178792343266886005
[2026-08-28T13:50:48.798Z INFO  gresse::replica] replica 178792343404851504 established peer replication connection with replica 178792343266886005
[2026-08-28T13:50:49.418Z INFO  gresse::network] replica 178792343404851504 registered bidirectional network channel for replica 178792343597984004
[2026-08-28T13:50:49.418Z INFO  gresse::replica] replica 178792343404851504 established peer replication connection with replica 178792343597984004
[2026-08-28T13:50:49.566Z INFO  gresse::network] replica 178792343404851504 registered bidirectional network channel for replica 178792343266887005
[2026-08-28T13:50:49.566Z INFO  gresse::replica] replica 178792343404851504 established peer replication connection with replica 178792343266887005
[2026-08-28T13:50:49.736Z WARN  gresse::network] peer connection write failed: Broken pipe (os error 32)
[2026-08-28T13:50:50.126Z INFO  gresse::network] replica 178792343404851504 registered bidirectional network channel for replica 178792343597985004
[2026-08-28T13:50:50.126Z INFO  gresse::replica] replica 178792343404851504 established peer replication connection with replica 178792343597985004
[2026-08-28T13:50:50.173Z INFO  gresse::network] replica 178792343404851504 registered bidirectional network channel for replica 178792343266888005
[2026-08-28T13:50:50.173Z INFO  gresse::replica] replica 178792343404851504 established peer replication connection with replica 178792343266888005
[2026-08-28T13:51:06.737Z WARN  gresse::replica] replica 178792343404851504 deferred pull request to peer 178792343266887004: channel closed
[2026-08-28T13:51:50.513Z INFO  gresse::replica] replica 178792343404851504 gc departed_pids=None updated_stable=DotSet { set: {178792343513164003: -1, 178792343404855504: -1, 178792343266889001: 12, 178792343597985002: -1, 178792343513164001: 6, 178792343266886002: -1, 178792343513168004: -1, 178792343513164004: -1, 178792343597982002: -1, 178792343327017802: -1, 178792343597983003: -1, 178792343404852503: -1, 178792343597983004: -1, 178792343597982001: 2, 178792343327015801: 10, 178792343266889002: -1, 178792343404853501: 5, 178792343404854503: -1, 178792343597984003: -1, 178792343513164002: -1, 178792343266888003: -1, 178792343513165002: -1, 178792343327014803: -1, 178792343266888004: -1, 178792343513166002: -1, 178792343404851503: -1, 178792343266889004: -1, 178792343597984001: 0, 178792343597981001: 6, 178792343404853504: -1, 178792343327016801: 5, 178792343327015804: -1, 178792343266889003: -1, 178792343266890003: -1, 178792343266887003: -1, 178792343513165004: -1, 178792343404855501: 3, 178792343327014802: -1, 178792343597981003: -1, 178792343597982003: -1, 178792343327017803: -1, 178792343266888001: 9, 178792343266890001: 10, 178792343404852501: 6, 178792343327013804: -1, 178792343513168001: 7, 178792343597985001: 7, 178792343266886004: -1, 178792343404852502: -1, 178792343327016803: -1, 178792343266890004: -1, 178792343266887002: -1, 178792343266887004: -1, 178792343266887005: -1, 178792343404851501: 5, 178792343327016804: -1, 178792343327014804: -1, 178792343513166003: -1, 178792343597983001: 8, 178792343266886001: 5, 178792343597981004: -1, 178792343513167003: -1, 178792343266888005: -1, 178792343266887001: 6, 178792343266886003: -1, 178792343513166001: 7, 178792343404851502: -1, 178792343513168003: -1, 178792343404854504: -1, 178792343404855502: -1, 178792343327013802: -1, 178792343266886005: -1, 178792343597982004: -1, 178792343513167002: -1, 178792343404852504: -1, 178792343513166004: -1, 178792343597981002: -1, 178792343597984004: -1, 178792343513165003: -1, 178792343597985004: -1, 178792343513168002: -1, 178792343266890002: -1, 178792343327013801: 5, 178792343597985003: -1, 178792343513165001: 3, 178792343404853502: -1, 178792343327015803: -1, 178792343327017804: -1, 178792343404854502: -1, 178792343327016802: -1, 178792343597983002: -1, 178792343597984002: -1, 178792343327017801: 8, 178792343513167004: -1, 178792343404853503: -1, 178792343404851504: -1, 178792343327014801: 3, 178792343266888002: -1, 178792343404855503: -1, 178792343404854501: 1, 178792343513167001: 2, 178792343327015802: -1, 178792343327013803: -1} }
[2026-08-28T13:51:52.158Z INFO  gresse::replica] replica 178792343404851504 completed gc round
[2026-08-28T13:51:53.290Z INFO  gresse::replica] replica 178792343404851504 observed shutdown descriptor for replica 178792343266889004 with final counter Some(1288)
[2026-08-28T13:51:53.811Z INFO  gresse::replica] replica 178792343404851504 observed shutdown descriptor for replica 178792343266890004 with final counter Some(1022)
[2026-08-28T13:51:54.197Z INFO  gresse::replica] replica 178792343404851504 observed shutdown descriptor for replica 178792343327013804 with final counter Some(847)
[2026-08-28T13:52:14.737Z WARN  gresse::network] peer connection write failed: Broken pipe (os error 32)
[2026-08-28T13:52:45.737Z WARN  gresse::replica] replica 178792343404851504 deferred pull request to peer 178792343327014804: channel closed
[2026-08-28T13:52:46.736Z WARN  gresse::network] peer connection write failed: Broken pipe (os error 32)
[2026-08-28T13:52:48.456Z INFO  gresse::network] replica 178792343404851504 registered bidirectional network channel for replica 178792343266889005
[2026-08-28T13:52:48.456Z INFO  gresse::replica] replica 178792343404851504 established peer replication connection with replica 178792343266889005
[2026-08-28T13:52:48.606Z INFO  gresse::replica] replica 178792343404851504 established peer replication connection with replica 178792343327013805
[2026-08-28T13:52:48.606Z INFO  gresse::network] replica 178792343404851504 registered bidirectional network channel for replica 178792343327013805
[2026-08-28T13:52:48.736Z WARN  gresse::replica] replica 178792343404851504 deferred pull request to peer 178792343327015804: channel closed
[2026-08-28T13:52:48.836Z INFO  gresse::network] replica 178792343404851504 registered bidirectional network channel for replica 178792343266890005
[2026-08-28T13:52:48.836Z INFO  gresse::replica] replica 178792343404851504 established peer replication connection with replica 178792343266890005
[2026-08-28T13:52:49.544Z INFO  gresse::network] replica 178792343404851504 registered bidirectional network channel for replica 178792343327014805
[2026-08-28T13:52:49.544Z INFO  gresse::replica] replica 178792343404851504 established peer replication connection with replica 178792343327014805
[2026-08-28T13:52:50.519Z INFO  gresse::network] replica 178792343404851504 registered bidirectional network channel for replica 178792343327015805
[2026-08-28T13:52:50.519Z INFO  gresse::replica] replica 178792343404851504 established peer replication connection with replica 178792343327015805
[2026-08-28T13:52:51.418Z INFO  gresse::network] replica 178792343404851504 registered bidirectional network channel for replica 178792343327016805
[2026-08-28T13:52:51.418Z INFO  gresse::replica] replica 178792343404851504 established peer replication connection with replica 178792343327016805
[2026-08-28T13:53:30.736Z WARN  gresse::network] peer connection write failed: Broken pipe (os error 32)
[2026-08-28T13:53:48.088Z INFO  gresse::replica] shutdown signal received for replica 178792343404851504
[2026-08-28T13:53:48.088Z INFO  gresse::replica] replica 178792343404851504 shutting down with 25 connected writers
[2026-08-28T13:53:48.777Z INFO  gresse::http_server] http server received shutdown signal
[2026-08-28T13:53:48.777Z INFO  gresse::http_server] http server shutdown complete
[2026-08-28T13:53:48.777Z INFO  gresse::network] network manager for replica 178792343404851504 shutdown complete
