[2026-09-03T10:43:05.499Z INFO  gresse::http_server] running CRDT HTTP server
[2026-09-03T10:43:05.500Z INFO  gresse::http_server] listening for HTTP on 0.0.0.0:18083
[2026-09-03T10:43:05.542Z INFO  gresse::replica] replica 178842684114093209 initiating runtime at bind_http=0.0.0.0:18083 bind_internal=0.0.0.0:19083 advertised_internal=34.246.191.174:19083
[2026-09-03T10:43:05.707Z INFO  gresse::object_storage] object storage connection established: backend=s3, bucket=gresse-geo-035351467464-20260903085118-6fb999, region=eu-north-1, endpoint=AWS default endpoint resolution, first_operation=put-create, object_path=acm-sec-geo-churn-20260903T091329Z-d96b4f84/membership/178842684114093209,34.246.191.174:19083,51
[2026-09-03T10:43:05.872Z INFO  gresse::replica] replica 178842684114093209 restored local state from durability journal before startup
[2026-09-03T10:43:05.872Z INFO  gresse::replica] replica 178842684114093209 discovered 248 membership descriptors during init
[2026-09-03T10:43:05.872Z INFO  gresse::replica] replica 178842684114093209 startup completed
[2026-09-03T10:43:05.872Z INFO  gresse::network] replica 178842684114093209 discovered network member NetworkMember { pid: 178842683849154810, address: 13.53.121.51:19080, final_counter: None }
[2026-09-03T10:43:05.872Z INFO  gresse::network] replica 178842684114093209 discovered network member NetworkMember { pid: 178842683849155809, address: 13.53.121.51:19081, final_counter: None }
[2026-09-03T10:43:05.872Z INFO  gresse::network] replica 178842684114093209 discovered network member NetworkMember { pid: 178842683849156812, address: 13.53.121.51:19082, final_counter: None }
[2026-09-03T10:43:05.872Z INFO  gresse::network] replica 178842684114093209 discovered network member NetworkMember { pid: 178842683849157812, address: 13.53.121.51:19083, final_counter: None }
[2026-09-03T10:43:05.872Z INFO  gresse::network] replica 178842684114093209 discovered network member NetworkMember { pid: 178842683849158812, address: 13.53.121.51:19084, final_counter: None }
[2026-09-03T10:43:05.872Z INFO  gresse::network] replica 178842684114093209 discovered network member NetworkMember { pid: 178842683956181211, address: 52.59.198.67:19080, final_counter: None }
[2026-09-03T10:43:05.872Z INFO  gresse::network] replica 178842684114093209 discovered network member NetworkMember { pid: 178842683956182210, address: 52.59.198.67:19081, final_counter: None }
[2026-09-03T10:43:05.872Z INFO  gresse::network] replica 178842684114093209 discovered network member NetworkMember { pid: 178842683956183209, address: 52.59.198.67:19082, final_counter: None }
[2026-09-03T10:43:05.872Z INFO  gresse::network] replica 178842684114093209 discovered network member NetworkMember { pid: 178842683956184212, address: 52.59.198.67:19083, final_counter: None }
[2026-09-03T10:43:05.872Z INFO  gresse::network] replica 178842684114093209 discovered network member NetworkMember { pid: 178842683956185212, address: 52.59.198.67:19084, final_counter: None }
[2026-09-03T10:43:05.872Z INFO  gresse::network] replica 178842684114093209 discovered network member NetworkMember { pid: 178842684114090212, address: 34.246.191.174:19080, final_counter: None }
[2026-09-03T10:43:05.872Z INFO  gresse::network] replica 178842684114093209 discovered network member NetworkMember { pid: 178842684114091211, address: 34.246.191.174:19081, final_counter: None }
[2026-09-03T10:43:05.872Z INFO  gresse::network] replica 178842684114093209 discovered network member NetworkMember { pid: 178842684114092210, address: 34.246.191.174:19082, final_counter: None }
[2026-09-03T10:43:05.872Z INFO  gresse::network] replica 178842684114093209 discovered network member NetworkMember { pid: 178842684114094208, address: 34.246.191.174:19084, final_counter: None }
[2026-09-03T10:43:05.872Z INFO  gresse::network] replica 178842684114093209 discovered network member NetworkMember { pid: 178842684286993611, address: 35.179.101.242:19080, final_counter: None }
[2026-09-03T10:43:05.872Z INFO  gresse::network] replica 178842684114093209 discovered network member NetworkMember { pid: 178842684286994611, address: 35.179.101.242:19081, final_counter: None }
[2026-09-03T10:43:05.872Z INFO  gresse::network] replica 178842684114093209 discovered network member NetworkMember { pid: 178842684286995611, address: 35.179.101.242:19082, final_counter: None }
[2026-09-03T10:43:05.872Z INFO  gresse::network] replica 178842684114093209 discovered network member NetworkMember { pid: 178842684286996610, address: 35.179.101.242:19083, final_counter: None }
[2026-09-03T10:43:05.872Z INFO  gresse::network] replica 178842684114093209 discovered network member NetworkMember { pid: 178842684286997609, address: 35.179.101.242:19084, final_counter: None }
[2026-09-03T10:43:05.872Z INFO  gresse::network] replica 178842684114093209 discovered network member NetworkMember { pid: 178842684426432108, address: 13.38.47.15:19080, final_counter: None }
[2026-09-03T10:43:05.872Z INFO  gresse::network] replica 178842684114093209 discovered network member NetworkMember { pid: 178842684426433111, address: 13.38.47.15:19081, final_counter: None }
[2026-09-03T10:43:05.872Z INFO  gresse::network] replica 178842684114093209 discovered network member NetworkMember { pid: 178842684426434111, address: 13.38.47.15:19082, final_counter: None }
[2026-09-03T10:43:05.872Z INFO  gresse::network] replica 178842684114093209 discovered network member NetworkMember { pid: 178842684426435111, address: 13.38.47.15:19083, final_counter: None }
[2026-09-03T10:43:05.872Z INFO  gresse::network] replica 178842684114093209 discovered network member NetworkMember { pid: 178842684426436110, address: 13.38.47.15:19084, final_counter: None }
[2026-09-03T10:43:05.873Z INFO  gresse::network] replica 178842684114093209 registered bidirectional network channel for replica 178842684114090212
[2026-09-03T10:43:05.873Z INFO  gresse::replica] replica 178842684114093209 established peer replication connection with replica 178842684114090212
[2026-09-03T10:43:05.873Z INFO  gresse::network] replica 178842684114093209 registered bidirectional network channel for replica 178842684114094208
[2026-09-03T10:43:05.873Z INFO  gresse::replica] replica 178842684114093209 established peer replication connection with replica 178842684114094208
[2026-09-03T10:43:05.873Z INFO  gresse::network] replica 178842684114093209 registered bidirectional network channel for replica 178842684114092210
[2026-09-03T10:43:05.873Z INFO  gresse::replica] replica 178842684114093209 established peer replication connection with replica 178842684114092210
[2026-09-03T10:43:05.873Z INFO  gresse::network] replica 178842684114093209 registered bidirectional network channel for replica 178842684114091211
[2026-09-03T10:43:05.873Z INFO  gresse::replica] replica 178842684114093209 established peer replication connection with replica 178842684114091211
[2026-09-03T10:43:05.892Z INFO  gresse::network] replica 178842684114093209 registered bidirectional network channel for replica 178842684286997609
[2026-09-03T10:43:05.892Z INFO  gresse::replica] replica 178842684114093209 established peer replication connection with replica 178842684286997609
[2026-09-03T10:43:05.892Z INFO  gresse::network] replica 178842684114093209 registered bidirectional network channel for replica 178842684286995611
[2026-09-03T10:43:05.892Z INFO  gresse::replica] replica 178842684114093209 established peer replication connection with replica 178842684286995611
[2026-09-03T10:43:05.892Z INFO  gresse::network] replica 178842684114093209 registered bidirectional network channel for replica 178842684286993611
[2026-09-03T10:43:05.892Z INFO  gresse::replica] replica 178842684114093209 established peer replication connection with replica 178842684286993611
[2026-09-03T10:43:05.892Z INFO  gresse::network] replica 178842684114093209 registered bidirectional network channel for replica 178842684286994611
[2026-09-03T10:43:05.892Z INFO  gresse::replica] replica 178842684114093209 established peer replication connection with replica 178842684286994611
[2026-09-03T10:43:05.892Z INFO  gresse::network] replica 178842684114093209 registered bidirectional network channel for replica 178842684286996610
[2026-09-03T10:43:05.892Z INFO  gresse::replica] replica 178842684114093209 established peer replication connection with replica 178842684286996610
[2026-09-03T10:43:05.906Z INFO  gresse::network] replica 178842684114093209 registered bidirectional network channel for replica 178842684426436110
[2026-09-03T10:43:05.906Z INFO  gresse::replica] replica 178842684114093209 established peer replication connection with replica 178842684426436110
[2026-09-03T10:43:05.906Z INFO  gresse::network] replica 178842684114093209 registered bidirectional network channel for replica 178842684426433111
[2026-09-03T10:43:05.906Z INFO  gresse::replica] replica 178842684114093209 established peer replication connection with replica 178842684426433111
[2026-09-03T10:43:05.907Z INFO  gresse::network] replica 178842684114093209 registered bidirectional network channel for replica 178842684426435111
[2026-09-03T10:43:05.907Z INFO  gresse::replica] replica 178842684114093209 established peer replication connection with replica 178842684426435111
[2026-09-03T10:43:05.907Z INFO  gresse::network] replica 178842684114093209 registered bidirectional network channel for replica 178842684426432108
[2026-09-03T10:43:05.907Z INFO  gresse::replica] replica 178842684114093209 established peer replication connection with replica 178842684426432108
[2026-09-03T10:43:05.907Z INFO  gresse::network] replica 178842684114093209 registered bidirectional network channel for replica 178842684426434111
[2026-09-03T10:43:05.907Z INFO  gresse::replica] replica 178842684114093209 established peer replication connection with replica 178842684426434111
[2026-09-03T10:43:05.911Z INFO  gresse::network] replica 178842684114093209 registered bidirectional network channel for replica 178842683956184212
[2026-09-03T10:43:05.911Z INFO  gresse::replica] replica 178842684114093209 established peer replication connection with replica 178842683956184212
[2026-09-03T10:43:05.911Z INFO  gresse::network] replica 178842684114093209 registered bidirectional network channel for replica 178842683956183209
[2026-09-03T10:43:05.911Z INFO  gresse::replica] replica 178842684114093209 established peer replication connection with replica 178842683956183209
[2026-09-03T10:43:05.912Z INFO  gresse::network] replica 178842684114093209 registered bidirectional network channel for replica 178842683956181211
[2026-09-03T10:43:05.912Z INFO  gresse::replica] replica 178842684114093209 established peer replication connection with replica 178842683956181211
[2026-09-03T10:43:05.912Z INFO  gresse::network] replica 178842684114093209 registered bidirectional network channel for replica 178842683956185212
[2026-09-03T10:43:05.912Z INFO  gresse::replica] replica 178842684114093209 established peer replication connection with replica 178842683956185212
[2026-09-03T10:43:05.913Z INFO  gresse::network] replica 178842684114093209 registered bidirectional network channel for replica 178842683956182210
[2026-09-03T10:43:05.913Z INFO  gresse::replica] replica 178842684114093209 established peer replication connection with replica 178842683956182210
[2026-09-03T10:43:05.957Z INFO  gresse::network] replica 178842684114093209 registered bidirectional network channel for replica 178842683849157812
[2026-09-03T10:43:05.957Z INFO  gresse::replica] replica 178842684114093209 established peer replication connection with replica 178842683849157812
[2026-09-03T10:43:05.957Z INFO  gresse::network] replica 178842684114093209 registered bidirectional network channel for replica 178842683849154810
[2026-09-03T10:43:05.957Z INFO  gresse::network] replica 178842684114093209 registered bidirectional network channel for replica 178842683849156812
[2026-09-03T10:43:05.957Z INFO  gresse::network] replica 178842684114093209 registered bidirectional network channel for replica 178842683849155809
[2026-09-03T10:43:05.957Z INFO  gresse::replica] replica 178842684114093209 established peer replication connection with replica 178842683849154810
[2026-09-03T10:43:05.957Z INFO  gresse::replica] replica 178842684114093209 established peer replication connection with replica 178842683849156812
[2026-09-03T10:43:05.957Z INFO  gresse::network] replica 178842684114093209 registered bidirectional network channel for replica 178842683849158812
[2026-09-03T10:43:05.957Z INFO  gresse::replica] replica 178842684114093209 established peer replication connection with replica 178842683849155809
[2026-09-03T10:43:05.957Z INFO  gresse::replica] replica 178842684114093209 established peer replication connection with replica 178842683849158812
[2026-09-03T10:43:11.775Z INFO  gresse::replica] replica 178842684114093209 observed shutdown descriptor for replica 178842683849156808 with final counter Some(3772)
[2026-09-03T10:43:12.458Z INFO  gresse::replica] replica 178842684114093209 observed shutdown descriptor for replica 178842683849157811 with final counter Some(923)
[2026-09-03T10:43:13.063Z INFO  gresse::replica] replica 178842684114093209 observed shutdown descriptor for replica 178842683849158811 with final counter Some(920)
[2026-09-03T10:43:13.654Z INFO  gresse::replica] replica 178842684114093209 observed shutdown descriptor for replica 178842683956184208 with final counter Some(3781)
[2026-09-03T10:43:14.350Z INFO  gresse::replica] replica 178842684114093209 observed shutdown descriptor for replica 178842683956185211 with final counter Some(1022)
[2026-09-03T10:43:15.267Z INFO  gresse::replica] replica 178842684114093209 observed shutdown descriptor for replica 178842684114090211 with final counter Some(858)
[2026-09-03T10:43:18.873Z WARN  gresse::network] peer connection write failed: Broken pipe (os error 32)
[2026-09-03T10:43:20.873Z WARN  gresse::replica] replica 178842684114093209 deferred pull request to peer 178842684426436110: channel closed
[2026-09-03T10:43:21.873Z WARN  gresse::network] peer connection write failed: Broken pipe (os error 32)
[2026-09-03T10:43:22.872Z WARN  gresse::network] peer connection write failed: Broken pipe (os error 32)
[2026-09-03T10:43:23.873Z WARN  gresse::network] peer connection write failed: Broken pipe (os error 32)
[2026-09-03T10:43:24.873Z WARN  gresse::replica] replica 178842684114093209 deferred pull request to peer 178842684426433111: channel closed
[2026-09-03T10:43:31.873Z WARN  gresse::network] peer connection write failed: Broken pipe (os error 32)
[2026-09-03T10:43:32.872Z WARN  gresse::replica] replica 178842684114093209 deferred pull request to peer 178842683849156812: channel closed
[2026-09-03T10:43:34.872Z WARN  gresse::network] peer connection write failed: Broken pipe (os error 32)
[2026-09-03T10:43:35.873Z WARN  gresse::network] peer connection write failed: Broken pipe (os error 32)
[2026-09-03T10:43:40.873Z WARN  gresse::network] peer connection write failed: Broken pipe (os error 32)
[2026-09-03T10:43:41.872Z WARN  gresse::replica] replica 178842684114093209 deferred pull request to peer 178842684426435111: channel closed
[2026-09-03T10:43:42.873Z WARN  gresse::replica] replica 178842684114093209 deferred pull request to peer 178842683956182210: channel closed
[2026-09-03T10:43:45.873Z WARN  gresse::network] peer connection write failed: Broken pipe (os error 32)
[2026-09-03T10:43:47.873Z WARN  gresse::network] peer connection write failed: Broken pipe (os error 32)
[2026-09-03T10:43:48.873Z WARN  gresse::replica] replica 178842684114093209 deferred pull request to peer 178842684286995611: channel closed
[2026-09-03T10:43:49.873Z WARN  gresse::replica] replica 178842684114093209 deferred pull request to peer 178842683956183209: channel closed
[2026-09-03T10:43:51.873Z WARN  gresse::replica] replica 178842684114093209 deferred pull request to peer 178842684286993611: channel closed
[2026-09-03T10:43:52.873Z WARN  gresse::network] peer connection write failed: Broken pipe (os error 32)
[2026-09-03T10:43:53.873Z WARN  gresse::network] peer connection write failed: Broken pipe (os error 32)
[2026-09-03T10:43:56.873Z WARN  gresse::network] peer connection write failed: Broken pipe (os error 32)
[2026-09-03T10:44:00.604Z INFO  gresse::replica] replica 178842684114093209 observed shutdown descriptor for replica 178842684114094208 with final counter Some(4091)
[2026-09-03T10:44:01.903Z WARN  gresse::object_storage] slow object storage download: path=acm-sec-geo-churn-20260903T091329Z-d96b4f84/membership/178842684114094208,34.246.191.174:19084,52,4091, bytes=31550463, etag=Some("\"9b742d350ba933c564abc038d6c84d3f\""), version=None, get_elapsed_ms=68, body_elapsed_ms=976, decode_elapsed_ms=253, total_elapsed_ms=1299
[2026-09-03T10:44:01.920Z INFO  gresse::replica] replica 178842684114093209 observed shutdown descriptor for replica 178842684286993611 with final counter Some(859)
[2026-09-03T10:44:02.916Z INFO  gresse::replica] replica 178842684114093209 observed shutdown descriptor for replica 178842684286994611 with final counter Some(843)
[2026-09-03T10:44:04.006Z WARN  gresse::object_storage] slow object storage download: path=acm-sec-geo-churn-20260903T091329Z-d96b4f84/membership/178842684286994611,35.179.101.242:19081,52,843, bytes=22144967, etag=Some("\"3ded1ab90255c1a80ec5b1c3ee1e8233\""), version=None, get_elapsed_ms=67, body_elapsed_ms=812, decode_elapsed_ms=209, total_elapsed_ms=1089
[2026-09-03T10:44:04.019Z WARN  gresse::replica] replica 178842684114093209 deferred pull request to peer 178842683849157812: channel closed
[2026-09-03T10:44:04.019Z WARN  gresse::network] peer connection write failed: Broken pipe (os error 32)
[2026-09-03T10:44:04.873Z WARN  gresse::network] peer connection write failed: Broken pipe (os error 32)
[2026-09-03T10:44:06.873Z WARN  gresse::network] peer connection write failed: Broken pipe (os error 32)
[2026-09-03T10:44:08.872Z WARN  gresse::replica] replica 178842684114093209 deferred pull request to peer 178842683849158812: channel closed
[2026-09-03T10:44:10.873Z WARN  gresse::network] peer connection write failed: Broken pipe (os error 32)
[2026-09-03T10:44:11.873Z WARN  gresse::replica] replica 178842684114093209 deferred pull request to peer 178842684286997609: channel closed
[2026-09-03T10:44:12.872Z WARN  gresse::replica] replica 178842684114093209 deferred pull request to peer 178842684426432108: channel closed
[2026-09-03T10:44:13.873Z WARN  gresse::replica] replica 178842684114093209 deferred pull request to peer 178842683849154810: channel closed
[2026-09-03T10:44:15.873Z WARN  gresse::replica] replica 178842684114093209 deferred pull request to peer 178842683849155809: channel closed
[2026-09-03T10:44:16.873Z WARN  gresse::replica] replica 178842684114093209 deferred pull request to peer 178842684286996610: channel closed
[2026-09-03T10:44:18.873Z WARN  gresse::replica] replica 178842684114093209 deferred pull request to peer 178842684426434111: channel closed
[2026-09-03T10:44:19.873Z WARN  gresse::replica] replica 178842684114093209 deferred pull request to peer 178842683956181211: channel closed
[2026-09-03T10:44:59.480Z INFO  gresse::network] replica 178842684114093209 registered bidirectional network channel for replica 178842684286993612
[2026-09-03T10:44:59.480Z INFO  gresse::replica] replica 178842684114093209 established peer replication connection with replica 178842684286993612
[2026-09-03T10:44:59.529Z INFO  gresse::replica] replica 178842684114093209 established peer replication connection with replica 178842684114094212
[2026-09-03T10:44:59.530Z INFO  gresse::network] replica 178842684114093209 registered bidirectional network channel for replica 178842684114094212
[2026-09-03T10:45:00.603Z INFO  gresse::network] replica 178842684114093209 discovered network member NetworkMember { pid: 178842684286994612, address: 35.179.101.242:19081, final_counter: None }
[2026-09-03T10:45:01.145Z INFO  gresse::network] replica 178842684114093209 registered bidirectional network channel for replica 178842684286994612
[2026-09-03T10:45:01.145Z INFO  gresse::replica] replica 178842684114093209 established peer replication connection with replica 178842684286994612
[2026-09-03T10:45:56.274Z INFO  gresse::replica] replica 178842684114093209 gc departed_pids=None updated_stable=DotSet { set: {178842683849158801: -1, 178842683849155808: -1, 178842684426432102: -1, 178842683849154810: -1, 178842684426435101: -1, 178842683956185207: -1, 178842684426435104: -1, 178842683956184201: -1, 178842684286996604: -1, 178842684426432106: -1, 178842683849158812: -1, 178842683956184208: -1, 178842684426435110: -1, 178842683849156802: -1, 178842683956183208: -1, 178842684286993607: -1, 178842684286997608: -1, 178842684114091203: -1, 178842684114090210: -1, 178842683956182208: -1, 178842683956181211: -1, 178842684114092204: -1, 178842684114092208: -1, 178842683956182201: -1, 178842684286993611: -1, 178842683849154804: -1, 178842684114090212: -1, 0: 0, 178842684286994610: -1, 178842684286993612: -1, 178842683956184207: -1, 178842684114093209: -1, 178842684286997602: -1, 178842684426436103: -1, 178842684426435103: -1, 178842684286994606: -1, 178842684114094208: -1, 178842684426432107: -1, 178842684286995611: -1, 178842683956182210: -1, 178842684114090206: -1, 178842684114092203: -1, 178842683849155801: -1, 178842683849157807: -1, 178842683849158805: -1, 178842683956183207: -1, 178842683956185211: -1, 178842684286995601: -1, 178842684114091205: -1, 178842684426433106: -1, 178842684426434101: -1, 178842683956181209: -1, 178842684286993605: -1, 178842684114091211: -1, 178842684114094207: -1, 178842684426435111: -1, 178842683956182204: -1, 178842683849158810: -1, 178842684286996609: -1, 178842683849155809: -1, 178842683849156806: -1, 178842683956182203: -1, 178842683956185205: -1, 178842684426432108: -1, 178842684426435105: -1, 178842684426435109: -1, 178842683956181203: -1, 178842684286995605: -1, 178842683956181204: -1, 178842683849154803: -1, 178842684286996603: -1, 178842684114090204: -1, 178842684426433101: -1, 178842684286995609: -1, 178842684426436102: -1, 178842684114093207: -1, 178842683956185212: -1, 178842684286994601: -1, 178842683849158806: -1, 178842683849156808: -1, 178842683849157806: -1, 178842684426433107: -1, 178842684426434106: -1, 178842683956184212: -1, 178842684114090201: -1, 178842684114094202: -1, 178842683956183203: -1, 178842684114094206: -1, 178842683956183209: -1, 178842683849157811: -1, 178842684286995603: -1, 178842684426434104: -1, 178842684426436109: -1, 178842683849156807: -1, 178842683849158811: -1, 178842683956181205: -1, 178842683956184206: -1, 178842684286995610: -1, 178842684286996602: -1, 178842684426434110: -1, 178842684114091210: -1, 178842684426434105: -1, 178842683849156812: -1, 178842684286995604: -1, 178842683956182209: -1, 178842684426434111: -1, 178842683956184202: -1, 178842683849154801: -1, 178842683956185201: -1, 178842684286997607: -1, 178842684114092209: -1, 178842684426433105: -1, 178842684286994605: -1, 178842684426433111: -1, 178842683849154809: -1, 178842684114090205: -1, 178842684286997609: -1, 178842683849157805: -1, 178842684426436104: -1, 178842683849157812: -1, 178842684426436108: -1, 178842684114092210: -1, 178842683956185206: -1, 178842683849157801: -1, 178842684286996610: -1, 178842684286997603: -1, 178842684286994611: -1, 178842683849155807: -1, 178842684114091209: -1, 178842683956181210: -1, 178842683849154808: -1, 178842684114093203: -1, 178842684114093208: -1, 178842684286993601: -1, 178842684114090211: -1, 178842684286994612: -1, 178842684114091204: -1, 178842684114094212: -1, 178842683956183201: -1, 178842683849158804: -1, 178842683849156801: -1, 178842684286994604: -1, 178842684286993606: -1, 178842684426436110: -1, 178842683849155803: -1, 178842684286996608: -1} }
[2026-09-03T10:45:59.032Z INFO  gresse::replica] replica 178842684114093209 completed gc round
[2026-09-03T10:46:00.764Z INFO  gresse::replica] replica 178842684114093209 observed shutdown descriptor for replica 178842684426432108 with final counter Some(4371)
[2026-09-03T10:46:02.011Z WARN  gresse::object_storage] slow object storage download: path=acm-sec-geo-churn-20260903T091329Z-d96b4f84/membership/178842684426432108,13.38.47.15:19080,53,4371, bytes=23024409, etag=Some("\"ff6baf4ab57885f5cd61c0855357d671\""), version=None, get_elapsed_ms=69, body_elapsed_ms=842, decode_elapsed_ms=334, total_elapsed_ms=1246
[2026-09-03T10:46:02.045Z INFO  gresse::replica] replica 178842684114093209 observed shutdown descriptor for replica 178842684426433111 with final counter Some(845)
[2026-09-03T10:46:02.759Z INFO  gresse::replica] replica 178842684114093209 observed shutdown descriptor for replica 178842684426434111 with final counter Some(840)
[2026-09-03T10:46:59.507Z INFO  gresse::network] replica 178842684114093209 registered bidirectional network channel for replica 178842684426432112
[2026-09-03T10:46:59.507Z INFO  gresse::replica] replica 178842684114093209 established peer replication connection with replica 178842684426432112
[2026-09-03T10:47:00.597Z INFO  gresse::network] replica 178842684114093209 discovered network member NetworkMember { pid: 178842684426433112, address: 13.38.47.15:19081, final_counter: None }
[2026-09-03T10:47:00.775Z INFO  gresse::network] replica 178842684114093209 registered bidirectional network channel for replica 178842684426433112
[2026-09-03T10:47:00.775Z INFO  gresse::replica] replica 178842684114093209 established peer replication connection with replica 178842684426433112
[2026-09-03T10:47:02.150Z INFO  gresse::network] replica 178842684114093209 registered bidirectional network channel for replica 178842684426434112
[2026-09-03T10:47:02.150Z INFO  gresse::replica] replica 178842684114093209 established peer replication connection with replica 178842684426434112
[2026-09-03T10:47:58.369Z INFO  gresse::replica] replica 178842684114093209 gc departed_pids=None updated_stable=DotSet { set: {178842683849158801: -1, 178842683849155808: -1, 178842684426432102: -1, 178842683849154810: -1, 178842684426435101: -1, 178842683956185207: -1, 178842684426435104: -1, 178842683956184201: -1, 178842684286996604: -1, 178842684426432106: -1, 178842683849158812: -1, 178842683956184208: -1, 178842684426435110: -1, 178842683849156802: -1, 178842683956183208: -1, 178842684286993607: -1, 178842684286997608: -1, 178842684114091203: -1, 178842684114090210: -1, 178842683956182208: -1, 178842683956181211: -1, 178842684114092204: -1, 178842684114092208: -1, 178842683956182201: -1, 178842684286993611: -1, 178842683849154804: -1, 178842684114090212: -1, 0: 0, 178842684286994610: -1, 178842684286993612: -1, 178842683956184207: -1, 178842684114093209: -1, 178842684286997602: -1, 178842684426436103: -1, 178842684426435103: -1, 178842684286994606: -1, 178842684114094208: -1, 178842684426432107: -1, 178842684286995611: -1, 178842683956182210: -1, 178842684114090206: -1, 178842684114092203: -1, 178842683849155801: -1, 178842683849157807: -1, 178842683849158805: -1, 178842683956183207: -1, 178842683956185211: -1, 178842684286995601: -1, 178842684114091205: -1, 178842684426433106: -1, 178842684426434101: -1, 178842683956181209: -1, 178842684286993605: -1, 178842684114091211: -1, 178842684114094207: -1, 178842684426435111: -1, 178842683956182204: -1, 178842683849158810: -1, 178842684286996609: -1, 178842684426434112: -1, 178842683849155809: -1, 178842683849156806: -1, 178842683956182203: -1, 178842683956185205: -1, 178842684426432108: -1, 178842684426435105: -1, 178842684426435109: -1, 178842683956181203: -1, 178842684286995605: -1, 178842683956181204: -1, 178842683849154803: -1, 178842684286996603: -1, 178842684114090204: -1, 178842684426433101: -1, 178842684286995609: -1, 178842684426436102: -1, 178842684114093207: -1, 178842683956185212: -1, 178842684286994601: -1, 178842683849158806: -1, 178842683849156808: -1, 178842683849157806: -1, 178842684426433107: -1, 178842684426434106: -1, 178842683956184212: -1, 178842684114090201: -1, 178842684114094202: -1, 178842683956183203: -1, 178842684114094206: -1, 178842683956183209: -1, 178842683849157811: -1, 178842684286995603: -1, 178842684426434104: -1, 178842684426436109: -1, 178842683849156807: -1, 178842683849158811: -1, 178842683956181205: -1, 178842683956184206: -1, 178842684286995610: -1, 178842684286996602: -1, 178842684426434110: -1, 178842684114091210: -1, 178842684426434105: -1, 178842683849156812: -1, 178842684286995604: -1, 178842683956182209: -1, 178842684426434111: -1, 178842683956184202: -1, 178842683849154801: -1, 178842683956185201: -1, 178842684286997607: -1, 178842684114092209: -1, 178842684426433105: -1, 178842684286994605: -1, 178842684426433111: -1, 178842683849154809: -1, 178842684114090205: -1, 178842684286997609: -1, 178842683849157805: -1, 178842684426436104: -1, 178842683849157812: -1, 178842684426432112: -1, 178842684426436108: -1, 178842684114092210: -1, 178842683956185206: -1, 178842683849157801: -1, 178842684286996610: -1, 178842684286997603: -1, 178842684286994611: -1, 178842683849155807: -1, 178842684114091209: -1, 178842683956181210: -1, 178842683849154808: -1, 178842684114093203: -1, 178842684114093208: -1, 178842684286993601: -1, 178842684114090211: -1, 178842684286994612: -1, 178842684114091204: -1, 178842684114094212: -1, 178842683956183201: -1, 178842683849158804: -1, 178842683849156801: -1, 178842684286994604: -1, 178842684286993606: -1, 178842684426436110: -1, 178842683849155803: -1, 178842684286996608: -1, 178842684426433112: -1} }
[2026-09-03T10:48:00.429Z INFO  gresse::replica] replica 178842684114093209 completed gc round
[2026-09-03T10:48:00.778Z INFO  gresse::replica] replica 178842684114093209 observed shutdown descriptor for replica 178842683849155809 with final counter Some(3920)
[2026-09-03T10:48:01.650Z INFO  gresse::replica] replica 178842684114093209 observed shutdown descriptor for replica 178842683849156812 with final counter Some(871)
[2026-09-03T10:48:02.251Z INFO  gresse::replica] replica 178842684114093209 observed shutdown descriptor for replica 178842683849157812 with final counter Some(864)
[2026-09-03T10:49:00.602Z INFO  gresse::network] replica 178842684114093209 discovered network member NetworkMember { pid: 178842683849155813, address: 13.53.121.51:19081, final_counter: None }
[2026-09-03T10:49:01.675Z INFO  gresse::network] replica 178842684114093209 registered bidirectional network channel for replica 178842683849155813
[2026-09-03T10:49:01.675Z INFO  gresse::replica] replica 178842684114093209 established peer replication connection with replica 178842683849155813
[2026-09-03T10:49:05.518Z INFO  gresse::network] replica 178842684114093209 registered bidirectional network channel for replica 178842683849156813
[2026-09-03T10:49:05.519Z INFO  gresse::replica] replica 178842684114093209 established peer replication connection with replica 178842683849156813
[2026-09-03T10:49:08.765Z INFO  gresse::network] replica 178842684114093209 registered bidirectional network channel for replica 178842683849157813
[2026-09-03T10:49:08.765Z INFO  gresse::replica] replica 178842684114093209 established peer replication connection with replica 178842683849157813
[2026-09-03T10:50:00.613Z INFO  gresse::replica] replica 178842684114093209 observed shutdown descriptor for replica 178842683956183209 with final counter Some(3771)
[2026-09-03T10:50:00.972Z INFO  gresse::replica] replica 178842684114093209 observed shutdown descriptor for replica 178842683956184212 with final counter Some(920)
[2026-09-03T10:50:01.516Z INFO  gresse::replica] replica 178842684114093209 observed shutdown descriptor for replica 178842683956185212 with final counter Some(918)
[2026-09-03T10:50:04.873Z WARN  gresse::network] peer connection write failed: Broken pipe (os error 32)
[2026-09-03T10:50:16.873Z WARN  gresse::network] peer connection write failed: Broken pipe (os error 32)
[2026-09-03T10:50:17.873Z WARN  gresse::network] peer connection write failed: Broken pipe (os error 32)
[2026-09-03T10:50:19.872Z WARN  gresse::replica] replica 178842684114093209 deferred pull request to peer 178842684114092210: channel closed
[2026-09-03T10:50:30.873Z WARN  gresse::replica] replica 178842684114093209 deferred pull request to peer 178842684114091211: channel closed
[2026-09-03T10:51:00.527Z INFO  gresse::network] replica 178842684114093209 registered bidirectional network channel for replica 178842683956183213
[2026-09-03T10:51:00.527Z INFO  gresse::replica] replica 178842684114093209 established peer replication connection with replica 178842683956183213
[2026-09-03T10:51:02.796Z INFO  gresse::network] replica 178842684114093209 registered bidirectional network channel for replica 178842683956184213
[2026-09-03T10:51:02.796Z INFO  gresse::replica] replica 178842684114093209 established peer replication connection with replica 178842683956184213
[2026-09-03T10:51:05.225Z INFO  gresse::network] replica 178842684114093209 registered bidirectional network channel for replica 178842683956185213
[2026-09-03T10:51:05.225Z INFO  gresse::replica] replica 178842684114093209 established peer replication connection with replica 178842683956185213
[2026-09-03T10:51:11.873Z WARN  gresse::replica] replica 178842684114093209 deferred pull request to peer 178842684114090212: channel closed
[2026-09-03T10:51:58.076Z INFO  gresse::replica] shutdown signal received for replica 178842684114093209
[2026-09-03T10:51:58.076Z INFO  gresse::replica] replica 178842684114093209 shutting down with 12 connected writers
[2026-09-03T10:51:59.630Z INFO  gresse::http_server] http server received shutdown signal
[2026-09-03T10:51:59.631Z INFO  gresse::http_server] http server shutdown complete
[2026-09-03T10:51:59.631Z INFO  gresse::network] network manager for replica 178842684114093209 shutdown complete
