[2026-04-30T14:44:20.004Z INFO  gresse::http_server] running CRDT HTTP server
[2026-04-30T14:44:20.004Z INFO  gresse::http_server] listening for HTTP on 127.0.0.1:18686
[2026-04-30T14:44:20.019Z INFO  gresse::replica] replica 6 initiating runtime at http=127.0.0.1:18686 internal=127.0.0.1:19686
[2026-04-30T14:44:20.079Z INFO  gresse::object_storage] object storage connection established: bucket=gresse, region=us-east-1, endpoint=http://127.0.0.1:9000, first_operation=put-create, object_path=experiment1/run_01/replicas_6/membership/6,127.0.0.1:19686,0
[2026-04-30T14:44:20.173Z INFO  gresse::network] replica 6 completed network handshake with replica 1
[2026-04-30T14:44:20.173Z INFO  gresse::network] replica 6 registered bidirectional network channel for replica 1
[2026-04-30T14:44:20.188Z INFO  gresse::replica] replica 6 discovered 6 membership descriptors during init
[2026-04-30T14:44:20.189Z INFO  gresse::replica] replica 6 startup completed
[2026-04-30T14:44:20.189Z INFO  gresse::replica] replica 6 established peer replication connection with replica 1
[2026-04-30T14:44:20.401Z INFO  gresse::network] replica 6 completed network handshake with replica 2
[2026-04-30T14:44:20.401Z INFO  gresse::network] replica 6 registered bidirectional network channel for replica 2
[2026-04-30T14:44:20.401Z INFO  gresse::replica] replica 6 established peer replication connection with replica 2
[2026-04-30T14:44:20.677Z INFO  gresse::network] replica 6 completed network handshake with replica 3
[2026-04-30T14:44:20.677Z INFO  gresse::network] replica 6 registered bidirectional network channel for replica 3
[2026-04-30T14:44:20.677Z INFO  gresse::replica] replica 6 established peer replication connection with replica 3
[2026-04-30T14:44:20.762Z INFO  gresse::network] replica 6 completed network handshake with replica 4
[2026-04-30T14:44:20.762Z INFO  gresse::network] replica 6 registered bidirectional network channel for replica 4
[2026-04-30T14:44:20.762Z INFO  gresse::replica] replica 6 established peer replication connection with replica 4
[2026-04-30T14:44:20.880Z INFO  gresse::network] replica 6 completed network handshake with replica 5
[2026-04-30T14:44:20.880Z INFO  gresse::network] replica 6 registered bidirectional network channel for replica 5
[2026-04-30T14:44:20.880Z INFO  gresse::replica] replica 6 established peer replication connection with replica 5
[2026-04-30T14:45:51.085Z INFO  gresse::replica] replica 6 observed shutdown descriptor for replica 1 with final counter Some(16971)
[2026-04-30T14:45:51.224Z INFO  gresse::replica] replica 6 observed shutdown descriptor for replica 2 with final counter Some(14881)
[2026-04-30T14:45:51.720Z INFO  gresse::replica] shutdown signal received for replica 6
[2026-04-30T14:45:51.720Z INFO  gresse::replica] replica 6 shutting down with 3 connected writers
[2026-04-30T14:45:51.850Z INFO  gresse::http_server] http server received shutdown signal
[2026-04-30T14:45:51.850Z INFO  gresse::http_server] http server shutdown complete
[2026-04-30T14:45:51.850Z INFO  gresse::network] network manager for replica 6 shutdown complete
