[2026-09-01T09:39:44.520Z INFO  gresse::http_server] running CRDT HTTP server
[2026-09-01T09:39:44.520Z INFO  gresse::http_server] listening for HTTP on 0.0.0.0:18084
[2026-09-01T09:39:44.554Z INFO  gresse::replica] replica 178825480759183603 initiating runtime at bind_http=0.0.0.0:18084 bind_internal=0.0.0.0:19084 advertised_internal=3.68.220.182:19084
[2026-09-01T09:39:44.658Z INFO  gresse::object_storage] object storage connection established: backend=s3, bucket=gresse-geo-035351467464-20260901084800-ec90d0, region=eu-north-1, endpoint=AWS default endpoint resolution, first_operation=put-create, object_path=acm-sec-geo-churn-20260901T092623Z-21106dd4/membership/178825480759183603,3.68.220.182:19084,6
[2026-09-01T09:39:44.772Z INFO  gresse::replica] replica 178825480759183603 restored local state from durability journal before startup
[2026-09-01T09:39:44.772Z INFO  gresse::replica] replica 178825480759183603 discovered 68 membership descriptors during init
[2026-09-01T09:39:44.772Z INFO  gresse::replica] replica 178825480759183603 startup completed
[2026-09-01T09:39:44.772Z INFO  gresse::network] replica 178825480759183603 discovered network member NetworkMember { pid: 178825480714263203, address: 16.170.108.158:19080, final_counter: None }
[2026-09-01T09:39:44.772Z INFO  gresse::network] replica 178825480759183603 discovered network member NetworkMember { pid: 178825480714264203, address: 16.170.108.158:19081, final_counter: None }
[2026-09-01T09:39:44.772Z INFO  gresse::network] replica 178825480759183603 discovered network member NetworkMember { pid: 178825480714265203, address: 16.170.108.158:19082, final_counter: None }
[2026-09-01T09:39:44.772Z INFO  gresse::network] replica 178825480759183603 discovered network member NetworkMember { pid: 178825480714266203, address: 16.170.108.158:19083, final_counter: None }
[2026-09-01T09:39:44.772Z INFO  gresse::network] replica 178825480759183603 discovered network member NetworkMember { pid: 178825480714267203, address: 16.170.108.158:19084, final_counter: None }
[2026-09-01T09:39:44.772Z INFO  gresse::network] replica 178825480759183603 discovered network member NetworkMember { pid: 178825480759179603, address: 3.68.220.182:19080, final_counter: None }
[2026-09-01T09:39:44.772Z INFO  gresse::network] replica 178825480759183603 discovered network member NetworkMember { pid: 178825480759180603, address: 3.68.220.182:19081, final_counter: None }
[2026-09-01T09:39:44.772Z INFO  gresse::network] replica 178825480759183603 discovered network member NetworkMember { pid: 178825480759181603, address: 3.68.220.182:19082, final_counter: None }
[2026-09-01T09:39:44.772Z INFO  gresse::network] replica 178825480759183603 discovered network member NetworkMember { pid: 178825480759182603, address: 3.68.220.182:19083, final_counter: None }
[2026-09-01T09:39:44.772Z INFO  gresse::network] replica 178825480759183603 discovered network member NetworkMember { pid: 178825480759183602, address: 3.68.220.182:19084, final_counter: None }
[2026-09-01T09:39:44.772Z INFO  gresse::network] replica 178825480759183603 discovered network member NetworkMember { pid: 178825480843462703, address: 34.245.195.69:19080, final_counter: None }
[2026-09-01T09:39:44.772Z INFO  gresse::network] replica 178825480759183603 discovered network member NetworkMember { pid: 178825480843463702, address: 34.245.195.69:19081, final_counter: None }
[2026-09-01T09:39:44.772Z INFO  gresse::network] replica 178825480759183603 discovered network member NetworkMember { pid: 178825480843464702, address: 34.245.195.69:19082, final_counter: None }
[2026-09-01T09:39:44.772Z INFO  gresse::network] replica 178825480759183603 discovered network member NetworkMember { pid: 178825480843465702, address: 34.245.195.69:19083, final_counter: None }
[2026-09-01T09:39:44.772Z INFO  gresse::network] replica 178825480759183603 discovered network member NetworkMember { pid: 178825480843466702, address: 34.245.195.69:19084, final_counter: None }
[2026-09-01T09:39:44.772Z INFO  gresse::network] replica 178825480759183603 discovered network member NetworkMember { pid: 178825480957157902, address: 18.130.228.25:19080, final_counter: None }
[2026-09-01T09:39:44.772Z INFO  gresse::network] replica 178825480759183603 discovered network member NetworkMember { pid: 178825480957158902, address: 18.130.228.25:19081, final_counter: None }
[2026-09-01T09:39:44.772Z INFO  gresse::network] replica 178825480759183603 discovered network member NetworkMember { pid: 178825480957159902, address: 18.130.228.25:19082, final_counter: None }
[2026-09-01T09:39:44.772Z INFO  gresse::network] replica 178825480759183603 discovered network member NetworkMember { pid: 178825480957160902, address: 18.130.228.25:19083, final_counter: None }
[2026-09-01T09:39:44.772Z INFO  gresse::network] replica 178825480759183603 discovered network member NetworkMember { pid: 178825480957161902, address: 18.130.228.25:19084, final_counter: None }
[2026-09-01T09:39:44.772Z INFO  gresse::network] replica 178825480759183603 discovered network member NetworkMember { pid: 178825481046239402, address: 13.38.41.188:19080, final_counter: None }
[2026-09-01T09:39:44.772Z INFO  gresse::network] replica 178825480759183603 discovered network member NetworkMember { pid: 178825481046240402, address: 13.38.41.188:19081, final_counter: None }
[2026-09-01T09:39:44.772Z INFO  gresse::network] replica 178825480759183603 discovered network member NetworkMember { pid: 178825481046241402, address: 13.38.41.188:19082, final_counter: None }
[2026-09-01T09:39:44.772Z INFO  gresse::network] replica 178825480759183603 discovered network member NetworkMember { pid: 178825481046242402, address: 13.38.41.188:19083, final_counter: None }
[2026-09-01T09:39:44.772Z INFO  gresse::network] replica 178825480759183603 discovered network member NetworkMember { pid: 178825481046243402, address: 13.38.41.188:19084, final_counter: None }
[2026-09-01T09:39:44.773Z INFO  gresse::network] replica 178825480759183603 registered bidirectional network channel for replica 178825480759183603
[2026-09-01T09:39:44.773Z INFO  gresse::replica] replica 178825480759183603 established peer replication connection with replica 178825480759183603
[2026-09-01T09:39:44.773Z INFO  gresse::network] replica 178825480759183603 registered bidirectional network channel for replica 178825480759179603
[2026-09-01T09:39:44.773Z INFO  gresse::replica] replica 178825480759183603 established peer replication connection with replica 178825480759179603
[2026-09-01T09:39:44.773Z WARN  gresse::network] replica 178825480759183603 rejected peer handshake: expected 178825480759183602, received 178825480759183603
[2026-09-01T09:39:44.773Z INFO  gresse::network] replica 178825480759183603 registered bidirectional network channel for replica 178825480759182603
[2026-09-01T09:39:44.773Z INFO  gresse::replica] replica 178825480759183603 established peer replication connection with replica 178825480759182603
[2026-09-01T09:39:44.773Z INFO  gresse::network] replica 178825480759183603 registered bidirectional network channel for replica 178825480759180603
[2026-09-01T09:39:44.773Z INFO  gresse::network] replica 178825480759183603 registered bidirectional network channel for replica 178825480759181603
[2026-09-01T09:39:44.773Z INFO  gresse::replica] replica 178825480759183603 established peer replication connection with replica 178825480759180603
[2026-09-01T09:39:44.773Z INFO  gresse::replica] replica 178825480759183603 established peer replication connection with replica 178825480759181603
[2026-09-01T09:39:44.788Z INFO  gresse::network] replica 178825480759183603 registered bidirectional network channel for replica 178825481046239402
[2026-09-01T09:39:44.788Z INFO  gresse::network] replica 178825480759183603 registered bidirectional network channel for replica 178825481046240402
[2026-09-01T09:39:44.788Z INFO  gresse::replica] replica 178825480759183603 established peer replication connection with replica 178825481046239402
[2026-09-01T09:39:44.788Z INFO  gresse::replica] replica 178825480759183603 established peer replication connection with replica 178825481046240402
[2026-09-01T09:39:44.788Z INFO  gresse::network] replica 178825480759183603 registered bidirectional network channel for replica 178825481046242402
[2026-09-01T09:39:44.788Z INFO  gresse::replica] replica 178825480759183603 established peer replication connection with replica 178825481046242402
[2026-09-01T09:39:44.789Z INFO  gresse::network] replica 178825480759183603 registered bidirectional network channel for replica 178825481046241402
[2026-09-01T09:39:44.789Z INFO  gresse::replica] replica 178825480759183603 established peer replication connection with replica 178825481046241402
[2026-09-01T09:39:44.789Z INFO  gresse::network] replica 178825480759183603 registered bidirectional network channel for replica 178825481046243402
[2026-09-01T09:39:44.789Z INFO  gresse::replica] replica 178825480759183603 established peer replication connection with replica 178825481046243402
[2026-09-01T09:39:44.795Z INFO  gresse::network] replica 178825480759183603 registered bidirectional network channel for replica 178825480957158902
[2026-09-01T09:39:44.795Z INFO  gresse::replica] replica 178825480759183603 established peer replication connection with replica 178825480957158902
[2026-09-01T09:39:44.796Z INFO  gresse::network] replica 178825480759183603 registered bidirectional network channel for replica 178825480957159902
[2026-09-01T09:39:44.796Z INFO  gresse::replica] replica 178825480759183603 established peer replication connection with replica 178825480957159902
[2026-09-01T09:39:44.796Z INFO  gresse::network] replica 178825480759183603 registered bidirectional network channel for replica 178825480957160902
[2026-09-01T09:39:44.797Z INFO  gresse::replica] replica 178825480759183603 established peer replication connection with replica 178825480957160902
[2026-09-01T09:39:44.797Z INFO  gresse::network] replica 178825480759183603 registered bidirectional network channel for replica 178825480957157902
[2026-09-01T09:39:44.797Z INFO  gresse::network] replica 178825480759183603 registered bidirectional network channel for replica 178825480957161902
[2026-09-01T09:39:44.797Z INFO  gresse::replica] replica 178825480759183603 established peer replication connection with replica 178825480957157902
[2026-09-01T09:39:44.797Z INFO  gresse::replica] replica 178825480759183603 established peer replication connection with replica 178825480957161902
[2026-09-01T09:39:44.812Z INFO  gresse::network] replica 178825480759183603 registered bidirectional network channel for replica 178825480843464702
[2026-09-01T09:39:44.812Z INFO  gresse::replica] replica 178825480759183603 established peer replication connection with replica 178825480843464702
[2026-09-01T09:39:44.812Z INFO  gresse::network] replica 178825480759183603 registered bidirectional network channel for replica 178825480843463702
[2026-09-01T09:39:44.812Z INFO  gresse::replica] replica 178825480759183603 established peer replication connection with replica 178825480843463702
[2026-09-01T09:39:44.812Z INFO  gresse::network] replica 178825480759183603 registered bidirectional network channel for replica 178825480843465702
[2026-09-01T09:39:44.812Z INFO  gresse::replica] replica 178825480759183603 established peer replication connection with replica 178825480843465702
[2026-09-01T09:39:44.812Z INFO  gresse::network] replica 178825480759183603 registered bidirectional network channel for replica 178825480843462703
[2026-09-01T09:39:44.812Z INFO  gresse::replica] replica 178825480759183603 established peer replication connection with replica 178825480843462703
[2026-09-01T09:39:44.812Z INFO  gresse::network] replica 178825480759183603 registered bidirectional network channel for replica 178825480843466702
[2026-09-01T09:39:44.812Z INFO  gresse::replica] replica 178825480759183603 established peer replication connection with replica 178825480843466702
[2026-09-01T09:39:44.820Z INFO  gresse::network] replica 178825480759183603 registered bidirectional network channel for replica 178825480714263203
[2026-09-01T09:39:44.820Z INFO  gresse::replica] replica 178825480759183603 established peer replication connection with replica 178825480714263203
[2026-09-01T09:39:44.820Z INFO  gresse::network] replica 178825480759183603 registered bidirectional network channel for replica 178825480714264203
[2026-09-01T09:39:44.820Z INFO  gresse::replica] replica 178825480759183603 established peer replication connection with replica 178825480714264203
[2026-09-01T09:39:44.820Z INFO  gresse::network] replica 178825480759183603 registered bidirectional network channel for replica 178825480714266203
[2026-09-01T09:39:44.820Z INFO  gresse::replica] replica 178825480759183603 established peer replication connection with replica 178825480714266203
[2026-09-01T09:39:44.820Z INFO  gresse::network] replica 178825480759183603 registered bidirectional network channel for replica 178825480714265203
[2026-09-01T09:39:44.820Z INFO  gresse::replica] replica 178825480759183603 established peer replication connection with replica 178825480714265203
[2026-09-01T09:39:44.820Z INFO  gresse::network] replica 178825480759183603 registered bidirectional network channel for replica 178825480714267203
[2026-09-01T09:39:44.820Z INFO  gresse::replica] replica 178825480759183603 established peer replication connection with replica 178825480714267203
[2026-09-01T09:39:49.674Z INFO  gresse::replica] replica 178825480759183603 observed shutdown descriptor for replica 178825480759179602 with final counter Some(1557)
[2026-09-01T09:39:49.989Z INFO  gresse::replica] replica 178825480759183603 observed shutdown descriptor for replica 178825480759180602 with final counter Some(841)
[2026-09-01T09:39:50.118Z INFO  gresse::replica] replica 178825480759183603 observed shutdown descriptor for replica 178825480759181602 with final counter Some(839)
[2026-09-01T09:40:02.773Z WARN  gresse::network] peer connection write failed: Broken pipe (os error 32)
[2026-09-01T09:40:16.773Z WARN  gresse::replica] replica 178825480759183603 deferred pull request to peer 178825480759183603: channel closed
[2026-09-01T09:40:44.599Z INFO  gresse::replica] replica 178825480759183603 observed shutdown descriptor for replica 178825480843463702 with final counter Some(1287)
[2026-09-01T09:40:44.750Z INFO  gresse::replica] replica 178825480759183603 observed shutdown descriptor for replica 178825480843464702 with final counter Some(870)
[2026-09-01T09:40:44.888Z INFO  gresse::replica] replica 178825480759183603 observed shutdown descriptor for replica 178825480843465702 with final counter Some(869)
[2026-09-01T09:40:52.773Z WARN  gresse::network] peer connection write failed: Broken pipe (os error 32)
[2026-09-01T09:41:07.773Z WARN  gresse::replica] replica 178825480759183603 deferred pull request to peer 178825480957157902: channel closed
[2026-09-01T09:41:13.773Z WARN  gresse::network] peer connection write failed: Broken pipe (os error 32)
[2026-09-01T09:41:27.773Z WARN  gresse::replica] replica 178825480759183603 deferred pull request to peer 178825480843466702: channel closed
[2026-09-01T09:41:42.497Z INFO  gresse::network] replica 178825480759183603 registered bidirectional network channel for replica 178825480957157903
[2026-09-01T09:41:42.497Z INFO  gresse::replica] replica 178825480759183603 established peer replication connection with replica 178825480957157903
[2026-09-01T09:41:42.721Z INFO  gresse::replica] replica 178825480759183603 established peer replication connection with replica 178825480843463703
[2026-09-01T09:41:42.721Z INFO  gresse::network] replica 178825480759183603 registered bidirectional network channel for replica 178825480843463703
[2026-09-01T09:41:42.984Z INFO  gresse::network] replica 178825480759183603 registered bidirectional network channel for replica 178825480957158903
[2026-09-01T09:41:42.984Z INFO  gresse::replica] replica 178825480759183603 established peer replication connection with replica 178825480957158903
[2026-09-01T09:41:43.420Z INFO  gresse::network] replica 178825480759183603 registered bidirectional network channel for replica 178825480843464703
[2026-09-01T09:41:43.421Z INFO  gresse::replica] replica 178825480759183603 established peer replication connection with replica 178825480843464703
[2026-09-01T09:41:44.130Z INFO  gresse::network] replica 178825480759183603 registered bidirectional network channel for replica 178825480843465703
[2026-09-01T09:41:44.130Z INFO  gresse::replica] replica 178825480759183603 established peer replication connection with replica 178825480843465703
[2026-09-01T09:41:44.813Z INFO  gresse::network] replica 178825480759183603 registered bidirectional network channel for replica 178825480843466703
[2026-09-01T09:41:44.813Z INFO  gresse::replica] replica 178825480759183603 established peer replication connection with replica 178825480843466703
[2026-09-01T09:42:04.773Z WARN  gresse::network] peer connection write failed: Broken pipe (os error 32)
[2026-09-01T09:42:42.773Z WARN  gresse::replica] replica 178825480759183603 deferred pull request to peer 178825480957158902: channel closed
[2026-09-01T09:42:44.598Z INFO  gresse::replica] replica 178825480759183603 observed shutdown descriptor for replica 178825480957159902 with final counter Some(1237)
[2026-09-01T09:42:44.735Z INFO  gresse::replica] replica 178825480759183603 observed shutdown descriptor for replica 178825480957160902 with final counter Some(920)
[2026-09-01T09:42:44.875Z INFO  gresse::replica] replica 178825480759183603 observed shutdown descriptor for replica 178825480957161902 with final counter Some(923)
[2026-09-01T09:43:04.773Z WARN  gresse::network] peer connection write failed: Broken pipe (os error 32)
[2026-09-01T09:43:06.774Z WARN  gresse::network] peer connection write failed: Broken pipe (os error 32)
[2026-09-01T09:43:11.773Z WARN  gresse::replica] replica 178825480759183603 deferred pull request to peer 178825481046240402: channel closed
[2026-09-01T09:43:14.773Z WARN  gresse::replica] replica 178825480759183603 deferred pull request to peer 178825481046241402: channel closed
[2026-09-01T09:43:23.773Z WARN  gresse::network] peer connection write failed: Broken pipe (os error 32)
[2026-09-01T09:43:28.773Z WARN  gresse::replica] replica 178825480759183603 deferred pull request to peer 178825481046239402: channel closed
[2026-09-01T09:43:42.518Z INFO  gresse::replica] replica 178825480759183603 established peer replication connection with replica 178825480957159903
[2026-09-01T09:43:42.518Z INFO  gresse::network] replica 178825480759183603 registered bidirectional network channel for replica 178825480957159903
[2026-09-01T09:43:42.597Z INFO  gresse::network] replica 178825480759183603 registered bidirectional network channel for replica 178825481046239403
[2026-09-01T09:43:42.597Z INFO  gresse::replica] replica 178825480759183603 established peer replication connection with replica 178825481046239403
[2026-09-01T09:43:42.975Z INFO  gresse::network] replica 178825480759183603 registered bidirectional network channel for replica 178825480957160903
[2026-09-01T09:43:42.975Z INFO  gresse::replica] replica 178825480759183603 established peer replication connection with replica 178825480957160903
[2026-09-01T09:43:43.178Z INFO  gresse::network] replica 178825480759183603 registered bidirectional network channel for replica 178825481046240403
[2026-09-01T09:43:43.178Z INFO  gresse::replica] replica 178825480759183603 established peer replication connection with replica 178825481046240403
[2026-09-01T09:43:43.519Z INFO  gresse::network] replica 178825480759183603 registered bidirectional network channel for replica 178825480957161903
[2026-09-01T09:43:43.520Z INFO  gresse::replica] replica 178825480759183603 established peer replication connection with replica 178825480957161903
[2026-09-01T09:43:43.804Z INFO  gresse::network] replica 178825480759183603 registered bidirectional network channel for replica 178825481046241403
[2026-09-01T09:43:43.804Z INFO  gresse::replica] replica 178825480759183603 established peer replication connection with replica 178825481046241403
[2026-09-01T09:44:44.599Z INFO  gresse::replica] replica 178825480759183603 observed shutdown descriptor for replica 178825480714263203 with final counter Some(841)
[2026-09-01T09:44:44.885Z INFO  gresse::replica] replica 178825480759183603 observed shutdown descriptor for replica 178825481046242402 with final counter Some(1286)
[2026-09-01T09:44:45.037Z INFO  gresse::replica] replica 178825480759183603 observed shutdown descriptor for replica 178825481046243402 with final counter Some(1023)
[2026-09-01T09:45:02.773Z WARN  gresse::network] peer connection write failed: Broken pipe (os error 32)
[2026-09-01T09:45:05.773Z WARN  gresse::network] peer connection write failed: Broken pipe (os error 32)
[2026-09-01T09:45:18.773Z WARN  gresse::network] peer connection write failed: Broken pipe (os error 32)
[2026-09-01T09:45:25.773Z WARN  gresse::replica] replica 178825480759183603 deferred pull request to peer 178825480714265203: channel closed
[2026-09-01T09:45:27.773Z WARN  gresse::replica] replica 178825480759183603 deferred pull request to peer 178825480714266203: channel closed
[2026-09-01T09:45:33.773Z WARN  gresse::replica] replica 178825480759183603 deferred pull request to peer 178825480714264203: channel closed
[2026-09-01T09:45:42.370Z INFO  gresse::replica] replica 178825480759183603 established peer replication connection with replica 178825480714263204
[2026-09-01T09:45:42.370Z INFO  gresse::network] replica 178825480759183603 registered bidirectional network channel for replica 178825480714263204
[2026-09-01T09:45:42.917Z INFO  gresse::network] replica 178825480759183603 registered bidirectional network channel for replica 178825481046242403
[2026-09-01T09:45:42.917Z INFO  gresse::replica] replica 178825480759183603 established peer replication connection with replica 178825481046242403
[2026-09-01T09:45:42.927Z INFO  gresse::network] replica 178825480759183603 registered bidirectional network channel for replica 178825480714264204
[2026-09-01T09:45:42.927Z INFO  gresse::replica] replica 178825480759183603 established peer replication connection with replica 178825480714264204
[2026-09-01T09:45:43.342Z INFO  gresse::network] replica 178825480759183603 registered bidirectional network channel for replica 178825480714265204
[2026-09-01T09:45:43.342Z INFO  gresse::replica] replica 178825480759183603 established peer replication connection with replica 178825480714265204
[2026-09-01T09:45:43.553Z INFO  gresse::network] replica 178825480759183603 registered bidirectional network channel for replica 178825481046243403
[2026-09-01T09:45:43.553Z INFO  gresse::replica] replica 178825480759183603 established peer replication connection with replica 178825481046243403
[2026-09-01T09:45:43.778Z INFO  gresse::network] replica 178825480759183603 registered bidirectional network channel for replica 178825480714266204
[2026-09-01T09:45:43.778Z INFO  gresse::replica] replica 178825480759183603 established peer replication connection with replica 178825480714266204
[2026-09-01T09:46:41.876Z INFO  gresse::replica] replica 178825480759183603 gc departed_pids=None updated_stable=DotSet { set: {178825480957159901: -1, 178825480714266201: -1, 178825481046243403: -1, 178825480957159902: -1, 178825480714265204: -1, 178825480714266204: -1, 178825480714265203: -1, 178825480714266202: -1, 178825480843464701: -1, 178825480843466701: -1, 178825480957158901: -1, 178825480759180603: -1, 178825480759182602: -1, 178825480843462702: -1, 178825480957157903: -1, 178825480714264203: -1, 178825481046241401: -1, 178825481046242402: -1, 178825481046239403: -1, 178825480714263201: -1, 178825480843465703: -1, 178825480957161902: -1, 178825480714265201: -1, 178825480843465701: -1, 178825480759181603: -1, 178825480759183602: -1, 178825480759183603: -1, 178825480843466702: -1, 178825480714263202: -1, 178825481046240403: -1, 178825480957161901: -1, 178825480714264201: -1, 178825481046239402: -1, 178825480714263204: -1, 178825480843464703: -1, 178825480759179603: -1, 178825480957160903: -1, 178825481046240401: -1, 178825480759181602: -1, 178825480759180602: -1, 178825480759179601: -1, 178825480759182603: -1, 178825480843463701: -1, 178825480957158903: -1, 178825480843466703: -1, 178825481046240402: -1, 178825481046242401: -1, 178825480843464702: -1, 178825480759183601: -1, 178825480957157901: -1, 178825480957159903: -1, 178825480759182601: -1, 178825480714267202: -1, 178825480759180601: -1, 178825481046243402: -1, 178825480714266203: -1, 178825481046241403: -1, 178825480843462703: -1, 178825480957161903: -1, 178825480957160902: -1, 178825480843463702: -1, 178825480957160901: -1, 178825481046243401: -1, 178825480714264204: -1, 178825480957157902: -1, 178825481046242403: -1, 178825481046239401: -1, 178825480714267201: -1, 178825480843463703: -1, 178825480957158902: -1, 178825480843462701: -1, 178825480714264202: -1, 178825480714265202: -1, 178825480759181601: -1, 178825480714267203: -1, 178825480759179602: -1, 178825480714263203: -1, 178825480843465702: -1, 178825481046241402: -1} }
[2026-09-01T09:46:42.603Z INFO  gresse::replica] replica 178825480759183603 completed gc round
