[2026-09-01T09:27:42.511Z INFO  gresse::http_server] running CRDT HTTP server
[2026-09-01T09:27:42.511Z INFO  gresse::http_server] listening for HTTP on 0.0.0.0:18082
[2026-09-01T09:27:42.538Z INFO  gresse::replica] replica 178825480957159901 initiating runtime at bind_http=0.0.0.0:18082 bind_internal=0.0.0.0:19082 advertised_internal=18.130.228.25:19082
[2026-09-01T09:27:42.647Z INFO  gresse::object_storage] object storage connection established: backend=s3, bucket=gresse-geo-035351467464-20260901084800-ec90d0, region=eu-north-1, endpoint=AWS default endpoint resolution, first_operation=get, object_path=acm-sec-geo-churn-20260901T092623Z-21106dd4/persistent.json
[2026-09-01T09:27:42.694Z INFO  gresse::replica] replica 178825480957159901 discovered 12 membership descriptors during init
[2026-09-01T09:27:42.694Z INFO  gresse::replica] replica 178825480957159901 startup completed
[2026-09-01T09:27:42.694Z INFO  gresse::network] replica 178825480957159901 discovered network member NetworkMember { pid: 178825480714263201, address: 16.170.108.158:19080, final_counter: None }
[2026-09-01T09:27:42.694Z INFO  gresse::network] replica 178825480957159901 discovered network member NetworkMember { pid: 178825480714264201, address: 16.170.108.158:19081, final_counter: None }
[2026-09-01T09:27:42.694Z INFO  gresse::network] replica 178825480957159901 discovered network member NetworkMember { pid: 178825480714265201, address: 16.170.108.158:19082, final_counter: None }
[2026-09-01T09:27:42.695Z INFO  gresse::network] replica 178825480957159901 discovered network member NetworkMember { pid: 178825480759179601, address: 3.68.220.182:19080, final_counter: None }
[2026-09-01T09:27:42.695Z INFO  gresse::network] replica 178825480957159901 discovered network member NetworkMember { pid: 178825480759180601, address: 3.68.220.182:19081, final_counter: None }
[2026-09-01T09:27:42.695Z INFO  gresse::network] replica 178825480957159901 discovered network member NetworkMember { pid: 178825480843462701, address: 34.245.195.69:19080, final_counter: None }
[2026-09-01T09:27:42.695Z INFO  gresse::network] replica 178825480957159901 discovered network member NetworkMember { pid: 178825480843463701, address: 34.245.195.69:19081, final_counter: None }
[2026-09-01T09:27:42.695Z INFO  gresse::network] replica 178825480957159901 discovered network member NetworkMember { pid: 178825480957157901, address: 18.130.228.25:19080, final_counter: None }
[2026-09-01T09:27:42.695Z INFO  gresse::network] replica 178825480957159901 discovered network member NetworkMember { pid: 178825480957158901, address: 18.130.228.25:19081, final_counter: None }
[2026-09-01T09:27:42.695Z INFO  gresse::network] replica 178825480957159901 discovered network member NetworkMember { pid: 178825481046239401, address: 13.38.41.188:19080, final_counter: None }
[2026-09-01T09:27:42.695Z INFO  gresse::network] replica 178825480957159901 discovered network member NetworkMember { pid: 178825481046240401, address: 13.38.41.188:19081, final_counter: None }
[2026-09-01T09:27:42.695Z INFO  gresse::network] replica 178825480957159901 registered bidirectional network channel for replica 178825480957158901
[2026-09-01T09:27:42.695Z INFO  gresse::replica] replica 178825480957159901 established peer replication connection with replica 178825480957158901
[2026-09-01T09:27:42.696Z INFO  gresse::network] replica 178825480957159901 registered bidirectional network channel for replica 178825480957157901
[2026-09-01T09:27:42.696Z INFO  gresse::replica] replica 178825480957159901 established peer replication connection with replica 178825480957157901
[2026-09-01T09:27:42.711Z INFO  gresse::network] replica 178825480957159901 registered bidirectional network channel for replica 178825481046239401
[2026-09-01T09:27:42.711Z INFO  gresse::replica] replica 178825480957159901 established peer replication connection with replica 178825481046239401
[2026-09-01T09:27:42.713Z INFO  gresse::network] replica 178825480957159901 registered bidirectional network channel for replica 178825481046240401
[2026-09-01T09:27:42.713Z INFO  gresse::replica] replica 178825480957159901 established peer replication connection with replica 178825481046240401
[2026-09-01T09:27:42.714Z INFO  gresse::network] replica 178825480957159901 registered bidirectional network channel for replica 178825480843462701
[2026-09-01T09:27:42.714Z INFO  gresse::replica] replica 178825480957159901 established peer replication connection with replica 178825480843462701
[2026-09-01T09:27:42.714Z INFO  gresse::network] replica 178825480957159901 registered bidirectional network channel for replica 178825480843463701
[2026-09-01T09:27:42.714Z INFO  gresse::replica] replica 178825480957159901 established peer replication connection with replica 178825480843463701
[2026-09-01T09:27:42.719Z INFO  gresse::network] replica 178825480957159901 registered bidirectional network channel for replica 178825480759179601
[2026-09-01T09:27:42.719Z INFO  gresse::replica] replica 178825480957159901 established peer replication connection with replica 178825480759179601
[2026-09-01T09:27:42.720Z INFO  gresse::network] replica 178825480957159901 registered bidirectional network channel for replica 178825480759180601
[2026-09-01T09:27:42.720Z INFO  gresse::replica] replica 178825480957159901 established peer replication connection with replica 178825480759180601
[2026-09-01T09:27:42.752Z INFO  gresse::network] replica 178825480957159901 registered bidirectional network channel for replica 178825480714265201
[2026-09-01T09:27:42.752Z INFO  gresse::network] replica 178825480957159901 registered bidirectional network channel for replica 178825480714264201
[2026-09-01T09:27:42.752Z INFO  gresse::replica] replica 178825480957159901 established peer replication connection with replica 178825480714265201
[2026-09-01T09:27:42.752Z INFO  gresse::replica] replica 178825480957159901 established peer replication connection with replica 178825480714264201
[2026-09-01T09:27:42.754Z INFO  gresse::network] replica 178825480957159901 registered bidirectional network channel for replica 178825480714263201
[2026-09-01T09:27:42.754Z INFO  gresse::replica] replica 178825480957159901 established peer replication connection with replica 178825480714263201
[2026-09-01T09:27:42.767Z INFO  gresse::network] replica 178825480957159901 registered bidirectional network channel for replica 178825480714266201
[2026-09-01T09:27:42.767Z INFO  gresse::replica] replica 178825480957159901 established peer replication connection with replica 178825480714266201
[2026-09-01T09:27:42.844Z INFO  gresse::network] replica 178825480957159901 registered bidirectional network channel for replica 178825481046241401
[2026-09-01T09:27:42.844Z INFO  gresse::replica] replica 178825480957159901 established peer replication connection with replica 178825481046241401
[2026-09-01T09:27:42.867Z INFO  gresse::network] replica 178825480957159901 registered bidirectional network channel for replica 178825480759181601
[2026-09-01T09:27:42.867Z INFO  gresse::replica] replica 178825480957159901 established peer replication connection with replica 178825480759181601
[2026-09-01T09:27:42.891Z INFO  gresse::network] replica 178825480957159901 registered bidirectional network channel for replica 178825480843464701
[2026-09-01T09:27:42.891Z INFO  gresse::replica] replica 178825480957159901 established peer replication connection with replica 178825480843464701
[2026-09-01T09:27:42.900Z INFO  gresse::network] replica 178825480957159901 registered bidirectional network channel for replica 178825480957160901
[2026-09-01T09:27:42.900Z INFO  gresse::replica] replica 178825480957159901 established peer replication connection with replica 178825480957160901
[2026-09-01T09:27:42.951Z INFO  gresse::network] replica 178825480957159901 registered bidirectional network channel for replica 178825480714267201
[2026-09-01T09:27:42.951Z INFO  gresse::replica] replica 178825480957159901 established peer replication connection with replica 178825480714267201
[2026-09-01T09:27:43.110Z INFO  gresse::network] replica 178825480957159901 registered bidirectional network channel for replica 178825480957161901
[2026-09-01T09:27:43.110Z INFO  gresse::replica] replica 178825480957159901 established peer replication connection with replica 178825480957161901
[2026-09-01T09:27:43.158Z INFO  gresse::replica] replica 178825480957159901 established peer replication connection with replica 178825481046242401
[2026-09-01T09:27:43.158Z INFO  gresse::network] replica 178825480957159901 registered bidirectional network channel for replica 178825481046242401
[2026-09-01T09:27:43.161Z INFO  gresse::network] replica 178825480957159901 registered bidirectional network channel for replica 178825480759182601
[2026-09-01T09:27:43.161Z INFO  gresse::replica] replica 178825480957159901 established peer replication connection with replica 178825480759182601
[2026-09-01T09:27:43.199Z INFO  gresse::network] replica 178825480957159901 registered bidirectional network channel for replica 178825480843465701
[2026-09-01T09:27:43.199Z INFO  gresse::replica] replica 178825480957159901 established peer replication connection with replica 178825480843465701
[2026-09-01T09:27:43.454Z INFO  gresse::network] replica 178825480957159901 registered bidirectional network channel for replica 178825481046243401
[2026-09-01T09:27:43.454Z INFO  gresse::replica] replica 178825480957159901 established peer replication connection with replica 178825481046243401
[2026-09-01T09:27:43.465Z INFO  gresse::network] replica 178825480957159901 registered bidirectional network channel for replica 178825480759183601
[2026-09-01T09:27:43.465Z INFO  gresse::replica] replica 178825480957159901 established peer replication connection with replica 178825480759183601
[2026-09-01T09:27:43.511Z INFO  gresse::network] replica 178825480957159901 registered bidirectional network channel for replica 178825480843466701
[2026-09-01T09:27:43.511Z INFO  gresse::replica] replica 178825480957159901 established peer replication connection with replica 178825480843466701
[2026-09-01T09:28:42.585Z INFO  gresse::replica] replica 178825480957159901 observed shutdown descriptor for replica 178825480714263201 with final counter Some(58)
[2026-09-01T09:28:42.715Z INFO  gresse::replica] replica 178825480957159901 observed shutdown descriptor for replica 178825480714264201 with final counter Some(59)
[2026-09-01T09:28:42.799Z INFO  gresse::replica] replica 178825480957159901 observed shutdown descriptor for replica 178825480714265201 with final counter Some(57)
[2026-09-01T09:29:33.696Z WARN  gresse::network] peer connection write failed: Broken pipe (os error 32)
[2026-09-01T09:29:42.202Z INFO  gresse::network] replica 178825480957159901 registered bidirectional network channel for replica 178825480714263202
[2026-09-01T09:29:42.202Z INFO  gresse::replica] replica 178825480957159901 established peer replication connection with replica 178825480714263202
[2026-09-01T09:29:42.325Z INFO  gresse::network] replica 178825480957159901 registered bidirectional network channel for replica 178825480759179602
[2026-09-01T09:29:42.325Z INFO  gresse::replica] replica 178825480957159901 established peer replication connection with replica 178825480759179602
[2026-09-01T09:29:42.377Z INFO  gresse::network] replica 178825480957159901 registered bidirectional network channel for replica 178825480714264202
[2026-09-01T09:29:42.377Z INFO  gresse::replica] replica 178825480957159901 established peer replication connection with replica 178825480714264202
[2026-09-01T09:29:42.559Z INFO  gresse::network] replica 178825480957159901 registered bidirectional network channel for replica 178825480714265202
[2026-09-01T09:29:42.559Z INFO  gresse::replica] replica 178825480957159901 established peer replication connection with replica 178825480714265202
[2026-09-01T09:29:42.702Z INFO  gresse::network] replica 178825480957159901 registered bidirectional network channel for replica 178825480714266202
[2026-09-01T09:29:42.702Z INFO  gresse::replica] replica 178825480957159901 established peer replication connection with replica 178825480714266202
[2026-09-01T09:29:42.898Z INFO  gresse::network] replica 178825480957159901 registered bidirectional network channel for replica 178825480714267202
[2026-09-01T09:29:42.898Z INFO  gresse::replica] replica 178825480957159901 established peer replication connection with replica 178825480714267202
[2026-09-01T09:29:52.696Z WARN  gresse::replica] replica 178825480957159901 deferred pull request to peer 178825480714266201: channel closed
[2026-09-01T09:30:00.696Z WARN  gresse::network] peer connection write failed: Broken pipe (os error 32)
[2026-09-01T09:30:12.696Z WARN  gresse::network] peer connection write failed: Broken pipe (os error 32)
[2026-09-01T09:30:14.696Z WARN  gresse::replica] replica 178825480957159901 deferred pull request to peer 178825480759179601: channel closed
[2026-09-01T09:30:25.695Z WARN  gresse::replica] replica 178825480957159901 deferred pull request to peer 178825480714267201: channel closed
[2026-09-01T09:30:42.597Z INFO  gresse::replica] replica 178825480957159901 observed shutdown descriptor for replica 178825480759180601 with final counter Some(326)
[2026-09-01T09:30:42.677Z INFO  gresse::replica] replica 178825480957159901 observed shutdown descriptor for replica 178825480759181601 with final counter Some(326)
[2026-09-01T09:30:47.582Z INFO  gresse::replica] replica 178825480957159901 observed shutdown descriptor for replica 178825480759182601 with final counter Some(327)
[2026-09-01T09:31:02.696Z WARN  gresse::network] peer connection write failed: Broken pipe (os error 32)
[2026-09-01T09:31:09.696Z WARN  gresse::replica] replica 178825480957159901 deferred pull request to peer 178825480759183601: channel closed
[2026-09-01T09:31:42.426Z INFO  gresse::network] replica 178825480957159901 registered bidirectional network channel for replica 178825480843462702
[2026-09-01T09:31:42.426Z INFO  gresse::replica] replica 178825480957159901 established peer replication connection with replica 178825480843462702
[2026-09-01T09:31:42.500Z INFO  gresse::network] replica 178825480957159901 registered bidirectional network channel for replica 178825480759180602
[2026-09-01T09:31:42.500Z INFO  gresse::replica] replica 178825480957159901 established peer replication connection with replica 178825480759180602
[2026-09-01T09:31:42.840Z INFO  gresse::network] replica 178825480957159901 registered bidirectional network channel for replica 178825480843463702
[2026-09-01T09:31:42.840Z INFO  gresse::replica] replica 178825480957159901 established peer replication connection with replica 178825480843463702
[2026-09-01T09:31:42.938Z INFO  gresse::network] replica 178825480957159901 registered bidirectional network channel for replica 178825480759181602
[2026-09-01T09:31:42.938Z INFO  gresse::replica] replica 178825480957159901 established peer replication connection with replica 178825480759181602
[2026-09-01T09:31:43.423Z INFO  gresse::network] replica 178825480957159901 registered bidirectional network channel for replica 178825480759182602
[2026-09-01T09:31:43.423Z INFO  gresse::replica] replica 178825480957159901 established peer replication connection with replica 178825480759182602
[2026-09-01T09:31:43.732Z INFO  gresse::network] replica 178825480957159901 registered bidirectional network channel for replica 178825480759183602
[2026-09-01T09:31:43.732Z INFO  gresse::replica] replica 178825480957159901 established peer replication connection with replica 178825480759183602
[2026-09-01T09:31:52.696Z WARN  gresse::network] peer connection write failed: Broken pipe (os error 32)
[2026-09-01T09:31:57.696Z WARN  gresse::network] peer connection write failed: Broken pipe (os error 32)
[2026-09-01T09:32:19.695Z WARN  gresse::replica] replica 178825480957159901 deferred pull request to peer 178825480843463701: channel closed
[2026-09-01T09:32:27.696Z WARN  gresse::replica] replica 178825480957159901 deferred pull request to peer 178825480843462701: channel closed
