[2026-09-01T09:08:41.308Z INFO  gresse::http_server] running CRDT HTTP server
[2026-09-01T09:08:41.308Z INFO  gresse::http_server] listening for HTTP on 0.0.0.0:18081
[2026-09-01T09:08:41.335Z INFO  gresse::replica] replica 178825366738132701 initiating runtime at bind_http=0.0.0.0:18081 bind_internal=0.0.0.0:19081 advertised_internal=34.245.195.69:19081
[2026-09-01T09:08:41.495Z INFO  gresse::object_storage] object storage connection established: backend=s3, bucket=gresse-geo-035351467464-20260901084800-ec90d0, region=eu-north-1, endpoint=AWS default endpoint resolution, first_operation=get, object_path=acm-sec-geo-churn-smoke-20260901T090724Z-9d5f90d9/persistent.json
[2026-09-01T09:08:41.561Z INFO  gresse::replica] replica 178825366738132701 discovered 12 membership descriptors during init
[2026-09-01T09:08:41.561Z INFO  gresse::replica] replica 178825366738132701 startup completed
[2026-09-01T09:08:41.561Z INFO  gresse::network] replica 178825366738132701 discovered network member NetworkMember { pid: 178825366619920101, address: 16.170.108.158:19080, final_counter: None }
[2026-09-01T09:08:41.562Z INFO  gresse::network] replica 178825366738132701 discovered network member NetworkMember { pid: 178825366619921101, address: 16.170.108.158:19081, final_counter: None }
[2026-09-01T09:08:41.562Z INFO  gresse::network] replica 178825366738132701 discovered network member NetworkMember { pid: 178825366619922101, address: 16.170.108.158:19082, final_counter: None }
[2026-09-01T09:08:41.562Z INFO  gresse::network] replica 178825366738132701 discovered network member NetworkMember { pid: 178825366619923101, address: 16.170.108.158:19083, final_counter: None }
[2026-09-01T09:08:41.562Z INFO  gresse::network] replica 178825366738132701 discovered network member NetworkMember { pid: 178825366664486801, address: 3.68.220.182:19080, final_counter: None }
[2026-09-01T09:08:41.562Z INFO  gresse::network] replica 178825366738132701 registered bidirectional network channel for replica 178825366935157501
[2026-09-01T09:08:41.562Z INFO  gresse::network] replica 178825366738132701 discovered network member NetworkMember { pid: 178825366664487801, address: 3.68.220.182:19081, final_counter: None }
[2026-09-01T09:08:41.562Z INFO  gresse::network] replica 178825366738132701 discovered network member NetworkMember { pid: 178825366738131701, address: 34.245.195.69:19080, final_counter: None }
[2026-09-01T09:08:41.562Z INFO  gresse::network] replica 178825366738132701 discovered network member NetworkMember { pid: 178825366848206801, address: 18.130.228.25:19080, final_counter: None }
[2026-09-01T09:08:41.562Z INFO  gresse::network] replica 178825366738132701 discovered network member NetworkMember { pid: 178825366848207801, address: 18.130.228.25:19081, final_counter: None }
[2026-09-01T09:08:41.562Z INFO  gresse::network] replica 178825366738132701 discovered network member NetworkMember { pid: 178825366935156501, address: 13.38.41.188:19080, final_counter: None }
[2026-09-01T09:08:41.562Z INFO  gresse::replica] replica 178825366738132701 established peer replication connection with replica 178825366935157501
[2026-09-01T09:08:41.562Z INFO  gresse::network] replica 178825366738132701 registered bidirectional network channel for replica 178825366738131701
[2026-09-01T09:08:41.562Z INFO  gresse::replica] replica 178825366738132701 established peer replication connection with replica 178825366738131701
[2026-09-01T09:08:41.568Z INFO  gresse::network] replica 178825366738132701 registered bidirectional network channel for replica 178825366619923101
[2026-09-01T09:08:41.568Z INFO  gresse::replica] replica 178825366738132701 established peer replication connection with replica 178825366619923101
[2026-09-01T09:08:41.581Z INFO  gresse::network] replica 178825366738132701 registered bidirectional network channel for replica 178825366848207801
[2026-09-01T09:08:41.581Z INFO  gresse::network] replica 178825366738132701 registered bidirectional network channel for replica 178825366848206801
[2026-09-01T09:08:41.581Z INFO  gresse::replica] replica 178825366738132701 established peer replication connection with replica 178825366848207801
[2026-09-01T09:08:41.581Z INFO  gresse::replica] replica 178825366738132701 established peer replication connection with replica 178825366848206801
[2026-09-01T09:08:41.596Z INFO  gresse::network] replica 178825366738132701 registered bidirectional network channel for replica 178825366935156501
[2026-09-01T09:08:41.596Z INFO  gresse::replica] replica 178825366738132701 established peer replication connection with replica 178825366935156501
[2026-09-01T09:08:41.601Z INFO  gresse::network] replica 178825366738132701 registered bidirectional network channel for replica 178825366664487801
[2026-09-01T09:08:41.601Z INFO  gresse::replica] replica 178825366738132701 established peer replication connection with replica 178825366664487801
[2026-09-01T09:08:41.602Z INFO  gresse::network] replica 178825366738132701 registered bidirectional network channel for replica 178825366664486801
[2026-09-01T09:08:41.602Z INFO  gresse::replica] replica 178825366738132701 established peer replication connection with replica 178825366664486801
[2026-09-01T09:08:41.616Z INFO  gresse::network] replica 178825366738132701 registered bidirectional network channel for replica 178825366848208801
[2026-09-01T09:08:41.616Z INFO  gresse::replica] replica 178825366738132701 established peer replication connection with replica 178825366848208801
[2026-09-01T09:08:41.646Z INFO  gresse::network] replica 178825366738132701 registered bidirectional network channel for replica 178825366619921101
[2026-09-01T09:08:41.646Z INFO  gresse::replica] replica 178825366738132701 established peer replication connection with replica 178825366619921101
[2026-09-01T09:08:41.647Z INFO  gresse::network] replica 178825366738132701 registered bidirectional network channel for replica 178825366619920101
[2026-09-01T09:08:41.647Z INFO  gresse::network] replica 178825366738132701 registered bidirectional network channel for replica 178825366619922101
[2026-09-01T09:08:41.647Z INFO  gresse::replica] replica 178825366738132701 established peer replication connection with replica 178825366619920101
[2026-09-01T09:08:41.647Z INFO  gresse::replica] replica 178825366738132701 established peer replication connection with replica 178825366619922101
[2026-09-01T09:08:41.682Z INFO  gresse::network] replica 178825366738132701 registered bidirectional network channel for replica 178825366619924101
[2026-09-01T09:08:41.682Z INFO  gresse::replica] replica 178825366738132701 established peer replication connection with replica 178825366619924101
[2026-09-01T09:08:41.736Z INFO  gresse::network] replica 178825366738132701 registered bidirectional network channel for replica 178825366664488801
[2026-09-01T09:08:41.736Z INFO  gresse::replica] replica 178825366738132701 established peer replication connection with replica 178825366664488801
[2026-09-01T09:08:41.816Z INFO  gresse::network] replica 178825366738132701 registered bidirectional network channel for replica 178825366848209801
[2026-09-01T09:08:41.816Z INFO  gresse::replica] replica 178825366738132701 established peer replication connection with replica 178825366848209801
[2026-09-01T09:08:41.852Z INFO  gresse::network] replica 178825366738132701 registered bidirectional network channel for replica 178825366935158501
[2026-09-01T09:08:41.852Z INFO  gresse::replica] replica 178825366738132701 established peer replication connection with replica 178825366935158501
[2026-09-01T09:08:41.867Z INFO  gresse::network] replica 178825366738132701 registered bidirectional network channel for replica 178825366738133701
[2026-09-01T09:08:41.867Z INFO  gresse::replica] replica 178825366738132701 established peer replication connection with replica 178825366738133701
[2026-09-01T09:08:41.931Z INFO  gresse::network] replica 178825366738132701 registered bidirectional network channel for replica 178825366664489801
[2026-09-01T09:08:41.931Z INFO  gresse::replica] replica 178825366738132701 established peer replication connection with replica 178825366664489801
[2026-09-01T09:08:42.012Z INFO  gresse::network] replica 178825366738132701 registered bidirectional network channel for replica 178825366848210801
[2026-09-01T09:08:42.013Z INFO  gresse::replica] replica 178825366738132701 established peer replication connection with replica 178825366848210801
[2026-09-01T09:08:42.148Z INFO  gresse::network] replica 178825366738132701 registered bidirectional network channel for replica 178825366664490801
[2026-09-01T09:08:42.148Z INFO  gresse::replica] replica 178825366738132701 established peer replication connection with replica 178825366664490801
[2026-09-01T09:08:42.153Z INFO  gresse::network] replica 178825366738132701 registered bidirectional network channel for replica 178825366935159501
[2026-09-01T09:08:42.153Z INFO  gresse::replica] replica 178825366738132701 established peer replication connection with replica 178825366935159501
[2026-09-01T09:08:42.166Z INFO  gresse::network] replica 178825366738132701 registered bidirectional network channel for replica 178825366738134701
[2026-09-01T09:08:42.166Z INFO  gresse::replica] replica 178825366738132701 established peer replication connection with replica 178825366738134701
[2026-09-01T09:08:42.450Z INFO  gresse::network] replica 178825366738132701 registered bidirectional network channel for replica 178825366935160501
[2026-09-01T09:08:42.450Z INFO  gresse::replica] replica 178825366738132701 established peer replication connection with replica 178825366935160501
[2026-09-01T09:08:42.481Z INFO  gresse::network] replica 178825366738132701 registered bidirectional network channel for replica 178825366738135701
[2026-09-01T09:08:42.481Z INFO  gresse::replica] replica 178825366738132701 established peer replication connection with replica 178825366738135701
[2026-09-01T09:09:38.563Z WARN  gresse::network] peer connection write failed: Broken pipe (os error 32)
[2026-09-01T09:09:41.924Z INFO  gresse::replica] replica 178825366738132701 gc departed_pids=None updated_stable=DotSet { set: {178825366848207801: -1, 178825366619922101: -1, 178825366664488801: -1, 178825366738133701: -1, 178825366935158501: -1, 178825366935159501: -1, 178825366848210801: -1, 178825366935157501: -1, 178825366664486801: -1, 178825366664490801: -1, 178825366664489801: -1, 178825366664487801: -1, 178825366848206801: -1, 178825366619921101: -1, 178825366848208801: -1, 178825366935160501: -1, 178825366738135701: -1, 178825366738132701: -1, 178825366848209801: -1, 178825366935156501: -1, 178825366619920101: -1, 178825366738134701: -1, 178825366619923101: -1, 178825366738131701: -1, 178825366619924101: -1} }
[2026-09-01T09:09:42.046Z INFO  gresse::replica] replica 178825366738132701 completed gc round
[2026-09-01T09:09:42.562Z WARN  gresse::replica] replica 178825366738132701 deferred pull request to peer 178825366619920101: channel closed
[2026-09-01T09:09:48.562Z WARN  gresse::network] peer connection write failed: Broken pipe (os error 32)
[2026-09-01T09:09:56.562Z WARN  gresse::replica] replica 178825366738132701 deferred pull request to peer 178825366738133701: channel closed
[2026-09-01T09:10:11.183Z INFO  gresse::network] replica 178825366738132701 registered bidirectional network channel for replica 178825366619920102
[2026-09-01T09:10:11.183Z INFO  gresse::replica] replica 178825366738132701 established peer replication connection with replica 178825366619920102
[2026-09-01T09:10:11.393Z INFO  gresse::network] replica 178825366738132701 registered bidirectional network channel for replica 178825366738133702
[2026-09-01T09:10:11.393Z INFO  gresse::replica] replica 178825366738132701 established peer replication connection with replica 178825366738133702
[2026-09-01T09:10:56.394Z INFO  gresse::replica] replica 178825366738132701 observed shutdown descriptor for replica 178825366664487801 with final counter Some(20)
[2026-09-01T09:10:56.501Z INFO  gresse::replica] replica 178825366738132701 observed shutdown descriptor for replica 178825366848209801 with final counter Some(20)
[2026-09-01T09:11:41.232Z INFO  gresse::network] replica 178825366738132701 registered bidirectional network channel for replica 178825366848209802
[2026-09-01T09:11:41.232Z INFO  gresse::replica] replica 178825366738132701 established peer replication connection with replica 178825366848209802
[2026-09-01T09:11:41.322Z INFO  gresse::network] replica 178825366738132701 registered bidirectional network channel for replica 178825366664487802
[2026-09-01T09:11:41.322Z INFO  gresse::replica] replica 178825366738132701 established peer replication connection with replica 178825366664487802
[2026-09-01T09:14:41.346Z INFO  gresse::replica] shutdown signal received for replica 178825366738132701
[2026-09-01T09:14:41.346Z INFO  gresse::replica] replica 178825366738132701 shutting down with 24 connected writers
[2026-09-01T09:14:41.642Z INFO  gresse::http_server] http server received shutdown signal
[2026-09-01T09:14:41.642Z INFO  gresse::http_server] http server shutdown complete
[2026-09-01T09:14:41.643Z INFO  gresse::network] network manager for replica 178825366738132701 shutdown complete
